Test Backend	Set up job	﻿2026-01-14T21:59:22.7136615Z Current runner version: '2.330.0'
Test Backend	Set up job	2026-01-14T21:59:22.7162263Z ##[group]Runner Image Provisioner
Test Backend	Set up job	2026-01-14T21:59:22.7163056Z Hosted Compute Agent
Test Backend	Set up job	2026-01-14T21:59:22.7163628Z Version: 20251211.462
Test Backend	Set up job	2026-01-14T21:59:22.7164383Z Commit: 6cbad8c2bb55d58165063d031ccabf57e2d2db61
Test Backend	Set up job	2026-01-14T21:59:22.7165155Z Build Date: 2025-12-11T16:28:49Z
Test Backend	Set up job	2026-01-14T21:59:22.7165824Z Worker ID: {8afdb53e-d5ff-4cfe-93ad-0e32336fe219}
Test Backend	Set up job	2026-01-14T21:59:22.7166623Z ##[endgroup]
Test Backend	Set up job	2026-01-14T21:59:22.7167172Z ##[group]Operating System
Test Backend	Set up job	2026-01-14T21:59:22.7167701Z Ubuntu
Test Backend	Set up job	2026-01-14T21:59:22.7168272Z 24.04.3
Test Backend	Set up job	2026-01-14T21:59:22.7168743Z LTS
Test Backend	Set up job	2026-01-14T21:59:22.7169491Z ##[endgroup]
Test Backend	Set up job	2026-01-14T21:59:22.7170067Z ##[group]Runner Image
Test Backend	Set up job	2026-01-14T21:59:22.7170665Z Image: ubuntu-24.04
Test Backend	Set up job	2026-01-14T21:59:22.7171183Z Version: 20260105.202.1
Test Backend	Set up job	2026-01-14T21:59:22.7172254Z Included Software: https://github.com/actions/runner-images/blob/ubuntu24/20260105.202/images/ubuntu/Ubuntu2404-Readme.md
Test Backend	Set up job	2026-01-14T21:59:22.7173715Z Image Release: https://github.com/actions/runner-images/releases/tag/ubuntu24%2F20260105.202
Test Backend	Set up job	2026-01-14T21:59:22.7174969Z ##[endgroup]
Test Backend	Set up job	2026-01-14T21:59:22.7176043Z ##[group]GITHUB_TOKEN Permissions
Test Backend	Set up job	2026-01-14T21:59:22.7178000Z Contents: read
Test Backend	Set up job	2026-01-14T21:59:22.7178601Z Metadata: read
Test Backend	Set up job	2026-01-14T21:59:22.7179418Z Packages: read
Test Backend	Set up job	2026-01-14T21:59:22.7179912Z ##[endgroup]
Test Backend	Set up job	2026-01-14T21:59:22.7182159Z Secret source: Actions
Test Backend	Set up job	2026-01-14T21:59:22.7182908Z Prepare workflow directory
Test Backend	Set up job	2026-01-14T21:59:22.7521493Z Prepare all required actions
Test Backend	Set up job	2026-01-14T21:59:22.7560826Z Getting action download info
Test Backend	Set up job	2026-01-14T21:59:23.1251323Z Download action repository 'actions/checkout@v4' (SHA:34e114876b0b11c390a56381ad16ebd13914f8d5)
Test Backend	Set up job	2026-01-14T21:59:23.2231633Z Download action repository 'actions/setup-node@v4' (SHA:49933ea5288caeca8642d1e84afbd3f7d6820020)
Test Backend	Set up job	2026-01-14T21:59:23.3161771Z Download action repository 'codecov/codecov-action@v4' (SHA:b9fd7d16f6d7d1b5d2bec1a2887e65ceed900238)
Test Backend	Set up job	2026-01-14T21:59:23.7815709Z Complete job name: Test Backend
Test Backend	Checkout code	﻿2026-01-14T21:59:23.8554466Z ##[group]Run actions/checkout@v4
Test Backend	Checkout code	2026-01-14T21:59:23.8555428Z with:
Test Backend	Checkout code	2026-01-14T21:59:23.8555885Z   repository: Ic3burG/OrgTree
Test Backend	Checkout code	2026-01-14T21:59:23.8556618Z   token: ***
Test Backend	Checkout code	2026-01-14T21:59:23.8557061Z   ssh-strict: true
Test Backend	Checkout code	2026-01-14T21:59:23.8557509Z   ssh-user: git
Test Backend	Checkout code	2026-01-14T21:59:23.8557974Z   persist-credentials: true
Test Backend	Checkout code	2026-01-14T21:59:23.8558479Z   clean: true
Test Backend	Checkout code	2026-01-14T21:59:23.8558941Z   sparse-checkout-cone-mode: true
Test Backend	Checkout code	2026-01-14T21:59:23.8559723Z   fetch-depth: 1
Test Backend	Checkout code	2026-01-14T21:59:23.8560181Z   fetch-tags: false
Test Backend	Checkout code	2026-01-14T21:59:23.8560647Z   show-progress: true
Test Backend	Checkout code	2026-01-14T21:59:23.8561119Z   lfs: false
Test Backend	Checkout code	2026-01-14T21:59:23.8561548Z   submodules: false
Test Backend	Checkout code	2026-01-14T21:59:23.8562000Z   set-safe-directory: true
Test Backend	Checkout code	2026-01-14T21:59:23.8562772Z ##[endgroup]
Test Backend	Checkout code	2026-01-14T21:59:23.9645780Z Syncing repository: Ic3burG/OrgTree
Test Backend	Checkout code	2026-01-14T21:59:23.9647812Z ##[group]Getting Git version info
Test Backend	Checkout code	2026-01-14T21:59:23.9648598Z Working directory is '/home/runner/work/OrgTree/OrgTree'
Test Backend	Checkout code	2026-01-14T21:59:23.9650015Z [command]/usr/bin/git version
Test Backend	Checkout code	2026-01-14T21:59:23.9712496Z git version 2.52.0
Test Backend	Checkout code	2026-01-14T21:59:23.9739901Z ##[endgroup]
Test Backend	Checkout code	2026-01-14T21:59:23.9754564Z Temporarily overriding HOME='/home/runner/work/_temp/023f524a-b4f1-4043-9e9e-8b6ecf50201e' before making global git config changes
Test Backend	Checkout code	2026-01-14T21:59:23.9767912Z Adding repository directory to the temporary git global config as a safe directory
Test Backend	Checkout code	2026-01-14T21:59:23.9769570Z [command]/usr/bin/git config --global --add safe.directory /home/runner/work/OrgTree/OrgTree
Test Backend	Checkout code	2026-01-14T21:59:23.9807226Z Deleting the contents of '/home/runner/work/OrgTree/OrgTree'
Test Backend	Checkout code	2026-01-14T21:59:23.9811504Z ##[group]Initializing the repository
Test Backend	Checkout code	2026-01-14T21:59:23.9816325Z [command]/usr/bin/git init /home/runner/work/OrgTree/OrgTree
Test Backend	Checkout code	2026-01-14T21:59:23.9903277Z hint: Using 'master' as the name for the initial branch. This default branch name
Test Backend	Checkout code	2026-01-14T21:59:23.9904848Z hint: will change to "main" in Git 3.0. To configure the initial branch name
Test Backend	Checkout code	2026-01-14T21:59:23.9906350Z hint: to use in all of your new repositories, which will suppress this warning,
Test Backend	Checkout code	2026-01-14T21:59:23.9907766Z hint: call:
Test Backend	Checkout code	2026-01-14T21:59:23.9908540Z hint:
Test Backend	Checkout code	2026-01-14T21:59:23.9909725Z hint: 	git config --global init.defaultBranch <name>
Test Backend	Checkout code	2026-01-14T21:59:23.9910955Z hint:
Test Backend	Checkout code	2026-01-14T21:59:23.9912087Z hint: Names commonly chosen instead of 'master' are 'main', 'trunk' and
Test Backend	Checkout code	2026-01-14T21:59:23.9914055Z hint: 'development'. The just-created branch can be renamed via this command:
Test Backend	Checkout code	2026-01-14T21:59:23.9915531Z hint:
Test Backend	Checkout code	2026-01-14T21:59:23.9916266Z hint: 	git branch -m <name>
Test Backend	Checkout code	2026-01-14T21:59:23.9917107Z hint:
Test Backend	Checkout code	2026-01-14T21:59:23.9918299Z hint: Disable this message with "git config set advice.defaultBranchName false"
Test Backend	Checkout code	2026-01-14T21:59:23.9920678Z Initialized empty Git repository in /home/runner/work/OrgTree/OrgTree/.git/
Test Backend	Checkout code	2026-01-14T21:59:23.9923715Z [command]/usr/bin/git remote add origin https://github.com/Ic3burG/OrgTree
Test Backend	Checkout code	2026-01-14T21:59:23.9956064Z ##[endgroup]
Test Backend	Checkout code	2026-01-14T21:59:23.9957460Z ##[group]Disabling automatic garbage collection
Test Backend	Checkout code	2026-01-14T21:59:23.9961292Z [command]/usr/bin/git config --local gc.auto 0
Test Backend	Checkout code	2026-01-14T21:59:23.9990871Z ##[endgroup]
Test Backend	Checkout code	2026-01-14T21:59:23.9992258Z ##[group]Setting up auth
Test Backend	Checkout code	2026-01-14T21:59:23.9998594Z [command]/usr/bin/git config --local --name-only --get-regexp core\.sshCommand
Test Backend	Checkout code	2026-01-14T21:59:24.0030152Z [command]/usr/bin/git submodule foreach --recursive sh -c "git config --local --name-only --get-regexp 'core\.sshCommand' && git config --local --unset-all 'core.sshCommand' || :"
Test Backend	Checkout code	2026-01-14T21:59:24.0354937Z [command]/usr/bin/git config --local --name-only --get-regexp http\.https\:\/\/github\.com\/\.extraheader
Test Backend	Checkout code	2026-01-14T21:59:24.0386612Z [command]/usr/bin/git submodule foreach --recursive sh -c "git config --local --name-only --get-regexp 'http\.https\:\/\/github\.com\/\.extraheader' && git config --local --unset-all 'http.https://github.com/.extraheader' || :"
Test Backend	Checkout code	2026-01-14T21:59:24.0606544Z [command]/usr/bin/git config --local --name-only --get-regexp ^includeIf\.gitdir:
Test Backend	Checkout code	2026-01-14T21:59:24.0637731Z [command]/usr/bin/git submodule foreach --recursive git config --local --show-origin --name-only --get-regexp remote.origin.url
Test Backend	Checkout code	2026-01-14T21:59:24.0870923Z [command]/usr/bin/git config --local http.https://github.com/.extraheader AUTHORIZATION: basic ***
Test Backend	Checkout code	2026-01-14T21:59:24.0904411Z ##[endgroup]
Test Backend	Checkout code	2026-01-14T21:59:24.0905886Z ##[group]Fetching the repository
Test Backend	Checkout code	2026-01-14T21:59:24.0914680Z [command]/usr/bin/git -c protocol.version=2 fetch --no-tags --prune --no-recurse-submodules --depth=1 origin +7979dfb14d6f48229a643abb513555305d4c043f:refs/remotes/origin/main
Test Backend	Checkout code	2026-01-14T21:59:24.4733652Z From https://github.com/Ic3burG/OrgTree
Test Backend	Checkout code	2026-01-14T21:59:24.4737286Z  * [new ref]         7979dfb14d6f48229a643abb513555305d4c043f -> origin/main
Test Backend	Checkout code	2026-01-14T21:59:24.4765734Z ##[endgroup]
Test Backend	Checkout code	2026-01-14T21:59:24.4766974Z ##[group]Determining the checkout info
Test Backend	Checkout code	2026-01-14T21:59:24.4768388Z ##[endgroup]
Test Backend	Checkout code	2026-01-14T21:59:24.4772809Z [command]/usr/bin/git sparse-checkout disable
Test Backend	Checkout code	2026-01-14T21:59:24.4814850Z [command]/usr/bin/git config --local --unset-all extensions.worktreeConfig
Test Backend	Checkout code	2026-01-14T21:59:24.4841448Z ##[group]Checking out the ref
Test Backend	Checkout code	2026-01-14T21:59:24.4845581Z [command]/usr/bin/git checkout --progress --force -B main refs/remotes/origin/main
Test Backend	Checkout code	2026-01-14T21:59:24.5089208Z Switched to a new branch 'main'
Test Backend	Checkout code	2026-01-14T21:59:24.5090927Z branch 'main' set up to track 'origin/main'.
Test Backend	Checkout code	2026-01-14T21:59:24.5099719Z ##[endgroup]
Test Backend	Checkout code	2026-01-14T21:59:24.5137686Z [command]/usr/bin/git log -1 --format=%H
Test Backend	Checkout code	2026-01-14T21:59:24.5161000Z 7979dfb14d6f48229a643abb513555305d4c043f
Test Backend	Setup Node.js	﻿2026-01-14T21:59:24.5485510Z ##[group]Run actions/setup-node@v4
Test Backend	Setup Node.js	2026-01-14T21:59:24.5486685Z with:
Test Backend	Setup Node.js	2026-01-14T21:59:24.5487471Z   node-version: 20
Test Backend	Setup Node.js	2026-01-14T21:59:24.5488344Z   cache: npm
Test Backend	Setup Node.js	2026-01-14T21:59:24.5489603Z   cache-dependency-path: server/package-lock.json
Test Backend	Setup Node.js	2026-01-14T21:59:24.5490953Z   always-auth: false
Test Backend	Setup Node.js	2026-01-14T21:59:24.5491893Z   check-latest: false
Test Backend	Setup Node.js	2026-01-14T21:59:24.5493119Z   token: ***
Test Backend	Setup Node.js	2026-01-14T21:59:24.5493936Z ##[endgroup]
Test Backend	Setup Node.js	2026-01-14T21:59:24.7404356Z Found in cache @ /opt/hostedtoolcache/node/20.19.6/x64
Test Backend	Setup Node.js	2026-01-14T21:59:24.7411629Z ##[group]Environment details
Test Backend	Setup Node.js	2026-01-14T21:59:27.0326880Z node: v20.19.6
Test Backend	Setup Node.js	2026-01-14T21:59:27.0328681Z npm: 10.8.2
Test Backend	Setup Node.js	2026-01-14T21:59:27.0329496Z yarn: 1.22.22
Test Backend	Setup Node.js	2026-01-14T21:59:27.0331287Z ##[endgroup]
Test Backend	Setup Node.js	2026-01-14T21:59:27.0350481Z [command]/opt/hostedtoolcache/node/20.19.6/x64/bin/npm config get cache
Test Backend	Setup Node.js	2026-01-14T21:59:27.3299671Z /home/runner/.npm
Test Backend	Setup Node.js	2026-01-14T21:59:27.4618946Z Cache hit for: node-cache-Linux-x64-npm-ca6d4dfcbce01998359896f8d5f8f5fba61a7b2260d092076fe94f080bc1a45d
Test Backend	Setup Node.js	2026-01-14T21:59:28.2218042Z Received 36820223 of 36820223 (100.0%), 54.5 MBs/sec
Test Backend	Setup Node.js	2026-01-14T21:59:28.2219519Z Cache Size: ~35 MB (36820223 B)
Test Backend	Setup Node.js	2026-01-14T21:59:28.2249462Z [command]/usr/bin/tar -xf /home/runner/work/_temp/98a56e66-a092-49ab-8596-20e75ebb0092/cache.tzst -P -C /home/runner/work/OrgTree/OrgTree --use-compress-program unzstd
Test Backend	Setup Node.js	2026-01-14T21:59:28.3728396Z Cache restored successfully
Test Backend	Setup Node.js	2026-01-14T21:59:28.3807139Z Cache restored from key: node-cache-Linux-x64-npm-ca6d4dfcbce01998359896f8d5f8f5fba61a7b2260d092076fe94f080bc1a45d
Test Backend	Install dependencies	﻿2026-01-14T21:59:28.3970905Z ##[group]Run cd server && npm ci
Test Backend	Install dependencies	2026-01-14T21:59:28.3971290Z [36;1mcd server && npm ci[0m
Test Backend	Install dependencies	2026-01-14T21:59:28.4017178Z shell: /usr/bin/bash -e {0}
Test Backend	Install dependencies	2026-01-14T21:59:28.4017523Z ##[endgroup]
Test Backend	Install dependencies	2026-01-14T21:59:30.0519623Z npm warn EBADENGINE Unsupported engine {
Test Backend	Install dependencies	2026-01-14T21:59:30.0520317Z npm warn EBADENGINE   package: '@peculiar/x509@1.14.2',
Test Backend	Install dependencies	2026-01-14T21:59:30.0520826Z npm warn EBADENGINE   required: { node: '>=22.0.0' },
Test Backend	Install dependencies	2026-01-14T21:59:30.0521356Z npm warn EBADENGINE   current: { node: 'v20.19.6', npm: '10.8.2' }
Test Backend	Install dependencies	2026-01-14T21:59:30.0521764Z npm warn EBADENGINE }
Test Backend	Install dependencies	2026-01-14T21:59:34.2149541Z 
Test Backend	Install dependencies	2026-01-14T21:59:34.2150356Z added 467 packages, and audited 468 packages in 6s
Test Backend	Install dependencies	2026-01-14T21:59:34.2150852Z 
Test Backend	Install dependencies	2026-01-14T21:59:34.2151076Z 87 packages are looking for funding
Test Backend	Install dependencies	2026-01-14T21:59:34.2151425Z   run `npm fund` for details
Test Backend	Install dependencies	2026-01-14T21:59:34.2165251Z 
Test Backend	Install dependencies	2026-01-14T21:59:34.2165523Z found 0 vulnerabilities
Test Backend	Run backend tests	﻿2026-01-14T21:59:34.2495705Z ##[group]Run cd server && npm test
Test Backend	Run backend tests	2026-01-14T21:59:34.2496073Z [36;1mcd server && npm test[0m
Test Backend	Run backend tests	2026-01-14T21:59:34.2528813Z shell: /usr/bin/bash -e {0}
Test Backend	Run backend tests	2026-01-14T21:59:34.2529325Z env:
Test Backend	Run backend tests	2026-01-14T21:59:34.2529512Z   NODE_ENV: test
Test Backend	Run backend tests	2026-01-14T21:59:34.2529766Z ##[endgroup]
Test Backend	Run backend tests	2026-01-14T21:59:34.3728402Z 
Test Backend	Run backend tests	2026-01-14T21:59:34.3729412Z > orgtree-server@1.0.0 test
Test Backend	Run backend tests	2026-01-14T21:59:34.3730042Z > vitest run
Test Backend	Run backend tests	2026-01-14T21:59:34.3730273Z 
Test Backend	Run backend tests	2026-01-14T21:59:34.7512162Z 
Test Backend	Run backend tests	2026-01-14T21:59:34.7514249Z [1m[46m RUN [49m[22m [36mv4.0.16 [39m[90m/home/runner/work/OrgTree/OrgTree/server[39m
Test Backend	Run backend tests	2026-01-14T21:59:34.7515096Z 
Test Backend	Run backend tests	2026-01-14T21:59:34.9838576Z [90mstdout[2m | src/services/invitation.service.test.ts
Test Backend	Run backend tests	2026-01-14T21:59:34.9844516Z [22m[39m[dotenv@17.2.3] injecting env (3) from .env.test -- tip: 🛠️  run anywhere with `dotenvx run -- yourcommand`
Test Backend	Run backend tests	2026-01-14T21:59:34.9846177Z 
Test Backend	Run backend tests	2026-01-14T21:59:34.9852977Z [90mstdout[2m | src/services/bulk.service.test.ts
Test Backend	Run backend tests	2026-01-14T21:59:34.9854663Z [22m[39m[dotenv@17.2.3] injecting env (3) from .env.test -- tip: 🔐 prevent committing .env to code: https://dotenvx.com/precommit
Test Backend	Run backend tests	2026-01-14T21:59:34.9855728Z 
Test Backend	Run backend tests	2026-01-14T21:59:34.9868680Z [90mstdout[2m | src/services/users.service.test.ts
Test Backend	Run backend tests	2026-01-14T21:59:34.9871156Z [22m[39m[dotenv@17.2.3] injecting env (3) from .env.test -- tip: ⚙️  override existing env vars with { override: true }
Test Backend	Run backend tests	2026-01-14T21:59:34.9871623Z 
Test Backend	Run backend tests	2026-01-14T21:59:35.2382783Z  [32m✓[39m src/services/users.service.test.ts [2m([22m[2m22 tests[22m[2m)[22m[32m 21[2mms[22m[39m
Test Backend	Run backend tests	2026-01-14T21:59:35.2677717Z  [32m✓[39m src/services/invitation.service.test.ts [2m([22m[2m22 tests[22m[2m)[22m[32m 28[2mms[22m[39m
Test Backend	Run backend tests	2026-01-14T21:59:35.4210157Z  [32m✓[39m src/services/bulk.service.test.ts [2m([22m[2m21 tests[22m[2m)[22m[32m 24[2mms[22m[39m
Test Backend	Run backend tests	2026-01-14T21:59:35.4540734Z [90mstdout[2m | src/services/sql-injection.test.ts
Test Backend	Run backend tests	2026-01-14T21:59:35.4542232Z [22m[39m[dotenv@17.2.3] injecting env (3) from .env.test -- tip: 🛠️  run anywhere with `dotenvx run -- yourcommand`
Test Backend	Run backend tests	2026-01-14T21:59:35.4544532Z 
Test Backend	Run backend tests	2026-01-14T21:59:35.4549952Z [90mstdout[2m | src/services/search.service.test.ts
Test Backend	Run backend tests	2026-01-14T21:59:35.4551394Z [22m[39m[dotenv@17.2.3] injecting env (3) from .env.test -- tip: ⚙️  write to custom object with { processEnv: myObject }
Test Backend	Run backend tests	2026-01-14T21:59:35.4552146Z 
Test Backend	Run backend tests	2026-01-14T21:59:35.6085793Z [90mstdout[2m | src/routes/auth.test.ts
Test Backend	Run backend tests	2026-01-14T21:59:35.6092550Z [22m[39m[dotenv@17.2.3] injecting env (3) from .env.test -- tip: 🛠️  run anywhere with `dotenvx run -- yourcommand`
Test Backend	Run backend tests	2026-01-14T21:59:35.6093341Z 
Test Backend	Run backend tests	2026-01-14T21:59:35.6209624Z [90mstderr[2m | src/services/sql-injection.test.ts[2m > [22m[2mSQL Injection Security Tests[2m > [22m[2mSearch Service - SQL Injection Protection[2m > [22m[2msearch() with classic SQL injection payloads[2m > [22m[2mshould safely handle payload: ' OR '1'='1...
Test Backend	Run backend tests	2026-01-14T21:59:35.6212803Z [22m[39mDepartment search error: SqliteError: fts5: syntax error near "OR"
Test Backend	Run backend tests	2026-01-14T21:59:35.6241133Z     at searchDepartments [90m(/home/runner/work/OrgTree/OrgTree/server/[39msrc/services/search.service.ts:145:33[90m)[39m
Test Backend	Run backend tests	2026-01-14T21:59:35.6244130Z     at Module.search [90m(/home/runner/work/OrgTree/OrgTree/server/[39msrc/services/search.service.ts:288:27[90m)[39m
Test Backend	Run backend tests	2026-01-14T21:59:35.6245962Z     at [90m/home/runner/work/OrgTree/OrgTree/server/[39msrc/services/sql-injection.test.ts:253:26
Test Backend	Run backend tests	2026-01-14T21:59:35.6247768Z     at [90mfile:///home/runner/work/OrgTree/OrgTree/server/[39mnode_modules/[4m@vitest/runner[24m/dist/index.js:145:11
Test Backend	Run backend tests	2026-01-14T21:59:35.6249957Z     at [90mfile:///home/runner/work/OrgTree/OrgTree/server/[39mnode_modules/[4m@vitest/runner[24m/dist/index.js:915:26
Test Backend	Run backend tests	2026-01-14T21:59:35.6252054Z     at [90mfile:///home/runner/work/OrgTree/OrgTree/server/[39mnode_modules/[4m@vitest/runner[24m/dist/index.js:1243:20
Test Backend	Run backend tests	2026-01-14T21:59:35.6253665Z     at new Promise (<anonymous>)
Test Backend	Run backend tests	2026-01-14T21:59:35.6255440Z     at runWithTimeout [90m(file:///home/runner/work/OrgTree/OrgTree/server/[39mnode_modules/[4m@vitest/runner[24m/dist/index.js:1209:10[90m)[39m
Test Backend	Run backend tests	2026-01-14T21:59:35.6258112Z     at [90mfile:///home/runner/work/OrgTree/OrgTree/server/[39mnode_modules/[4m@vitest/runner[24m/dist/index.js:1653:37
Test Backend	Run backend tests	2026-01-14T21:59:35.6260606Z     at Traces.$ [90m(file:///home/runner/work/OrgTree/OrgTree/server/[39mnode_modules/[4mvitest[24m/dist/chunks/traces.U4xDYhzZ.js:115:27[90m)[39m {
Test Backend	Run backend tests	2026-01-14T21:59:35.6262317Z   code: [32m'SQLITE_ERROR'[39m
Test Backend	Run backend tests	2026-01-14T21:59:35.6262990Z }
Test Backend	Run backend tests	2026-01-14T21:59:35.6263970Z People search error: SqliteError: fts5: syntax error near "OR"
Test Backend	Run backend tests	2026-01-14T21:59:35.6265746Z     at searchPeople [90m(/home/runner/work/OrgTree/OrgTree/server/[39msrc/services/search.service.ts:210:33[90m)[39m
Test Backend	Run backend tests	2026-01-14T21:59:35.6267796Z     at Module.search [90m(/home/runner/work/OrgTree/OrgTree/server/[39msrc/services/search.service.ts:301:29[90m)[39m
Test Backend	Run backend tests	2026-01-14T21:59:35.6269730Z     at [90m/home/runner/work/OrgTree/OrgTree/server/[39msrc/services/sql-injection.test.ts:253:26
Test Backend	Run backend tests	2026-01-14T21:59:35.6288312Z     at [90mfile:///home/runner/work/OrgTree/OrgTree/server/[39mnode_modules/[4m@vitest/runner[24m/dist/index.js:145:11
Test Backend	Run backend tests	2026-01-14T21:59:35.6290252Z     at [90mfile:///home/runner/work/OrgTree/OrgTree/server/[39mnode_modules/[4m@vitest/runner[24m/dist/index.js:915:26
Test Backend	Run backend tests	2026-01-14T21:59:35.6291927Z     at [90mfile:///home/runner/work/OrgTree/OrgTree/server/[39mnode_modules/[4m@vitest/runner[24m/dist/index.js:1243:20
Test Backend	Run backend tests	2026-01-14T21:59:35.6292893Z     at new Promise (<anonymous>)
Test Backend	Run backend tests	2026-01-14T21:59:35.6294255Z     at runWithTimeout [90m(file:///home/runner/work/OrgTree/OrgTree/server/[39mnode_modules/[4m@vitest/runner[24m/dist/index.js:1209:10[90m)[39m
Test Backend	Run backend tests	2026-01-14T21:59:35.6295892Z     at [90mfile:///home/runner/work/OrgTree/OrgTree/server/[39mnode_modules/[4m@vitest/runner[24m/dist/index.js:1653:37
Test Backend	Run backend tests	2026-01-14T21:59:35.6297704Z     at Traces.$ [90m(file:///home/runner/work/OrgTree/OrgTree/server/[39mnode_modules/[4mvitest[24m/dist/chunks/traces.U4xDYhzZ.js:115:27[90m)[39m {
Test Backend	Run backend tests	2026-01-14T21:59:35.6299456Z   code: [32m'SQLITE_ERROR'[39m
Test Backend	Run backend tests	2026-01-14T21:59:35.6299867Z }
Test Backend	Run backend tests	2026-01-14T21:59:35.6300004Z 
Test Backend	Run backend tests	2026-01-14T21:59:35.6302107Z [90mstderr[2m | src/services/sql-injection.test.ts[2m > [22m[2mSQL Injection Security Tests[2m > [22m[2mSearch Service - SQL Injection Protection[2m > [22m[2msearch() with classic SQL injection payloads[2m > [22m[2mshould safely handle payload: ' OR '1'='1' --...
Test Backend	Run backend tests	2026-01-14T21:59:35.6304330Z [22m[39mDepartment search error: SqliteError: fts5: syntax error near "OR"
Test Backend	Run backend tests	2026-01-14T21:59:35.6305659Z     at searchDepartments [90m(/home/runner/work/OrgTree/OrgTree/server/[39msrc/services/search.service.ts:145:33[90m)[39m
Test Backend	Run backend tests	2026-01-14T21:59:35.6307246Z     at Module.search [90m(/home/runner/work/OrgTree/OrgTree/server/[39msrc/services/search.service.ts:288:27[90m)[39m
Test Backend	Run backend tests	2026-01-14T21:59:35.6308608Z     at [90m/home/runner/work/OrgTree/OrgTree/server/[39msrc/services/sql-injection.test.ts:253:26
Test Backend	Run backend tests	2026-01-14T21:59:35.6310462Z     at [90mfile:///home/runner/work/OrgTree/OrgTree/server/[39mnode_modules/[4m@vitest/runner[24m/dist/index.js:145:11
Test Backend	Run backend tests	2026-01-14T21:59:35.6312198Z     at [90mfile:///home/runner/work/OrgTree/OrgTree/server/[39mnode_modules/[4m@vitest/runner[24m/dist/index.js:915:26
Test Backend	Run backend tests	2026-01-14T21:59:35.6313934Z     at [90mfile:///home/runner/work/OrgTree/OrgTree/server/[39mnode_modules/[4m@vitest/runner[24m/dist/index.js:1243:20
Test Backend	Run backend tests	2026-01-14T21:59:35.6314967Z     at new Promise (<anonymous>)
Test Backend	Run backend tests	2026-01-14T21:59:35.6316446Z     at runWithTimeout [90m(file:///home/runner/work/OrgTree/OrgTree/server/[39mnode_modules/[4m@vitest/runner[24m/dist/index.js:1209:10[90m)[39m
Test Backend	Run backend tests	2026-01-14T21:59:35.6318363Z     at [90mfile:///home/runner/work/OrgTree/OrgTree/server/[39mnode_modules/[4m@vitest/runner[24m/dist/index.js:1653:37
Test Backend	Run backend tests	2026-01-14T21:59:35.6320432Z     at Traces.$ [90m(file:///home/runner/work/OrgTree/OrgTree/server/[39mnode_modules/[4mvitest[24m/dist/chunks/traces.U4xDYhzZ.js:115:27[90m)[39m {
Test Backend	Run backend tests	2026-01-14T21:59:35.6321708Z   code: [32m'SQLITE_ERROR'[39m
Test Backend	Run backend tests	2026-01-14T21:59:35.6322472Z }
Test Backend	Run backend tests	2026-01-14T21:59:35.6323050Z People search error: SqliteError: fts5: syntax error near "OR"
Test Backend	Run backend tests	2026-01-14T21:59:35.6324394Z     at searchPeople [90m(/home/runner/work/OrgTree/OrgTree/server/[39msrc/services/search.service.ts:210:33[90m)[39m
Test Backend	Run backend tests	2026-01-14T21:59:35.6326202Z     at Module.search [90m(/home/runner/work/OrgTree/OrgTree/server/[39msrc/services/search.service.ts:301:29[90m)[39m
Test Backend	Run backend tests	2026-01-14T21:59:35.6327754Z     at [90m/home/runner/work/OrgTree/OrgTree/server/[39msrc/services/sql-injection.test.ts:253:26
Test Backend	Run backend tests	2026-01-14T21:59:35.6329800Z     at [90mfile:///home/runner/work/OrgTree/OrgTree/server/[39mnode_modules/[4m@vitest/runner[24m/dist/index.js:145:11
Test Backend	Run backend tests	2026-01-14T21:59:35.6331519Z     at [90mfile:///home/runner/work/OrgTree/OrgTree/server/[39mnode_modules/[4m@vitest/runner[24m/dist/index.js:915:26
Test Backend	Run backend tests	2026-01-14T21:59:35.6333166Z     at [90mfile:///home/runner/work/OrgTree/OrgTree/server/[39mnode_modules/[4m@vitest/runner[24m/dist/index.js:1243:20
Test Backend	Run backend tests	2026-01-14T21:59:35.6334257Z     at new Promise (<anonymous>)
Test Backend	Run backend tests	2026-01-14T21:59:35.6335762Z     at runWithTimeout [90m(file:///home/runner/work/OrgTree/OrgTree/server/[39mnode_modules/[4m@vitest/runner[24m/dist/index.js:1209:10[90m)[39m
Test Backend	Run backend tests	2026-01-14T21:59:35.6337727Z     at [90mfile:///home/runner/work/OrgTree/OrgTree/server/[39mnode_modules/[4m@vitest/runner[24m/dist/index.js:1653:37
Test Backend	Run backend tests	2026-01-14T21:59:35.6339886Z     at Traces.$ [90m(file:///home/runner/work/OrgTree/OrgTree/server/[39mnode_modules/[4mvitest[24m/dist/chunks/traces.U4xDYhzZ.js:115:27[90m)[39m {
Test Backend	Run backend tests	2026-01-14T21:59:35.6341021Z   code: [32m'SQLITE_ERROR'[39m
Test Backend	Run backend tests	2026-01-14T21:59:35.6341387Z }
Test Backend	Run backend tests	2026-01-14T21:59:35.6341542Z 
Test Backend	Run backend tests	2026-01-14T21:59:35.6343742Z [90mstderr[2m | src/services/sql-injection.test.ts[2m > [22m[2mSQL Injection Security Tests[2m > [22m[2mSearch Service - SQL Injection Protection[2m > [22m[2msearch() with classic SQL injection payloads[2m > [22m[2mshould safely handle payload: ' OR '1'='1' /*...
Test Backend	Run backend tests	2026-01-14T21:59:35.6346195Z [22m[39mDepartment search error: SqliteError: fts5: syntax error near "OR"
Test Backend	Run backend tests	2026-01-14T21:59:35.6347487Z     at searchDepartments [90m(/home/runner/work/OrgTree/OrgTree/server/[39msrc/services/search.service.ts:145:33[90m)[39m
Test Backend	Run backend tests	2026-01-14T21:59:35.6348957Z     at Module.search [90m(/home/runner/work/OrgTree/OrgTree/server/[39msrc/services/search.service.ts:288:27[90m)[39m
Test Backend	Run backend tests	2026-01-14T21:59:35.6350515Z     at [90m/home/runner/work/OrgTree/OrgTree/server/[39msrc/services/sql-injection.test.ts:253:26
Test Backend	Run backend tests	2026-01-14T21:59:35.6352124Z     at [90mfile:///home/runner/work/OrgTree/OrgTree/server/[39mnode_modules/[4m@vitest/runner[24m/dist/index.js:145:11
Test Backend	Run backend tests	2026-01-14T21:59:35.6353813Z     at [90mfile:///home/runner/work/OrgTree/OrgTree/server/[39mnode_modules/[4m@vitest/runner[24m/dist/index.js:915:26
Test Backend	Run backend tests	2026-01-14T21:59:35.6354882Z     at [90mfile:///home/runner/work/OrgTree/OrgTree/server/[39mnode_modules/[4m@vitest/runner[24m/dist/index.js:1243:20
Test Backend	Run backend tests	2026-01-14T21:59:35.6355470Z     at new Promise (<anonymous>)
Test Backend	Run backend tests	2026-01-14T21:59:35.6356248Z     at runWithTimeout [90m(file:///home/runner/work/OrgTree/OrgTree/server/[39mnode_modules/[4m@vitest/runner[24m/dist/index.js:1209:10[90m)[39m
Test Backend	Run backend tests	2026-01-14T21:59:35.6357257Z     at [90mfile:///home/runner/work/OrgTree/OrgTree/server/[39mnode_modules/[4m@vitest/runner[24m/dist/index.js:1653:37
Test Backend	Run backend tests	2026-01-14T21:59:35.6358296Z     at Traces.$ [90m(file:///home/runner/work/OrgTree/OrgTree/server/[39mnode_modules/[4mvitest[24m/dist/chunks/traces.U4xDYhzZ.js:115:27[90m)[39m {
Test Backend	Run backend tests	2026-01-14T21:59:35.6359168Z   code: [32m'SQLITE_ERROR'[39m
Test Backend	Run backend tests	2026-01-14T21:59:35.6359495Z }
Test Backend	Run backend tests	2026-01-14T21:59:35.6359838Z People search error: SqliteError: fts5: syntax error near "OR"
Test Backend	Run backend tests	2026-01-14T21:59:35.6360590Z     at searchPeople [90m(/home/runner/work/OrgTree/OrgTree/server/[39msrc/services/search.service.ts:210:33[90m)[39m
Test Backend	Run backend tests	2026-01-14T21:59:35.6361490Z     at Module.search [90m(/home/runner/work/OrgTree/OrgTree/server/[39msrc/services/search.service.ts:301:29[90m)[39m
Test Backend	Run backend tests	2026-01-14T21:59:35.6362536Z     at [90m/home/runner/work/OrgTree/OrgTree/server/[39msrc/services/sql-injection.test.ts:253:26
Test Backend	Run backend tests	2026-01-14T21:59:35.6363384Z     at [90mfile:///home/runner/work/OrgTree/OrgTree/server/[39mnode_modules/[4m@vitest/runner[24m/dist/index.js:145:11
Test Backend	Run backend tests	2026-01-14T21:59:35.6364291Z     at [90mfile:///home/runner/work/OrgTree/OrgTree/server/[39mnode_modules/[4m@vitest/runner[24m/dist/index.js:915:26
Test Backend	Run backend tests	2026-01-14T21:59:35.6365220Z     at [90mfile:///home/runner/work/OrgTree/OrgTree/server/[39mnode_modules/[4m@vitest/runner[24m/dist/index.js:1243:20
Test Backend	Run backend tests	2026-01-14T21:59:35.6365760Z     at new Promise (<anonymous>)
Test Backend	Run backend tests	2026-01-14T21:59:35.6366730Z     at runWithTimeout [90m(file:///home/runner/work/OrgTree/OrgTree/server/[39mnode_modules/[4m@vitest/runner[24m/dist/index.js:1209:10[90m)[39m
Test Backend	Run backend tests	2026-01-14T21:59:35.6368553Z     at [90mfile:///home/runner/work/OrgTree/OrgTree/server/[39mnode_modules/[4m@vitest/runner[24m/dist/index.js:1653:37
Test Backend	Run backend tests	2026-01-14T21:59:35.6370899Z     at Traces.$ [90m(file:///home/runner/work/OrgTree/OrgTree/server/[39mnode_modules/[4mvitest[24m/dist/chunks/traces.U4xDYhzZ.js:115:27[90m)[39m {
Test Backend	Run backend tests	2026-01-14T21:59:35.6372281Z   code: [32m'SQLITE_ERROR'[39m
Test Backend	Run backend tests	2026-01-14T21:59:35.6372725Z }
Test Backend	Run backend tests	2026-01-14T21:59:35.6372887Z 
Test Backend	Run backend tests	2026-01-14T21:59:35.6375229Z [90mstderr[2m | src/services/sql-injection.test.ts[2m > [22m[2mSQL Injection Security Tests[2m > [22m[2mSearch Service - SQL Injection Protection[2m > [22m[2msearch() with classic SQL injection payloads[2m > [22m[2mshould safely handle payload: " OR "1"="1...
Test Backend	Run backend tests	2026-01-14T21:59:35.6377635Z [22m[39mDepartment search error: SqliteError: fts5: syntax error near "OR"
Test Backend	Run backend tests	2026-01-14T21:59:35.6379358Z     at searchDepartments [90m(/home/runner/work/OrgTree/OrgTree/server/[39msrc/services/search.service.ts:145:33[90m)[39m
Test Backend	Run backend tests	2026-01-14T21:59:35.6381151Z     at Module.search [90m(/home/runner/work/OrgTree/OrgTree/server/[39msrc/services/search.service.ts:288:27[90m)[39m
Test Backend	Run backend tests	2026-01-14T21:59:35.6383014Z     at [90m/home/runner/work/OrgTree/OrgTree/server/[39msrc/services/sql-injection.test.ts:253:26
Test Backend	Run backend tests	2026-01-14T21:59:35.6384607Z     at [90mfile:///home/runner/work/OrgTree/OrgTree/server/[39mnode_modules/[4m@vitest/runner[24m/dist/index.js:145:11
Test Backend	Run backend tests	2026-01-14T21:59:35.6386273Z     at [90mfile:///home/runner/work/OrgTree/OrgTree/server/[39mnode_modules/[4m@vitest/runner[24m/dist/index.js:915:26
Test Backend	Run backend tests	2026-01-14T21:59:35.6388037Z     at [90mfile:///home/runner/work/OrgTree/OrgTree/server/[39mnode_modules/[4m@vitest/runner[24m/dist/index.js:1243:20
Test Backend	Run backend tests	2026-01-14T21:59:35.6389266Z     at new Promise (<anonymous>)
Test Backend	Run backend tests	2026-01-14T21:59:35.6390819Z     at runWithTimeout [90m(file:///home/runner/work/OrgTree/OrgTree/server/[39mnode_modules/[4m@vitest/runner[24m/dist/index.js:1209:10[90m)[39m
Test Backend	Run backend tests	2026-01-14T21:59:35.6392747Z     at [90mfile:///home/runner/work/OrgTree/OrgTree/server/[39mnode_modules/[4m@vitest/runner[24m/dist/index.js:1653:37
Test Backend	Run backend tests	2026-01-14T21:59:35.6394768Z     at Traces.$ [90m(file:///home/runner/work/OrgTree/OrgTree/server/[39mnode_modules/[4mvitest[24m/dist/chunks/traces.U4xDYhzZ.js:115:27[90m)[39m {
Test Backend	Run backend tests	2026-01-14T21:59:35.6396135Z   code: [32m'SQLITE_ERROR'[39m
Test Backend	Run backend tests	2026-01-14T21:59:35.6396571Z }
Test Backend	Run backend tests	2026-01-14T21:59:35.6397149Z People search error: SqliteError: fts5: syntax error near "OR"
Test Backend	Run backend tests	2026-01-14T21:59:35.6398531Z     at searchPeople [90m(/home/runner/work/OrgTree/OrgTree/server/[39msrc/services/search.service.ts:210:33[90m)[39m
Test Backend	Run backend tests	2026-01-14T21:59:35.6400391Z     at Module.search [90m(/home/runner/work/OrgTree/OrgTree/server/[39msrc/services/search.service.ts:301:29[90m)[39m
Test Backend	Run backend tests	2026-01-14T21:59:35.6402011Z     at [90m/home/runner/work/OrgTree/OrgTree/server/[39msrc/services/sql-injection.test.ts:253:26
Test Backend	Run backend tests	2026-01-14T21:59:35.6403671Z     at [90mfile:///home/runner/work/OrgTree/OrgTree/server/[39mnode_modules/[4m@vitest/runner[24m/dist/index.js:145:11
Test Backend	Run backend tests	2026-01-14T21:59:35.6405405Z     at [90mfile:///home/runner/work/OrgTree/OrgTree/server/[39mnode_modules/[4m@vitest/runner[24m/dist/index.js:915:26
Test Backend	Run backend tests	2026-01-14T21:59:35.6407427Z     at [90mfile:///home/runner/work/OrgTree/OrgTree/server/[39mnode_modules/[4m@vitest/runner[24m/dist/index.js:1243:20
Test Backend	Run backend tests	2026-01-14T21:59:35.6408480Z     at new Promise (<anonymous>)
Test Backend	Run backend tests	2026-01-14T21:59:35.6410346Z     at runWithTimeout [90m(file:///home/runner/work/OrgTree/OrgTree/server/[39mnode_modules/[4m@vitest/runner[24m/dist/index.js:1209:10[90m)[39m
Test Backend	Run backend tests	2026-01-14T21:59:35.6412357Z     at [90mfile:///home/runner/work/OrgTree/OrgTree/server/[39mnode_modules/[4m@vitest/runner[24m/dist/index.js:1653:37
Test Backend	Run backend tests	2026-01-14T21:59:35.6414378Z     at Traces.$ [90m(file:///home/runner/work/OrgTree/OrgTree/server/[39mnode_modules/[4mvitest[24m/dist/chunks/traces.U4xDYhzZ.js:115:27[90m)[39m {
Test Backend	Run backend tests	2026-01-14T21:59:35.6416110Z   code: [32m'SQLITE_ERROR'[39m
Test Backend	Run backend tests	2026-01-14T21:59:35.6419739Z }
Test Backend	Run backend tests	2026-01-14T21:59:35.6419939Z 
Test Backend	Run backend tests	2026-01-14T21:59:35.6422522Z [90mstderr[2m | src/services/sql-injection.test.ts[2m > [22m[2mSQL Injection Security Tests[2m > [22m[2mSearch Service - SQL Injection Protection[2m > [22m[2msearch() with classic SQL injection payloads[2m > [22m[2mshould safely handle payload: '; DROP TABLE users; --...
Test Backend	Run backend tests	2026-01-14T21:59:35.6425044Z [22m[39mDepartment search error: SqliteError: fts5: syntax error near ";"
Test Backend	Run backend tests	2026-01-14T21:59:35.6426632Z     at searchDepartments [90m(/home/runner/work/OrgTree/OrgTree/server/[39msrc/services/search.service.ts:145:33[90m)[39m
Test Backend	Run backend tests	2026-01-14T21:59:35.6428492Z     at Module.search [90m(/home/runner/work/OrgTree/OrgTree/server/[39msrc/services/search.service.ts:288:27[90m)[39m
Test Backend	Run backend tests	2026-01-14T21:59:35.6442760Z     at [90m/home/runner/work/OrgTree/OrgTree/server/[39msrc/services/sql-injection.test.ts:253:26
Test Backend	Run backend tests	2026-01-14T21:59:35.6444461Z     at [90mfile:///home/runner/work/OrgTree/OrgTree/server/[39mnode_modules/[4m@vitest/runner[24m/dist/index.js:145:11
Test Backend	Run backend tests	2026-01-14T21:59:35.6446244Z     at [90mfile:///home/runner/work/OrgTree/OrgTree/server/[39mnode_modules/[4m@vitest/runner[24m/dist/index.js:915:26
Test Backend	Run backend tests	2026-01-14T21:59:35.6448195Z     at [90mfile:///home/runner/work/OrgTree/OrgTree/server/[39mnode_modules/[4m@vitest/runner[24m/dist/index.js:1243:20
Test Backend	Run backend tests	2026-01-14T21:59:35.6449471Z     at new Promise (<anonymous>)
Test Backend	Run backend tests	2026-01-14T21:59:35.6450934Z     at runWithTimeout [90m(file:///home/runner/work/OrgTree/OrgTree/server/[39mnode_modules/[4m@vitest/runner[24m/dist/index.js:1209:10[90m)[39m
Test Backend	Run backend tests	2026-01-14T21:59:35.6452936Z     at [90mfile:///home/runner/work/OrgTree/OrgTree/server/[39mnode_modules/[4m@vitest/runner[24m/dist/index.js:1653:37
Test Backend	Run backend tests	2026-01-14T21:59:35.6455068Z     at Traces.$ [90m(file:///home/runner/work/OrgTree/OrgTree/server/[39mnode_modules/[4mvitest[24m/dist/chunks/traces.U4xDYhzZ.js:115:27[90m)[39m {
Test Backend	Run backend tests	2026-01-14T21:59:35.6456452Z   code: [32m'SQLITE_ERROR'[39m
Test Backend	Run backend tests	2026-01-14T21:59:35.6456903Z }
Test Backend	Run backend tests	2026-01-14T21:59:35.6457505Z People search error: SqliteError: fts5: syntax error near ";"
Test Backend	Run backend tests	2026-01-14T21:59:35.6458944Z     at searchPeople [90m(/home/runner/work/OrgTree/OrgTree/server/[39msrc/services/search.service.ts:210:33[90m)[39m
Test Backend	Run backend tests	2026-01-14T21:59:35.6461153Z     at Module.search [90m(/home/runner/work/OrgTree/OrgTree/server/[39msrc/services/search.service.ts:301:29[90m)[39m
Test Backend	Run backend tests	2026-01-14T21:59:35.6462859Z     at [90m/home/runner/work/OrgTree/OrgTree/server/[39msrc/services/sql-injection.test.ts:253:26
Test Backend	Run backend tests	2026-01-14T21:59:35.6464555Z     at [90mfile:///home/runner/work/OrgTree/OrgTree/server/[39mnode_modules/[4m@vitest/runner[24m/dist/index.js:145:11
Test Backend	Run backend tests	2026-01-14T21:59:35.6466402Z     at [90mfile:///home/runner/work/OrgTree/OrgTree/server/[39mnode_modules/[4m@vitest/runner[24m/dist/index.js:915:26
Test Backend	Run backend tests	2026-01-14T21:59:35.6468189Z     at [90mfile:///home/runner/work/OrgTree/OrgTree/server/[39mnode_modules/[4m@vitest/runner[24m/dist/index.js:1243:20
Test Backend	Run backend tests	2026-01-14T21:59:35.6470782Z     at new Promise (<anonymous>)
Test Backend	Run backend tests	2026-01-14T21:59:35.6472346Z     at runWithTimeout [90m(file:///home/runner/work/OrgTree/OrgTree/server/[39mnode_modules/[4m@vitest/runner[24m/dist/index.js:1209:10[90m)[39m
Test Backend	Run backend tests	2026-01-14T21:59:35.6474257Z     at [90mfile:///home/runner/work/OrgTree/OrgTree/server/[39mnode_modules/[4m@vitest/runner[24m/dist/index.js:1653:37
Test Backend	Run backend tests	2026-01-14T21:59:35.6499382Z     at Traces.$ [90m(file:///home/runner/work/OrgTree/OrgTree/server/[39mnode_modules/[4mvitest[24m/dist/chunks/traces.U4xDYhzZ.js:115:27[90m)[39m {
Test Backend	Run backend tests	2026-01-14T21:59:35.6500876Z   code: [32m'SQLITE_ERROR'[39m
Test Backend	Run backend tests	2026-01-14T21:59:35.6501353Z }
Test Backend	Run backend tests	2026-01-14T21:59:35.6502461Z  [32m✓[39m src/services/search.service.test.ts [2m([22m[2m30 tests[22m[2m)[22m[32m 52[2mms[22m[39m
Test Backend	Run backend tests	2026-01-14T21:59:35.6503315Z 
Test Backend	Run backend tests	2026-01-14T21:59:35.6506060Z [90mstderr[2m | src/services/sql-injection.test.ts[2m > [22m[2mSQL Injection Security Tests[2m > [22m[2mSearch Service - SQL Injection Protection[2m > [22m[2msearch() with classic SQL injection payloads[2m > [22m[2mshould safely handle payload: '; DELETE FROM departments; --...
Test Backend	Run backend tests	2026-01-14T21:59:35.6508666Z [22m[39mDepartment search error: SqliteError: fts5: syntax error near ";"
Test Backend	Run backend tests	2026-01-14T21:59:35.6510558Z     at searchDepartments [90m(/home/runner/work/OrgTree/OrgTree/server/[39msrc/services/search.service.ts:145:33[90m)[39m
Test Backend	Run backend tests	2026-01-14T21:59:35.6512503Z     at Module.search [90m(/home/runner/work/OrgTree/OrgTree/server/[39msrc/services/search.service.ts:288:27[90m)[39m
Test Backend	Run backend tests	2026-01-14T21:59:35.6514142Z     at [90m/home/runner/work/OrgTree/OrgTree/server/[39msrc/services/sql-injection.test.ts:253:26
Test Backend	Run backend tests	2026-01-14T21:59:35.6515846Z     at [90mfile:///home/runner/work/OrgTree/OrgTree/server/[39mnode_modules/[4m@vitest/runner[24m/dist/index.js:145:11
Test Backend	Run backend tests	2026-01-14T21:59:35.6517624Z     at [90mfile:///home/runner/work/OrgTree/OrgTree/server/[39mnode_modules/[4m@vitest/runner[24m/dist/index.js:915:26
Test Backend	Run backend tests	2026-01-14T21:59:35.6519635Z     at [90mfile:///home/runner/work/OrgTree/OrgTree/server/[39mnode_modules/[4m@vitest/runner[24m/dist/index.js:1243:20
Test Backend	Run backend tests	2026-01-14T21:59:35.6520727Z     at new Promise (<anonymous>)
Test Backend	Run backend tests	2026-01-14T21:59:35.6522235Z     at runWithTimeout [90m(file:///home/runner/work/OrgTree/OrgTree/server/[39mnode_modules/[4m@vitest/runner[24m/dist/index.js:1209:10[90m)[39m
Test Backend	Run backend tests	2026-01-14T21:59:35.6524565Z     at [90mfile:///home/runner/work/OrgTree/OrgTree/server/[39mnode_modules/[4m@vitest/runner[24m/dist/index.js:1653:37
Test Backend	Run backend tests	2026-01-14T21:59:35.6526561Z     at Traces.$ [90m(file:///home/runner/work/OrgTree/OrgTree/server/[39mnode_modules/[4mvitest[24m/dist/chunks/traces.U4xDYhzZ.js:115:27[90m)[39m {
Test Backend	Run backend tests	2026-01-14T21:59:35.6527955Z   code: [32m'SQLITE_ERROR'[39m
Test Backend	Run backend tests	2026-01-14T21:59:35.6528410Z }
Test Backend	Run backend tests	2026-01-14T21:59:35.6529245Z People search error: SqliteError: fts5: syntax error near ";"
Test Backend	Run backend tests	2026-01-14T21:59:35.6530739Z     at searchPeople [90m(/home/runner/work/OrgTree/OrgTree/server/[39msrc/services/search.service.ts:210:33[90m)[39m
Test Backend	Run backend tests	2026-01-14T21:59:35.6532543Z     at Module.search [90m(/home/runner/work/OrgTree/OrgTree/server/[39msrc/services/search.service.ts:301:29[90m)[39m
Test Backend	Run backend tests	2026-01-14T21:59:35.6534133Z     at [90m/home/runner/work/OrgTree/OrgTree/server/[39msrc/services/sql-injection.test.ts:253:26
Test Backend	Run backend tests	2026-01-14T21:59:35.6535815Z     at [90mfile:///home/runner/work/OrgTree/OrgTree/server/[39mnode_modules/[4m@vitest/runner[24m/dist/index.js:145:11
Test Backend	Run backend tests	2026-01-14T21:59:35.6537581Z     at [90mfile:///home/runner/work/OrgTree/OrgTree/server/[39mnode_modules/[4m@vitest/runner[24m/dist/index.js:915:26
Test Backend	Run backend tests	2026-01-14T21:59:35.6539535Z     at [90mfile:///home/runner/work/OrgTree/OrgTree/server/[39mnode_modules/[4m@vitest/runner[24m/dist/index.js:1243:20
Test Backend	Run backend tests	2026-01-14T21:59:35.6540599Z     at new Promise (<anonymous>)
Test Backend	Run backend tests	2026-01-14T21:59:35.6542076Z     at runWithTimeout [90m(file:///home/runner/work/OrgTree/OrgTree/server/[39mnode_modules/[4m@vitest/runner[24m/dist/index.js:1209:10[90m)[39m
Test Backend	Run backend tests	2026-01-14T21:59:35.6544149Z     at [90mfile:///home/runner/work/OrgTree/OrgTree/server/[39mnode_modules/[4m@vitest/runner[24m/dist/index.js:1653:37
Test Backend	Run backend tests	2026-01-14T21:59:35.6546354Z     at Traces.$ [90m(file:///home/runner/work/OrgTree/OrgTree/server/[39mnode_modules/[4mvitest[24m/dist/chunks/traces.U4xDYhzZ.js:115:27[90m)[39m {
Test Backend	Run backend tests	2026-01-14T21:59:35.6547946Z   code: [32m'SQLITE_ERROR'[39m
Test Backend	Run backend tests	2026-01-14T21:59:35.6548380Z }
Test Backend	Run backend tests	2026-01-14T21:59:35.6548551Z 
Test Backend	Run backend tests	2026-01-14T21:59:35.6551561Z [90mstderr[2m | src/services/sql-injection.test.ts[2m > [22m[2mSQL Injection Security Tests[2m > [22m[2mSearch Service - SQL Injection Protection[2m > [22m[2msearch() with classic SQL injection payloads[2m > [22m[2mshould safely handle payload: 1; SELECT * FROM users...
Test Backend	Run backend tests	2026-01-14T21:59:35.6554088Z [22m[39mDepartment search error: SqliteError: fts5: syntax error near ";"
Test Backend	Run backend tests	2026-01-14T21:59:35.6555649Z     at searchDepartments [90m(/home/runner/work/OrgTree/OrgTree/server/[39msrc/services/search.service.ts:145:33[90m)[39m
Test Backend	Run backend tests	2026-01-14T21:59:35.6557447Z     at Module.search [90m(/home/runner/work/OrgTree/OrgTree/server/[39msrc/services/search.service.ts:288:27[90m)[39m
Test Backend	Run backend tests	2026-01-14T21:59:35.6559289Z     at [90m/home/runner/work/OrgTree/OrgTree/server/[39msrc/services/sql-injection.test.ts:253:26
Test Backend	Run backend tests	2026-01-14T21:59:35.6560842Z     at [90mfile:///home/runner/work/OrgTree/OrgTree/server/[39mnode_modules/[4m@vitest/runner[24m/dist/index.js:145:11
Test Backend	Run backend tests	2026-01-14T21:59:35.6562536Z     at [90mfile:///home/runner/work/OrgTree/OrgTree/server/[39mnode_modules/[4m@vitest/runner[24m/dist/index.js:915:26
Test Backend	Run backend tests	2026-01-14T21:59:35.6564237Z     at [90mfile:///home/runner/work/OrgTree/OrgTree/server/[39mnode_modules/[4m@vitest/runner[24m/dist/index.js:1243:20
Test Backend	Run backend tests	2026-01-14T21:59:35.6565236Z     at new Promise (<anonymous>)
Test Backend	Run backend tests	2026-01-14T21:59:35.6566640Z     at runWithTimeout [90m(file:///home/runner/work/OrgTree/OrgTree/server/[39mnode_modules/[4m@vitest/runner[24m/dist/index.js:1209:10[90m)[39m
Test Backend	Run backend tests	2026-01-14T21:59:35.6568436Z     at [90mfile:///home/runner/work/OrgTree/OrgTree/server/[39mnode_modules/[4m@vitest/runner[24m/dist/index.js:1653:37
Test Backend	Run backend tests	2026-01-14T21:59:35.6570534Z     at Traces.$ [90m(file:///home/runner/work/OrgTree/OrgTree/server/[39mnode_modules/[4mvitest[24m/dist/chunks/traces.U4xDYhzZ.js:115:27[90m)[39m {
Test Backend	Run backend tests	2026-01-14T21:59:35.6572162Z   code: [32m'SQLITE_ERROR'[39m
Test Backend	Run backend tests	2026-01-14T21:59:35.6572611Z }
Test Backend	Run backend tests	2026-01-14T21:59:35.6573187Z People search error: SqliteError: fts5: syntax error near ";"
Test Backend	Run backend tests	2026-01-14T21:59:35.6574591Z     at searchPeople [90m(/home/runner/work/OrgTree/OrgTree/server/[39msrc/services/search.service.ts:210:33[90m)[39m
Test Backend	Run backend tests	2026-01-14T21:59:35.6576348Z     at Module.search [90m(/home/runner/work/OrgTree/OrgTree/server/[39msrc/services/search.service.ts:301:29[90m)[39m
Test Backend	Run backend tests	2026-01-14T21:59:35.6577924Z     at [90m/home/runner/work/OrgTree/OrgTree/server/[39msrc/services/sql-injection.test.ts:253:26
Test Backend	Run backend tests	2026-01-14T21:59:35.6579763Z     at [90mfile:///home/runner/work/OrgTree/OrgTree/server/[39mnode_modules/[4m@vitest/runner[24m/dist/index.js:145:11
Test Backend	Run backend tests	2026-01-14T21:59:35.6581581Z     at [90mfile:///home/runner/work/OrgTree/OrgTree/server/[39mnode_modules/[4m@vitest/runner[24m/dist/index.js:915:26
Test Backend	Run backend tests	2026-01-14T21:59:35.6583406Z     at [90mfile:///home/runner/work/OrgTree/OrgTree/server/[39mnode_modules/[4m@vitest/runner[24m/dist/index.js:1243:20
Test Backend	Run backend tests	2026-01-14T21:59:35.6584471Z     at new Promise (<anonymous>)
Test Backend	Run backend tests	2026-01-14T21:59:35.6585977Z     at runWithTimeout [90m(file:///home/runner/work/OrgTree/OrgTree/server/[39mnode_modules/[4m@vitest/runner[24m/dist/index.js:1209:10[90m)[39m
Test Backend	Run backend tests	2026-01-14T21:59:35.6588113Z     at [90mfile:///home/runner/work/OrgTree/OrgTree/server/[39mnode_modules/[4m@vitest/runner[24m/dist/index.js:1653:37
Test Backend	Run backend tests	2026-01-14T21:59:35.6590409Z     at Traces.$ [90m(file:///home/runner/work/OrgTree/OrgTree/server/[39mnode_modules/[4mvitest[24m/dist/chunks/traces.U4xDYhzZ.js:115:27[90m)[39m {
Test Backend	Run backend tests	2026-01-14T21:59:35.6591779Z   code: [32m'SQLITE_ERROR'[39m
Test Backend	Run backend tests	2026-01-14T21:59:35.6592215Z }
Test Backend	Run backend tests	2026-01-14T21:59:35.6592382Z 
Test Backend	Run backend tests	2026-01-14T21:59:35.6595076Z [90mstderr[2m | src/services/sql-injection.test.ts[2m > [22m[2mSQL Injection Security Tests[2m > [22m[2mSearch Service - SQL Injection Protection[2m > [22m[2msearch() with classic SQL injection payloads[2m > [22m[2mshould safely handle payload: 1' UNION SELECT password_hash FROM users...
Test Backend	Run backend tests	2026-01-14T21:59:35.6598092Z [22m[39mDepartment search error: SqliteError: fts5: syntax error near "-"
Test Backend	Run backend tests	2026-01-14T21:59:35.6599893Z     at searchDepartments [90m(/home/runner/work/OrgTree/OrgTree/server/[39msrc/services/search.service.ts:145:33[90m)[39m
Test Backend	Run backend tests	2026-01-14T21:59:35.6601718Z     at Module.search [90m(/home/runner/work/OrgTree/OrgTree/server/[39msrc/services/search.service.ts:288:27[90m)[39m
Test Backend	Run backend tests	2026-01-14T21:59:35.6603130Z     at [90m/home/runner/work/OrgTree/OrgTree/server/[39msrc/services/sql-injection.test.ts:253:26
Test Backend	Run backend tests	2026-01-14T21:59:35.6604568Z     at [90mfile:///home/runner/work/OrgTree/OrgTree/server/[39mnode_modules/[4m@vitest/runner[24m/dist/index.js:145:11
Test Backend	Run backend tests	2026-01-14T21:59:35.6606192Z     at [90mfile:///home/runner/work/OrgTree/OrgTree/server/[39mnode_modules/[4m@vitest/runner[24m/dist/index.js:915:26
Test Backend	Run backend tests	2026-01-14T21:59:35.6607842Z     at [90mfile:///home/runner/work/OrgTree/OrgTree/server/[39mnode_modules/[4m@vitest/runner[24m/dist/index.js:1243:20
Test Backend	Run backend tests	2026-01-14T21:59:35.6608843Z     at new Promise (<anonymous>)
Test Backend	Run backend tests	2026-01-14T21:59:35.6610398Z     at runWithTimeout [90m(file:///home/runner/work/OrgTree/OrgTree/server/[39mnode_modules/[4m@vitest/runner[24m/dist/index.js:1209:10[90m)[39m
Test Backend	Run backend tests	2026-01-14T21:59:35.6612303Z     at [90mfile:///home/runner/work/OrgTree/OrgTree/server/[39mnode_modules/[4m@vitest/runner[24m/dist/index.js:1653:37
Test Backend	Run backend tests	2026-01-14T21:59:35.6614252Z     at Traces.$ [90m(file:///home/runner/work/OrgTree/OrgTree/server/[39mnode_modules/[4mvitest[24m/dist/chunks/traces.U4xDYhzZ.js:115:27[90m)[39m {
Test Backend	Run backend tests	2026-01-14T21:59:35.6615492Z   code: [32m'SQLITE_ERROR'[39m
Test Backend	Run backend tests	2026-01-14T21:59:35.6615896Z }
Test Backend	Run backend tests	2026-01-14T21:59:35.6616448Z People search error: SqliteError: fts5: syntax error near "-"
Test Backend	Run backend tests	2026-01-14T21:59:35.6617783Z     at searchPeople [90m(/home/runner/work/OrgTree/OrgTree/server/[39msrc/services/search.service.ts:210:33[90m)[39m
Test Backend	Run backend tests	2026-01-14T21:59:35.6619620Z     at Module.search [90m(/home/runner/work/OrgTree/OrgTree/server/[39msrc/services/search.service.ts:301:29[90m)[39m
Test Backend	Run backend tests	2026-01-14T21:59:35.6621401Z     at [90m/home/runner/work/OrgTree/OrgTree/server/[39msrc/services/sql-injection.test.ts:253:26
Test Backend	Run backend tests	2026-01-14T21:59:35.6622943Z     at [90mfile:///home/runner/work/OrgTree/OrgTree/server/[39mnode_modules/[4m@vitest/runner[24m/dist/index.js:145:11
Test Backend	Run backend tests	2026-01-14T21:59:35.6624630Z     at [90mfile:///home/runner/work/OrgTree/OrgTree/server/[39mnode_modules/[4m@vitest/runner[24m/dist/index.js:915:26
Test Backend	Run backend tests	2026-01-14T21:59:35.6626339Z     at [90mfile:///home/runner/work/OrgTree/OrgTree/server/[39mnode_modules/[4m@vitest/runner[24m/dist/index.js:1243:20
Test Backend	Run backend tests	2026-01-14T21:59:35.6627335Z     at new Promise (<anonymous>)
Test Backend	Run backend tests	2026-01-14T21:59:35.6628732Z     at runWithTimeout [90m(file:///home/runner/work/OrgTree/OrgTree/server/[39mnode_modules/[4m@vitest/runner[24m/dist/index.js:1209:10[90m)[39m
Test Backend	Run backend tests	2026-01-14T21:59:35.6630909Z     at [90mfile:///home/runner/work/OrgTree/OrgTree/server/[39mnode_modules/[4m@vitest/runner[24m/dist/index.js:1653:37
Test Backend	Run backend tests	2026-01-14T21:59:35.6633058Z     at Traces.$ [90m(file:///home/runner/work/OrgTree/OrgTree/server/[39mnode_modules/[4mvitest[24m/dist/chunks/traces.U4xDYhzZ.js:115:27[90m)[39m {
Test Backend	Run backend tests	2026-01-14T21:59:35.6634428Z   code: [32m'SQLITE_ERROR'[39m
Test Backend	Run backend tests	2026-01-14T21:59:35.6634902Z }
Test Backend	Run backend tests	2026-01-14T21:59:35.6635088Z 
Test Backend	Run backend tests	2026-01-14T21:59:35.6637510Z [90mstderr[2m | src/services/sql-injection.test.ts[2m > [22m[2mSQL Injection Security Tests[2m > [22m[2mSearch Service - SQL Injection Protection[2m > [22m[2msearch() with classic SQL injection payloads[2m > [22m[2mshould safely handle payload: ' AND 1=1 --...
Test Backend	Run backend tests	2026-01-14T21:59:35.6640283Z [22m[39mDepartment search error: SqliteError: fts5: syntax error near "AND"
Test Backend	Run backend tests	2026-01-14T21:59:35.6641870Z     at searchDepartments [90m(/home/runner/work/OrgTree/OrgTree/server/[39msrc/services/search.service.ts:145:33[90m)[39m
Test Backend	Run backend tests	2026-01-14T21:59:35.6643777Z     at Module.search [90m(/home/runner/work/OrgTree/OrgTree/server/[39msrc/services/search.service.ts:288:27[90m)[39m
Test Backend	Run backend tests	2026-01-14T21:59:35.6645666Z     at [90m/home/runner/work/OrgTree/OrgTree/server/[39msrc/services/sql-injection.test.ts:253:26
Test Backend	Run backend tests	2026-01-14T21:59:35.6647313Z     at [90mfile:///home/runner/work/OrgTree/OrgTree/server/[39mnode_modules/[4m@vitest/runner[24m/dist/index.js:145:11
Test Backend	Run backend tests	2026-01-14T21:59:35.6649388Z     at [90mfile:///home/runner/work/OrgTree/OrgTree/server/[39mnode_modules/[4m@vitest/runner[24m/dist/index.js:915:26
Test Backend	Run backend tests	2026-01-14T21:59:35.6651249Z     at [90mfile:///home/runner/work/OrgTree/OrgTree/server/[39mnode_modules/[4m@vitest/runner[24m/dist/index.js:1243:20
Test Backend	Run backend tests	2026-01-14T21:59:35.6652349Z     at new Promise (<anonymous>)
Test Backend	Run backend tests	2026-01-14T21:59:35.6653820Z     at runWithTimeout [90m(file:///home/runner/work/OrgTree/OrgTree/server/[39mnode_modules/[4m@vitest/runner[24m/dist/index.js:1209:10[90m)[39m
Test Backend	Run backend tests	2026-01-14T21:59:35.6655680Z     at [90mfile:///home/runner/work/OrgTree/OrgTree/server/[39mnode_modules/[4m@vitest/runner[24m/dist/index.js:1653:37
Test Backend	Run backend tests	2026-01-14T21:59:35.6657800Z     at Traces.$ [90m(file:///home/runner/work/OrgTree/OrgTree/server/[39mnode_modules/[4mvitest[24m/dist/chunks/traces.U4xDYhzZ.js:115:27[90m)[39m {
Test Backend	Run backend tests	2026-01-14T21:59:35.6659419Z   code: [32m'SQLITE_ERROR'[39m
Test Backend	Run backend tests	2026-01-14T21:59:35.6659856Z }
Test Backend	Run backend tests	2026-01-14T21:59:35.6660457Z People search error: SqliteError: fts5: syntax error near "AND"
Test Backend	Run backend tests	2026-01-14T21:59:35.6661811Z     at searchPeople [90m(/home/runner/work/OrgTree/OrgTree/server/[39msrc/services/search.service.ts:210:33[90m)[39m
Test Backend	Run backend tests	2026-01-14T21:59:35.6663447Z     at Module.search [90m(/home/runner/work/OrgTree/OrgTree/server/[39msrc/services/search.service.ts:301:29[90m)[39m
Test Backend	Run backend tests	2026-01-14T21:59:35.6664988Z     at [90m/home/runner/work/OrgTree/OrgTree/server/[39msrc/services/sql-injection.test.ts:253:26
Test Backend	Run backend tests	2026-01-14T21:59:35.6666579Z     at [90mfile:///home/runner/work/OrgTree/OrgTree/server/[39mnode_modules/[4m@vitest/runner[24m/dist/index.js:145:11
Test Backend	Run backend tests	2026-01-14T21:59:35.6668279Z     at [90mfile:///home/runner/work/OrgTree/OrgTree/server/[39mnode_modules/[4m@vitest/runner[24m/dist/index.js:915:26
Test Backend	Run backend tests	2026-01-14T21:59:35.6670473Z     at [90mfile:///home/runner/work/OrgTree/OrgTree/server/[39mnode_modules/[4m@vitest/runner[24m/dist/index.js:1243:20
Test Backend	Run backend tests	2026-01-14T21:59:35.6671494Z     at new Promise (<anonymous>)
Test Backend	Run backend tests	2026-01-14T21:59:35.6672892Z     at runWithTimeout [90m(file:///home/runner/work/OrgTree/OrgTree/server/[39mnode_modules/[4m@vitest/runner[24m/dist/index.js:1209:10[90m)[39m
Test Backend	Run backend tests	2026-01-14T21:59:35.6674755Z     at [90mfile:///home/runner/work/OrgTree/OrgTree/server/[39mnode_modules/[4m@vitest/runner[24m/dist/index.js:1653:37
Test Backend	Run backend tests	2026-01-14T21:59:35.6676678Z     at Traces.$ [90m(file:///home/runner/work/OrgTree/OrgTree/server/[39mnode_modules/[4mvitest[24m/dist/chunks/traces.U4xDYhzZ.js:115:27[90m)[39m {
Test Backend	Run backend tests	2026-01-14T21:59:35.6677898Z   code: [32m'SQLITE_ERROR'[39m
Test Backend	Run backend tests	2026-01-14T21:59:35.6678313Z }
Test Backend	Run backend tests	2026-01-14T21:59:35.6678470Z 
Test Backend	Run backend tests	2026-01-14T21:59:35.6680956Z [90mstderr[2m | src/services/sql-injection.test.ts[2m > [22m[2mSQL Injection Security Tests[2m > [22m[2mSearch Service - SQL Injection Protection[2m > [22m[2msearch() with classic SQL injection payloads[2m > [22m[2mshould safely handle payload: ' AND 1=0 --...
Test Backend	Run backend tests	2026-01-14T21:59:35.6683299Z [22m[39mDepartment search error: SqliteError: fts5: syntax error near "AND"
Test Backend	Run backend tests	2026-01-14T21:59:35.6684809Z     at searchDepartments [90m(/home/runner/work/OrgTree/OrgTree/server/[39msrc/services/search.service.ts:145:33[90m)[39m
Test Backend	Run backend tests	2026-01-14T21:59:35.6686575Z     at Module.search [90m(/home/runner/work/OrgTree/OrgTree/server/[39msrc/services/search.service.ts:288:27[90m)[39m
Test Backend	Run backend tests	2026-01-14T21:59:35.6688187Z     at [90m/home/runner/work/OrgTree/OrgTree/server/[39msrc/services/sql-injection.test.ts:253:26
Test Backend	Run backend tests	2026-01-14T21:59:35.6690016Z     at [90mfile:///home/runner/work/OrgTree/OrgTree/server/[39mnode_modules/[4m@vitest/runner[24m/dist/index.js:145:11
Test Backend	Run backend tests	2026-01-14T21:59:35.6691827Z     at [90mfile:///home/runner/work/OrgTree/OrgTree/server/[39mnode_modules/[4m@vitest/runner[24m/dist/index.js:915:26
Test Backend	Run backend tests	2026-01-14T21:59:35.6693956Z     at [90mfile:///home/runner/work/OrgTree/OrgTree/server/[39mnode_modules/[4m@vitest/runner[24m/dist/index.js:1243:20
Test Backend	Run backend tests	2026-01-14T21:59:35.6695010Z     at new Promise (<anonymous>)
Test Backend	Run backend tests	2026-01-14T21:59:35.6696441Z     at runWithTimeout [90m(file:///home/runner/work/OrgTree/OrgTree/server/[39mnode_modules/[4m@vitest/runner[24m/dist/index.js:1209:10[90m)[39m
Test Backend	Run backend tests	2026-01-14T21:59:35.6698363Z     at [90mfile:///home/runner/work/OrgTree/OrgTree/server/[39mnode_modules/[4m@vitest/runner[24m/dist/index.js:1653:37
Test Backend	Run backend tests	2026-01-14T21:59:35.6700523Z     at Traces.$ [90m(file:///home/runner/work/OrgTree/OrgTree/server/[39mnode_modules/[4mvitest[24m/dist/chunks/traces.U4xDYhzZ.js:115:27[90m)[39m {
Test Backend	Run backend tests	2026-01-14T21:59:35.6701789Z   code: [32m'SQLITE_ERROR'[39m
Test Backend	Run backend tests	2026-01-14T21:59:35.6702231Z }
Test Backend	Run backend tests	2026-01-14T21:59:35.6702812Z People search error: SqliteError: fts5: syntax error near "AND"
Test Backend	Run backend tests	2026-01-14T21:59:35.6704172Z     at searchPeople [90m(/home/runner/work/OrgTree/OrgTree/server/[39msrc/services/search.service.ts:210:33[90m)[39m
Test Backend	Run backend tests	2026-01-14T21:59:35.6705931Z     at Module.search [90m(/home/runner/work/OrgTree/OrgTree/server/[39msrc/services/search.service.ts:301:29[90m)[39m
Test Backend	Run backend tests	2026-01-14T21:59:35.6707587Z     at [90m/home/runner/work/OrgTree/OrgTree/server/[39msrc/services/sql-injection.test.ts:253:26
Test Backend	Run backend tests	2026-01-14T21:59:35.6709702Z     at [90mfile:///home/runner/work/OrgTree/OrgTree/server/[39mnode_modules/[4m@vitest/runner[24m/dist/index.js:145:11
Test Backend	Run backend tests	2026-01-14T21:59:35.6711534Z     at [90mfile:///home/runner/work/OrgTree/OrgTree/server/[39mnode_modules/[4m@vitest/runner[24m/dist/index.js:915:26
Test Backend	Run backend tests	2026-01-14T21:59:35.6713323Z     at [90mfile:///home/runner/work/OrgTree/OrgTree/server/[39mnode_modules/[4m@vitest/runner[24m/dist/index.js:1243:20
Test Backend	Run backend tests	2026-01-14T21:59:35.6714422Z     at new Promise (<anonymous>)
Test Backend	Run backend tests	2026-01-14T21:59:35.6715949Z     at runWithTimeout [90m(file:///home/runner/work/OrgTree/OrgTree/server/[39mnode_modules/[4m@vitest/runner[24m/dist/index.js:1209:10[90m)[39m
Test Backend	Run backend tests	2026-01-14T21:59:35.6718192Z     at [90mfile:///home/runner/work/OrgTree/OrgTree/server/[39mnode_modules/[4m@vitest/runner[24m/dist/index.js:1653:37
Test Backend	Run backend tests	2026-01-14T21:59:35.6720539Z     at Traces.$ [90m(file:///home/runner/work/OrgTree/OrgTree/server/[39mnode_modules/[4mvitest[24m/dist/chunks/traces.U4xDYhzZ.js:115:27[90m)[39m {
Test Backend	Run backend tests	2026-01-14T21:59:35.6721903Z   code: [32m'SQLITE_ERROR'[39m
Test Backend	Run backend tests	2026-01-14T21:59:35.6722340Z }
Test Backend	Run backend tests	2026-01-14T21:59:35.6722509Z 
Test Backend	Run backend tests	2026-01-14T21:59:35.6724897Z [90mstderr[2m | src/services/sql-injection.test.ts[2m > [22m[2mSQL Injection Security Tests[2m > [22m[2mSearch Service - SQL Injection Protection[2m > [22m[2msearch() with classic SQL injection payloads[2m > [22m[2mshould safely handle payload: 1 AND 1=1...
Test Backend	Run backend tests	2026-01-14T21:59:35.6727321Z [22m[39mDepartment search error: SqliteError: fts5: syntax error near "="
Test Backend	Run backend tests	2026-01-14T21:59:35.6728913Z     at searchDepartments [90m(/home/runner/work/OrgTree/OrgTree/server/[39msrc/services/search.service.ts:145:33[90m)[39m
Test Backend	Run backend tests	2026-01-14T21:59:35.6730945Z     at Module.search [90m(/home/runner/work/OrgTree/OrgTree/server/[39msrc/services/search.service.ts:288:27[90m)[39m
Test Backend	Run backend tests	2026-01-14T21:59:35.6732490Z     at [90m/home/runner/work/OrgTree/OrgTree/server/[39msrc/services/sql-injection.test.ts:253:26
Test Backend	Run backend tests	2026-01-14T21:59:35.6734052Z     at [90mfile:///home/runner/work/OrgTree/OrgTree/server/[39mnode_modules/[4m@vitest/runner[24m/dist/index.js:145:11
Test Backend	Run backend tests	2026-01-14T21:59:35.6735741Z     at [90mfile:///home/runner/work/OrgTree/OrgTree/server/[39mnode_modules/[4m@vitest/runner[24m/dist/index.js:915:26
Test Backend	Run backend tests	2026-01-14T21:59:35.6737428Z     at [90mfile:///home/runner/work/OrgTree/OrgTree/server/[39mnode_modules/[4m@vitest/runner[24m/dist/index.js:1243:20
Test Backend	Run backend tests	2026-01-14T21:59:35.6738435Z     at new Promise (<anonymous>)
Test Backend	Run backend tests	2026-01-14T21:59:35.6740506Z     at runWithTimeout [90m(file:///home/runner/work/OrgTree/OrgTree/server/[39mnode_modules/[4m@vitest/runner[24m/dist/index.js:1209:10[90m)[39m
Test Backend	Run backend tests	2026-01-14T21:59:35.6742414Z     at [90mfile:///home/runner/work/OrgTree/OrgTree/server/[39mnode_modules/[4m@vitest/runner[24m/dist/index.js:1653:37
Test Backend	Run backend tests	2026-01-14T21:59:35.6744635Z     at Traces.$ [90m(file:///home/runner/work/OrgTree/OrgTree/server/[39mnode_modules/[4mvitest[24m/dist/chunks/traces.U4xDYhzZ.js:115:27[90m)[39m {
Test Backend	Run backend tests	2026-01-14T21:59:35.6745902Z   code: [32m'SQLITE_ERROR'[39m
Test Backend	Run backend tests	2026-01-14T21:59:35.6746322Z }
Test Backend	Run backend tests	2026-01-14T21:59:35.6746888Z People search error: SqliteError: fts5: syntax error near "="
Test Backend	Run backend tests	2026-01-14T21:59:35.6748256Z     at searchPeople [90m(/home/runner/work/OrgTree/OrgTree/server/[39msrc/services/search.service.ts:210:33[90m)[39m
Test Backend	Run backend tests	2026-01-14T21:59:35.6801615Z     at Module.search [90m(/home/runner/work/OrgTree/OrgTree/server/[39msrc/services/search.service.ts:301:29[90m)[39m
Test Backend	Run backend tests	2026-01-14T21:59:35.6803240Z     at [90m/home/runner/work/OrgTree/OrgTree/server/[39msrc/services/sql-injection.test.ts:253:26
Test Backend	Run backend tests	2026-01-14T21:59:35.6804820Z     at [90mfile:///home/runner/work/OrgTree/OrgTree/server/[39mnode_modules/[4m@vitest/runner[24m/dist/index.js:145:11
Test Backend	Run backend tests	2026-01-14T21:59:35.6806572Z     at [90mfile:///home/runner/work/OrgTree/OrgTree/server/[39mnode_modules/[4m@vitest/runner[24m/dist/index.js:915:26
Test Backend	Run backend tests	2026-01-14T21:59:35.6808265Z     at [90mfile:///home/runner/work/OrgTree/OrgTree/server/[39mnode_modules/[4m@vitest/runner[24m/dist/index.js:1243:20
Test Backend	Run backend tests	2026-01-14T21:59:35.6809563Z     at new Promise (<anonymous>)
Test Backend	Run backend tests	2026-01-14T21:59:35.6810935Z     at runWithTimeout [90m(file:///home/runner/work/OrgTree/OrgTree/server/[39mnode_modules/[4m@vitest/runner[24m/dist/index.js:1209:10[90m)[39m
Test Backend	Run backend tests	2026-01-14T21:59:35.6812805Z     at [90mfile:///home/runner/work/OrgTree/OrgTree/server/[39mnode_modules/[4m@vitest/runner[24m/dist/index.js:1653:37
Test Backend	Run backend tests	2026-01-14T21:59:35.6814793Z     at Traces.$ [90m(file:///home/runner/work/OrgTree/OrgTree/server/[39mnode_modules/[4mvitest[24m/dist/chunks/traces.U4xDYhzZ.js:115:27[90m)[39m {
Test Backend	Run backend tests	2026-01-14T21:59:35.6816088Z   code: [32m'SQLITE_ERROR'[39m
Test Backend	Run backend tests	2026-01-14T21:59:35.6816903Z }
Test Backend	Run backend tests	2026-01-14T21:59:35.6817093Z 
Test Backend	Run backend tests	2026-01-14T21:59:35.6819783Z [90mstderr[2m | src/services/sql-injection.test.ts[2m > [22m[2mSQL Injection Security Tests[2m > [22m[2mSearch Service - SQL Injection Protection[2m > [22m[2msearch() with classic SQL injection payloads[2m > [22m[2mshould safely handle payload: 1 AND 1=0...
Test Backend	Run backend tests	2026-01-14T21:59:35.6822127Z [22m[39mDepartment search error: SqliteError: fts5: syntax error near "="
Test Backend	Run backend tests	2026-01-14T21:59:35.6823633Z     at searchDepartments [90m(/home/runner/work/OrgTree/OrgTree/server/[39msrc/services/search.service.ts:145:33[90m)[39m
Test Backend	Run backend tests	2026-01-14T21:59:35.6825370Z     at Module.search [90m(/home/runner/work/OrgTree/OrgTree/server/[39msrc/services/search.service.ts:288:27[90m)[39m
Test Backend	Run backend tests	2026-01-14T21:59:35.6826815Z     at [90m/home/runner/work/OrgTree/OrgTree/server/[39msrc/services/sql-injection.test.ts:253:26
Test Backend	Run backend tests	2026-01-14T21:59:35.6828278Z     at [90mfile:///home/runner/work/OrgTree/OrgTree/server/[39mnode_modules/[4m@vitest/runner[24m/dist/index.js:145:11
Test Backend	Run backend tests	2026-01-14T21:59:35.6830042Z     at [90mfile:///home/runner/work/OrgTree/OrgTree/server/[39mnode_modules/[4m@vitest/runner[24m/dist/index.js:915:26
Test Backend	Run backend tests	2026-01-14T21:59:35.6831591Z     at [90mfile:///home/runner/work/OrgTree/OrgTree/server/[39mnode_modules/[4m@vitest/runner[24m/dist/index.js:1243:20
Test Backend	Run backend tests	2026-01-14T21:59:35.6832469Z     at new Promise (<anonymous>)
Test Backend	Run backend tests	2026-01-14T21:59:35.6833732Z     at runWithTimeout [90m(file:///home/runner/work/OrgTree/OrgTree/server/[39mnode_modules/[4m@vitest/runner[24m/dist/index.js:1209:10[90m)[39m
Test Backend	Run backend tests	2026-01-14T21:59:35.6835441Z     at [90mfile:///home/runner/work/OrgTree/OrgTree/server/[39mnode_modules/[4m@vitest/runner[24m/dist/index.js:1653:37
Test Backend	Run backend tests	2026-01-14T21:59:35.6837200Z     at Traces.$ [90m(file:///home/runner/work/OrgTree/OrgTree/server/[39mnode_modules/[4mvitest[24m/dist/chunks/traces.U4xDYhzZ.js:115:27[90m)[39m {
Test Backend	Run backend tests	2026-01-14T21:59:35.6838320Z   code: [32m'SQLITE_ERROR'[39m
Test Backend	Run backend tests	2026-01-14T21:59:35.6838694Z }
Test Backend	Run backend tests	2026-01-14T21:59:35.6869761Z People search error: SqliteError: fts5: syntax error near "="
Test Backend	Run backend tests	2026-01-14T21:59:35.6871905Z     at searchPeople [90m(/home/runner/work/OrgTree/OrgTree/server/[39msrc/services/search.service.ts:210:33[90m)[39m
Test Backend	Run backend tests	2026-01-14T21:59:35.6873640Z     at Module.search [90m(/home/runner/work/OrgTree/OrgTree/server/[39msrc/services/search.service.ts:301:29[90m)[39m
Test Backend	Run backend tests	2026-01-14T21:59:35.6875156Z     at [90m/home/runner/work/OrgTree/OrgTree/server/[39msrc/services/sql-injection.test.ts:253:26
Test Backend	Run backend tests	2026-01-14T21:59:35.6876743Z     at [90mfile:///home/runner/work/OrgTree/OrgTree/server/[39mnode_modules/[4m@vitest/runner[24m/dist/index.js:145:11
Test Backend	Run backend tests	2026-01-14T21:59:35.6878422Z     at [90mfile:///home/runner/work/OrgTree/OrgTree/server/[39mnode_modules/[4m@vitest/runner[24m/dist/index.js:915:26
Test Backend	Run backend tests	2026-01-14T21:59:35.6880321Z     at [90mfile:///home/runner/work/OrgTree/OrgTree/server/[39mnode_modules/[4m@vitest/runner[24m/dist/index.js:1243:20
Test Backend	Run backend tests	2026-01-14T21:59:35.6881323Z     at new Promise (<anonymous>)
Test Backend	Run backend tests	2026-01-14T21:59:35.6882761Z     at runWithTimeout [90m(file:///home/runner/work/OrgTree/OrgTree/server/[39mnode_modules/[4m@vitest/runner[24m/dist/index.js:1209:10[90m)[39m
Test Backend	Run backend tests	2026-01-14T21:59:35.6884640Z     at [90mfile:///home/runner/work/OrgTree/OrgTree/server/[39mnode_modules/[4m@vitest/runner[24m/dist/index.js:1653:37
Test Backend	Run backend tests	2026-01-14T21:59:35.6886591Z     at Traces.$ [90m(file:///home/runner/work/OrgTree/OrgTree/server/[39mnode_modules/[4mvitest[24m/dist/chunks/traces.U4xDYhzZ.js:115:27[90m)[39m {
Test Backend	Run backend tests	2026-01-14T21:59:35.6887926Z   code: [32m'SQLITE_ERROR'[39m
Test Backend	Run backend tests	2026-01-14T21:59:35.6888336Z }
Test Backend	Run backend tests	2026-01-14T21:59:35.6888501Z 
Test Backend	Run backend tests	2026-01-14T21:59:35.6890980Z [90mstderr[2m | src/services/sql-injection.test.ts[2m > [22m[2mSQL Injection Security Tests[2m > [22m[2mSearch Service - SQL Injection Protection[2m > [22m[2msearch() with classic SQL injection payloads[2m > [22m[2mshould safely handle payload: '; WAITFOR DELAY '00:00:05' --...
Test Backend	Run backend tests	2026-01-14T21:59:35.6893382Z [22m[39mDepartment search error: SqliteError: fts5: syntax error near ";"
Test Backend	Run backend tests	2026-01-14T21:59:35.6895300Z     at searchDepartments [90m(/home/runner/work/OrgTree/OrgTree/server/[39msrc/services/search.service.ts:145:33[90m)[39m
Test Backend	Run backend tests	2026-01-14T21:59:35.6897080Z     at Module.search [90m(/home/runner/work/OrgTree/OrgTree/server/[39msrc/services/search.service.ts:288:27[90m)[39m
Test Backend	Run backend tests	2026-01-14T21:59:35.6898630Z     at [90m/home/runner/work/OrgTree/OrgTree/server/[39msrc/services/sql-injection.test.ts:253:26
Test Backend	Run backend tests	2026-01-14T21:59:35.6930726Z     at [90mfile:///home/runner/work/OrgTree/OrgTree/server/[39mnode_modules/[4m@vitest/runner[24m/dist/index.js:145:11
Test Backend	Run backend tests	2026-01-14T21:59:35.6932474Z     at [90mfile:///home/runner/work/OrgTree/OrgTree/server/[39mnode_modules/[4m@vitest/runner[24m/dist/index.js:915:26
Test Backend	Run backend tests	2026-01-14T21:59:35.6934157Z     at [90mfile:///home/runner/work/OrgTree/OrgTree/server/[39mnode_modules/[4m@vitest/runner[24m/dist/index.js:1243:20
Test Backend	Run backend tests	2026-01-14T21:59:35.6935130Z     at new Promise (<anonymous>)
Test Backend	Run backend tests	2026-01-14T21:59:35.6936473Z     at runWithTimeout [90m(file:///home/runner/work/OrgTree/OrgTree/server/[39mnode_modules/[4m@vitest/runner[24m/dist/index.js:1209:10[90m)[39m
Test Backend	Run backend tests	2026-01-14T21:59:35.6938330Z     at [90mfile:///home/runner/work/OrgTree/OrgTree/server/[39mnode_modules/[4m@vitest/runner[24m/dist/index.js:1653:37
Test Backend	Run backend tests	2026-01-14T21:59:35.6940422Z     at Traces.$ [90m(file:///home/runner/work/OrgTree/OrgTree/server/[39mnode_modules/[4mvitest[24m/dist/chunks/traces.U4xDYhzZ.js:115:27[90m)[39m {
Test Backend	Run backend tests	2026-01-14T21:59:35.6941653Z   code: [32m'SQLITE_ERROR'[39m
Test Backend	Run backend tests	2026-01-14T21:59:35.6942068Z }
Test Backend	Run backend tests	2026-01-14T21:59:35.6942638Z People search error: SqliteError: fts5: syntax error near ";"
Test Backend	Run backend tests	2026-01-14T21:59:35.6943971Z     at searchPeople [90m(/home/runner/work/OrgTree/OrgTree/server/[39msrc/services/search.service.ts:210:33[90m)[39m
Test Backend	Run backend tests	2026-01-14T21:59:35.6945631Z     at Module.search [90m(/home/runner/work/OrgTree/OrgTree/server/[39msrc/services/search.service.ts:301:29[90m)[39m
Test Backend	Run backend tests	2026-01-14T21:59:35.6947140Z     at [90m/home/runner/work/OrgTree/OrgTree/server/[39msrc/services/sql-injection.test.ts:253:26
Test Backend	Run backend tests	2026-01-14T21:59:35.6948954Z     at [90mfile:///home/runner/work/OrgTree/OrgTree/server/[39mnode_modules/[4m@vitest/runner[24m/dist/index.js:145:11
Test Backend	Run backend tests	2026-01-14T21:59:35.6950760Z     at [90mfile:///home/runner/work/OrgTree/OrgTree/server/[39mnode_modules/[4m@vitest/runner[24m/dist/index.js:915:26
Test Backend	Run backend tests	2026-01-14T21:59:35.6952372Z     at [90mfile:///home/runner/work/OrgTree/OrgTree/server/[39mnode_modules/[4m@vitest/runner[24m/dist/index.js:1243:20
Test Backend	Run backend tests	2026-01-14T21:59:35.6953331Z     at new Promise (<anonymous>)
Test Backend	Run backend tests	2026-01-14T21:59:35.6954675Z     at runWithTimeout [90m(file:///home/runner/work/OrgTree/OrgTree/server/[39mnode_modules/[4m@vitest/runner[24m/dist/index.js:1209:10[90m)[39m
Test Backend	Run backend tests	2026-01-14T21:59:35.6956415Z     at [90mfile:///home/runner/work/OrgTree/OrgTree/server/[39mnode_modules/[4m@vitest/runner[24m/dist/index.js:1653:37
Test Backend	Run backend tests	2026-01-14T21:59:35.6958303Z     at Traces.$ [90m(file:///home/runner/work/OrgTree/OrgTree/server/[39mnode_modules/[4mvitest[24m/dist/chunks/traces.U4xDYhzZ.js:115:27[90m)[39m {
Test Backend	Run backend tests	2026-01-14T21:59:35.6990062Z   code: [32m'SQLITE_ERROR'[39m
Test Backend	Run backend tests	2026-01-14T21:59:35.6990530Z }
Test Backend	Run backend tests	2026-01-14T21:59:35.6990694Z 
Test Backend	Run backend tests	2026-01-14T21:59:35.6993335Z [90mstderr[2m | src/services/sql-injection.test.ts[2m > [22m[2mSQL Injection Security Tests[2m > [22m[2mSearch Service - SQL Injection Protection[2m > [22m[2msearch() with classic SQL injection payloads[2m > [22m[2mshould safely handle payload: 1; SELECT CASE WHEN (1=1) THEN 1 ELSE 0 ...
Test Backend	Run backend tests	2026-01-14T21:59:35.6995811Z [22m[39mDepartment search error: SqliteError: fts5: syntax error near ";"
Test Backend	Run backend tests	2026-01-14T21:59:35.6997251Z     at searchDepartments [90m(/home/runner/work/OrgTree/OrgTree/server/[39msrc/services/search.service.ts:145:33[90m)[39m
Test Backend	Run backend tests	2026-01-14T21:59:35.6998935Z     at Module.search [90m(/home/runner/work/OrgTree/OrgTree/server/[39msrc/services/search.service.ts:288:27[90m)[39m
Test Backend	Run backend tests	2026-01-14T21:59:35.7000677Z     at [90m/home/runner/work/OrgTree/OrgTree/server/[39msrc/services/sql-injection.test.ts:253:26
Test Backend	Run backend tests	2026-01-14T21:59:35.7002701Z     at [90mfile:///home/runner/work/OrgTree/OrgTree/server/[39mnode_modules/[4m@vitest/runner[24m/dist/index.js:145:11
Test Backend	Run backend tests	2026-01-14T21:59:35.7004420Z     at [90mfile:///home/runner/work/OrgTree/OrgTree/server/[39mnode_modules/[4m@vitest/runner[24m/dist/index.js:915:26
Test Backend	Run backend tests	2026-01-14T21:59:35.7006145Z     at [90mfile:///home/runner/work/OrgTree/OrgTree/server/[39mnode_modules/[4m@vitest/runner[24m/dist/index.js:1243:20
Test Backend	Run backend tests	2026-01-14T21:59:35.7007154Z     at new Promise (<anonymous>)
Test Backend	Run backend tests	2026-01-14T21:59:35.7008581Z     at runWithTimeout [90m(file:///home/runner/work/OrgTree/OrgTree/server/[39mnode_modules/[4m@vitest/runner[24m/dist/index.js:1209:10[90m)[39m
Test Backend	Run backend tests	2026-01-14T21:59:35.7010705Z     at [90mfile:///home/runner/work/OrgTree/OrgTree/server/[39mnode_modules/[4m@vitest/runner[24m/dist/index.js:1653:37
Test Backend	Run backend tests	2026-01-14T21:59:35.7012760Z     at Traces.$ [90m(file:///home/runner/work/OrgTree/OrgTree/server/[39mnode_modules/[4mvitest[24m/dist/chunks/traces.U4xDYhzZ.js:115:27[90m)[39m {
Test Backend	Run backend tests	2026-01-14T21:59:35.7014113Z   code: [32m'SQLITE_ERROR'[39m
Test Backend	Run backend tests	2026-01-14T21:59:35.7014551Z }
Test Backend	Run backend tests	2026-01-14T21:59:35.7015154Z People search error: SqliteError: fts5: syntax error near ";"
Test Backend	Run backend tests	2026-01-14T21:59:35.7016646Z     at searchPeople [90m(/home/runner/work/OrgTree/OrgTree/server/[39msrc/services/search.service.ts:210:33[90m)[39m
Test Backend	Run backend tests	2026-01-14T21:59:35.7018517Z     at Module.search [90m(/home/runner/work/OrgTree/OrgTree/server/[39msrc/services/search.service.ts:301:29[90m)[39m
Test Backend	Run backend tests	2026-01-14T21:59:35.7069704Z     at [90m/home/runner/work/OrgTree/OrgTree/server/[39msrc/services/sql-injection.test.ts:253:26
Test Backend	Run backend tests	2026-01-14T21:59:35.7071400Z     at [90mfile:///home/runner/work/OrgTree/OrgTree/server/[39mnode_modules/[4m@vitest/runner[24m/dist/index.js:145:11
Test Backend	Run backend tests	2026-01-14T21:59:35.7073206Z     at [90mfile:///home/runner/work/OrgTree/OrgTree/server/[39mnode_modules/[4m@vitest/runner[24m/dist/index.js:915:26
Test Backend	Run backend tests	2026-01-14T21:59:35.7075094Z     at [90mfile:///home/runner/work/OrgTree/OrgTree/server/[39mnode_modules/[4m@vitest/runner[24m/dist/index.js:1243:20
Test Backend	Run backend tests	2026-01-14T21:59:35.7076615Z     at new Promise (<anonymous>)
Test Backend	Run backend tests	2026-01-14T21:59:35.7078185Z     at runWithTimeout [90m(file:///home/runner/work/OrgTree/OrgTree/server/[39mnode_modules/[4m@vitest/runner[24m/dist/index.js:1209:10[90m)[39m
Test Backend	Run backend tests	2026-01-14T21:59:35.7080262Z     at [90mfile:///home/runner/work/OrgTree/OrgTree/server/[39mnode_modules/[4m@vitest/runner[24m/dist/index.js:1653:37
Test Backend	Run backend tests	2026-01-14T21:59:35.7082205Z     at Traces.$ [90m(file:///home/runner/work/OrgTree/OrgTree/server/[39mnode_modules/[4mvitest[24m/dist/chunks/traces.U4xDYhzZ.js:115:27[90m)[39m {
Test Backend	Run backend tests	2026-01-14T21:59:35.7083504Z   code: [32m'SQLITE_ERROR'[39m
Test Backend	Run backend tests	2026-01-14T21:59:35.7083919Z }
Test Backend	Run backend tests	2026-01-14T21:59:35.7084106Z 
Test Backend	Run backend tests	2026-01-14T21:59:35.7086767Z [90mstderr[2m | src/services/sql-injection.test.ts[2m > [22m[2mSQL Injection Security Tests[2m > [22m[2mSearch Service - SQL Injection Protection[2m > [22m[2msearch() with classic SQL injection payloads[2m > [22m[2mshould safely handle payload: ' AND (SELECT 1 FROM(SELECT COUNT(*),CON...
Test Backend	Run backend tests	2026-01-14T21:59:35.7089798Z [22m[39mDepartment search error: SqliteError: fts5: syntax error near "AND"
Test Backend	Run backend tests	2026-01-14T21:59:35.7091366Z     at searchDepartments [90m(/home/runner/work/OrgTree/OrgTree/server/[39msrc/services/search.service.ts:145:33[90m)[39m
Test Backend	Run backend tests	2026-01-14T21:59:35.7093184Z     at Module.search [90m(/home/runner/work/OrgTree/OrgTree/server/[39msrc/services/search.service.ts:288:27[90m)[39m
Test Backend	Run backend tests	2026-01-14T21:59:35.7094706Z     at [90m/home/runner/work/OrgTree/OrgTree/server/[39msrc/services/sql-injection.test.ts:253:26
Test Backend	Run backend tests	2026-01-14T21:59:35.7096356Z     at [90mfile:///home/runner/work/OrgTree/OrgTree/server/[39mnode_modules/[4m@vitest/runner[24m/dist/index.js:145:11
Test Backend	Run backend tests	2026-01-14T21:59:35.7098042Z     at [90mfile:///home/runner/work/OrgTree/OrgTree/server/[39mnode_modules/[4m@vitest/runner[24m/dist/index.js:915:26
Test Backend	Run backend tests	2026-01-14T21:59:35.7099795Z     at [90mfile:///home/runner/work/OrgTree/OrgTree/server/[39mnode_modules/[4m@vitest/runner[24m/dist/index.js:1243:20
Test Backend	Run backend tests	2026-01-14T21:59:35.7100958Z     at new Promise (<anonymous>)
Test Backend	Run backend tests	2026-01-14T21:59:35.7102297Z     at runWithTimeout [90m(file:///home/runner/work/OrgTree/OrgTree/server/[39mnode_modules/[4m@vitest/runner[24m/dist/index.js:1209:10[90m)[39m
Test Backend	Run backend tests	2026-01-14T21:59:35.7104003Z     at [90mfile:///home/runner/work/OrgTree/OrgTree/server/[39mnode_modules/[4m@vitest/runner[24m/dist/index.js:1653:37
Test Backend	Run backend tests	2026-01-14T21:59:35.7105888Z     at Traces.$ [90m(file:///home/runner/work/OrgTree/OrgTree/server/[39mnode_modules/[4mvitest[24m/dist/chunks/traces.U4xDYhzZ.js:115:27[90m)[39m {
Test Backend	Run backend tests	2026-01-14T21:59:35.7107201Z   code: [32m'SQLITE_ERROR'[39m
Test Backend	Run backend tests	2026-01-14T21:59:35.7107654Z }
Test Backend	Run backend tests	2026-01-14T21:59:35.7108266Z People search error: SqliteError: fts5: syntax error near "AND"
Test Backend	Run backend tests	2026-01-14T21:59:35.7109960Z     at searchPeople [90m(/home/runner/work/OrgTree/OrgTree/server/[39msrc/services/search.service.ts:210:33[90m)[39m
Test Backend	Run backend tests	2026-01-14T21:59:35.7111776Z     at Module.search [90m(/home/runner/work/OrgTree/OrgTree/server/[39msrc/services/search.service.ts:301:29[90m)[39m
Test Backend	Run backend tests	2026-01-14T21:59:35.7113479Z     at [90m/home/runner/work/OrgTree/OrgTree/server/[39msrc/services/sql-injection.test.ts:253:26
Test Backend	Run backend tests	2026-01-14T21:59:35.7115188Z     at [90mfile:///home/runner/work/OrgTree/OrgTree/server/[39mnode_modules/[4m@vitest/runner[24m/dist/index.js:145:11
Test Backend	Run backend tests	2026-01-14T21:59:35.7117043Z     at [90mfile:///home/runner/work/OrgTree/OrgTree/server/[39mnode_modules/[4m@vitest/runner[24m/dist/index.js:915:26
Test Backend	Run backend tests	2026-01-14T21:59:35.7118911Z     at [90mfile:///home/runner/work/OrgTree/OrgTree/server/[39mnode_modules/[4m@vitest/runner[24m/dist/index.js:1243:20
Test Backend	Run backend tests	2026-01-14T21:59:35.7120190Z     at new Promise (<anonymous>)
Test Backend	Run backend tests	2026-01-14T21:59:35.7121638Z     at runWithTimeout [90m(file:///home/runner/work/OrgTree/OrgTree/server/[39mnode_modules/[4m@vitest/runner[24m/dist/index.js:1209:10[90m)[39m
Test Backend	Run backend tests	2026-01-14T21:59:35.7123647Z     at [90mfile:///home/runner/work/OrgTree/OrgTree/server/[39mnode_modules/[4m@vitest/runner[24m/dist/index.js:1653:37
Test Backend	Run backend tests	2026-01-14T21:59:35.7126043Z     at Traces.$ [90m(file:///home/runner/work/OrgTree/OrgTree/server/[39mnode_modules/[4mvitest[24m/dist/chunks/traces.U4xDYhzZ.js:115:27[90m)[39m {
Test Backend	Run backend tests	2026-01-14T21:59:35.7127425Z   code: [32m'SQLITE_ERROR'[39m
Test Backend	Run backend tests	2026-01-14T21:59:35.7127873Z }
Test Backend	Run backend tests	2026-01-14T21:59:35.7128036Z 
Test Backend	Run backend tests	2026-01-14T21:59:35.7130954Z [90mstderr[2m | src/services/sql-injection.test.ts[2m > [22m[2mSQL Injection Security Tests[2m > [22m[2mSearch Service - SQL Injection Protection[2m > [22m[2msearch() with classic SQL injection payloads[2m > [22m[2mshould safely handle payload: EXTRACTVALUE(1,CONCAT(0x7e,(SELECT versi...
Test Backend	Run backend tests	2026-01-14T21:59:35.7133592Z [22m[39mDepartment search error: SqliteError: fts5: syntax error near ","
Test Backend	Run backend tests	2026-01-14T21:59:35.7135108Z     at searchDepartments [90m(/home/runner/work/OrgTree/OrgTree/server/[39msrc/services/search.service.ts:145:33[90m)[39m
Test Backend	Run backend tests	2026-01-14T21:59:35.7136722Z     at Module.search [90m(/home/runner/work/OrgTree/OrgTree/server/[39msrc/services/search.service.ts:288:27[90m)[39m
Test Backend	Run backend tests	2026-01-14T21:59:35.7138380Z     at [90m/home/runner/work/OrgTree/OrgTree/server/[39msrc/services/sql-injection.test.ts:253:26
Test Backend	Run backend tests	2026-01-14T21:59:35.7140324Z     at [90mfile:///home/runner/work/OrgTree/OrgTree/server/[39mnode_modules/[4m@vitest/runner[24m/dist/index.js:145:11
Test Backend	Run backend tests	2026-01-14T21:59:35.7142142Z     at [90mfile:///home/runner/work/OrgTree/OrgTree/server/[39mnode_modules/[4m@vitest/runner[24m/dist/index.js:915:26
Test Backend	Run backend tests	2026-01-14T21:59:35.7143964Z     at [90mfile:///home/runner/work/OrgTree/OrgTree/server/[39mnode_modules/[4m@vitest/runner[24m/dist/index.js:1243:20
Test Backend	Run backend tests	2026-01-14T21:59:35.7145078Z     at new Promise (<anonymous>)
Test Backend	Run backend tests	2026-01-14T21:59:35.7146648Z     at runWithTimeout [90m(file:///home/runner/work/OrgTree/OrgTree/server/[39mnode_modules/[4m@vitest/runner[24m/dist/index.js:1209:10[90m)[39m
Test Backend	Run backend tests	2026-01-14T21:59:35.7148628Z     at [90mfile:///home/runner/work/OrgTree/OrgTree/server/[39mnode_modules/[4m@vitest/runner[24m/dist/index.js:1653:37
Test Backend	Run backend tests	2026-01-14T21:59:35.7151285Z     at Traces.$ [90m(file:///home/runner/work/OrgTree/OrgTree/server/[39mnode_modules/[4mvitest[24m/dist/chunks/traces.U4xDYhzZ.js:115:27[90m)[39m {
Test Backend	Run backend tests	2026-01-14T21:59:35.7152674Z   code: [32m'SQLITE_ERROR'[39m
Test Backend	Run backend tests	2026-01-14T21:59:35.7153125Z }
Test Backend	Run backend tests	2026-01-14T21:59:35.7153691Z People search error: SqliteError: fts5: syntax error near ","
Test Backend	Run backend tests	2026-01-14T21:59:35.7155177Z     at searchPeople [90m(/home/runner/work/OrgTree/OrgTree/server/[39msrc/services/search.service.ts:210:33[90m)[39m
Test Backend	Run backend tests	2026-01-14T21:59:35.7157022Z     at Module.search [90m(/home/runner/work/OrgTree/OrgTree/server/[39msrc/services/search.service.ts:301:29[90m)[39m
Test Backend	Run backend tests	2026-01-14T21:59:35.7158661Z     at [90m/home/runner/work/OrgTree/OrgTree/server/[39msrc/services/sql-injection.test.ts:253:26
Test Backend	Run backend tests	2026-01-14T21:59:35.7160639Z     at [90mfile:///home/runner/work/OrgTree/OrgTree/server/[39mnode_modules/[4m@vitest/runner[24m/dist/index.js:145:11
Test Backend	Run backend tests	2026-01-14T21:59:35.7162547Z     at [90mfile:///home/runner/work/OrgTree/OrgTree/server/[39mnode_modules/[4m@vitest/runner[24m/dist/index.js:915:26
Test Backend	Run backend tests	2026-01-14T21:59:35.7164431Z     at [90mfile:///home/runner/work/OrgTree/OrgTree/server/[39mnode_modules/[4m@vitest/runner[24m/dist/index.js:1243:20
Test Backend	Run backend tests	2026-01-14T21:59:35.7165543Z     at new Promise (<anonymous>)
Test Backend	Run backend tests	2026-01-14T21:59:35.7167103Z     at runWithTimeout [90m(file:///home/runner/work/OrgTree/OrgTree/server/[39mnode_modules/[4m@vitest/runner[24m/dist/index.js:1209:10[90m)[39m
Test Backend	Run backend tests	2026-01-14T21:59:35.7169358Z     at [90mfile:///home/runner/work/OrgTree/OrgTree/server/[39mnode_modules/[4m@vitest/runner[24m/dist/index.js:1653:37
Test Backend	Run backend tests	2026-01-14T21:59:35.7171463Z     at Traces.$ [90m(file:///home/runner/work/OrgTree/OrgTree/server/[39mnode_modules/[4mvitest[24m/dist/chunks/traces.U4xDYhzZ.js:115:27[90m)[39m {
Test Backend	Run backend tests	2026-01-14T21:59:35.7172894Z   code: [32m'SQLITE_ERROR'[39m
Test Backend	Run backend tests	2026-01-14T21:59:35.7173374Z }
Test Backend	Run backend tests	2026-01-14T21:59:35.7173561Z 
Test Backend	Run backend tests	2026-01-14T21:59:35.7176013Z [90mstderr[2m | src/services/sql-injection.test.ts[2m > [22m[2mSQL Injection Security Tests[2m > [22m[2mSearch Service - SQL Injection Protection[2m > [22m[2msearch() with classic SQL injection payloads[2m > [22m[2mshould safely handle payload: admin'--...
Test Backend	Run backend tests	2026-01-14T21:59:35.7178824Z [22m[39mDepartment search error: SqliteError: fts5: syntax error near "-"
Test Backend	Run backend tests	2026-01-14T21:59:35.7180559Z     at searchDepartments [90m(/home/runner/work/OrgTree/OrgTree/server/[39msrc/services/search.service.ts:145:33[90m)[39m
Test Backend	Run backend tests	2026-01-14T21:59:35.7182354Z     at Module.search [90m(/home/runner/work/OrgTree/OrgTree/server/[39msrc/services/search.service.ts:288:27[90m)[39m
Test Backend	Run backend tests	2026-01-14T21:59:35.7184085Z     at [90m/home/runner/work/OrgTree/OrgTree/server/[39msrc/services/sql-injection.test.ts:253:26
Test Backend	Run backend tests	2026-01-14T21:59:35.7185809Z     at [90mfile:///home/runner/work/OrgTree/OrgTree/server/[39mnode_modules/[4m@vitest/runner[24m/dist/index.js:145:11
Test Backend	Run backend tests	2026-01-14T21:59:35.7187764Z     at [90mfile:///home/runner/work/OrgTree/OrgTree/server/[39mnode_modules/[4m@vitest/runner[24m/dist/index.js:915:26
Test Backend	Run backend tests	2026-01-14T21:59:35.7189824Z     at [90mfile:///home/runner/work/OrgTree/OrgTree/server/[39mnode_modules/[4m@vitest/runner[24m/dist/index.js:1243:20
Test Backend	Run backend tests	2026-01-14T21:59:35.7190928Z     at new Promise (<anonymous>)
Test Backend	Run backend tests	2026-01-14T21:59:35.7192502Z     at runWithTimeout [90m(file:///home/runner/work/OrgTree/OrgTree/server/[39mnode_modules/[4m@vitest/runner[24m/dist/index.js:1209:10[90m)[39m
Test Backend	Run backend tests	2026-01-14T21:59:35.7194539Z     at [90mfile:///home/runner/work/OrgTree/OrgTree/server/[39mnode_modules/[4m@vitest/runner[24m/dist/index.js:1653:37
Test Backend	Run backend tests	2026-01-14T21:59:35.7196684Z     at Traces.$ [90m(file:///home/runner/work/OrgTree/OrgTree/server/[39mnode_modules/[4mvitest[24m/dist/chunks/traces.U4xDYhzZ.js:115:27[90m)[39m {
Test Backend	Run backend tests	2026-01-14T21:59:35.7198080Z   code: [32m'SQLITE_ERROR'[39m
Test Backend	Run backend tests	2026-01-14T21:59:35.7198544Z }
Test Backend	Run backend tests	2026-01-14T21:59:35.7199359Z People search error: SqliteError: fts5: syntax error near "-"
Test Backend	Run backend tests	2026-01-14T21:59:35.7201169Z     at searchPeople [90m(/home/runner/work/OrgTree/OrgTree/server/[39msrc/services/search.service.ts:210:33[90m)[39m
Test Backend	Run backend tests	2026-01-14T21:59:35.7203038Z     at Module.search [90m(/home/runner/work/OrgTree/OrgTree/server/[39msrc/services/search.service.ts:301:29[90m)[39m
Test Backend	Run backend tests	2026-01-14T21:59:35.7204716Z     at [90m/home/runner/work/OrgTree/OrgTree/server/[39msrc/services/sql-injection.test.ts:253:26
Test Backend	Run backend tests	2026-01-14T21:59:35.7206541Z     at [90mfile:///home/runner/work/OrgTree/OrgTree/server/[39mnode_modules/[4m@vitest/runner[24m/dist/index.js:145:11
Test Backend	Run backend tests	2026-01-14T21:59:35.7208370Z     at [90mfile:///home/runner/work/OrgTree/OrgTree/server/[39mnode_modules/[4m@vitest/runner[24m/dist/index.js:915:26
Test Backend	Run backend tests	2026-01-14T21:59:35.7210495Z     at [90mfile:///home/runner/work/OrgTree/OrgTree/server/[39mnode_modules/[4m@vitest/runner[24m/dist/index.js:1243:20
Test Backend	Run backend tests	2026-01-14T21:59:35.7211590Z     at new Promise (<anonymous>)
Test Backend	Run backend tests	2026-01-14T21:59:35.7213098Z     at runWithTimeout [90m(file:///home/runner/work/OrgTree/OrgTree/server/[39mnode_modules/[4m@vitest/runner[24m/dist/index.js:1209:10[90m)[39m
Test Backend	Run backend tests	2026-01-14T21:59:35.7215232Z     at [90mfile:///home/runner/work/OrgTree/OrgTree/server/[39mnode_modules/[4m@vitest/runner[24m/dist/index.js:1653:37
Test Backend	Run backend tests	2026-01-14T21:59:35.7217382Z     at Traces.$ [90m(file:///home/runner/work/OrgTree/OrgTree/server/[39mnode_modules/[4mvitest[24m/dist/chunks/traces.U4xDYhzZ.js:115:27[90m)[39m {
Test Backend	Run backend tests	2026-01-14T21:59:35.7218765Z   code: [32m'SQLITE_ERROR'[39m
Test Backend	Run backend tests	2026-01-14T21:59:35.7219459Z }
Test Backend	Run backend tests	2026-01-14T21:59:35.7219646Z 
Test Backend	Run backend tests	2026-01-14T21:59:35.7222986Z [90mstderr[2m | src/services/sql-injection.test.ts[2m > [22m[2mSQL Injection Security Tests[2m > [22m[2mSearch Service - SQL Injection Protection[2m > [22m[2msearch() with classic SQL injection payloads[2m > [22m[2mshould safely handle payload: admin' #...
Test Backend	Run backend tests	2026-01-14T21:59:35.7226094Z [22m[39mDepartment search error: SqliteError: fts5: syntax error near "#"
Test Backend	Run backend tests	2026-01-14T21:59:35.7227743Z     at searchDepartments [90m(/home/runner/work/OrgTree/OrgTree/server/[39msrc/services/search.service.ts:145:33[90m)[39m
Test Backend	Run backend tests	2026-01-14T21:59:35.7230205Z     at Module.search [90m(/home/runner/work/OrgTree/OrgTree/server/[39msrc/services/search.service.ts:288:27[90m)[39m
Test Backend	Run backend tests	2026-01-14T21:59:35.7231891Z     at [90m/home/runner/work/OrgTree/OrgTree/server/[39msrc/services/sql-injection.test.ts:253:26
Test Backend	Run backend tests	2026-01-14T21:59:35.7233634Z     at [90mfile:///home/runner/work/OrgTree/OrgTree/server/[39mnode_modules/[4m@vitest/runner[24m/dist/index.js:145:11
Test Backend	Run backend tests	2026-01-14T21:59:35.7235529Z     at [90mfile:///home/runner/work/OrgTree/OrgTree/server/[39mnode_modules/[4m@vitest/runner[24m/dist/index.js:915:26
Test Backend	Run backend tests	2026-01-14T21:59:35.7237390Z     at [90mfile:///home/runner/work/OrgTree/OrgTree/server/[39mnode_modules/[4m@vitest/runner[24m/dist/index.js:1243:20
Test Backend	Run backend tests	2026-01-14T21:59:35.7238502Z     at new Promise (<anonymous>)
Test Backend	Run backend tests	2026-01-14T21:59:35.7240275Z     at runWithTimeout [90m(file:///home/runner/work/OrgTree/OrgTree/server/[39mnode_modules/[4m@vitest/runner[24m/dist/index.js:1209:10[90m)[39m
Test Backend	Run backend tests	2026-01-14T21:59:35.7242372Z     at [90mfile:///home/runner/work/OrgTree/OrgTree/server/[39mnode_modules/[4m@vitest/runner[24m/dist/index.js:1653:37
Test Backend	Run backend tests	2026-01-14T21:59:35.7244484Z     at Traces.$ [90m(file:///home/runner/work/OrgTree/OrgTree/server/[39mnode_modules/[4mvitest[24m/dist/chunks/traces.U4xDYhzZ.js:115:27[90m)[39m {
Test Backend	Run backend tests	2026-01-14T21:59:35.7245822Z   code: [32m'SQLITE_ERROR'[39m
Test Backend	Run backend tests	2026-01-14T21:59:35.7246282Z }
Test Backend	Run backend tests	2026-01-14T21:59:35.7246890Z People search error: SqliteError: fts5: syntax error near "#"
Test Backend	Run backend tests	2026-01-14T21:59:35.7248428Z     at searchPeople [90m(/home/runner/work/OrgTree/OrgTree/server/[39msrc/services/search.service.ts:210:33[90m)[39m
Test Backend	Run backend tests	2026-01-14T21:59:35.7250554Z     at Module.search [90m(/home/runner/work/OrgTree/OrgTree/server/[39msrc/services/search.service.ts:301:29[90m)[39m
Test Backend	Run backend tests	2026-01-14T21:59:35.7252242Z     at [90m/home/runner/work/OrgTree/OrgTree/server/[39msrc/services/sql-injection.test.ts:253:26
Test Backend	Run backend tests	2026-01-14T21:59:35.7254309Z     at [90mfile:///home/runner/work/OrgTree/OrgTree/server/[39mnode_modules/[4m@vitest/runner[24m/dist/index.js:145:11
Test Backend	Run backend tests	2026-01-14T21:59:35.7256203Z     at [90mfile:///home/runner/work/OrgTree/OrgTree/server/[39mnode_modules/[4m@vitest/runner[24m/dist/index.js:915:26
Test Backend	Run backend tests	2026-01-14T21:59:35.7258070Z     at [90mfile:///home/runner/work/OrgTree/OrgTree/server/[39mnode_modules/[4m@vitest/runner[24m/dist/index.js:1243:20
Test Backend	Run backend tests	2026-01-14T21:59:35.7259425Z     at new Promise (<anonymous>)
Test Backend	Run backend tests	2026-01-14T21:59:35.7261014Z     at runWithTimeout [90m(file:///home/runner/work/OrgTree/OrgTree/server/[39mnode_modules/[4m@vitest/runner[24m/dist/index.js:1209:10[90m)[39m
Test Backend	Run backend tests	2026-01-14T21:59:35.7263057Z     at [90mfile:///home/runner/work/OrgTree/OrgTree/server/[39mnode_modules/[4m@vitest/runner[24m/dist/index.js:1653:37
Test Backend	Run backend tests	2026-01-14T21:59:35.7265209Z     at Traces.$ [90m(file:///home/runner/work/OrgTree/OrgTree/server/[39mnode_modules/[4mvitest[24m/dist/chunks/traces.U4xDYhzZ.js:115:27[90m)[39m {
Test Backend	Run backend tests	2026-01-14T21:59:35.7266657Z   code: [32m'SQLITE_ERROR'[39m
Test Backend	Run backend tests	2026-01-14T21:59:35.7267146Z }
Test Backend	Run backend tests	2026-01-14T21:59:35.7267320Z 
Test Backend	Run backend tests	2026-01-14T21:59:35.7270001Z [90mstderr[2m | src/services/sql-injection.test.ts[2m > [22m[2mSQL Injection Security Tests[2m > [22m[2mSearch Service - SQL Injection Protection[2m > [22m[2msearch() with classic SQL injection payloads[2m > [22m[2mshould safely handle payload: admin'/*...
Test Backend	Run backend tests	2026-01-14T21:59:35.7272513Z [22m[39mDepartment search error: SqliteError: fts5: syntax error near "/"
Test Backend	Run backend tests	2026-01-14T21:59:35.7274171Z     at searchDepartments [90m(/home/runner/work/OrgTree/OrgTree/server/[39msrc/services/search.service.ts:145:33[90m)[39m
Test Backend	Run backend tests	2026-01-14T21:59:35.7276062Z     at Module.search [90m(/home/runner/work/OrgTree/OrgTree/server/[39msrc/services/search.service.ts:288:27[90m)[39m
Test Backend	Run backend tests	2026-01-14T21:59:35.7277767Z     at [90m/home/runner/work/OrgTree/OrgTree/server/[39msrc/services/sql-injection.test.ts:253:26
Test Backend	Run backend tests	2026-01-14T21:59:35.7279690Z     at [90mfile:///home/runner/work/OrgTree/OrgTree/server/[39mnode_modules/[4m@vitest/runner[24m/dist/index.js:145:11
Test Backend	Run backend tests	2026-01-14T21:59:35.7281765Z     at [90mfile:///home/runner/work/OrgTree/OrgTree/server/[39mnode_modules/[4m@vitest/runner[24m/dist/index.js:915:26
Test Backend	Run backend tests	2026-01-14T21:59:35.7283496Z     at [90mfile:///home/runner/work/OrgTree/OrgTree/server/[39mnode_modules/[4m@vitest/runner[24m/dist/index.js:1243:20
Test Backend	Run backend tests	2026-01-14T21:59:35.7284472Z     at new Promise (<anonymous>)
Test Backend	Run backend tests	2026-01-14T21:59:35.7285998Z     at runWithTimeout [90m(file:///home/runner/work/OrgTree/OrgTree/server/[39mnode_modules/[4m@vitest/runner[24m/dist/index.js:1209:10[90m)[39m
Test Backend	Run backend tests	2026-01-14T21:59:35.7288152Z     at [90mfile:///home/runner/work/OrgTree/OrgTree/server/[39mnode_modules/[4m@vitest/runner[24m/dist/index.js:1653:37
Test Backend	Run backend tests	2026-01-14T21:59:35.7290509Z     at Traces.$ [90m(file:///home/runner/work/OrgTree/OrgTree/server/[39mnode_modules/[4mvitest[24m/dist/chunks/traces.U4xDYhzZ.js:115:27[90m)[39m {
Test Backend	Run backend tests	2026-01-14T21:59:35.7291894Z   code: [32m'SQLITE_ERROR'[39m
Test Backend	Run backend tests	2026-01-14T21:59:35.7292359Z }
Test Backend	Run backend tests	2026-01-14T21:59:35.7292979Z People search error: SqliteError: fts5: syntax error near "/"
Test Backend	Run backend tests	2026-01-14T21:59:35.7294527Z     at searchPeople [90m(/home/runner/work/OrgTree/OrgTree/server/[39msrc/services/search.service.ts:210:33[90m)[39m
Test Backend	Run backend tests	2026-01-14T21:59:35.7296403Z     at Module.search [90m(/home/runner/work/OrgTree/OrgTree/server/[39msrc/services/search.service.ts:301:29[90m)[39m
Test Backend	Run backend tests	2026-01-14T21:59:35.7298107Z     at [90m/home/runner/work/OrgTree/OrgTree/server/[39msrc/services/sql-injection.test.ts:253:26
Test Backend	Run backend tests	2026-01-14T21:59:35.7300069Z     at [90mfile:///home/runner/work/OrgTree/OrgTree/server/[39mnode_modules/[4m@vitest/runner[24m/dist/index.js:145:11
Test Backend	Run backend tests	2026-01-14T21:59:35.7301980Z     at [90mfile:///home/runner/work/OrgTree/OrgTree/server/[39mnode_modules/[4m@vitest/runner[24m/dist/index.js:915:26
Test Backend	Run backend tests	2026-01-14T21:59:35.7303917Z     at [90mfile:///home/runner/work/OrgTree/OrgTree/server/[39mnode_modules/[4m@vitest/runner[24m/dist/index.js:1243:20
Test Backend	Run backend tests	2026-01-14T21:59:35.7305376Z     at new Promise (<anonymous>)
Test Backend	Run backend tests	2026-01-14T21:59:35.7306967Z     at runWithTimeout [90m(file:///home/runner/work/OrgTree/OrgTree/server/[39mnode_modules/[4m@vitest/runner[24m/dist/index.js:1209:10[90m)[39m
Test Backend	Run backend tests	2026-01-14T21:59:35.7309272Z     at [90mfile:///home/runner/work/OrgTree/OrgTree/server/[39mnode_modules/[4m@vitest/runner[24m/dist/index.js:1653:37
Test Backend	Run backend tests	2026-01-14T21:59:35.7311455Z     at Traces.$ [90m(file:///home/runner/work/OrgTree/OrgTree/server/[39mnode_modules/[4mvitest[24m/dist/chunks/traces.U4xDYhzZ.js:115:27[90m)[39m {
Test Backend	Run backend tests	2026-01-14T21:59:35.7312847Z   code: [32m'SQLITE_ERROR'[39m
Test Backend	Run backend tests	2026-01-14T21:59:35.7313293Z }
Test Backend	Run backend tests	2026-01-14T21:59:35.7313478Z 
Test Backend	Run backend tests	2026-01-14T21:59:35.7315993Z [90mstderr[2m | src/services/sql-injection.test.ts[2m > [22m[2mSQL Injection Security Tests[2m > [22m[2mSearch Service - SQL Injection Protection[2m > [22m[2msearch() with classic SQL injection payloads[2m > [22m[2mshould safely handle payload: test%00' OR '1'='1...
Test Backend	Run backend tests	2026-01-14T21:59:35.7318563Z [22m[39mDepartment search error: SqliteError: fts5: syntax error near "%"
Test Backend	Run backend tests	2026-01-14T21:59:35.7320438Z     at searchDepartments [90m(/home/runner/work/OrgTree/OrgTree/server/[39msrc/services/search.service.ts:145:33[90m)[39m
Test Backend	Run backend tests	2026-01-14T21:59:35.7322359Z     at Module.search [90m(/home/runner/work/OrgTree/OrgTree/server/[39msrc/services/search.service.ts:288:27[90m)[39m
Test Backend	Run backend tests	2026-01-14T21:59:35.7324073Z     at [90m/home/runner/work/OrgTree/OrgTree/server/[39msrc/services/sql-injection.test.ts:253:26
Test Backend	Run backend tests	2026-01-14T21:59:35.7325843Z     at [90mfile:///home/runner/work/OrgTree/OrgTree/server/[39mnode_modules/[4m@vitest/runner[24m/dist/index.js:145:11
Test Backend	Run backend tests	2026-01-14T21:59:35.7327690Z     at [90mfile:///home/runner/work/OrgTree/OrgTree/server/[39mnode_modules/[4m@vitest/runner[24m/dist/index.js:915:26
Test Backend	Run backend tests	2026-01-14T21:59:35.7329776Z     at [90mfile:///home/runner/work/OrgTree/OrgTree/server/[39mnode_modules/[4m@vitest/runner[24m/dist/index.js:1243:20
Test Backend	Run backend tests	2026-01-14T21:59:35.7330898Z     at new Promise (<anonymous>)
Test Backend	Run backend tests	2026-01-14T21:59:35.7332767Z     at runWithTimeout [90m(file:///home/runner/work/OrgTree/OrgTree/server/[39mnode_modules/[4m@vitest/runner[24m/dist/index.js:1209:10[90m)[39m
Test Backend	Run backend tests	2026-01-14T21:59:35.7334835Z     at [90mfile:///home/runner/work/OrgTree/OrgTree/server/[39mnode_modules/[4m@vitest/runner[24m/dist/index.js:1653:37
Test Backend	Run backend tests	2026-01-14T21:59:35.7336970Z     at Traces.$ [90m(file:///home/runner/work/OrgTree/OrgTree/server/[39mnode_modules/[4mvitest[24m/dist/chunks/traces.U4xDYhzZ.js:115:27[90m)[39m {
Test Backend	Run backend tests	2026-01-14T21:59:35.7338375Z   code: [32m'SQLITE_ERROR'[39m
Test Backend	Run backend tests	2026-01-14T21:59:35.7338838Z }
Test Backend	Run backend tests	2026-01-14T21:59:35.7339688Z People search error: SqliteError: fts5: syntax error near "%"
Test Backend	Run backend tests	2026-01-14T21:59:35.7341185Z     at searchPeople [90m(/home/runner/work/OrgTree/OrgTree/server/[39msrc/services/search.service.ts:210:33[90m)[39m
Test Backend	Run backend tests	2026-01-14T21:59:35.7343023Z     at Module.search [90m(/home/runner/work/OrgTree/OrgTree/server/[39msrc/services/search.service.ts:301:29[90m)[39m
Test Backend	Run backend tests	2026-01-14T21:59:35.7344720Z     at [90m/home/runner/work/OrgTree/OrgTree/server/[39msrc/services/sql-injection.test.ts:253:26
Test Backend	Run backend tests	2026-01-14T21:59:35.7346516Z     at [90mfile:///home/runner/work/OrgTree/OrgTree/server/[39mnode_modules/[4m@vitest/runner[24m/dist/index.js:145:11
Test Backend	Run backend tests	2026-01-14T21:59:35.7348410Z     at [90mfile:///home/runner/work/OrgTree/OrgTree/server/[39mnode_modules/[4m@vitest/runner[24m/dist/index.js:915:26
Test Backend	Run backend tests	2026-01-14T21:59:35.7350511Z     at [90mfile:///home/runner/work/OrgTree/OrgTree/server/[39mnode_modules/[4m@vitest/runner[24m/dist/index.js:1243:20
Test Backend	Run backend tests	2026-01-14T21:59:35.7351605Z     at new Promise (<anonymous>)
Test Backend	Run backend tests	2026-01-14T21:59:35.7353164Z     at runWithTimeout [90m(file:///home/runner/work/OrgTree/OrgTree/server/[39mnode_modules/[4m@vitest/runner[24m/dist/index.js:1209:10[90m)[39m
Test Backend	Run backend tests	2026-01-14T21:59:35.7355227Z     at [90mfile:///home/runner/work/OrgTree/OrgTree/server/[39mnode_modules/[4m@vitest/runner[24m/dist/index.js:1653:37
Test Backend	Run backend tests	2026-01-14T21:59:35.7357391Z     at Traces.$ [90m(file:///home/runner/work/OrgTree/OrgTree/server/[39mnode_modules/[4mvitest[24m/dist/chunks/traces.U4xDYhzZ.js:115:27[90m)[39m {
Test Backend	Run backend tests	2026-01-14T21:59:35.7359308Z   code: [32m'SQLITE_ERROR'[39m
Test Backend	Run backend tests	2026-01-14T21:59:35.7359790Z }
Test Backend	Run backend tests	2026-01-14T21:59:35.7359964Z 
Test Backend	Run backend tests	2026-01-14T21:59:35.7362487Z [90mstderr[2m | src/services/sql-injection.test.ts[2m > [22m[2mSQL Injection Security Tests[2m > [22m[2mSearch Service - SQL Injection Protection[2m > [22m[2msearch() with classic SQL injection payloads[2m > [22m[2mshould safely handle payload: \u0027 OR 1=1 --...
Test Backend	Run backend tests	2026-01-14T21:59:35.7365025Z [22m[39mDepartment search error: SqliteError: fts5: syntax error near "="
Test Backend	Run backend tests	2026-01-14T21:59:35.7366655Z     at searchDepartments [90m(/home/runner/work/OrgTree/OrgTree/server/[39msrc/services/search.service.ts:145:33[90m)[39m
Test Backend	Run backend tests	2026-01-14T21:59:35.7368594Z     at Module.search [90m(/home/runner/work/OrgTree/OrgTree/server/[39msrc/services/search.service.ts:288:27[90m)[39m
Test Backend	Run backend tests	2026-01-14T21:59:35.7370545Z     at [90m/home/runner/work/OrgTree/OrgTree/server/[39msrc/services/sql-injection.test.ts:253:26
Test Backend	Run backend tests	2026-01-14T21:59:35.7372329Z     at [90mfile:///home/runner/work/OrgTree/OrgTree/server/[39mnode_modules/[4m@vitest/runner[24m/dist/index.js:145:11
Test Backend	Run backend tests	2026-01-14T21:59:35.7374199Z     at [90mfile:///home/runner/work/OrgTree/OrgTree/server/[39mnode_modules/[4m@vitest/runner[24m/dist/index.js:915:26
Test Backend	Run backend tests	2026-01-14T21:59:35.7376085Z     at [90mfile:///home/runner/work/OrgTree/OrgTree/server/[39mnode_modules/[4m@vitest/runner[24m/dist/index.js:1243:20
Test Backend	Run backend tests	2026-01-14T21:59:35.7378364Z     at new Promise (<anonymous>)
Test Backend	Run backend tests	2026-01-14T21:59:35.7380328Z     at runWithTimeout [90m(file:///home/runner/work/OrgTree/OrgTree/server/[39mnode_modules/[4m@vitest/runner[24m/dist/index.js:1209:10[90m)[39m
Test Backend	Run backend tests	2026-01-14T21:59:35.7382961Z     at [90mfile:///home/runner/work/OrgTree/OrgTree/server/[39mnode_modules/[4m@vitest/runner[24m/dist/index.js:1653:37
Test Backend	Run backend tests	2026-01-14T21:59:35.7385129Z     at Traces.$ [90m(file:///home/runner/work/OrgTree/OrgTree/server/[39mnode_modules/[4mvitest[24m/dist/chunks/traces.U4xDYhzZ.js:115:27[90m)[39m {
Test Backend	Run backend tests	2026-01-14T21:59:35.7386860Z   code: [32m'SQLITE_ERROR'[39m
Test Backend	Run backend tests	2026-01-14T21:59:35.7387402Z }
Test Backend	Run backend tests	2026-01-14T21:59:35.7388026Z People search error: SqliteError: fts5: syntax error near "="
Test Backend	Run backend tests	2026-01-14T21:59:35.7389717Z     at searchPeople [90m(/home/runner/work/OrgTree/OrgTree/server/[39msrc/services/search.service.ts:210:33[90m)[39m
Test Backend	Run backend tests	2026-01-14T21:59:35.7422787Z     at Module.search [90m(/home/runner/work/OrgTree/OrgTree/server/[39msrc/services/search.service.ts:301:29[90m)[39m
Test Backend	Run backend tests	2026-01-14T21:59:35.7424576Z     at [90m/home/runner/work/OrgTree/OrgTree/server/[39msrc/services/sql-injection.test.ts:253:26
Test Backend	Run backend tests	2026-01-14T21:59:35.7426332Z     at [90mfile:///home/runner/work/OrgTree/OrgTree/server/[39mnode_modules/[4m@vitest/runner[24m/dist/index.js:145:11
Test Backend	Run backend tests	2026-01-14T21:59:35.7428199Z     at [90mfile:///home/runner/work/OrgTree/OrgTree/server/[39mnode_modules/[4m@vitest/runner[24m/dist/index.js:915:26
Test Backend	Run backend tests	2026-01-14T21:59:35.7431351Z     at [90mfile:///home/runner/work/OrgTree/OrgTree/server/[39mnode_modules/[4m@vitest/runner[24m/dist/index.js:1243:20
Test Backend	Run backend tests	2026-01-14T21:59:35.7432490Z     at new Promise (<anonymous>)
Test Backend	Run backend tests	2026-01-14T21:59:35.7434041Z     at runWithTimeout [90m(file:///home/runner/work/OrgTree/OrgTree/server/[39mnode_modules/[4m@vitest/runner[24m/dist/index.js:1209:10[90m)[39m
Test Backend	Run backend tests	2026-01-14T21:59:35.7436207Z     at [90mfile:///home/runner/work/OrgTree/OrgTree/server/[39mnode_modules/[4m@vitest/runner[24m/dist/index.js:1653:37
Test Backend	Run backend tests	2026-01-14T21:59:35.7438325Z     at Traces.$ [90m(file:///home/runner/work/OrgTree/OrgTree/server/[39mnode_modules/[4mvitest[24m/dist/chunks/traces.U4xDYhzZ.js:115:27[90m)[39m {
Test Backend	Run backend tests	2026-01-14T21:59:35.7439944Z   code: [32m'SQLITE_ERROR'[39m
Test Backend	Run backend tests	2026-01-14T21:59:35.7440417Z }
Test Backend	Run backend tests	2026-01-14T21:59:35.7440607Z 
Test Backend	Run backend tests	2026-01-14T21:59:35.7443077Z [90mstderr[2m | src/services/sql-injection.test.ts[2m > [22m[2mSQL Injection Security Tests[2m > [22m[2mSearch Service - SQL Injection Protection[2m > [22m[2msearch() with FTS5 injection payloads[2m > [22m[2mshould safely handle FTS5 payload: (() OR (()))
Test Backend	Run backend tests	2026-01-14T21:59:35.7445900Z [22m[39mDepartment search error: SqliteError: fts5: syntax error near "OR"
Test Backend	Run backend tests	2026-01-14T21:59:35.7447547Z     at searchDepartments [90m(/home/runner/work/OrgTree/OrgTree/server/[39msrc/services/search.service.ts:145:33[90m)[39m
Test Backend	Run backend tests	2026-01-14T21:59:35.7449648Z     at Module.search [90m(/home/runner/work/OrgTree/OrgTree/server/[39msrc/services/search.service.ts:288:27[90m)[39m
Test Backend	Run backend tests	2026-01-14T21:59:35.7451350Z     at [90m/home/runner/work/OrgTree/OrgTree/server/[39msrc/services/sql-injection.test.ts:276:28
Test Backend	Run backend tests	2026-01-14T21:59:35.7453210Z     at Proxy.assertThrows [90m(file:///home/runner/work/OrgTree/OrgTree/server/[39mnode_modules/[4mchai[24m/index.js:2798:5[90m)[39m
Test Backend	Run backend tests	2026-01-14T21:59:35.7455278Z     at Proxy.methodWrapper [90m(file:///home/runner/work/OrgTree/OrgTree/server/[39mnode_modules/[4mchai[24m/index.js:1700:25[90m)[39m
Test Backend	Run backend tests	2026-01-14T21:59:35.7457574Z     at Proxy.<anonymous> [90m(file:///home/runner/work/OrgTree/OrgTree/server/[39mnode_modules/[4m@vitest/expect[24m/dist/index.js:1149:12[90m)[39m
Test Backend	Run backend tests	2026-01-14T21:59:35.7460251Z     at Proxy.overwritingMethodWrapper [90m(file:///home/runner/work/OrgTree/OrgTree/server/[39mnode_modules/[4mchai[24m/index.js:1750:33[90m)[39m
Test Backend	Run backend tests	2026-01-14T21:59:35.7462576Z     at Proxy.<anonymous> [90m(file:///home/runner/work/OrgTree/OrgTree/server/[39mnode_modules/[4m@vitest/expect[24m/dist/index.js:1485:16[90m)[39m
Test Backend	Run backend tests	2026-01-14T21:59:35.7464857Z     at Proxy.<anonymous> [90m(file:///home/runner/work/OrgTree/OrgTree/server/[39mnode_modules/[4m@vitest/expect[24m/dist/index.js:1090:14[90m)[39m
Test Backend	Run backend tests	2026-01-14T21:59:35.7467076Z     at Proxy.methodWrapper [90m(file:///home/runner/work/OrgTree/OrgTree/server/[39mnode_modules/[4mchai[24m/index.js:1700:25[90m)[39m {
Test Backend	Run backend tests	2026-01-14T21:59:35.7468446Z   code: [32m'SQLITE_ERROR'[39m
Test Backend	Run backend tests	2026-01-14T21:59:35.7468916Z }
Test Backend	Run backend tests	2026-01-14T21:59:35.7469771Z People search error: SqliteError: fts5: syntax error near "OR"
Test Backend	Run backend tests	2026-01-14T21:59:35.7471601Z     at searchPeople [90m(/home/runner/work/OrgTree/OrgTree/server/[39msrc/services/search.service.ts:210:33[90m)[39m
Test Backend	Run backend tests	2026-01-14T21:59:35.7473488Z     at Module.search [90m(/home/runner/work/OrgTree/OrgTree/server/[39msrc/services/search.service.ts:301:29[90m)[39m
Test Backend	Run backend tests	2026-01-14T21:59:35.7475209Z     at [90m/home/runner/work/OrgTree/OrgTree/server/[39msrc/services/sql-injection.test.ts:276:28
Test Backend	Run backend tests	2026-01-14T21:59:35.7477046Z     at Proxy.assertThrows [90m(file:///home/runner/work/OrgTree/OrgTree/server/[39mnode_modules/[4mchai[24m/index.js:2798:5[90m)[39m
Test Backend	Run backend tests	2026-01-14T21:59:35.7479437Z     at Proxy.methodWrapper [90m(file:///home/runner/work/OrgTree/OrgTree/server/[39mnode_modules/[4mchai[24m/index.js:1700:25[90m)[39m
Test Backend	Run backend tests	2026-01-14T21:59:35.7481672Z     at Proxy.<anonymous> [90m(file:///home/runner/work/OrgTree/OrgTree/server/[39mnode_modules/[4m@vitest/expect[24m/dist/index.js:1149:12[90m)[39m
Test Backend	Run backend tests	2026-01-14T21:59:35.7483981Z     at Proxy.overwritingMethodWrapper [90m(file:///home/runner/work/OrgTree/OrgTree/server/[39mnode_modules/[4mchai[24m/index.js:1750:33[90m)[39m
Test Backend	Run backend tests	2026-01-14T21:59:35.7486379Z     at Proxy.<anonymous> [90m(file:///home/runner/work/OrgTree/OrgTree/server/[39mnode_modules/[4m@vitest/expect[24m/dist/index.js:1485:16[90m)[39m
Test Backend	Run backend tests	2026-01-14T21:59:35.7488795Z     at Proxy.<anonymous> [90m(file:///home/runner/work/OrgTree/OrgTree/server/[39mnode_modules/[4m@vitest/expect[24m/dist/index.js:1090:14[90m)[39m
Test Backend	Run backend tests	2026-01-14T21:59:35.7491348Z     at Proxy.methodWrapper [90m(file:///home/runner/work/OrgTree/OrgTree/server/[39mnode_modules/[4mchai[24m/index.js:1700:25[90m)[39m {
Test Backend	Run backend tests	2026-01-14T21:59:35.7492686Z   code: [32m'SQLITE_ERROR'[39m
Test Backend	Run backend tests	2026-01-14T21:59:35.7493163Z }
Test Backend	Run backend tests	2026-01-14T21:59:35.7493344Z 
Test Backend	Run backend tests	2026-01-14T21:59:35.7496026Z [90mstderr[2m | src/services/sql-injection.test.ts[2m > [22m[2mSQL Injection Security Tests[2m > [22m[2mSearch Service - SQL Injection Protection[2m > [22m[2mgetAutocompleteSuggestions() with injection payloads[2m > [22m[2mshould safely handle autocomplete payload: ' OR '1'='1...
Test Backend	Run backend tests	2026-01-14T21:59:35.7499297Z [22m[39mDepartment autocomplete error: SqliteError: fts5: syntax error near "OR"
Test Backend	Run backend tests	2026-01-14T21:59:35.7501204Z     at Module.getAutocompleteSuggestions [90m(/home/runner/work/OrgTree/OrgTree/server/[39msrc/services/search.service.ts:354:31[90m)[39m
Test Backend	Run backend tests	2026-01-14T21:59:35.7503069Z     at [90m/home/runner/work/OrgTree/OrgTree/server/[39msrc/services/sql-injection.test.ts:286:26
Test Backend	Run backend tests	2026-01-14T21:59:35.7504821Z     at [90mfile:///home/runner/work/OrgTree/OrgTree/server/[39mnode_modules/[4m@vitest/runner[24m/dist/index.js:145:11
Test Backend	Run backend tests	2026-01-14T21:59:35.7506727Z     at [90mfile:///home/runner/work/OrgTree/OrgTree/server/[39mnode_modules/[4m@vitest/runner[24m/dist/index.js:915:26
Test Backend	Run backend tests	2026-01-14T21:59:35.7508562Z     at [90mfile:///home/runner/work/OrgTree/OrgTree/server/[39mnode_modules/[4m@vitest/runner[24m/dist/index.js:1243:20
Test Backend	Run backend tests	2026-01-14T21:59:35.7510022Z     at new Promise (<anonymous>)
Test Backend	Run backend tests	2026-01-14T21:59:35.7511618Z     at runWithTimeout [90m(file:///home/runner/work/OrgTree/OrgTree/server/[39mnode_modules/[4m@vitest/runner[24m/dist/index.js:1209:10[90m)[39m
Test Backend	Run backend tests	2026-01-14T21:59:35.7513688Z     at [90mfile:///home/runner/work/OrgTree/OrgTree/server/[39mnode_modules/[4m@vitest/runner[24m/dist/index.js:1653:37
Test Backend	Run backend tests	2026-01-14T21:59:35.7515774Z     at Traces.$ [90m(file:///home/runner/work/OrgTree/OrgTree/server/[39mnode_modules/[4mvitest[24m/dist/chunks/traces.U4xDYhzZ.js:115:27[90m)[39m
Test Backend	Run backend tests	2026-01-14T21:59:35.7518072Z     at trace [90m(file:///home/runner/work/OrgTree/OrgTree/server/[39mnode_modules/[4mvitest[24m/dist/chunks/test.B8ej_ZHS.js:239:21[90m)[39m {
Test Backend	Run backend tests	2026-01-14T21:59:35.7519656Z   code: [32m'SQLITE_ERROR'[39m
Test Backend	Run backend tests	2026-01-14T21:59:35.7520127Z }
Test Backend	Run backend tests	2026-01-14T21:59:35.7520824Z People autocomplete error: SqliteError: fts5: syntax error near "OR"
Test Backend	Run backend tests	2026-01-14T21:59:35.7522651Z     at Module.getAutocompleteSuggestions [90m(/home/runner/work/OrgTree/OrgTree/server/[39msrc/services/search.service.ts:386:35[90m)[39m
Test Backend	Run backend tests	2026-01-14T21:59:35.7524776Z     at [90m/home/runner/work/OrgTree/OrgTree/server/[39msrc/services/sql-injection.test.ts:286:26
Test Backend	Run backend tests	2026-01-14T21:59:35.7526517Z     at [90mfile:///home/runner/work/OrgTree/OrgTree/server/[39mnode_modules/[4m@vitest/runner[24m/dist/index.js:145:11
Test Backend	Run backend tests	2026-01-14T21:59:35.7528374Z     at [90mfile:///home/runner/work/OrgTree/OrgTree/server/[39mnode_modules/[4m@vitest/runner[24m/dist/index.js:915:26
Test Backend	Run backend tests	2026-01-14T21:59:35.7530531Z     at [90mfile:///home/runner/work/OrgTree/OrgTree/server/[39mnode_modules/[4m@vitest/runner[24m/dist/index.js:1243:20
Test Backend	Run backend tests	2026-01-14T21:59:35.7531663Z     at new Promise (<anonymous>)
Test Backend	Run backend tests	2026-01-14T21:59:35.7534314Z     at runWithTimeout [90m(file:///home/runner/work/OrgTree/OrgTree/server/[39mnode_modules/[4m@vitest/runner[24m/dist/index.js:1209:10[90m)[39m
Test Backend	Run backend tests	2026-01-14T21:59:35.7536404Z     at [90mfile:///home/runner/work/OrgTree/OrgTree/server/[39mnode_modules/[4m@vitest/runner[24m/dist/index.js:1653:37
Test Backend	Run backend tests	2026-01-14T21:59:35.7538555Z     at Traces.$ [90m(file:///home/runner/work/OrgTree/OrgTree/server/[39mnode_modules/[4mvitest[24m/dist/chunks/traces.U4xDYhzZ.js:115:27[90m)[39m
Test Backend	Run backend tests	2026-01-14T21:59:35.7541086Z     at trace [90m(file:///home/runner/work/OrgTree/OrgTree/server/[39mnode_modules/[4mvitest[24m/dist/chunks/test.B8ej_ZHS.js:239:21[90m)[39m {
Test Backend	Run backend tests	2026-01-14T21:59:35.7542449Z   code: [32m'SQLITE_ERROR'[39m
Test Backend	Run backend tests	2026-01-14T21:59:35.7542908Z }
Test Backend	Run backend tests	2026-01-14T21:59:35.7543088Z 
Test Backend	Run backend tests	2026-01-14T21:59:35.7545762Z [90mstderr[2m | src/services/sql-injection.test.ts[2m > [22m[2mSQL Injection Security Tests[2m > [22m[2mSearch Service - SQL Injection Protection[2m > [22m[2mgetAutocompleteSuggestions() with injection payloads[2m > [22m[2mshould safely handle autocomplete payload: ' OR '1'='1' --...
Test Backend	Run backend tests	2026-01-14T21:59:35.7548548Z [22m[39mDepartment autocomplete error: SqliteError: fts5: syntax error near "OR"
Test Backend	Run backend tests	2026-01-14T21:59:35.7559623Z     at Module.getAutocompleteSuggestions [90m(/home/runner/work/OrgTree/OrgTree/server/[39msrc/services/search.service.ts:354:31[90m)[39m
Test Backend	Run backend tests	2026-01-14T21:59:35.7561952Z     at [90m/home/runner/work/OrgTree/OrgTree/server/[39msrc/services/sql-injection.test.ts:286:26
Test Backend	Run backend tests	2026-01-14T21:59:35.7563701Z     at [90mfile:///home/runner/work/OrgTree/OrgTree/server/[39mnode_modules/[4m@vitest/runner[24m/dist/index.js:145:11
Test Backend	Run backend tests	2026-01-14T21:59:35.7565555Z     at [90mfile:///home/runner/work/OrgTree/OrgTree/server/[39mnode_modules/[4m@vitest/runner[24m/dist/index.js:915:26
Test Backend	Run backend tests	2026-01-14T21:59:35.7567443Z     at [90mfile:///home/runner/work/OrgTree/OrgTree/server/[39mnode_modules/[4m@vitest/runner[24m/dist/index.js:1243:20
Test Backend	Run backend tests	2026-01-14T21:59:35.7568540Z     at new Promise (<anonymous>)
Test Backend	Run backend tests	2026-01-14T21:59:35.7570317Z     at runWithTimeout [90m(file:///home/runner/work/OrgTree/OrgTree/server/[39mnode_modules/[4m@vitest/runner[24m/dist/index.js:1209:10[90m)[39m
Test Backend	Run backend tests	2026-01-14T21:59:35.7572320Z     at [90mfile:///home/runner/work/OrgTree/OrgTree/server/[39mnode_modules/[4m@vitest/runner[24m/dist/index.js:1653:37
Test Backend	Run backend tests	2026-01-14T21:59:35.7574317Z     at Traces.$ [90m(file:///home/runner/work/OrgTree/OrgTree/server/[39mnode_modules/[4mvitest[24m/dist/chunks/traces.U4xDYhzZ.js:115:27[90m)[39m
Test Backend	Run backend tests	2026-01-14T21:59:35.7576388Z     at trace [90m(file:///home/runner/work/OrgTree/OrgTree/server/[39mnode_modules/[4mvitest[24m/dist/chunks/test.B8ej_ZHS.js:239:21[90m)[39m {
Test Backend	Run backend tests	2026-01-14T21:59:35.7577585Z   code: [32m'SQLITE_ERROR'[39m
Test Backend	Run backend tests	2026-01-14T21:59:35.7577989Z }
Test Backend	Run backend tests	2026-01-14T21:59:35.7578606Z People autocomplete error: SqliteError: fts5: syntax error near "OR"
Test Backend	Run backend tests	2026-01-14T21:59:35.7580424Z     at Module.getAutocompleteSuggestions [90m(/home/runner/work/OrgTree/OrgTree/server/[39msrc/services/search.service.ts:386:35[90m)[39m
Test Backend	Run backend tests	2026-01-14T21:59:35.7582106Z     at [90m/home/runner/work/OrgTree/OrgTree/server/[39msrc/services/sql-injection.test.ts:286:26
Test Backend	Run backend tests	2026-01-14T21:59:35.7583664Z     at [90mfile:///home/runner/work/OrgTree/OrgTree/server/[39mnode_modules/[4m@vitest/runner[24m/dist/index.js:145:11
Test Backend	Run backend tests	2026-01-14T21:59:35.7585351Z     at [90mfile:///home/runner/work/OrgTree/OrgTree/server/[39mnode_modules/[4m@vitest/runner[24m/dist/index.js:915:26
Test Backend	Run backend tests	2026-01-14T21:59:35.7587344Z     at [90mfile:///home/runner/work/OrgTree/OrgTree/server/[39mnode_modules/[4m@vitest/runner[24m/dist/index.js:1243:20
Test Backend	Run backend tests	2026-01-14T21:59:35.7588434Z     at new Promise (<anonymous>)
Test Backend	Run backend tests	2026-01-14T21:59:35.7630537Z     at runWithTimeout [90m(file:///home/runner/work/OrgTree/OrgTree/server/[39mnode_modules/[4m@vitest/runner[24m/dist/index.js:1209:10[90m)[39m
Test Backend	Run backend tests	2026-01-14T21:59:35.7632687Z     at [90mfile:///home/runner/work/OrgTree/OrgTree/server/[39mnode_modules/[4m@vitest/runner[24m/dist/index.js:1653:37
Test Backend	Run backend tests	2026-01-14T21:59:35.7634678Z     at Traces.$ [90m(file:///home/runner/work/OrgTree/OrgTree/server/[39mnode_modules/[4mvitest[24m/dist/chunks/traces.U4xDYhzZ.js:115:27[90m)[39m
Test Backend	Run backend tests	2026-01-14T21:59:35.7636773Z     at trace [90m(file:///home/runner/work/OrgTree/OrgTree/server/[39mnode_modules/[4mvitest[24m/dist/chunks/test.B8ej_ZHS.js:239:21[90m)[39m {
Test Backend	Run backend tests	2026-01-14T21:59:35.7638197Z   code: [32m'SQLITE_ERROR'[39m
Test Backend	Run backend tests	2026-01-14T21:59:35.7638673Z }
Test Backend	Run backend tests	2026-01-14T21:59:35.7638847Z 
Test Backend	Run backend tests	2026-01-14T21:59:35.7641768Z [90mstderr[2m | src/services/sql-injection.test.ts[2m > [22m[2mSQL Injection Security Tests[2m > [22m[2mSearch Service - SQL Injection Protection[2m > [22m[2mgetAutocompleteSuggestions() with injection payloads[2m > [22m[2mshould safely handle autocomplete payload: ' OR '1'='1' /*...
Test Backend	Run backend tests	2026-01-14T21:59:35.7644526Z [22m[39mDepartment autocomplete error: SqliteError: fts5: syntax error near "OR"
Test Backend	Run backend tests	2026-01-14T21:59:35.7646344Z     at Module.getAutocompleteSuggestions [90m(/home/runner/work/OrgTree/OrgTree/server/[39msrc/services/search.service.ts:354:31[90m)[39m
Test Backend	Run backend tests	2026-01-14T21:59:35.7648224Z     at [90m/home/runner/work/OrgTree/OrgTree/server/[39msrc/services/sql-injection.test.ts:286:26
Test Backend	Run backend tests	2026-01-14T21:59:35.7650348Z     at [90mfile:///home/runner/work/OrgTree/OrgTree/server/[39mnode_modules/[4m@vitest/runner[24m/dist/index.js:145:11
Test Backend	Run backend tests	2026-01-14T21:59:35.7652621Z     at [90mfile:///home/runner/work/OrgTree/OrgTree/server/[39mnode_modules/[4m@vitest/runner[24m/dist/index.js:915:26
Test Backend	Run backend tests	2026-01-14T21:59:35.7654456Z     at [90mfile:///home/runner/work/OrgTree/OrgTree/server/[39mnode_modules/[4m@vitest/runner[24m/dist/index.js:1243:20
Test Backend	Run backend tests	2026-01-14T21:59:35.7655565Z     at new Promise (<anonymous>)
Test Backend	Run backend tests	2026-01-14T21:59:35.7657099Z     at runWithTimeout [90m(file:///home/runner/work/OrgTree/OrgTree/server/[39mnode_modules/[4m@vitest/runner[24m/dist/index.js:1209:10[90m)[39m
Test Backend	Run backend tests	2026-01-14T21:59:35.7659365Z     at [90mfile:///home/runner/work/OrgTree/OrgTree/server/[39mnode_modules/[4m@vitest/runner[24m/dist/index.js:1653:37
Test Backend	Run backend tests	2026-01-14T21:59:35.7661396Z     at Traces.$ [90m(file:///home/runner/work/OrgTree/OrgTree/server/[39mnode_modules/[4mvitest[24m/dist/chunks/traces.U4xDYhzZ.js:115:27[90m)[39m
Test Backend	Run backend tests	2026-01-14T21:59:35.7663605Z     at trace [90m(file:///home/runner/work/OrgTree/OrgTree/server/[39mnode_modules/[4mvitest[24m/dist/chunks/test.B8ej_ZHS.js:239:21[90m)[39m {
Test Backend	Run backend tests	2026-01-14T21:59:35.7664938Z   code: [32m'SQLITE_ERROR'[39m
Test Backend	Run backend tests	2026-01-14T21:59:35.7665368Z }
Test Backend	Run backend tests	2026-01-14T21:59:35.7666025Z People autocomplete error: SqliteError: fts5: syntax error near "OR"
Test Backend	Run backend tests	2026-01-14T21:59:35.7667580Z     at Module.getAutocompleteSuggestions [90m(/home/runner/work/OrgTree/OrgTree/server/[39msrc/services/search.service.ts:386:35[90m)[39m
Test Backend	Run backend tests	2026-01-14T21:59:35.7669653Z     at [90m/home/runner/work/OrgTree/OrgTree/server/[39msrc/services/sql-injection.test.ts:286:26
Test Backend	Run backend tests	2026-01-14T21:59:35.7671225Z     at [90mfile:///home/runner/work/OrgTree/OrgTree/server/[39mnode_modules/[4m@vitest/runner[24m/dist/index.js:145:11
Test Backend	Run backend tests	2026-01-14T21:59:35.7672874Z     at [90mfile:///home/runner/work/OrgTree/OrgTree/server/[39mnode_modules/[4m@vitest/runner[24m/dist/index.js:915:26
Test Backend	Run backend tests	2026-01-14T21:59:35.7674521Z     at [90mfile:///home/runner/work/OrgTree/OrgTree/server/[39mnode_modules/[4m@vitest/runner[24m/dist/index.js:1243:20
Test Backend	Run backend tests	2026-01-14T21:59:35.7675504Z     at new Promise (<anonymous>)
Test Backend	Run backend tests	2026-01-14T21:59:35.7677140Z     at runWithTimeout [90m(file:///home/runner/work/OrgTree/OrgTree/server/[39mnode_modules/[4m@vitest/runner[24m/dist/index.js:1209:10[90m)[39m
Test Backend	Run backend tests	2026-01-14T21:59:35.7678826Z     at [90mfile:///home/runner/work/OrgTree/OrgTree/server/[39mnode_modules/[4m@vitest/runner[24m/dist/index.js:1653:37
Test Backend	Run backend tests	2026-01-14T21:59:35.7680741Z     at Traces.$ [90m(file:///home/runner/work/OrgTree/OrgTree/server/[39mnode_modules/[4mvitest[24m/dist/chunks/traces.U4xDYhzZ.js:115:27[90m)[39m
Test Backend	Run backend tests	2026-01-14T21:59:35.7682573Z     at trace [90m(file:///home/runner/work/OrgTree/OrgTree/server/[39mnode_modules/[4mvitest[24m/dist/chunks/test.B8ej_ZHS.js:239:21[90m)[39m {
Test Backend	Run backend tests	2026-01-14T21:59:35.7683715Z   code: [32m'SQLITE_ERROR'[39m
Test Backend	Run backend tests	2026-01-14T21:59:35.7684120Z }
Test Backend	Run backend tests	2026-01-14T21:59:35.7684296Z 
Test Backend	Run backend tests	2026-01-14T21:59:35.7686878Z [90mstderr[2m | src/services/sql-injection.test.ts[2m > [22m[2mSQL Injection Security Tests[2m > [22m[2mSearch Service - SQL Injection Protection[2m > [22m[2mgetAutocompleteSuggestions() with injection payloads[2m > [22m[2mshould safely handle autocomplete payload: " OR "1"="1...
Test Backend	Run backend tests	2026-01-14T21:59:35.7689875Z [22m[39mDepartment autocomplete error: SqliteError: fts5: syntax error near "OR"
Test Backend	Run backend tests	2026-01-14T21:59:35.7691728Z     at Module.getAutocompleteSuggestions [90m(/home/runner/work/OrgTree/OrgTree/server/[39msrc/services/search.service.ts:354:31[90m)[39m
Test Backend	Run backend tests	2026-01-14T21:59:35.7693565Z     at [90m/home/runner/work/OrgTree/OrgTree/server/[39msrc/services/sql-injection.test.ts:286:26
Test Backend	Run backend tests	2026-01-14T21:59:35.7695229Z     at [90mfile:///home/runner/work/OrgTree/OrgTree/server/[39mnode_modules/[4m@vitest/runner[24m/dist/index.js:145:11
Test Backend	Run backend tests	2026-01-14T21:59:35.7696955Z     at [90mfile:///home/runner/work/OrgTree/OrgTree/server/[39mnode_modules/[4m@vitest/runner[24m/dist/index.js:915:26
Test Backend	Run backend tests	2026-01-14T21:59:35.7698737Z     at [90mfile:///home/runner/work/OrgTree/OrgTree/server/[39mnode_modules/[4m@vitest/runner[24m/dist/index.js:1243:20
Test Backend	Run backend tests	2026-01-14T21:59:35.7700511Z     at new Promise (<anonymous>)
Test Backend	Run backend tests	2026-01-14T21:59:35.7702051Z     at runWithTimeout [90m(file:///home/runner/work/OrgTree/OrgTree/server/[39mnode_modules/[4m@vitest/runner[24m/dist/index.js:1209:10[90m)[39m
Test Backend	Run backend tests	2026-01-14T21:59:35.7704028Z     at [90mfile:///home/runner/work/OrgTree/OrgTree/server/[39mnode_modules/[4m@vitest/runner[24m/dist/index.js:1653:37
Test Backend	Run backend tests	2026-01-14T21:59:35.7706126Z     at Traces.$ [90m(file:///home/runner/work/OrgTree/OrgTree/server/[39mnode_modules/[4mvitest[24m/dist/chunks/traces.U4xDYhzZ.js:115:27[90m)[39m
Test Backend	Run backend tests	2026-01-14T21:59:35.7708386Z     at trace [90m(file:///home/runner/work/OrgTree/OrgTree/server/[39mnode_modules/[4mvitest[24m/dist/chunks/test.B8ej_ZHS.js:239:21[90m)[39m {
Test Backend	Run backend tests	2026-01-14T21:59:35.7709956Z   code: [32m'SQLITE_ERROR'[39m
Test Backend	Run backend tests	2026-01-14T21:59:35.7710451Z }
Test Backend	Run backend tests	2026-01-14T21:59:35.7711155Z People autocomplete error: SqliteError: fts5: syntax error near "OR"
Test Backend	Run backend tests	2026-01-14T21:59:35.7712923Z     at Module.getAutocompleteSuggestions [90m(/home/runner/work/OrgTree/OrgTree/server/[39msrc/services/search.service.ts:386:35[90m)[39m
Test Backend	Run backend tests	2026-01-14T21:59:35.7714808Z     at [90m/home/runner/work/OrgTree/OrgTree/server/[39msrc/services/sql-injection.test.ts:286:26
Test Backend	Run backend tests	2026-01-14T21:59:35.7716498Z     at [90mfile:///home/runner/work/OrgTree/OrgTree/server/[39mnode_modules/[4m@vitest/runner[24m/dist/index.js:145:11
Test Backend	Run backend tests	2026-01-14T21:59:35.7718366Z     at [90mfile:///home/runner/work/OrgTree/OrgTree/server/[39mnode_modules/[4m@vitest/runner[24m/dist/index.js:915:26
Test Backend	Run backend tests	2026-01-14T21:59:35.7720563Z     at [90mfile:///home/runner/work/OrgTree/OrgTree/server/[39mnode_modules/[4m@vitest/runner[24m/dist/index.js:1243:20
Test Backend	Run backend tests	2026-01-14T21:59:35.7721663Z     at new Promise (<anonymous>)
Test Backend	Run backend tests	2026-01-14T21:59:35.7723242Z     at runWithTimeout [90m(file:///home/runner/work/OrgTree/OrgTree/server/[39mnode_modules/[4m@vitest/runner[24m/dist/index.js:1209:10[90m)[39m
Test Backend	Run backend tests	2026-01-14T21:59:35.7725303Z     at [90mfile:///home/runner/work/OrgTree/OrgTree/server/[39mnode_modules/[4m@vitest/runner[24m/dist/index.js:1653:37
Test Backend	Run backend tests	2026-01-14T21:59:35.7727742Z     at Traces.$ [90m(file:///home/runner/work/OrgTree/OrgTree/server/[39mnode_modules/[4mvitest[24m/dist/chunks/traces.U4xDYhzZ.js:115:27[90m)[39m
Test Backend	Run backend tests	2026-01-14T21:59:35.7730215Z     at trace [90m(file:///home/runner/work/OrgTree/OrgTree/server/[39mnode_modules/[4mvitest[24m/dist/chunks/test.B8ej_ZHS.js:239:21[90m)[39m {
Test Backend	Run backend tests	2026-01-14T21:59:35.7731580Z   code: [32m'SQLITE_ERROR'[39m
Test Backend	Run backend tests	2026-01-14T21:59:35.7732045Z }
Test Backend	Run backend tests	2026-01-14T21:59:35.7732207Z 
Test Backend	Run backend tests	2026-01-14T21:59:35.7734789Z [90mstderr[2m | src/services/sql-injection.test.ts[2m > [22m[2mSQL Injection Security Tests[2m > [22m[2mSearch Service - SQL Injection Protection[2m > [22m[2mgetAutocompleteSuggestions() with injection payloads[2m > [22m[2mshould safely handle autocomplete payload: '; DROP TABLE users; --...
Test Backend	Run backend tests	2026-01-14T21:59:35.7737505Z [22m[39mDepartment autocomplete error: SqliteError: fts5: syntax error near ";"
Test Backend	Run backend tests	2026-01-14T21:59:35.7739467Z     at Module.getAutocompleteSuggestions [90m(/home/runner/work/OrgTree/OrgTree/server/[39msrc/services/search.service.ts:354:31[90m)[39m
Test Backend	Run backend tests	2026-01-14T21:59:35.7741281Z     at [90m/home/runner/work/OrgTree/OrgTree/server/[39msrc/services/sql-injection.test.ts:286:26
Test Backend	Run backend tests	2026-01-14T21:59:35.7742848Z     at [90mfile:///home/runner/work/OrgTree/OrgTree/server/[39mnode_modules/[4m@vitest/runner[24m/dist/index.js:145:11
Test Backend	Run backend tests	2026-01-14T21:59:35.7744435Z     at [90mfile:///home/runner/work/OrgTree/OrgTree/server/[39mnode_modules/[4m@vitest/runner[24m/dist/index.js:915:26
Test Backend	Run backend tests	2026-01-14T21:59:35.7746126Z     at [90mfile:///home/runner/work/OrgTree/OrgTree/server/[39mnode_modules/[4m@vitest/runner[24m/dist/index.js:1243:20
Test Backend	Run backend tests	2026-01-14T21:59:35.7747160Z     at new Promise (<anonymous>)
Test Backend	Run backend tests	2026-01-14T21:59:35.7748562Z     at runWithTimeout [90m(file:///home/runner/work/OrgTree/OrgTree/server/[39mnode_modules/[4m@vitest/runner[24m/dist/index.js:1209:10[90m)[39m
Test Backend	Run backend tests	2026-01-14T21:59:35.7750710Z     at [90mfile:///home/runner/work/OrgTree/OrgTree/server/[39mnode_modules/[4m@vitest/runner[24m/dist/index.js:1653:37
Test Backend	Run backend tests	2026-01-14T21:59:35.7753061Z     at Traces.$ [90m(file:///home/runner/work/OrgTree/OrgTree/server/[39mnode_modules/[4mvitest[24m/dist/chunks/traces.U4xDYhzZ.js:115:27[90m)[39m
Test Backend	Run backend tests	2026-01-14T21:59:35.7755294Z     at trace [90m(file:///home/runner/work/OrgTree/OrgTree/server/[39mnode_modules/[4mvitest[24m/dist/chunks/test.B8ej_ZHS.js:239:21[90m)[39m {
Test Backend	Run backend tests	2026-01-14T21:59:35.7756643Z   code: [32m'SQLITE_ERROR'[39m
Test Backend	Run backend tests	2026-01-14T21:59:35.7757073Z }
Test Backend	Run backend tests	2026-01-14T21:59:35.7757699Z People autocomplete error: SqliteError: fts5: syntax error near ";"
Test Backend	Run backend tests	2026-01-14T21:59:35.7759846Z     at Module.getAutocompleteSuggestions [90m(/home/runner/work/OrgTree/OrgTree/server/[39msrc/services/search.service.ts:386:35[90m)[39m
Test Backend	Run backend tests	2026-01-14T21:59:35.7761655Z     at [90m/home/runner/work/OrgTree/OrgTree/server/[39msrc/services/sql-injection.test.ts:286:26
Test Backend	Run backend tests	2026-01-14T21:59:35.7763322Z     at [90mfile:///home/runner/work/OrgTree/OrgTree/server/[39mnode_modules/[4m@vitest/runner[24m/dist/index.js:145:11
Test Backend	Run backend tests	2026-01-14T21:59:35.7765162Z     at [90mfile:///home/runner/work/OrgTree/OrgTree/server/[39mnode_modules/[4m@vitest/runner[24m/dist/index.js:915:26
Test Backend	Run backend tests	2026-01-14T21:59:35.7766970Z     at [90mfile:///home/runner/work/OrgTree/OrgTree/server/[39mnode_modules/[4m@vitest/runner[24m/dist/index.js:1243:20
Test Backend	Run backend tests	2026-01-14T21:59:35.7767998Z     at new Promise (<anonymous>)
Test Backend	Run backend tests	2026-01-14T21:59:35.7769681Z     at runWithTimeout [90m(file:///home/runner/work/OrgTree/OrgTree/server/[39mnode_modules/[4m@vitest/runner[24m/dist/index.js:1209:10[90m)[39m
Test Backend	Run backend tests	2026-01-14T21:59:35.7771670Z     at [90mfile:///home/runner/work/OrgTree/OrgTree/server/[39mnode_modules/[4m@vitest/runner[24m/dist/index.js:1653:37
Test Backend	Run backend tests	2026-01-14T21:59:35.7773629Z     at Traces.$ [90m(file:///home/runner/work/OrgTree/OrgTree/server/[39mnode_modules/[4mvitest[24m/dist/chunks/traces.U4xDYhzZ.js:115:27[90m)[39m
Test Backend	Run backend tests	2026-01-14T21:59:35.7775628Z     at trace [90m(file:///home/runner/work/OrgTree/OrgTree/server/[39mnode_modules/[4mvitest[24m/dist/chunks/test.B8ej_ZHS.js:239:21[90m)[39m {
Test Backend	Run backend tests	2026-01-14T21:59:35.7777166Z   code: [32m'SQLITE_ERROR'[39m
Test Backend	Run backend tests	2026-01-14T21:59:35.7777568Z }
Test Backend	Run backend tests	2026-01-14T21:59:35.7777729Z 
Test Backend	Run backend tests	2026-01-14T21:59:35.7779723Z [90mstderr[2m | src/services/sql-injection.test.ts[2m > [22m[2mSQL Injection Security Tests[2m > [22m[2mEdge Cases & Boundary Tests[2m > [22m[2mshould handle extremely long SQL injection payloads
Test Backend	Run backend tests	2026-01-14T21:59:35.7781617Z [22m[39mDepartment search error: SqliteError: fts5: syntax error near "OR"
Test Backend	Run backend tests	2026-01-14T21:59:35.7783111Z     at searchDepartments [90m(/home/runner/work/OrgTree/OrgTree/server/[39msrc/services/search.service.ts:145:33[90m)[39m
Test Backend	Run backend tests	2026-01-14T21:59:35.7784874Z     at Module.search [90m(/home/runner/work/OrgTree/OrgTree/server/[39msrc/services/search.service.ts:288:27[90m)[39m
Test Backend	Run backend tests	2026-01-14T21:59:35.7786502Z     at [90m/home/runner/work/OrgTree/OrgTree/server/[39msrc/services/sql-injection.test.ts:447:22
Test Backend	Run backend tests	2026-01-14T21:59:35.7788267Z     at [90mfile:///home/runner/work/OrgTree/OrgTree/server/[39mnode_modules/[4m@vitest/runner[24m/dist/index.js:145:11
Test Backend	Run backend tests	2026-01-14T21:59:35.7790161Z     at [90mfile:///home/runner/work/OrgTree/OrgTree/server/[39mnode_modules/[4m@vitest/runner[24m/dist/index.js:915:26
Test Backend	Run backend tests	2026-01-14T21:59:35.7791774Z     at [90mfile:///home/runner/work/OrgTree/OrgTree/server/[39mnode_modules/[4m@vitest/runner[24m/dist/index.js:1243:20
Test Backend	Run backend tests	2026-01-14T21:59:35.7792771Z     at new Promise (<anonymous>)
Test Backend	Run backend tests	2026-01-14T21:59:35.7794256Z     at runWithTimeout [90m(file:///home/runner/work/OrgTree/OrgTree/server/[39mnode_modules/[4m@vitest/runner[24m/dist/index.js:1209:10[90m)[39m
Test Backend	Run backend tests	2026-01-14T21:59:35.7796118Z     at [90mfile:///home/runner/work/OrgTree/OrgTree/server/[39mnode_modules/[4m@vitest/runner[24m/dist/index.js:1653:37
Test Backend	Run backend tests	2026-01-14T21:59:35.7798079Z     at Traces.$ [90m(file:///home/runner/work/OrgTree/OrgTree/server/[39mnode_modules/[4mvitest[24m/dist/chunks/traces.U4xDYhzZ.js:115:27[90m)[39m {
Test Backend	Run backend tests	2026-01-14T21:59:35.7800073Z   code: [32m'SQLITE_ERROR'[39m
Test Backend	Run backend tests	2026-01-14T21:59:35.7800503Z }
Test Backend	Run backend tests	2026-01-14T21:59:35.7801100Z People search error: SqliteError: fts5: syntax error near "OR"
Test Backend	Run backend tests	2026-01-14T21:59:35.7802519Z     at searchPeople [90m(/home/runner/work/OrgTree/OrgTree/server/[39msrc/services/search.service.ts:210:33[90m)[39m
Test Backend	Run backend tests	2026-01-14T21:59:35.7804268Z     at Module.search [90m(/home/runner/work/OrgTree/OrgTree/server/[39msrc/services/search.service.ts:301:29[90m)[39m
Test Backend	Run backend tests	2026-01-14T21:59:35.7805844Z     at [90m/home/runner/work/OrgTree/OrgTree/server/[39msrc/services/sql-injection.test.ts:447:22
Test Backend	Run backend tests	2026-01-14T21:59:35.7807394Z     at [90mfile:///home/runner/work/OrgTree/OrgTree/server/[39mnode_modules/[4m@vitest/runner[24m/dist/index.js:145:11
Test Backend	Run backend tests	2026-01-14T21:59:35.7809292Z     at [90mfile:///home/runner/work/OrgTree/OrgTree/server/[39mnode_modules/[4m@vitest/runner[24m/dist/index.js:915:26
Test Backend	Run backend tests	2026-01-14T21:59:35.7811021Z     at [90mfile:///home/runner/work/OrgTree/OrgTree/server/[39mnode_modules/[4m@vitest/runner[24m/dist/index.js:1243:20
Test Backend	Run backend tests	2026-01-14T21:59:35.7812018Z     at new Promise (<anonymous>)
Test Backend	Run backend tests	2026-01-14T21:59:35.7813443Z     at runWithTimeout [90m(file:///home/runner/work/OrgTree/OrgTree/server/[39mnode_modules/[4m@vitest/runner[24m/dist/index.js:1209:10[90m)[39m
Test Backend	Run backend tests	2026-01-14T21:59:35.7815366Z     at [90mfile:///home/runner/work/OrgTree/OrgTree/server/[39mnode_modules/[4m@vitest/runner[24m/dist/index.js:1653:37
Test Backend	Run backend tests	2026-01-14T21:59:35.7817303Z     at Traces.$ [90m(file:///home/runner/work/OrgTree/OrgTree/server/[39mnode_modules/[4mvitest[24m/dist/chunks/traces.U4xDYhzZ.js:115:27[90m)[39m {
Test Backend	Run backend tests	2026-01-14T21:59:35.7818582Z   code: [32m'SQLITE_ERROR'[39m
Test Backend	Run backend tests	2026-01-14T21:59:35.7819216Z }
Test Backend	Run backend tests	2026-01-14T21:59:35.7819393Z 
Test Backend	Run backend tests	2026-01-14T21:59:35.7821029Z [90mstderr[2m | src/services/sql-injection.test.ts[2m > [22m[2mSQL Injection Security Tests[2m > [22m[2mEdge Cases & Boundary Tests[2m > [22m[2mshould handle unicode injection attempts
Test Backend	Run backend tests	2026-01-14T21:59:35.7822860Z [22m[39mDepartment search error: SqliteError: fts5: syntax error near "="
Test Backend	Run backend tests	2026-01-14T21:59:35.7824603Z     at searchDepartments [90m(/home/runner/work/OrgTree/OrgTree/server/[39msrc/services/search.service.ts:145:33[90m)[39m
Test Backend	Run backend tests	2026-01-14T21:59:35.7826352Z     at Module.search [90m(/home/runner/work/OrgTree/OrgTree/server/[39msrc/services/search.service.ts:288:27[90m)[39m
Test Backend	Run backend tests	2026-01-14T21:59:35.7827862Z     at [90m/home/runner/work/OrgTree/OrgTree/server/[39msrc/services/sql-injection.test.ts:461:22
Test Backend	Run backend tests	2026-01-14T21:59:35.7829743Z     at [90mfile:///home/runner/work/OrgTree/OrgTree/server/[39mnode_modules/[4m@vitest/runner[24m/dist/index.js:145:11
Test Backend	Run backend tests	2026-01-14T21:59:35.7831449Z     at [90mfile:///home/runner/work/OrgTree/OrgTree/server/[39mnode_modules/[4m@vitest/runner[24m/dist/index.js:915:26
Test Backend	Run backend tests	2026-01-14T21:59:35.7833151Z     at [90mfile:///home/runner/work/OrgTree/OrgTree/server/[39mnode_modules/[4m@vitest/runner[24m/dist/index.js:1243:20
Test Backend	Run backend tests	2026-01-14T21:59:35.7834149Z     at new Promise (<anonymous>)
Test Backend	Run backend tests	2026-01-14T21:59:35.7835562Z     at runWithTimeout [90m(file:///home/runner/work/OrgTree/OrgTree/server/[39mnode_modules/[4m@vitest/runner[24m/dist/index.js:1209:10[90m)[39m
Test Backend	Run backend tests	2026-01-14T21:59:35.7837381Z     at [90mfile:///home/runner/work/OrgTree/OrgTree/server/[39mnode_modules/[4m@vitest/runner[24m/dist/index.js:1653:37
Test Backend	Run backend tests	2026-01-14T21:59:35.7839410Z     at Traces.$ [90m(file:///home/runner/work/OrgTree/OrgTree/server/[39mnode_modules/[4mvitest[24m/dist/chunks/traces.U4xDYhzZ.js:115:27[90m)[39m {
Test Backend	Run backend tests	2026-01-14T21:59:35.7840633Z   code: [32m'SQLITE_ERROR'[39m
Test Backend	Run backend tests	2026-01-14T21:59:35.7841011Z }
Test Backend	Run backend tests	2026-01-14T21:59:35.7841507Z People search error: SqliteError: fts5: syntax error near "="
Test Backend	Run backend tests	2026-01-14T21:59:35.7842772Z     at searchPeople [90m(/home/runner/work/OrgTree/OrgTree/server/[39msrc/services/search.service.ts:210:33[90m)[39m
Test Backend	Run backend tests	2026-01-14T21:59:35.7844750Z     at Module.search [90m(/home/runner/work/OrgTree/OrgTree/server/[39msrc/services/search.service.ts:301:29[90m)[39m
Test Backend	Run backend tests	2026-01-14T21:59:35.7846385Z     at [90m/home/runner/work/OrgTree/OrgTree/server/[39msrc/services/sql-injection.test.ts:461:22
Test Backend	Run backend tests	2026-01-14T21:59:35.7848344Z     at [90mfile:///home/runner/work/OrgTree/OrgTree/server/[39mnode_modules/[4m@vitest/runner[24m/dist/index.js:145:11
Test Backend	Run backend tests	2026-01-14T21:59:35.7850432Z     at [90mfile:///home/runner/work/OrgTree/OrgTree/server/[39mnode_modules/[4m@vitest/runner[24m/dist/index.js:915:26
Test Backend	Run backend tests	2026-01-14T21:59:35.7852215Z     at [90mfile:///home/runner/work/OrgTree/OrgTree/server/[39mnode_modules/[4m@vitest/runner[24m/dist/index.js:1243:20
Test Backend	Run backend tests	2026-01-14T21:59:35.7853347Z     at new Promise (<anonymous>)
Test Backend	Run backend tests	2026-01-14T21:59:35.7854895Z     at runWithTimeout [90m(file:///home/runner/work/OrgTree/OrgTree/server/[39mnode_modules/[4m@vitest/runner[24m/dist/index.js:1209:10[90m)[39m
Test Backend	Run backend tests	2026-01-14T21:59:35.7856863Z     at [90mfile:///home/runner/work/OrgTree/OrgTree/server/[39mnode_modules/[4m@vitest/runner[24m/dist/index.js:1653:37
Test Backend	Run backend tests	2026-01-14T21:59:35.7859206Z     at Traces.$ [90m(file:///home/runner/work/OrgTree/OrgTree/server/[39mnode_modules/[4mvitest[24m/dist/chunks/traces.U4xDYhzZ.js:115:27[90m)[39m {
Test Backend	Run backend tests	2026-01-14T21:59:35.7860592Z   code: [32m'SQLITE_ERROR'[39m
Test Backend	Run backend tests	2026-01-14T21:59:35.7861019Z }
Test Backend	Run backend tests	2026-01-14T21:59:35.7861187Z 
Test Backend	Run backend tests	2026-01-14T21:59:35.7862924Z [90mstderr[2m | src/services/sql-injection.test.ts[2m > [22m[2mSQL Injection Security Tests[2m > [22m[2mEdge Cases & Boundary Tests[2m > [22m[2mshould handle multi-line injection attempts
Test Backend	Run backend tests	2026-01-14T21:59:35.7864851Z [22m[39mDepartment search error: SqliteError: fts5: syntax error near ";"
Test Backend	Run backend tests	2026-01-14T21:59:35.7866438Z     at searchDepartments [90m(/home/runner/work/OrgTree/OrgTree/server/[39msrc/services/search.service.ts:145:33[90m)[39m
Test Backend	Run backend tests	2026-01-14T21:59:35.7868281Z     at Module.search [90m(/home/runner/work/OrgTree/OrgTree/server/[39msrc/services/search.service.ts:288:27[90m)[39m
Test Backend	Run backend tests	2026-01-14T21:59:35.7883386Z     at [90m/home/runner/work/OrgTree/OrgTree/server/[39msrc/services/sql-injection.test.ts:468:22
Test Backend	Run backend tests	2026-01-14T21:59:35.7885008Z     at [90mfile:///home/runner/work/OrgTree/OrgTree/server/[39mnode_modules/[4m@vitest/runner[24m/dist/index.js:145:11
Test Backend	Run backend tests	2026-01-14T21:59:35.7886968Z     at [90mfile:///home/runner/work/OrgTree/OrgTree/server/[39mnode_modules/[4m@vitest/runner[24m/dist/index.js:915:26
Test Backend	Run backend tests	2026-01-14T21:59:35.7888734Z     at [90mfile:///home/runner/work/OrgTree/OrgTree/server/[39mnode_modules/[4m@vitest/runner[24m/dist/index.js:1243:20
Test Backend	Run backend tests	2026-01-14T21:59:35.7889932Z     at new Promise (<anonymous>)
Test Backend	Run backend tests	2026-01-14T21:59:35.7891341Z     at runWithTimeout [90m(file:///home/runner/work/OrgTree/OrgTree/server/[39mnode_modules/[4m@vitest/runner[24m/dist/index.js:1209:10[90m)[39m
Test Backend	Run backend tests	2026-01-14T21:59:35.7893202Z     at [90mfile:///home/runner/work/OrgTree/OrgTree/server/[39mnode_modules/[4m@vitest/runner[24m/dist/index.js:1653:37
Test Backend	Run backend tests	2026-01-14T21:59:35.7895162Z     at Traces.$ [90m(file:///home/runner/work/OrgTree/OrgTree/server/[39mnode_modules/[4mvitest[24m/dist/chunks/traces.U4xDYhzZ.js:115:27[90m)[39m {
Test Backend	Run backend tests	2026-01-14T21:59:35.7896388Z   code: [32m'SQLITE_ERROR'[39m
Test Backend	Run backend tests	2026-01-14T21:59:35.7896799Z }
Test Backend	Run backend tests	2026-01-14T21:59:35.7897344Z People search error: SqliteError: fts5: syntax error near ";"
Test Backend	Run backend tests	2026-01-14T21:59:35.7898697Z     at searchPeople [90m(/home/runner/work/OrgTree/OrgTree/server/[39msrc/services/search.service.ts:210:33[90m)[39m
Test Backend	Run backend tests	2026-01-14T21:59:35.7900983Z     at Module.search [90m(/home/runner/work/OrgTree/OrgTree/server/[39msrc/services/search.service.ts:301:29[90m)[39m
Test Backend	Run backend tests	2026-01-14T21:59:35.7902502Z     at [90m/home/runner/work/OrgTree/OrgTree/server/[39msrc/services/sql-injection.test.ts:468:22
Test Backend	Run backend tests	2026-01-14T21:59:35.7904076Z     at [90mfile:///home/runner/work/OrgTree/OrgTree/server/[39mnode_modules/[4m@vitest/runner[24m/dist/index.js:145:11
Test Backend	Run backend tests	2026-01-14T21:59:35.7905785Z     at [90mfile:///home/runner/work/OrgTree/OrgTree/server/[39mnode_modules/[4m@vitest/runner[24m/dist/index.js:915:26
Test Backend	Run backend tests	2026-01-14T21:59:35.7907460Z     at [90mfile:///home/runner/work/OrgTree/OrgTree/server/[39mnode_modules/[4m@vitest/runner[24m/dist/index.js:1243:20
Test Backend	Run backend tests	2026-01-14T21:59:35.7908687Z     at new Promise (<anonymous>)
Test Backend	Run backend tests	2026-01-14T21:59:35.7940510Z     at runWithTimeout [90m(file:///home/runner/work/OrgTree/OrgTree/server/[39mnode_modules/[4m@vitest/runner[24m/dist/index.js:1209:10[90m)[39m
Test Backend	Run backend tests	2026-01-14T21:59:35.7942315Z     at [90mfile:///home/runner/work/OrgTree/OrgTree/server/[39mnode_modules/[4m@vitest/runner[24m/dist/index.js:1653:37
Test Backend	Run backend tests	2026-01-14T21:59:35.7944173Z     at Traces.$ [90m(file:///home/runner/work/OrgTree/OrgTree/server/[39mnode_modules/[4mvitest[24m/dist/chunks/traces.U4xDYhzZ.js:115:27[90m)[39m {
Test Backend	Run backend tests	2026-01-14T21:59:35.7945325Z   code: [32m'SQLITE_ERROR'[39m
Test Backend	Run backend tests	2026-01-14T21:59:35.7945710Z }
Test Backend	Run backend tests	2026-01-14T21:59:35.7945859Z 
Test Backend	Run backend tests	2026-01-14T21:59:35.7947329Z [90mstderr[2m | src/services/sql-injection.test.ts[2m > [22m[2mSQL Injection Security Tests[2m > [22m[2mEdge Cases & Boundary Tests[2m > [22m[2mshould handle tab character injection
Test Backend	Run backend tests	2026-01-14T21:59:35.7949187Z [22m[39mDepartment search error: SqliteError: fts5: syntax error near "="
Test Backend	Run backend tests	2026-01-14T21:59:35.7950631Z     at searchDepartments [90m(/home/runner/work/OrgTree/OrgTree/server/[39msrc/services/search.service.ts:145:33[90m)[39m
Test Backend	Run backend tests	2026-01-14T21:59:35.7952205Z     at Module.search [90m(/home/runner/work/OrgTree/OrgTree/server/[39msrc/services/search.service.ts:288:27[90m)[39m
Test Backend	Run backend tests	2026-01-14T21:59:35.7953608Z     at [90m/home/runner/work/OrgTree/OrgTree/server/[39msrc/services/sql-injection.test.ts:475:22
Test Backend	Run backend tests	2026-01-14T21:59:35.7955080Z     at [90mfile:///home/runner/work/OrgTree/OrgTree/server/[39mnode_modules/[4m@vitest/runner[24m/dist/index.js:145:11
Test Backend	Run backend tests	2026-01-14T21:59:35.7956653Z     at [90mfile:///home/runner/work/OrgTree/OrgTree/server/[39mnode_modules/[4m@vitest/runner[24m/dist/index.js:915:26
Test Backend	Run backend tests	2026-01-14T21:59:35.7958231Z     at [90mfile:///home/runner/work/OrgTree/OrgTree/server/[39mnode_modules/[4m@vitest/runner[24m/dist/index.js:1243:20
Test Backend	Run backend tests	2026-01-14T21:59:35.7959376Z     at new Promise (<anonymous>)
Test Backend	Run backend tests	2026-01-14T21:59:35.7960709Z     at runWithTimeout [90m(file:///home/runner/work/OrgTree/OrgTree/server/[39mnode_modules/[4m@vitest/runner[24m/dist/index.js:1209:10[90m)[39m
Test Backend	Run backend tests	2026-01-14T21:59:35.7962775Z     at [90mfile:///home/runner/work/OrgTree/OrgTree/server/[39mnode_modules/[4m@vitest/runner[24m/dist/index.js:1653:37
Test Backend	Run backend tests	2026-01-14T21:59:35.7964550Z     at Traces.$ [90m(file:///home/runner/work/OrgTree/OrgTree/server/[39mnode_modules/[4mvitest[24m/dist/chunks/traces.U4xDYhzZ.js:115:27[90m)[39m {
Test Backend	Run backend tests	2026-01-14T21:59:35.7965659Z   code: [32m'SQLITE_ERROR'[39m
Test Backend	Run backend tests	2026-01-14T21:59:35.7966036Z }
Test Backend	Run backend tests	2026-01-14T21:59:35.7966555Z People search error: SqliteError: fts5: syntax error near "="
Test Backend	Run backend tests	2026-01-14T21:59:35.7967815Z     at searchPeople [90m(/home/runner/work/OrgTree/OrgTree/server/[39msrc/services/search.service.ts:210:33[90m)[39m
Test Backend	Run backend tests	2026-01-14T21:59:35.7999743Z     at Module.search [90m(/home/runner/work/OrgTree/OrgTree/server/[39msrc/services/search.service.ts:301:29[90m)[39m
Test Backend	Run backend tests	2026-01-14T21:59:35.8001354Z     at [90m/home/runner/work/OrgTree/OrgTree/server/[39msrc/services/sql-injection.test.ts:475:22
Test Backend	Run backend tests	2026-01-14T21:59:35.8002907Z     at [90mfile:///home/runner/work/OrgTree/OrgTree/server/[39mnode_modules/[4m@vitest/runner[24m/dist/index.js:145:11
Test Backend	Run backend tests	2026-01-14T21:59:35.8004458Z     at [90mfile:///home/runner/work/OrgTree/OrgTree/server/[39mnode_modules/[4m@vitest/runner[24m/dist/index.js:915:26
Test Backend	Run backend tests	2026-01-14T21:59:35.8006064Z     at [90mfile:///home/runner/work/OrgTree/OrgTree/server/[39mnode_modules/[4m@vitest/runner[24m/dist/index.js:1243:20
Test Backend	Run backend tests	2026-01-14T21:59:35.8007059Z     at new Promise (<anonymous>)
Test Backend	Run backend tests	2026-01-14T21:59:35.8008474Z     at runWithTimeout [90m(file:///home/runner/work/OrgTree/OrgTree/server/[39mnode_modules/[4m@vitest/runner[24m/dist/index.js:1209:10[90m)[39m
Test Backend	Run backend tests	2026-01-14T21:59:35.8010558Z     at [90mfile:///home/runner/work/OrgTree/OrgTree/server/[39mnode_modules/[4m@vitest/runner[24m/dist/index.js:1653:37
Test Backend	Run backend tests	2026-01-14T21:59:35.8012511Z     at Traces.$ [90m(file:///home/runner/work/OrgTree/OrgTree/server/[39mnode_modules/[4mvitest[24m/dist/chunks/traces.U4xDYhzZ.js:115:27[90m)[39m {
Test Backend	Run backend tests	2026-01-14T21:59:35.8014089Z   code: [32m'SQLITE_ERROR'[39m
Test Backend	Run backend tests	2026-01-14T21:59:35.8014490Z }
Test Backend	Run backend tests	2026-01-14T21:59:35.8014650Z 
Test Backend	Run backend tests	2026-01-14T21:59:35.8016425Z [90mstderr[2m | src/services/sql-injection.test.ts[2m > [22m[2mSQL Injection Security Tests[2m > [22m[2mData Integrity Verification[2m > [22m[2mshould not leak data across organizations via injection
Test Backend	Run backend tests	2026-01-14T21:59:35.8018280Z [22m[39mDepartment search error: SqliteError: fts5: syntax error near "OR"
Test Backend	Run backend tests	2026-01-14T21:59:35.8019902Z     at searchDepartments [90m(/home/runner/work/OrgTree/OrgTree/server/[39msrc/services/search.service.ts:145:33[90m)[39m
Test Backend	Run backend tests	2026-01-14T21:59:35.8021508Z     at Module.search [90m(/home/runner/work/OrgTree/OrgTree/server/[39msrc/services/search.service.ts:288:27[90m)[39m
Test Backend	Run backend tests	2026-01-14T21:59:35.8022942Z     at [90m/home/runner/work/OrgTree/OrgTree/server/[39msrc/services/sql-injection.test.ts:494:22
Test Backend	Run backend tests	2026-01-14T21:59:35.8024489Z     at [90mfile:///home/runner/work/OrgTree/OrgTree/server/[39mnode_modules/[4m@vitest/runner[24m/dist/index.js:145:11
Test Backend	Run backend tests	2026-01-14T21:59:35.8026233Z     at [90mfile:///home/runner/work/OrgTree/OrgTree/server/[39mnode_modules/[4m@vitest/runner[24m/dist/index.js:915:26
Test Backend	Run backend tests	2026-01-14T21:59:35.8027815Z     at [90mfile:///home/runner/work/OrgTree/OrgTree/server/[39mnode_modules/[4m@vitest/runner[24m/dist/index.js:1243:20
Test Backend	Run backend tests	2026-01-14T21:59:35.8028705Z     at new Promise (<anonymous>)
Test Backend	Run backend tests	2026-01-14T21:59:35.8037168Z     at runWithTimeout [90m(file:///home/runner/work/OrgTree/OrgTree/server/[39mnode_modules/[4m@vitest/runner[24m/dist/index.js:1209:10[90m)[39m
Test Backend	Run backend tests	2026-01-14T21:59:35.8039195Z     at [90mfile:///home/runner/work/OrgTree/OrgTree/server/[39mnode_modules/[4m@vitest/runner[24m/dist/index.js:1653:37
Test Backend	Run backend tests	2026-01-14T21:59:35.8041064Z     at Traces.$ [90m(file:///home/runner/work/OrgTree/OrgTree/server/[39mnode_modules/[4mvitest[24m/dist/chunks/traces.U4xDYhzZ.js:115:27[90m)[39m {
Test Backend	Run backend tests	2026-01-14T21:59:35.8042292Z   code: [32m'SQLITE_ERROR'[39m
Test Backend	Run backend tests	2026-01-14T21:59:35.8042947Z }
Test Backend	Run backend tests	2026-01-14T21:59:35.8043508Z People search error: SqliteError: fts5: syntax error near "OR"
Test Backend	Run backend tests	2026-01-14T21:59:35.8044818Z     at searchPeople [90m(/home/runner/work/OrgTree/OrgTree/server/[39msrc/services/search.service.ts:210:33[90m)[39m
Test Backend	Run backend tests	2026-01-14T21:59:35.8046292Z     at Module.search [90m(/home/runner/work/OrgTree/OrgTree/server/[39msrc/services/search.service.ts:301:29[90m)[39m
Test Backend	Run backend tests	2026-01-14T21:59:35.8047660Z     at [90m/home/runner/work/OrgTree/OrgTree/server/[39msrc/services/sql-injection.test.ts:494:22
Test Backend	Run backend tests	2026-01-14T21:59:35.8049458Z     at [90mfile:///home/runner/work/OrgTree/OrgTree/server/[39mnode_modules/[4m@vitest/runner[24m/dist/index.js:145:11
Test Backend	Run backend tests	2026-01-14T21:59:35.8051062Z     at [90mfile:///home/runner/work/OrgTree/OrgTree/server/[39mnode_modules/[4m@vitest/runner[24m/dist/index.js:915:26
Test Backend	Run backend tests	2026-01-14T21:59:35.8052705Z     at [90mfile:///home/runner/work/OrgTree/OrgTree/server/[39mnode_modules/[4m@vitest/runner[24m/dist/index.js:1243:20
Test Backend	Run backend tests	2026-01-14T21:59:35.8053645Z     at new Promise (<anonymous>)
Test Backend	Run backend tests	2026-01-14T21:59:35.8054869Z     at runWithTimeout [90m(file:///home/runner/work/OrgTree/OrgTree/server/[39mnode_modules/[4m@vitest/runner[24m/dist/index.js:1209:10[90m)[39m
Test Backend	Run backend tests	2026-01-14T21:59:35.8056517Z     at [90mfile:///home/runner/work/OrgTree/OrgTree/server/[39mnode_modules/[4m@vitest/runner[24m/dist/index.js:1653:37
Test Backend	Run backend tests	2026-01-14T21:59:35.8058278Z     at Traces.$ [90m(file:///home/runner/work/OrgTree/OrgTree/server/[39mnode_modules/[4mvitest[24m/dist/chunks/traces.U4xDYhzZ.js:115:27[90m)[39m {
Test Backend	Run backend tests	2026-01-14T21:59:35.8059570Z   code: [32m'SQLITE_ERROR'[39m
Test Backend	Run backend tests	2026-01-14T21:59:35.8059941Z }
Test Backend	Run backend tests	2026-01-14T21:59:35.8060082Z 
Test Backend	Run backend tests	2026-01-14T21:59:35.8061561Z [90mstderr[2m | src/services/sql-injection.test.ts[2m > [22m[2mSQL Injection Security Tests[2m > [22m[2mData Integrity Verification[2m > [22m[2mshould prevent UNION-based data extraction
Test Backend	Run backend tests	2026-01-14T21:59:35.8063223Z [22m[39mDepartment search error: SqliteError: fts5: syntax error near ","
Test Backend	Run backend tests	2026-01-14T21:59:35.8064843Z     at searchDepartments [90m(/home/runner/work/OrgTree/OrgTree/server/[39msrc/services/search.service.ts:145:33[90m)[39m
Test Backend	Run backend tests	2026-01-14T21:59:35.8066413Z     at Module.search [90m(/home/runner/work/OrgTree/OrgTree/server/[39msrc/services/search.service.ts:288:27[90m)[39m
Test Backend	Run backend tests	2026-01-14T21:59:35.8067763Z     at [90m/home/runner/work/OrgTree/OrgTree/server/[39msrc/services/sql-injection.test.ts:504:22
Test Backend	Run backend tests	2026-01-14T21:59:35.8069378Z     at [90mfile:///home/runner/work/OrgTree/OrgTree/server/[39mnode_modules/[4m@vitest/runner[24m/dist/index.js:145:11
Test Backend	Run backend tests	2026-01-14T21:59:35.8070937Z     at [90mfile:///home/runner/work/OrgTree/OrgTree/server/[39mnode_modules/[4m@vitest/runner[24m/dist/index.js:915:26
Test Backend	Run backend tests	2026-01-14T21:59:35.8072465Z     at [90mfile:///home/runner/work/OrgTree/OrgTree/server/[39mnode_modules/[4m@vitest/runner[24m/dist/index.js:1243:20
Test Backend	Run backend tests	2026-01-14T21:59:35.8073372Z     at new Promise (<anonymous>)
Test Backend	Run backend tests	2026-01-14T21:59:35.8074662Z     at runWithTimeout [90m(file:///home/runner/work/OrgTree/OrgTree/server/[39mnode_modules/[4m@vitest/runner[24m/dist/index.js:1209:10[90m)[39m
Test Backend	Run backend tests	2026-01-14T21:59:35.8076408Z     at [90mfile:///home/runner/work/OrgTree/OrgTree/server/[39mnode_modules/[4m@vitest/runner[24m/dist/index.js:1653:37
Test Backend	Run backend tests	2026-01-14T21:59:35.8078173Z     at Traces.$ [90m(file:///home/runner/work/OrgTree/OrgTree/server/[39mnode_modules/[4mvitest[24m/dist/chunks/traces.U4xDYhzZ.js:115:27[90m)[39m {
Test Backend	Run backend tests	2026-01-14T21:59:35.8079395Z   code: [32m'SQLITE_ERROR'[39m
Test Backend	Run backend tests	2026-01-14T21:59:35.8079746Z }
Test Backend	Run backend tests	2026-01-14T21:59:35.8080237Z People search error: SqliteError: fts5: syntax error near ","
Test Backend	Run backend tests	2026-01-14T21:59:35.8081419Z     at searchPeople [90m(/home/runner/work/OrgTree/OrgTree/server/[39msrc/services/search.service.ts:210:33[90m)[39m
Test Backend	Run backend tests	2026-01-14T21:59:35.8082942Z     at Module.search [90m(/home/runner/work/OrgTree/OrgTree/server/[39msrc/services/search.service.ts:301:29[90m)[39m
Test Backend	Run backend tests	2026-01-14T21:59:35.8084316Z     at [90m/home/runner/work/OrgTree/OrgTree/server/[39msrc/services/sql-injection.test.ts:504:22
Test Backend	Run backend tests	2026-01-14T21:59:35.8085967Z     at [90mfile:///home/runner/work/OrgTree/OrgTree/server/[39mnode_modules/[4m@vitest/runner[24m/dist/index.js:145:11
Test Backend	Run backend tests	2026-01-14T21:59:35.8087503Z     at [90mfile:///home/runner/work/OrgTree/OrgTree/server/[39mnode_modules/[4m@vitest/runner[24m/dist/index.js:915:26
Test Backend	Run backend tests	2026-01-14T21:59:35.8089266Z     at [90mfile:///home/runner/work/OrgTree/OrgTree/server/[39mnode_modules/[4m@vitest/runner[24m/dist/index.js:1243:20
Test Backend	Run backend tests	2026-01-14T21:59:35.8090220Z     at new Promise (<anonymous>)
Test Backend	Run backend tests	2026-01-14T21:59:35.8091552Z     at runWithTimeout [90m(file:///home/runner/work/OrgTree/OrgTree/server/[39mnode_modules/[4m@vitest/runner[24m/dist/index.js:1209:10[90m)[39m
Test Backend	Run backend tests	2026-01-14T21:59:35.8093262Z     at [90mfile:///home/runner/work/OrgTree/OrgTree/server/[39mnode_modules/[4m@vitest/runner[24m/dist/index.js:1653:37
Test Backend	Run backend tests	2026-01-14T21:59:35.8095055Z     at Traces.$ [90m(file:///home/runner/work/OrgTree/OrgTree/server/[39mnode_modules/[4mvitest[24m/dist/chunks/traces.U4xDYhzZ.js:115:27[90m)[39m {
Test Backend	Run backend tests	2026-01-14T21:59:35.8096197Z   code: [32m'SQLITE_ERROR'[39m
Test Backend	Run backend tests	2026-01-14T21:59:35.8096564Z }
Test Backend	Run backend tests	2026-01-14T21:59:35.8096713Z 
Test Backend	Run backend tests	2026-01-14T21:59:35.8097534Z  [32m✓[39m src/services/sql-injection.test.ts [2m([22m[2m95 tests[22m[2m)[22m[32m 173[2mms[22m[39m
Test Backend	Run backend tests	2026-01-14T21:59:35.8643186Z [90mstdout[2m | src/routes/members.test.ts
Test Backend	Run backend tests	2026-01-14T21:59:35.8648550Z [22m[39m[dotenv@17.2.3] injecting env (3) from .env.test -- tip: ⚙️  enable debug logging with { debug: true }
Test Backend	Run backend tests	2026-01-14T21:59:35.8649683Z 
Test Backend	Run backend tests	2026-01-14T21:59:35.9994915Z [90mstdout[2m | src/services/member.service.test.ts
Test Backend	Run backend tests	2026-01-14T21:59:36.0001577Z [22m[39m[dotenv@17.2.3] injecting env (3) from .env.test -- tip: ⚙️  load multiple .env files with { path: ['.env.local', '.env'] }
Test Backend	Run backend tests	2026-01-14T21:59:36.0002078Z 
Test Backend	Run backend tests	2026-01-14T21:59:36.0868609Z [90mstdout[2m | src/services/member.service.test.ts[2m > [22m[2mMember Service[2m > [22m[2mcheckOrgAccess[2m > [22m[2mshould return owner access for organization creator
Test Backend	Run backend tests	2026-01-14T21:59:36.0874341Z [22m[39m[checkOrgAccess] User is owner: { orgId: [32m'org-id'[39m, userId: [32m'owner-id'[39m, role: [32m'owner'[39m }
Test Backend	Run backend tests	2026-01-14T21:59:36.0875428Z 
Test Backend	Run backend tests	2026-01-14T21:59:36.0877200Z [90mstdout[2m | src/services/member.service.test.ts[2m > [22m[2mMember Service[2m > [22m[2mcheckOrgAccess[2m > [22m[2mshould return member access for organization member
Test Backend	Run backend tests	2026-01-14T21:59:36.0879960Z [22m[39m[checkOrgAccess] User is member: { orgId: [32m'org-id'[39m, userId: [32m'member-id'[39m, role: [32m'editor'[39m }
Test Backend	Run backend tests	2026-01-14T21:59:36.0881058Z 
Test Backend	Run backend tests	2026-01-14T21:59:36.0931906Z [90mstderr[2m | src/services/member.service.test.ts[2m > [22m[2mMember Service[2m > [22m[2mcheckOrgAccess[2m > [22m[2mshould return no access for non-member
Test Backend	Run backend tests	2026-01-14T21:59:36.0938218Z [90mstdout[2m | src/services/member.service.test.ts[2m > [22m[2mMember Service[2m > [22m[2mrequireOrgPermission[2m > [22m[2mshould not throw for owner with viewer permission
Test Backend	Run backend tests	2026-01-14T21:59:36.0941864Z [22m[39m[checkOrgAccess] User is not owner and not in organization_members: { orgId: [32m'org-id'[39m, userId: [32m'non-member-id'[39m, ownerUserId: [32m'owner-id'[39m }
Test Backend	Run backend tests	2026-01-14T21:59:36.0943999Z [22m[39m[checkOrgAccess] User is owner: { orgId: [32m'org-id'[39m, userId: [32m'owner-id'[39m, role: [32m'owner'[39m }
Test Backend	Run backend tests	2026-01-14T21:59:36.0944780Z 
Test Backend	Run backend tests	2026-01-14T21:59:36.0945670Z 
Test Backend	Run backend tests	2026-01-14T21:59:36.0955387Z [90mstdout[2m | src/services/member.service.test.ts[2m > [22m[2mMember Service[2m > [22m[2mrequireOrgPermission[2m > [22m[2mshould not throw for owner with admin permission
Test Backend	Run backend tests	2026-01-14T21:59:36.0957647Z [22m[39m[checkOrgAccess] User is owner: { orgId: [32m'org-id'[39m, userId: [32m'owner-id'[39m, role: [32m'owner'[39m }
Test Backend	Run backend tests	2026-01-14T21:59:36.0958506Z 
Test Backend	Run backend tests	2026-01-14T21:59:36.0971381Z [90mstdout[2m | src/services/member.service.test.ts[2m > [22m[2mMember Service[2m > [22m[2mrequireOrgPermission[2m > [22m[2mshould not throw for admin with editor permission
Test Backend	Run backend tests	2026-01-14T21:59:36.0975248Z [22m[39m[checkOrgAccess] User is member: { orgId: [32m'org-id'[39m, userId: [32m'member-id'[39m, role: [32m'admin'[39m }
Test Backend	Run backend tests	2026-01-14T21:59:36.0976970Z 
Test Backend	Run backend tests	2026-01-14T21:59:36.0999558Z [90mstderr[2m | src/services/member.service.test.ts[2m > [22m[2mMember Service[2m > [22m[2mrequireOrgPermission[2m > [22m[2mshould throw for non-member
Test Backend	Run backend tests	2026-01-14T21:59:36.1002266Z [22m[39m[checkOrgAccess] User is not owner and not in organization_members: { orgId: [32m'org-id'[39m, userId: [32m'non-member-id'[39m, ownerUserId: [32m'owner-id'[39m }
Test Backend	Run backend tests	2026-01-14T21:59:36.1003466Z 
Test Backend	Run backend tests	2026-01-14T21:59:36.1005113Z [90mstdout[2m | src/services/member.service.test.ts[2m > [22m[2mMember Service[2m > [22m[2mrequireOrgPermission[2m > [22m[2mshould throw for viewer with editor permission
Test Backend	Run backend tests	2026-01-14T21:59:36.1007448Z [22m[39m[checkOrgAccess] User is member: { orgId: [32m'org-id'[39m, userId: [32m'member-id'[39m, role: [32m'viewer'[39m }
Test Backend	Run backend tests	2026-01-14T21:59:36.1008328Z 
Test Backend	Run backend tests	2026-01-14T21:59:36.1032061Z [90mstdout[2m | src/services/member.service.test.ts[2m > [22m[2mMember Service[2m > [22m[2maddOrgMember[2m > [22m[2mshould add new member to organization
Test Backend	Run backend tests	2026-01-14T21:59:36.1050050Z [22m[39m[checkOrgAccess] User is owner: { orgId: [32m'org-id'[39m, userId: [32m'owner-id'[39m, role: [32m'owner'[39m }
Test Backend	Run backend tests	2026-01-14T21:59:36.1050928Z 
Test Backend	Run backend tests	2026-01-14T21:59:36.1052444Z [90mstdout[2m | src/services/member.service.test.ts[2m > [22m[2mMember Service[2m > [22m[2maddOrgMember[2m > [22m[2mshould throw if user is already a member
Test Backend	Run backend tests	2026-01-14T21:59:36.1054647Z [22m[39m[checkOrgAccess] User is owner: { orgId: [32m'org-id'[39m, userId: [32m'owner-id'[39m, role: [32m'owner'[39m }
Test Backend	Run backend tests	2026-01-14T21:59:36.1056482Z [checkOrgAccess] User is owner: { orgId: [32m'org-id'[39m, userId: [32m'owner-id'[39m, role: [32m'owner'[39m }
Test Backend	Run backend tests	2026-01-14T21:59:36.1057279Z 
Test Backend	Run backend tests	2026-01-14T21:59:36.1060806Z [90mstdout[2m | src/services/member.service.test.ts[2m > [22m[2mMember Service[2m > [22m[2maddOrgMember[2m > [22m[2mshould throw if requester is not admin
Test Backend	Run backend tests	2026-01-14T21:59:36.1066546Z [22m[39m[checkOrgAccess] User is member: { orgId: [32m'org-id'[39m, userId: [32m'viewer-id'[39m, role: [32m'viewer'[39m }
Test Backend	Run backend tests	2026-01-14T21:59:36.1067420Z 
Test Backend	Run backend tests	2026-01-14T21:59:36.1068926Z [90mstdout[2m | src/services/member.service.test.ts[2m > [22m[2mMember Service[2m > [22m[2maddMemberByEmail[2m > [22m[2mshould add member by email if user exists
Test Backend	Run backend tests	2026-01-14T21:59:36.1071475Z [22m[39m[checkOrgAccess] User is owner: { orgId: [32m'org-id'[39m, userId: [32m'owner-id'[39m, role: [32m'owner'[39m }
Test Backend	Run backend tests	2026-01-14T21:59:36.1074338Z 
Test Backend	Run backend tests	2026-01-14T21:59:36.1075877Z [90mstdout[2m | src/services/member.service.test.ts[2m > [22m[2mMember Service[2m > [22m[2maddMemberByEmail[2m > [22m[2mshould return error if user not found
Test Backend	Run backend tests	2026-01-14T21:59:36.1078125Z [22m[39m[checkOrgAccess] User is owner: { orgId: [32m'org-id'[39m, userId: [32m'owner-id'[39m, role: [32m'owner'[39m }
Test Backend	Run backend tests	2026-01-14T21:59:36.1079222Z 
Test Backend	Run backend tests	2026-01-14T21:59:36.1087834Z [90mstdout[2m | src/services/member.service.test.ts[2m > [22m[2mMember Service[2m > [22m[2mupdateMemberRole[2m > [22m[2mshould update member role
Test Backend	Run backend tests	2026-01-14T21:59:36.1090497Z [22m[39m[checkOrgAccess] User is owner: { orgId: [32m'org-id'[39m, userId: [32m'owner-id'[39m, role: [32m'owner'[39m }
Test Backend	Run backend tests	2026-01-14T21:59:36.1092342Z 
Test Backend	Run backend tests	2026-01-14T21:59:36.1100218Z [90mstdout[2m | src/services/member.service.test.ts[2m > [22m[2mMember Service[2m > [22m[2mupdateMemberRole[2m > [22m[2mshould throw for invalid role
Test Backend	Run backend tests	2026-01-14T21:59:36.1102616Z [22m[39m[checkOrgAccess] User is owner: { orgId: [32m'org-id'[39m, userId: [32m'owner-id'[39m, role: [32m'owner'[39m }
Test Backend	Run backend tests	2026-01-14T21:59:36.1104927Z 
Test Backend	Run backend tests	2026-01-14T21:59:36.1110946Z [90mstdout[2m | src/services/member.service.test.ts[2m > [22m[2mMember Service[2m > [22m[2mremoveOrgMember[2m > [22m[2mshould remove member from organization
Test Backend	Run backend tests	2026-01-14T21:59:36.1113530Z [22m[39m[checkOrgAccess] User is owner: { orgId: [32m'org-id'[39m, userId: [32m'owner-id'[39m, role: [32m'owner'[39m }
Test Backend	Run backend tests	2026-01-14T21:59:36.1115659Z 
Test Backend	Run backend tests	2026-01-14T21:59:36.1141254Z  [32m✓[39m src/services/member.service.test.ts [2m([22m[2m19 tests[22m[2m)[22m[32m 39[2mms[22m[39m
Test Backend	Run backend tests	2026-01-14T21:59:36.1341602Z  [32m✓[39m src/routes/auth.test.ts [2m([22m[2m20 tests[22m[2m)[22m[32m 141[2mms[22m[39m
Test Backend	Run backend tests	2026-01-14T21:59:36.2361523Z [90mstderr[2m | src/routes/members.test.ts[2m > [22m[2mMembers Routes[2m > [22m[2mGET /api/organizations/:orgId/members[2m > [22m[2mshould reject unauthenticated requests
Test Backend	Run backend tests	2026-01-14T21:59:36.2363872Z [22m[39mFailed to create audit log: TypeError: __vite_ssr_import_0__.default.prepare(...).run is not a function
Test Backend	Run backend tests	2026-01-14T21:59:36.2365668Z     at createAuditLog [90m(/home/runner/work/OrgTree/OrgTree/server/[39msrc/services/audit.service.ts:35:7[90m)[39m
Test Backend	Run backend tests	2026-01-14T21:59:36.2367468Z     at authenticateToken [90m(/home/runner/work/OrgTree/OrgTree/server/[39msrc/middleware/auth.ts:13:5[90m)[39m
Test Backend	Run backend tests	2026-01-14T21:59:36.2369719Z     at Layer.handle [as handle_request] [90m(/home/runner/work/OrgTree/OrgTree/server/[39mnode_modules/[4mexpress[24m/lib/router/layer.js:95:5[90m)[39m
Test Backend	Run backend tests	2026-01-14T21:59:36.2371904Z     at trim_prefix [90m(/home/runner/work/OrgTree/OrgTree/server/[39mnode_modules/[4mexpress[24m/lib/router/index.js:328:13[90m)[39m
Test Backend	Run backend tests	2026-01-14T21:59:36.2373784Z     at [90m/home/runner/work/OrgTree/OrgTree/server/[39mnode_modules/[4mexpress[24m/lib/router/index.js:286:9
Test Backend	Run backend tests	2026-01-14T21:59:36.2375833Z     at Function.process_params [90m(/home/runner/work/OrgTree/OrgTree/server/[39mnode_modules/[4mexpress[24m/lib/router/index.js:346:12[90m)[39m
Test Backend	Run backend tests	2026-01-14T21:59:36.2377936Z     at next [90m(/home/runner/work/OrgTree/OrgTree/server/[39mnode_modules/[4mexpress[24m/lib/router/index.js:280:10[90m)[39m
Test Backend	Run backend tests	2026-01-14T21:59:36.2380155Z     at Function.handle [90m(/home/runner/work/OrgTree/OrgTree/server/[39mnode_modules/[4mexpress[24m/lib/router/index.js:175:3[90m)[39m
Test Backend	Run backend tests	2026-01-14T21:59:36.2382674Z     at router [90m(/home/runner/work/OrgTree/OrgTree/server/[39mnode_modules/[4mexpress[24m/lib/router/index.js:47:12[90m)[39m
Test Backend	Run backend tests	2026-01-14T21:59:36.2384834Z     at Layer.handle [as handle_request] [90m(/home/runner/work/OrgTree/OrgTree/server/[39mnode_modules/[4mexpress[24m/lib/router/layer.js:95:5[90m)[39m
Test Backend	Run backend tests	2026-01-14T21:59:36.2385980Z 
Test Backend	Run backend tests	2026-01-14T21:59:36.3288013Z [90mstdout[2m | src/middleware/csrf.test.ts
Test Backend	Run backend tests	2026-01-14T21:59:36.3299436Z [22m[39m[dotenv@17.2.3] injecting env (3) from .env.test -- tip: 🛠️  run anywhere with `dotenvx run -- yourcommand`
Test Backend	Run backend tests	2026-01-14T21:59:36.3302103Z 
Test Backend	Run backend tests	2026-01-14T21:59:36.3498335Z  [32m✓[39m src/routes/members.test.ts [2m([22m[2m16 tests[22m[2m)[22m[32m 172[2mms[22m[39m
Test Backend	Run backend tests	2026-01-14T21:59:36.3706747Z [90mstdout[2m | src/routes/users.test.ts
Test Backend	Run backend tests	2026-01-14T21:59:36.3709375Z [22m[39m[dotenv@17.2.3] injecting env (3) from .env.test -- tip: 📡 add observability to secrets: https://dotenvx.com/ops
Test Backend	Run backend tests	2026-01-14T21:59:36.3710268Z 
Test Backend	Run backend tests	2026-01-14T21:59:36.4221406Z  [32m✓[39m src/middleware/csrf.test.ts [2m([22m[2m17 tests[22m[2m)[22m[32m 22[2mms[22m[39m
Test Backend	Run backend tests	2026-01-14T21:59:36.5562356Z [90mstdout[2m | src/middleware/auth.test.ts
Test Backend	Run backend tests	2026-01-14T21:59:36.5564254Z [22m[39m[dotenv@17.2.3] injecting env (3) from .env.test -- tip: ⚙️  write to custom object with { processEnv: myObject }
Test Backend	Run backend tests	2026-01-14T21:59:36.5565309Z 
Test Backend	Run backend tests	2026-01-14T21:59:36.6772341Z [90mstdout[2m | src/services/org.service.test.ts
Test Backend	Run backend tests	2026-01-14T21:59:36.6774400Z [22m[39m[dotenv@17.2.3] injecting env (3) from .env.test -- tip: ✅ audit secrets and track compliance: https://dotenvx.com/ops
Test Backend	Run backend tests	2026-01-14T21:59:36.6775564Z 
Test Backend	Run backend tests	2026-01-14T21:59:36.6899617Z [90mstdout[2m | src/routes/users.test.ts
Test Backend	Run backend tests	2026-01-14T21:59:36.6901799Z [22m[39mMigration: Added must_change_password column to users table
Test Backend	Run backend tests	2026-01-14T21:59:36.6902916Z Migration: Created organization_members table
Test Backend	Run backend tests	2026-01-14T21:59:36.6903738Z Migration: Created invitations table
Test Backend	Run backend tests	2026-01-14T21:59:36.6904587Z Migration: Created audit_logs table
Test Backend	Run backend tests	2026-01-14T21:59:36.6905937Z Migration: Created departments_fts table with triggers
Test Backend	Run backend tests	2026-01-14T21:59:36.6906923Z Migration: Created people_fts table with triggers
Test Backend	Run backend tests	2026-01-14T21:59:36.6907788Z Migration: Created refresh_tokens table
Test Backend	Run backend tests	2026-01-14T21:59:36.6910949Z Migration: Created passkeys table
Test Backend	Run backend tests	2026-01-14T21:59:36.6913969Z Migration: Added totp_secret and totp_enabled columns to users table
Test Backend	Run backend tests	2026-01-14T21:59:36.6919953Z Migration: Made audit_logs.organization_id nullable for system-level events
Test Backend	Run backend tests	2026-01-14T21:59:36.6920917Z Migration: Created index idx_departments_parent_id
Test Backend	Run backend tests	2026-01-14T21:59:36.6921667Z Migration: Created index idx_departments_deleted_at
Test Backend	Run backend tests	2026-01-14T21:59:36.6922385Z Migration: Created index idx_people_deleted_at
Test Backend	Run backend tests	2026-01-14T21:59:36.6923143Z Migration: Created index idx_invitations_status_expires
Test Backend	Run backend tests	2026-01-14T21:59:36.6923919Z Migration: Created index idx_organizations_created_by
Test Backend	Run backend tests	2026-01-14T21:59:36.6924681Z Migration: Created 5 performance optimization index(es)
Test Backend	Run backend tests	2026-01-14T21:59:36.6925696Z Database initialized at: /home/runner/work/OrgTree/OrgTree/server/database.db
Test Backend	Run backend tests	2026-01-14T21:59:36.6926270Z 
Test Backend	Run backend tests	2026-01-14T21:59:36.7080552Z  [32m✓[39m src/middleware/auth.test.ts [2m([22m[2m17 tests[22m[2m)[22m[32m 33[2mms[22m[39m
Test Backend	Run backend tests	2026-01-14T21:59:36.7857866Z [90mstdout[2m | src/services/org.service.test.ts[2m > [22m[2mOrganization Service[2m > [22m[2mgetOrganizationById[2m > [22m[2mshould return organization by ID
Test Backend	Run backend tests	2026-01-14T21:59:36.7859823Z [22m[39m[checkOrgAccess] User is owner: {
Test Backend	Run backend tests	2026-01-14T21:59:36.7860695Z   orgId: [32m'ea0a16c6-ad3e-4bc6-83c3-d83064601526'[39m,
Test Backend	Run backend tests	2026-01-14T21:59:36.7861451Z   userId: [32m'test-user-id'[39m,
Test Backend	Run backend tests	2026-01-14T21:59:36.7862029Z   role: [32m'owner'[39m
Test Backend	Run backend tests	2026-01-14T21:59:36.7862407Z }
Test Backend	Run backend tests	2026-01-14T21:59:36.7862574Z 
Test Backend	Run backend tests	2026-01-14T21:59:36.7865183Z [90mstderr[2m | src/services/org.service.test.ts[2m > [22m[2mOrganization Service[2m > [22m[2mgetOrganizationById[2m > [22m[2mshould throw error for non-existent organization
Test Backend	Run backend tests	2026-01-14T21:59:36.7868590Z [22m[39m[checkOrgAccess] Organization not found: { orgId: [32m'non-existent'[39m, userId: [32m'test-user-id'[39m }
Test Backend	Run backend tests	2026-01-14T21:59:36.7869907Z 
Test Backend	Run backend tests	2026-01-14T21:59:36.7886970Z [90mstderr[2m | src/services/org.service.test.ts[2m > [22m[2mOrganization Service[2m > [22m[2mgetOrganizationById[2m > [22m[2mshould throw error if user has no access
Test Backend	Run backend tests	2026-01-14T21:59:36.7897011Z [22m[39m[checkOrgAccess] User is not owner and not in organization_members: {
Test Backend	Run backend tests	2026-01-14T21:59:36.7899231Z [90mstdout[2m | src/services/org.service.test.ts[2m > [22m[2mOrganization Service[2m > [22m[2mupdateOrganization[2m > [22m[2mshould update organization name
Test Backend	Run backend tests	2026-01-14T21:59:36.7900751Z   orgId: [32m'2812401d-920e-4932-98e9-be466b2a57f0'[39m,
Test Backend	Run backend tests	2026-01-14T21:59:36.7901410Z   userId: [32m'test-user-id'[39m,
Test Backend	Run backend tests	2026-01-14T21:59:36.7901981Z   ownerUserId: [32m'other-user-id'[39m
Test Backend	Run backend tests	2026-01-14T21:59:36.7902414Z }
Test Backend	Run backend tests	2026-01-14T21:59:36.7902570Z 
Test Backend	Run backend tests	2026-01-14T21:59:36.7902918Z [22m[39m[checkOrgAccess] User is owner: {
Test Backend	Run backend tests	2026-01-14T21:59:36.7903727Z   orgId: [32m'd42edf51-9d19-4126-bf3d-39aba023dd61'[39m,
Test Backend	Run backend tests	2026-01-14T21:59:36.7904444Z   userId: [32m'test-user-id'[39m,
Test Backend	Run backend tests	2026-01-14T21:59:36.7904988Z   role: [32m'owner'[39m
Test Backend	Run backend tests	2026-01-14T21:59:36.7905378Z }
Test Backend	Run backend tests	2026-01-14T21:59:36.7905543Z 
Test Backend	Run backend tests	2026-01-14T21:59:36.7907001Z [90mstdout[2m | src/services/org.service.test.ts[2m > [22m[2mOrganization Service[2m > [22m[2mupdateOrganization[2m > [22m[2mshould persist update in database
Test Backend	Run backend tests	2026-01-14T21:59:36.7908446Z [22m[39m[checkOrgAccess] User is owner: {
Test Backend	Run backend tests	2026-01-14T21:59:36.7909398Z   orgId: [32m'dc27c56e-70fe-4bc4-a642-73cef416c69a'[39m,
Test Backend	Run backend tests	2026-01-14T21:59:36.7910128Z   userId: [32m'test-user-id'[39m,
Test Backend	Run backend tests	2026-01-14T21:59:36.7910688Z   role: [32m'owner'[39m
Test Backend	Run backend tests	2026-01-14T21:59:36.7911079Z }
Test Backend	Run backend tests	2026-01-14T21:59:36.7911247Z 
Test Backend	Run backend tests	2026-01-14T21:59:36.7925723Z [90mstdout[2m | src/services/org.service.test.ts[2m > [22m[2mOrganization Service[2m > [22m[2mdeleteOrganization[2m > [22m[2mshould delete organization
Test Backend	Run backend tests	2026-01-14T21:59:36.7938035Z [22m[39m[checkOrgAccess] User is owner: {
Test Backend	Run backend tests	2026-01-14T21:59:36.7938882Z   orgId: [32m'840febb1-fbe2-4f55-a769-813a1a5b6007'[39m,
Test Backend	Run backend tests	2026-01-14T21:59:36.7939807Z   userId: [32m'test-user-id'[39m,
Test Backend	Run backend tests	2026-01-14T21:59:36.7940400Z   role: [32m'owner'[39m
Test Backend	Run backend tests	2026-01-14T21:59:36.7940800Z }
Test Backend	Run backend tests	2026-01-14T21:59:36.7940985Z 
Test Backend	Run backend tests	2026-01-14T21:59:36.7942517Z [90mstdout[2m | src/services/org.service.test.ts[2m > [22m[2mOrganization Service[2m > [22m[2mdeleteOrganization[2m > [22m[2mshould throw error if user is not owner
Test Backend	Run backend tests	2026-01-14T21:59:36.7957996Z [22m[39m[checkOrgAccess] User is member: {
Test Backend	Run backend tests	2026-01-14T21:59:36.7958818Z   orgId: [32m'858eed38-f1f3-4d4a-898f-5c1d028eb110'[39m,
Test Backend	Run backend tests	2026-01-14T21:59:36.7959773Z   userId: [32m'test-user-id'[39m,
Test Backend	Run backend tests	2026-01-14T21:59:36.7960337Z   role: [32m'admin'[39m
Test Backend	Run backend tests	2026-01-14T21:59:36.7960745Z }
Test Backend	Run backend tests	2026-01-14T21:59:36.7960930Z 
Test Backend	Run backend tests	2026-01-14T21:59:36.7961802Z  [32m✓[39m src/services/org.service.test.ts [2m([22m[2m14 tests[22m[2m)[22m[32m 35[2mms[22m[39m
Test Backend	Run backend tests	2026-01-14T21:59:36.9071792Z [90mstdout[2m | src/routes/bulk.test.ts
Test Backend	Run backend tests	2026-01-14T21:59:36.9073537Z [22m[39m[dotenv@17.2.3] injecting env (3) from .env.test -- tip: ✅ audit secrets and track compliance: https://dotenvx.com/ops
Test Backend	Run backend tests	2026-01-14T21:59:36.9074429Z 
Test Backend	Run backend tests	2026-01-14T21:59:36.9372464Z  [32m✓[39m src/routes/users.test.ts [2m([22m[2m19 tests[22m[2m)[22m[32m 219[2mms[22m[39m
Test Backend	Run backend tests	2026-01-14T21:59:37.0236737Z [90mstdout[2m | src/services/department.service.test.ts
Test Backend	Run backend tests	2026-01-14T21:59:37.0238859Z [22m[39m[dotenv@17.2.3] injecting env (3) from .env.test -- tip: ⚙️  specify custom .env file path with { path: '/custom/path/.env' }
Test Backend	Run backend tests	2026-01-14T21:59:37.0240259Z 
Test Backend	Run backend tests	2026-01-14T21:59:37.1225181Z  [32m✓[39m src/services/department.service.test.ts [2m([22m[2m15 tests[22m[2m)[22m[32m 36[2mms[22m[39m
Test Backend	Run backend tests	2026-01-14T21:59:37.2042388Z [90mstdout[2m | src/routes/backup.test.ts
Test Backend	Run backend tests	2026-01-14T21:59:37.2047615Z [22m[39m[dotenv@17.2.3] injecting env (3) from .env.test -- tip: ⚙️  load multiple .env files with { path: ['.env.local', '.env'] }
Test Backend	Run backend tests	2026-01-14T21:59:37.2052466Z 
Test Backend	Run backend tests	2026-01-14T21:59:37.2220822Z [90mstdout[2m | src/routes/bulk.test.ts
Test Backend	Run backend tests	2026-01-14T21:59:37.2222226Z [22m[39mDatabase initialized at: /home/runner/work/OrgTree/OrgTree/server/database.db
Test Backend	Run backend tests	2026-01-14T21:59:37.2227825Z 
Test Backend	Run backend tests	2026-01-14T21:59:37.3344192Z [90mstdout[2m | src/routes/audit.test.ts
Test Backend	Run backend tests	2026-01-14T21:59:37.3345934Z [22m[39m[dotenv@17.2.3] injecting env (3) from .env.test -- tip: ⚙️  specify custom .env file path with { path: '/custom/path/.env' }
Test Backend	Run backend tests	2026-01-14T21:59:37.3346800Z 
Test Backend	Run backend tests	2026-01-14T21:59:37.4418643Z  [32m✓[39m src/routes/bulk.test.ts [2m([22m[2m15 tests[22m[2m)[22m[32m 155[2mms[22m[39m
Test Backend	Run backend tests	2026-01-14T21:59:37.5391043Z [90mstdout[2m | src/routes/backup.test.ts
Test Backend	Run backend tests	2026-01-14T21:59:37.5396225Z [22m[39mDatabase initialized at: /home/runner/work/OrgTree/OrgTree/server/database.db
Test Backend	Run backend tests	2026-01-14T21:59:37.5399558Z 
Test Backend	Run backend tests	2026-01-14T21:59:37.6225681Z [90mstderr[2m | src/routes/backup.test.ts[2m > [22m[2mBackup Routes[2m > [22m[2mGET /api/admin/backups[2m > [22m[2mshould reject non-superuser requests
Test Backend	Run backend tests	2026-01-14T21:59:37.6227776Z [22m[39mFailed to create audit log: SqliteError: FOREIGN KEY constraint failed
Test Backend	Run backend tests	2026-01-14T21:59:37.6239901Z     at createAuditLog [90m(/home/runner/work/OrgTree/OrgTree/server/[39msrc/services/audit.service.ts:35:7[90m)[39m
Test Backend	Run backend tests	2026-01-14T21:59:37.6241436Z     at [90m/home/runner/work/OrgTree/OrgTree/server/[39msrc/middleware/auth.ts:70:7
Test Backend	Run backend tests	2026-01-14T21:59:37.6243178Z     at Layer.handle [as handle_request] [90m(/home/runner/work/OrgTree/OrgTree/server/[39mnode_modules/[4mexpress[24m/lib/router/layer.js:95:5[90m)[39m
Test Backend	Run backend tests	2026-01-14T21:59:37.6245098Z     at next [90m(/home/runner/work/OrgTree/OrgTree/server/[39mnode_modules/[4mexpress[24m/lib/router/route.js:149:13[90m)[39m
Test Backend	Run backend tests	2026-01-14T21:59:37.6246723Z     at authenticateToken [90m(/home/runner/work/OrgTree/OrgTree/server/[39msrc/middleware/auth.ts:38:5[90m)[39m
Test Backend	Run backend tests	2026-01-14T21:59:37.6248580Z     at Layer.handle [as handle_request] [90m(/home/runner/work/OrgTree/OrgTree/server/[39mnode_modules/[4mexpress[24m/lib/router/layer.js:95:5[90m)[39m
Test Backend	Run backend tests	2026-01-14T21:59:37.6251272Z     at next [90m(/home/runner/work/OrgTree/OrgTree/server/[39mnode_modules/[4mexpress[24m/lib/router/route.js:149:13[90m)[39m
Test Backend	Run backend tests	2026-01-14T21:59:37.6253277Z     at Route.dispatch [90m(/home/runner/work/OrgTree/OrgTree/server/[39mnode_modules/[4mexpress[24m/lib/router/route.js:119:3[90m)[39m
Test Backend	Run backend tests	2026-01-14T21:59:37.6255475Z     at Layer.handle [as handle_request] [90m(/home/runner/work/OrgTree/OrgTree/server/[39mnode_modules/[4mexpress[24m/lib/router/layer.js:95:5[90m)[39m
Test Backend	Run backend tests	2026-01-14T21:59:37.6257498Z     at [90m/home/runner/work/OrgTree/OrgTree/server/[39mnode_modules/[4mexpress[24m/lib/router/index.js:284:15 {
Test Backend	Run backend tests	2026-01-14T21:59:37.6258722Z   code: [32m'SQLITE_CONSTRAINT_FOREIGNKEY'[39m
Test Backend	Run backend tests	2026-01-14T21:59:37.6302189Z }
Test Backend	Run backend tests	2026-01-14T21:59:37.6302394Z 
Test Backend	Run backend tests	2026-01-14T21:59:37.6390372Z [90mstdout[2m | src/routes/audit.test.ts
Test Backend	Run backend tests	2026-01-14T21:59:37.6391606Z [22m[39mDatabase initialized at: /home/runner/work/OrgTree/OrgTree/server/database.db
Test Backend	Run backend tests	2026-01-14T21:59:37.6392292Z 
Test Backend	Run backend tests	2026-01-14T21:59:37.6486912Z [90mstderr[2m | src/routes/backup.test.ts[2m > [22m[2mBackup Routes[2m > [22m[2mPOST /api/admin/backups[2m > [22m[2mshould reject non-superuser requests
Test Backend	Run backend tests	2026-01-14T21:59:37.6492026Z [22m[39mFailed to create audit log: SqliteError: FOREIGN KEY constraint failed
Test Backend	Run backend tests	2026-01-14T21:59:37.6493618Z     at createAuditLog [90m(/home/runner/work/OrgTree/OrgTree/server/[39msrc/services/audit.service.ts:35:7[90m)[39m
Test Backend	Run backend tests	2026-01-14T21:59:37.6495240Z     at [90m/home/runner/work/OrgTree/OrgTree/server/[39msrc/middleware/auth.ts:70:7
Test Backend	Run backend tests	2026-01-14T21:59:37.6497109Z     at Layer.handle [as handle_request] [90m(/home/runner/work/OrgTree/OrgTree/server/[39mnode_modules/[4mexpress[24m/lib/router/layer.js:95:5[90m)[39m
Test Backend	Run backend tests	2026-01-14T21:59:37.6499441Z     at next [90m(/home/runner/work/OrgTree/OrgTree/server/[39mnode_modules/[4mexpress[24m/lib/router/route.js:149:13[90m)[39m
Test Backend	Run backend tests	2026-01-14T21:59:37.6501773Z     at authenticateToken [90m(/home/runner/work/OrgTree/OrgTree/server/[39msrc/middleware/auth.ts:38:5[90m)[39m
Test Backend	Run backend tests	2026-01-14T21:59:37.6503920Z     at Layer.handle [as handle_request] [90m(/home/runner/work/OrgTree/OrgTree/server/[39mnode_modules/[4mexpress[24m/lib/router/layer.js:95:5[90m)[39m
Test Backend	Run backend tests	2026-01-14T21:59:37.6506049Z     at next [90m(/home/runner/work/OrgTree/OrgTree/server/[39mnode_modules/[4mexpress[24m/lib/router/route.js:149:13[90m)[39m
Test Backend	Run backend tests	2026-01-14T21:59:37.6508084Z     at Route.dispatch [90m(/home/runner/work/OrgTree/OrgTree/server/[39mnode_modules/[4mexpress[24m/lib/router/route.js:119:3[90m)[39m
Test Backend	Run backend tests	2026-01-14T21:59:37.6510556Z     at Layer.handle [as handle_request] [90m(/home/runner/work/OrgTree/OrgTree/server/[39mnode_modules/[4mexpress[24m/lib/router/layer.js:95:5[90m)[39m
Test Backend	Run backend tests	2026-01-14T21:59:37.6512575Z     at [90m/home/runner/work/OrgTree/OrgTree/server/[39mnode_modules/[4mexpress[24m/lib/router/index.js:284:15 {
Test Backend	Run backend tests	2026-01-14T21:59:37.6513802Z   code: [32m'SQLITE_CONSTRAINT_FOREIGNKEY'[39m
Test Backend	Run backend tests	2026-01-14T21:59:37.6514374Z }
Test Backend	Run backend tests	2026-01-14T21:59:37.6514557Z 
Test Backend	Run backend tests	2026-01-14T21:59:37.6549943Z [90mstdout[2m | src/routes/invitations.test.ts
Test Backend	Run backend tests	2026-01-14T21:59:37.6552435Z [22m[39m[dotenv@17.2.3] injecting env (3) from .env.test -- tip: 🔐 prevent building .env in docker: https://dotenvx.com/prebuild
Test Backend	Run backend tests	2026-01-14T21:59:37.6553546Z 
Test Backend	Run backend tests	2026-01-14T21:59:37.6983851Z  [32m✓[39m src/routes/backup.test.ts [2m([22m[2m15 tests[22m[2m)[22m[32m 129[2mms[22m[39m
Test Backend	Run backend tests	2026-01-14T21:59:37.7958427Z  [32m✓[39m src/routes/audit.test.ts [2m([22m[2m12 tests[22m[2m)[22m[32m 142[2mms[22m[39m
Test Backend	Run backend tests	2026-01-14T21:59:37.8921762Z [90mstdout[2m | src/services/people.service.test.ts
Test Backend	Run backend tests	2026-01-14T21:59:37.8928333Z [22m[39m[dotenv@17.2.3] injecting env (3) from .env.test -- tip: ⚙️  suppress all logs with { quiet: true }
Test Backend	Run backend tests	2026-01-14T21:59:37.8930802Z 
Test Backend	Run backend tests	2026-01-14T21:59:37.9730683Z  [32m✓[39m src/services/people.service.test.ts [2m([22m[2m8 tests[22m[2m)[22m[32m 18[2mms[22m[39m
Test Backend	Run backend tests	2026-01-14T21:59:38.0082538Z [90mstdout[2m | src/services/__field-naming-validation.test.ts
Test Backend	Run backend tests	2026-01-14T21:59:38.0088201Z [22m[39m[dotenv@17.2.3] injecting env (3) from .env.test -- tip: 🔐 prevent building .env in docker: https://dotenvx.com/prebuild
Test Backend	Run backend tests	2026-01-14T21:59:38.0093266Z 
Test Backend	Run backend tests	2026-01-14T21:59:38.0102478Z [90mstdout[2m | src/routes/invitations.test.ts
Test Backend	Run backend tests	2026-01-14T21:59:38.0103647Z [22m[39mDatabase initialized at: /home/runner/work/OrgTree/OrgTree/server/database.db
Test Backend	Run backend tests	2026-01-14T21:59:38.0104306Z 
Test Backend	Run backend tests	2026-01-14T21:59:38.0667381Z [90mstdout[2m | src/services/__field-naming-validation.test.ts
Test Backend	Run backend tests	2026-01-14T21:59:38.0669221Z [22m[39mDatabase initialized at: /home/runner/work/OrgTree/OrgTree/server/database.db
Test Backend	Run backend tests	2026-01-14T21:59:38.0670163Z 
Test Backend	Run backend tests	2026-01-14T21:59:38.1624317Z [90mstdout[2m | src/services/__field-naming-validation.test.ts[2m > [22m[2mBackend Field Naming - OrgMap Edge Rendering Validation[2m > [22m[2mCRITICAL: must return snake_case parent_id for OrgMap edge rendering
Test Backend	Run backend tests	2026-01-14T21:59:38.1650231Z [22m[39m[checkOrgAccess] User is owner: {
Test Backend	Run backend tests	2026-01-14T21:59:38.1651544Z   orgId: [32m'd2487760-4fc0-4fcc-ba3a-5c0b7d53b9c3'[39m,
Test Backend	Run backend tests	2026-01-14T21:59:38.1652867Z   userId: [32m'6ba801d3-f66f-4b57-8393-dae67fbe0111'[39m,
Test Backend	Run backend tests	2026-01-14T21:59:38.1653865Z   role: [32m'owner'[39m
Test Backend	Run backend tests	2026-01-14T21:59:38.1654576Z }
Test Backend	Run backend tests	2026-01-14T21:59:38.1655021Z 
Test Backend	Run backend tests	2026-01-14T21:59:38.1693604Z [90mstdout[2m | src/services/__field-naming-validation.test.ts[2m > [22m[2mBackend Field Naming - OrgMap Edge Rendering Validation[2m > [22m[2mCRITICAL: must return snake_case organization_id for departments
Test Backend	Run backend tests	2026-01-14T21:59:38.1695915Z [22m[39m[checkOrgAccess] User is owner: {
Test Backend	Run backend tests	2026-01-14T21:59:38.1697283Z   orgId: [32m'd2487760-4fc0-4fcc-ba3a-5c0b7d53b9c3'[39m,
Test Backend	Run backend tests	2026-01-14T21:59:38.1698438Z   userId: [32m'6ba801d3-f66f-4b57-8393-dae67fbe0111'[39m,
Test Backend	Run backend tests	2026-01-14T21:59:38.1699722Z   role: [32m'owner'[39m
Test Backend	Run backend tests	2026-01-14T21:59:38.1700421Z }
Test Backend	Run backend tests	2026-01-14T21:59:38.1700624Z 
Test Backend	Run backend tests	2026-01-14T21:59:38.1702500Z [90mstdout[2m | src/services/__field-naming-validation.test.ts[2m > [22m[2mBackend Field Naming - OrgMap Edge Rendering Validation[2m > [22m[2mCRITICAL: must return snake_case sort_order for departments
Test Backend	Run backend tests	2026-01-14T21:59:38.1705059Z [22m[39m[checkOrgAccess] User is owner: {
Test Backend	Run backend tests	2026-01-14T21:59:38.1705909Z   orgId: [32m'd2487760-4fc0-4fcc-ba3a-5c0b7d53b9c3'[39m,
Test Backend	Run backend tests	2026-01-14T21:59:38.1706787Z   userId: [32m'6ba801d3-f66f-4b57-8393-dae67fbe0111'[39m,
Test Backend	Run backend tests	2026-01-14T21:59:38.1707445Z   role: [32m'owner'[39m
Test Backend	Run backend tests	2026-01-14T21:59:38.1707859Z }
Test Backend	Run backend tests	2026-01-14T21:59:38.1708041Z 
Test Backend	Run backend tests	2026-01-14T21:59:38.1710656Z [90mstdout[2m | src/services/__field-naming-validation.test.ts[2m > [22m[2mBackend Field Naming - OrgMap Edge Rendering Validation[2m > [22m[2mCRITICAL: must return snake_case timestamp fields for departments
Test Backend	Run backend tests	2026-01-14T21:59:38.1712538Z [22m[39m[checkOrgAccess] User is owner: {
Test Backend	Run backend tests	2026-01-14T21:59:38.1713373Z   orgId: [32m'd2487760-4fc0-4fcc-ba3a-5c0b7d53b9c3'[39m,
Test Backend	Run backend tests	2026-01-14T21:59:38.1714286Z   userId: [32m'6ba801d3-f66f-4b57-8393-dae67fbe0111'[39m,
Test Backend	Run backend tests	2026-01-14T21:59:38.1715128Z   role: [32m'owner'[39m
Test Backend	Run backend tests	2026-01-14T21:59:38.1715552Z }
Test Backend	Run backend tests	2026-01-14T21:59:38.1715749Z 
Test Backend	Run backend tests	2026-01-14T21:59:38.1717673Z [90mstdout[2m | src/services/__field-naming-validation.test.ts[2m > [22m[2mBackend Field Naming - OrgMap Edge Rendering Validation[2m > [22m[2mCRITICAL: must return snake_case department_id for people
Test Backend	Run backend tests	2026-01-14T21:59:38.1719771Z [22m[39m[checkOrgAccess] User is owner: {
Test Backend	Run backend tests	2026-01-14T21:59:38.1720606Z   orgId: [32m'd2487760-4fc0-4fcc-ba3a-5c0b7d53b9c3'[39m,
Test Backend	Run backend tests	2026-01-14T21:59:38.1721449Z   userId: [32m'6ba801d3-f66f-4b57-8393-dae67fbe0111'[39m,
Test Backend	Run backend tests	2026-01-14T21:59:38.1722148Z   role: [32m'owner'[39m
Test Backend	Run backend tests	2026-01-14T21:59:38.1722534Z }
Test Backend	Run backend tests	2026-01-14T21:59:38.1722719Z 
Test Backend	Run backend tests	2026-01-14T21:59:38.1724710Z [90mstdout[2m | src/services/__field-naming-validation.test.ts[2m > [22m[2mBackend Field Naming - OrgMap Edge Rendering Validation[2m > [22m[2mCRITICAL: must return snake_case sort_order and timestamps for people
Test Backend	Run backend tests	2026-01-14T21:59:38.1726578Z [22m[39m[checkOrgAccess] User is owner: {
Test Backend	Run backend tests	2026-01-14T21:59:38.1727729Z   orgId: [32m'd2487760-4fc0-4fcc-ba3a-5c0b7d53b9c3'[39m,
Test Backend	Run backend tests	2026-01-14T21:59:38.1728607Z   userId: [32m'6ba801d3-f66f-4b57-8393-dae67fbe0111'[39m,
Test Backend	Run backend tests	2026-01-14T21:59:38.1729519Z   role: [32m'owner'[39m
Test Backend	Run backend tests	2026-01-14T21:59:38.1729931Z }
Test Backend	Run backend tests	2026-01-14T21:59:38.1730106Z 
Test Backend	Run backend tests	2026-01-14T21:59:38.1761449Z [90mstdout[2m | src/services/__field-naming-validation.test.ts[2m > [22m[2mBackend Field Naming - OrgMap Edge Rendering Validation[2m > [22m[2mCRITICAL: must return snake_case created_by_id for organization
Test Backend	Run backend tests	2026-01-14T21:59:38.1764338Z [22m[39m[checkOrgAccess] User is owner: {
Test Backend	Run backend tests	2026-01-14T21:59:38.1766183Z   orgId: [32m'd2487760-4fc0-4fcc-ba3a-5c0b7d53b9c3'[39m,
Test Backend	Run backend tests	2026-01-14T21:59:38.1767486Z   userId: [32m'6ba801d3-f66f-4b57-8393-dae67fbe0111'[39m,
Test Backend	Run backend tests	2026-01-14T21:59:38.1768962Z   role: [32m'owner'[39m
Test Backend	Run backend tests	2026-01-14T21:59:38.1770052Z }
Test Backend	Run backend tests	2026-01-14T21:59:38.1770948Z 
Test Backend	Run backend tests	2026-01-14T21:59:38.1772280Z  [32m✓[39m src/services/__field-naming-validation.test.ts [2m([22m[2m7 tests[22m[2m)[22m[32m 84[2mms[22m[39m
Test Backend	Run backend tests	2026-01-14T21:59:38.2056366Z [90mstdout[2m | src/services/auth.service.test.ts
Test Backend	Run backend tests	2026-01-14T21:59:38.2058041Z [22m[39m[dotenv@17.2.3] injecting env (3) from .env.test -- tip: 🗂️ backup and recover secrets: https://dotenvx.com/ops
Test Backend	Run backend tests	2026-01-14T21:59:38.2058900Z 
Test Backend	Run backend tests	2026-01-14T21:59:38.2766743Z  [32m✓[39m src/routes/invitations.test.ts [2m([22m[2m13 tests[22m[2m)[22m[32m 125[2mms[22m[39m
Test Backend	Run backend tests	2026-01-14T21:59:38.3962050Z [90mstdout[2m | src/routes/public.test.ts
Test Backend	Run backend tests	2026-01-14T21:59:38.3963557Z [22m[39m[dotenv@17.2.3] injecting env (3) from .env.test -- tip: ⚙️  load multiple .env files with { path: ['.env.local', '.env'] }
Test Backend	Run backend tests	2026-01-14T21:59:38.3964333Z 
Test Backend	Run backend tests	2026-01-14T21:59:38.5028791Z [90mstdout[2m | src/routes/import.test.ts
Test Backend	Run backend tests	2026-01-14T21:59:38.5030438Z [22m[39m[dotenv@17.2.3] injecting env (3) from .env.test -- tip: 🔄 add secrets lifecycle management: https://dotenvx.com/ops
Test Backend	Run backend tests	2026-01-14T21:59:38.5031213Z 
Test Backend	Run backend tests	2026-01-14T21:59:38.7749816Z  [32m✓[39m src/routes/public.test.ts [2m([22m[2m5 tests[22m[2m)[22m[32m 50[2mms[22m[39m
Test Backend	Run backend tests	2026-01-14T21:59:38.9046899Z  [32m✓[39m src/routes/import.test.ts [2m([22m[2m5 tests[22m[2m)[22m[32m 105[2mms[22m[39m
Test Backend	Run backend tests	2026-01-14T21:59:38.9567759Z [90mstdout[2m | src/routes/csrf.test.ts
Test Backend	Run backend tests	2026-01-14T21:59:38.9571519Z [22m[39m[dotenv@17.2.3] injecting env (3) from .env.test -- tip: 🔄 add secrets lifecycle management: https://dotenvx.com/ops
Test Backend	Run backend tests	2026-01-14T21:59:38.9572378Z 
Test Backend	Run backend tests	2026-01-14T21:59:39.1543535Z [90mstderr[2m | src/routes/csrf.test.ts[2m > [22m[2mCSRF Routes[2m > [22m[2mGET /api/csrf-token[2m > [22m[2mshould handle CSRF token generation errors
Test Backend	Run backend tests	2026-01-14T21:59:39.1545316Z [22m[39mError generating CSRF token: Error: Token generation failed
Test Backend	Run backend tests	2026-01-14T21:59:39.1546601Z     at [90m/home/runner/work/OrgTree/OrgTree/server/[39msrc/routes/csrf.test.ts:85:15
Test Backend	Run backend tests	2026-01-14T21:59:39.1548514Z     at createCsrfTokenPair [90m(file:///home/runner/work/OrgTree/OrgTree/server/[39mnode_modules/[4m@vitest/spy[24m/dist/index.js:285:34[90m)[39m
Test Backend	Run backend tests	2026-01-14T21:59:39.1550552Z     at [90m/home/runner/work/OrgTree/OrgTree/server/[39msrc/routes/csrf.ts:28:29
Test Backend	Run backend tests	2026-01-14T21:59:39.1552422Z     at Layer.handle [as handle_request] [90m(/home/runner/work/OrgTree/OrgTree/server/[39mnode_modules/[4mexpress[24m/lib/router/layer.js:95:5[90m)[39m
Test Backend	Run backend tests	2026-01-14T21:59:39.1554562Z     at next [90m(/home/runner/work/OrgTree/OrgTree/server/[39mnode_modules/[4mexpress[24m/lib/router/route.js:149:13[90m)[39m
Test Backend	Run backend tests	2026-01-14T21:59:39.1556645Z     at Route.dispatch [90m(/home/runner/work/OrgTree/OrgTree/server/[39mnode_modules/[4mexpress[24m/lib/router/route.js:119:3[90m)[39m
Test Backend	Run backend tests	2026-01-14T21:59:39.1559215Z     at Layer.handle [as handle_request] [90m(/home/runner/work/OrgTree/OrgTree/server/[39mnode_modules/[4mexpress[24m/lib/router/layer.js:95:5[90m)[39m
Test Backend	Run backend tests	2026-01-14T21:59:39.1561275Z     at [90m/home/runner/work/OrgTree/OrgTree/server/[39mnode_modules/[4mexpress[24m/lib/router/index.js:284:15
Test Backend	Run backend tests	2026-01-14T21:59:39.1563353Z     at Function.process_params [90m(/home/runner/work/OrgTree/OrgTree/server/[39mnode_modules/[4mexpress[24m/lib/router/index.js:346:12[90m)[39m
Test Backend	Run backend tests	2026-01-14T21:59:39.1565923Z     at next [90m(/home/runner/work/OrgTree/OrgTree/server/[39mnode_modules/[4mexpress[24m/lib/router/index.js:280:10[90m)[39m
Test Backend	Run backend tests	2026-01-14T21:59:39.1566860Z 
Test Backend	Run backend tests	2026-01-14T21:59:39.1594199Z  [32m✓[39m src/routes/csrf.test.ts [2m([22m[2m5 tests[22m[2m)[22m[32m 37[2mms[22m[39m
Test Backend	Run backend tests	2026-01-14T21:59:39.2957019Z  [32m✓[39m src/services/auth.service.test.ts [2m([22m[2m11 tests[22m[2m)[22m[33m 950[2mms[22m[39m
Test Backend	Run backend tests	2026-01-14T21:59:39.2995952Z 
Test Backend	Run backend tests	2026-01-14T21:59:39.3002264Z [2m Test Files [22m [1m[32m23 passed[39m[22m[90m (23)[39m
Test Backend	Run backend tests	2026-01-14T21:59:39.3008888Z [2m      Tests [22m [1m[32m423 passed[39m[22m[90m (423)[39m
Test Backend	Run backend tests	2026-01-14T21:59:39.3009799Z [2m   Start at [22m 21:59:34
Test Backend	Run backend tests	2026-01-14T21:59:39.3010983Z [2m   Duration [22m 4.54s[2m (transform 1.45s, setup 550ms, import 5.11s, tests 2.79s, environment 4ms)[22m
Test Backend	Run backend tests	2026-01-14T21:59:39.3011896Z 
Test Backend	Run backend tests with coverage	﻿2026-01-14T21:59:39.3323092Z ##[group]Run cd server && npm run test:coverage
Test Backend	Run backend tests with coverage	2026-01-14T21:59:39.3323482Z [36;1mcd server && npm run test:coverage[0m
Test Backend	Run backend tests with coverage	2026-01-14T21:59:39.3355981Z shell: /usr/bin/bash -e {0}
Test Backend	Run backend tests with coverage	2026-01-14T21:59:39.3356228Z env:
Test Backend	Run backend tests with coverage	2026-01-14T21:59:39.3356397Z   NODE_ENV: test
Test Backend	Run backend tests with coverage	2026-01-14T21:59:39.3356593Z ##[endgroup]
Test Backend	Run backend tests with coverage	2026-01-14T21:59:39.4483901Z 
Test Backend	Run backend tests with coverage	2026-01-14T21:59:39.4484673Z > orgtree-server@1.0.0 test:coverage
Test Backend	Run backend tests with coverage	2026-01-14T21:59:39.4486204Z > vitest run --coverage
Test Backend	Run backend tests with coverage	2026-01-14T21:59:39.4486482Z 
Test Backend	Run backend tests with coverage	2026-01-14T21:59:39.9004166Z 
Test Backend	Run backend tests with coverage	2026-01-14T21:59:39.9007677Z [1m[46m RUN [49m[22m [36mv4.0.16 [39m[90m/home/runner/work/OrgTree/OrgTree/server[39m
Test Backend	Run backend tests with coverage	2026-01-14T21:59:39.9010378Z       [2mCoverage enabled with [22m[33mv8[39m
Test Backend	Run backend tests with coverage	2026-01-14T21:59:39.9010841Z 
Test Backend	Run backend tests with coverage	2026-01-14T21:59:40.2030580Z [90mstdout[2m | src/routes/users.test.ts
Test Backend	Run backend tests with coverage	2026-01-14T21:59:40.2032335Z [22m[39m[dotenv@17.2.3] injecting env (3) from .env.test -- tip: ⚙️  override existing env vars with { override: true }
Test Backend	Run backend tests with coverage	2026-01-14T21:59:40.2033549Z 
Test Backend	Run backend tests with coverage	2026-01-14T21:59:40.2035228Z [90mstdout[2m | src/services/sql-injection.test.ts
Test Backend	Run backend tests with coverage	2026-01-14T21:59:40.2036763Z [22m[39m[dotenv@17.2.3] injecting env (3) from .env.test -- tip: 🔐 encrypt with Dotenvx: https://dotenvx.com
Test Backend	Run backend tests with coverage	2026-01-14T21:59:40.2037697Z 
Test Backend	Run backend tests with coverage	2026-01-14T21:59:40.2038306Z [90mstdout[2m | src/services/auth.service.test.ts
Test Backend	Run backend tests with coverage	2026-01-14T21:59:40.2039991Z [22m[39m[dotenv@17.2.3] injecting env (3) from .env.test -- tip: ⚙️  enable debug logging with { debug: true }
Test Backend	Run backend tests with coverage	2026-01-14T21:59:40.2040919Z 
Test Backend	Run backend tests with coverage	2026-01-14T21:59:40.5533100Z [90mstderr[2m | src/services/sql-injection.test.ts[2m > [22m[2mSQL Injection Security Tests[2m > [22m[2mSearch Service - SQL Injection Protection[2m > [22m[2msearch() with classic SQL injection payloads[2m > [22m[2mshould safely handle payload: ' OR '1'='1...
Test Backend	Run backend tests with coverage	2026-01-14T21:59:40.5535723Z [22m[39mDepartment search error: SqliteError: fts5: syntax error near "OR"
Test Backend	Run backend tests with coverage	2026-01-14T21:59:40.5537392Z     at searchDepartments [90m(/home/runner/work/OrgTree/OrgTree/server/[39msrc/services/search.service.ts:145:33[90m)[39m
Test Backend	Run backend tests with coverage	2026-01-14T21:59:40.5539582Z     at Module.search [90m(/home/runner/work/OrgTree/OrgTree/server/[39msrc/services/search.service.ts:288:27[90m)[39m
Test Backend	Run backend tests with coverage	2026-01-14T21:59:40.5541295Z     at [90m/home/runner/work/OrgTree/OrgTree/server/[39msrc/services/sql-injection.test.ts:253:26
Test Backend	Run backend tests with coverage	2026-01-14T21:59:40.5542944Z     at [90mfile:///home/runner/work/OrgTree/OrgTree/server/[39mnode_modules/[4m@vitest/runner[24m/dist/index.js:145:11
Test Backend	Run backend tests with coverage	2026-01-14T21:59:40.5544823Z     at [90mfile:///home/runner/work/OrgTree/OrgTree/server/[39mnode_modules/[4m@vitest/runner[24m/dist/index.js:915:26
Test Backend	Run backend tests with coverage	2026-01-14T21:59:40.5546634Z     at [90mfile:///home/runner/work/OrgTree/OrgTree/server/[39mnode_modules/[4m@vitest/runner[24m/dist/index.js:1243:20
Test Backend	Run backend tests with coverage	2026-01-14T21:59:40.5547705Z     at new Promise (<anonymous>)
Test Backend	Run backend tests with coverage	2026-01-14T21:59:40.5557976Z     at runWithTimeout [90m(file:///home/runner/work/OrgTree/OrgTree/server/[39mnode_modules/[4m@vitest/runner[24m/dist/index.js:1209:10[90m)[39m
Test Backend	Run backend tests with coverage	2026-01-14T21:59:40.5560297Z     at [90mfile:///home/runner/work/OrgTree/OrgTree/server/[39mnode_modules/[4m@vitest/runner[24m/dist/index.js:1653:37
Test Backend	Run backend tests with coverage	2026-01-14T21:59:40.5562428Z     at Traces.$ [90m(file:///home/runner/work/OrgTree/OrgTree/server/[39mnode_modules/[4mvitest[24m/dist/chunks/traces.U4xDYhzZ.js:115:27[90m)[39m {
Test Backend	Run backend tests with coverage	2026-01-14T21:59:40.5563776Z   code: [32m'SQLITE_ERROR'[39m
Test Backend	Run backend tests with coverage	2026-01-14T21:59:40.5564235Z }
Test Backend	Run backend tests with coverage	2026-01-14T21:59:40.5564827Z People search error: SqliteError: fts5: syntax error near "OR"
Test Backend	Run backend tests with coverage	2026-01-14T21:59:40.5566252Z     at searchPeople [90m(/home/runner/work/OrgTree/OrgTree/server/[39msrc/services/search.service.ts:210:33[90m)[39m
Test Backend	Run backend tests with coverage	2026-01-14T21:59:40.5567972Z     at Module.search [90m(/home/runner/work/OrgTree/OrgTree/server/[39msrc/services/search.service.ts:301:29[90m)[39m
Test Backend	Run backend tests with coverage	2026-01-14T21:59:40.5569781Z     at [90m/home/runner/work/OrgTree/OrgTree/server/[39msrc/services/sql-injection.test.ts:253:26
Test Backend	Run backend tests with coverage	2026-01-14T21:59:40.5571407Z     at [90mfile:///home/runner/work/OrgTree/OrgTree/server/[39mnode_modules/[4m@vitest/runner[24m/dist/index.js:145:11
Test Backend	Run backend tests with coverage	2026-01-14T21:59:40.5573821Z     at [90mfile:///home/runner/work/OrgTree/OrgTree/server/[39mnode_modules/[4m@vitest/runner[24m/dist/index.js:915:26
Test Backend	Run backend tests with coverage	2026-01-14T21:59:40.5575630Z     at [90mfile:///home/runner/work/OrgTree/OrgTree/server/[39mnode_modules/[4m@vitest/runner[24m/dist/index.js:1243:20
Test Backend	Run backend tests with coverage	2026-01-14T21:59:40.5576717Z     at new Promise (<anonymous>)
Test Backend	Run backend tests with coverage	2026-01-14T21:59:40.5578196Z     at runWithTimeout [90m(file:///home/runner/work/OrgTree/OrgTree/server/[39mnode_modules/[4m@vitest/runner[24m/dist/index.js:1209:10[90m)[39m
Test Backend	Run backend tests with coverage	2026-01-14T21:59:40.5580401Z     at [90mfile:///home/runner/work/OrgTree/OrgTree/server/[39mnode_modules/[4m@vitest/runner[24m/dist/index.js:1653:37
Test Backend	Run backend tests with coverage	2026-01-14T21:59:40.5582457Z     at Traces.$ [90m(file:///home/runner/work/OrgTree/OrgTree/server/[39mnode_modules/[4mvitest[24m/dist/chunks/traces.U4xDYhzZ.js:115:27[90m)[39m {
Test Backend	Run backend tests with coverage	2026-01-14T21:59:40.5584126Z   code: [32m'SQLITE_ERROR'[39m
Test Backend	Run backend tests with coverage	2026-01-14T21:59:40.5584586Z }
Test Backend	Run backend tests with coverage	2026-01-14T21:59:40.5584765Z 
Test Backend	Run backend tests with coverage	2026-01-14T21:59:40.5587276Z [90mstderr[2m | src/services/sql-injection.test.ts[2m > [22m[2mSQL Injection Security Tests[2m > [22m[2mSearch Service - SQL Injection Protection[2m > [22m[2msearch() with classic SQL injection payloads[2m > [22m[2mshould safely handle payload: ' OR '1'='1' --...
Test Backend	Run backend tests with coverage	2026-01-14T21:59:40.5589928Z [22m[39mDepartment search error: SqliteError: fts5: syntax error near "OR"
Test Backend	Run backend tests with coverage	2026-01-14T21:59:40.5591494Z     at searchDepartments [90m(/home/runner/work/OrgTree/OrgTree/server/[39msrc/services/search.service.ts:145:33[90m)[39m
Test Backend	Run backend tests with coverage	2026-01-14T21:59:40.5593375Z     at Module.search [90m(/home/runner/work/OrgTree/OrgTree/server/[39msrc/services/search.service.ts:288:27[90m)[39m
Test Backend	Run backend tests with coverage	2026-01-14T21:59:40.5594963Z     at [90m/home/runner/work/OrgTree/OrgTree/server/[39msrc/services/sql-injection.test.ts:253:26
Test Backend	Run backend tests with coverage	2026-01-14T21:59:40.5596665Z     at [90mfile:///home/runner/work/OrgTree/OrgTree/server/[39mnode_modules/[4m@vitest/runner[24m/dist/index.js:145:11
Test Backend	Run backend tests with coverage	2026-01-14T21:59:40.5598492Z     at [90mfile:///home/runner/work/OrgTree/OrgTree/server/[39mnode_modules/[4m@vitest/runner[24m/dist/index.js:915:26
Test Backend	Run backend tests with coverage	2026-01-14T21:59:40.5600506Z     at [90mfile:///home/runner/work/OrgTree/OrgTree/server/[39mnode_modules/[4m@vitest/runner[24m/dist/index.js:1243:20
Test Backend	Run backend tests with coverage	2026-01-14T21:59:40.5601599Z     at new Promise (<anonymous>)
Test Backend	Run backend tests with coverage	2026-01-14T21:59:40.5603148Z     at runWithTimeout [90m(file:///home/runner/work/OrgTree/OrgTree/server/[39mnode_modules/[4m@vitest/runner[24m/dist/index.js:1209:10[90m)[39m
Test Backend	Run backend tests with coverage	2026-01-14T21:59:40.5605187Z     at [90mfile:///home/runner/work/OrgTree/OrgTree/server/[39mnode_modules/[4m@vitest/runner[24m/dist/index.js:1653:37
Test Backend	Run backend tests with coverage	2026-01-14T21:59:40.5607298Z     at Traces.$ [90m(file:///home/runner/work/OrgTree/OrgTree/server/[39mnode_modules/[4mvitest[24m/dist/chunks/traces.U4xDYhzZ.js:115:27[90m)[39m {
Test Backend	Run backend tests with coverage	2026-01-14T21:59:40.5614913Z   code: [32m'SQLITE_ERROR'[39m
Test Backend	Run backend tests with coverage	2026-01-14T21:59:40.5615328Z }
Test Backend	Run backend tests with coverage	2026-01-14T21:59:40.5615953Z People search error: SqliteError: fts5: syntax error near "OR"
Test Backend	Run backend tests with coverage	2026-01-14T21:59:40.5617428Z     at searchPeople [90m(/home/runner/work/OrgTree/OrgTree/server/[39msrc/services/search.service.ts:210:33[90m)[39m
Test Backend	Run backend tests with coverage	2026-01-14T21:59:40.5619550Z     at Module.search [90m(/home/runner/work/OrgTree/OrgTree/server/[39msrc/services/search.service.ts:301:29[90m)[39m
Test Backend	Run backend tests with coverage	2026-01-14T21:59:40.5621204Z     at [90m/home/runner/work/OrgTree/OrgTree/server/[39msrc/services/sql-injection.test.ts:253:26
Test Backend	Run backend tests with coverage	2026-01-14T21:59:40.5622954Z     at [90mfile:///home/runner/work/OrgTree/OrgTree/server/[39mnode_modules/[4m@vitest/runner[24m/dist/index.js:145:11
Test Backend	Run backend tests with coverage	2026-01-14T21:59:40.5624889Z     at [90mfile:///home/runner/work/OrgTree/OrgTree/server/[39mnode_modules/[4m@vitest/runner[24m/dist/index.js:915:26
Test Backend	Run backend tests with coverage	2026-01-14T21:59:40.5626834Z     at [90mfile:///home/runner/work/OrgTree/OrgTree/server/[39mnode_modules/[4m@vitest/runner[24m/dist/index.js:1243:20
Test Backend	Run backend tests with coverage	2026-01-14T21:59:40.5627948Z     at new Promise (<anonymous>)
Test Backend	Run backend tests with coverage	2026-01-14T21:59:40.5630052Z     at runWithTimeout [90m(file:///home/runner/work/OrgTree/OrgTree/server/[39mnode_modules/[4m@vitest/runner[24m/dist/index.js:1209:10[90m)[39m
Test Backend	Run backend tests with coverage	2026-01-14T21:59:40.5632099Z     at [90mfile:///home/runner/work/OrgTree/OrgTree/server/[39mnode_modules/[4m@vitest/runner[24m/dist/index.js:1653:37
Test Backend	Run backend tests with coverage	2026-01-14T21:59:40.5634201Z     at Traces.$ [90m(file:///home/runner/work/OrgTree/OrgTree/server/[39mnode_modules/[4mvitest[24m/dist/chunks/traces.U4xDYhzZ.js:115:27[90m)[39m {
Test Backend	Run backend tests with coverage	2026-01-14T21:59:40.5635563Z   code: [32m'SQLITE_ERROR'[39m
Test Backend	Run backend tests with coverage	2026-01-14T21:59:40.5635974Z }
Test Backend	Run backend tests with coverage	2026-01-14T21:59:40.5636136Z 
Test Backend	Run backend tests with coverage	2026-01-14T21:59:40.5638434Z [90mstderr[2m | src/services/sql-injection.test.ts[2m > [22m[2mSQL Injection Security Tests[2m > [22m[2mSearch Service - SQL Injection Protection[2m > [22m[2msearch() with classic SQL injection payloads[2m > [22m[2mshould safely handle payload: ' OR '1'='1' /*...
Test Backend	Run backend tests with coverage	2026-01-14T21:59:40.5641209Z [22m[39mDepartment search error: SqliteError: fts5: syntax error near "OR"
Test Backend	Run backend tests with coverage	2026-01-14T21:59:40.5643500Z     at searchDepartments [90m(/home/runner/work/OrgTree/OrgTree/server/[39msrc/services/search.service.ts:145:33[90m)[39m
Test Backend	Run backend tests with coverage	2026-01-14T21:59:40.5645330Z     at Module.search [90m(/home/runner/work/OrgTree/OrgTree/server/[39msrc/services/search.service.ts:288:27[90m)[39m
Test Backend	Run backend tests with coverage	2026-01-14T21:59:40.5646898Z     at [90m/home/runner/work/OrgTree/OrgTree/server/[39msrc/services/sql-injection.test.ts:253:26
Test Backend	Run backend tests with coverage	2026-01-14T21:59:40.5648539Z     at [90mfile:///home/runner/work/OrgTree/OrgTree/server/[39mnode_modules/[4m@vitest/runner[24m/dist/index.js:145:11
Test Backend	Run backend tests with coverage	2026-01-14T21:59:40.5650541Z     at [90mfile:///home/runner/work/OrgTree/OrgTree/server/[39mnode_modules/[4m@vitest/runner[24m/dist/index.js:915:26
Test Backend	Run backend tests with coverage	2026-01-14T21:59:40.5652281Z     at [90mfile:///home/runner/work/OrgTree/OrgTree/server/[39mnode_modules/[4m@vitest/runner[24m/dist/index.js:1243:20
Test Backend	Run backend tests with coverage	2026-01-14T21:59:40.5653351Z     at new Promise (<anonymous>)
Test Backend	Run backend tests with coverage	2026-01-14T21:59:40.5654887Z     at runWithTimeout [90m(file:///home/runner/work/OrgTree/OrgTree/server/[39mnode_modules/[4m@vitest/runner[24m/dist/index.js:1209:10[90m)[39m
Test Backend	Run backend tests with coverage	2026-01-14T21:59:40.5656868Z     at [90mfile:///home/runner/work/OrgTree/OrgTree/server/[39mnode_modules/[4m@vitest/runner[24m/dist/index.js:1653:37
Test Backend	Run backend tests with coverage	2026-01-14T21:59:40.5658917Z     at Traces.$ [90m(file:///home/runner/work/OrgTree/OrgTree/server/[39mnode_modules/[4mvitest[24m/dist/chunks/traces.U4xDYhzZ.js:115:27[90m)[39m {
Test Backend	Run backend tests with coverage	2026-01-14T21:59:40.5660448Z   code: [32m'SQLITE_ERROR'[39m
Test Backend	Run backend tests with coverage	2026-01-14T21:59:40.5660889Z }
Test Backend	Run backend tests with coverage	2026-01-14T21:59:40.5661462Z People search error: SqliteError: fts5: syntax error near "OR"
Test Backend	Run backend tests with coverage	2026-01-14T21:59:40.5669666Z     at searchPeople [90m(/home/runner/work/OrgTree/OrgTree/server/[39msrc/services/search.service.ts:210:33[90m)[39m
Test Backend	Run backend tests with coverage	2026-01-14T21:59:40.5671460Z     at Module.search [90m(/home/runner/work/OrgTree/OrgTree/server/[39msrc/services/search.service.ts:301:29[90m)[39m
Test Backend	Run backend tests with coverage	2026-01-14T21:59:40.5673091Z     at [90m/home/runner/work/OrgTree/OrgTree/server/[39msrc/services/sql-injection.test.ts:253:26
Test Backend	Run backend tests with coverage	2026-01-14T21:59:40.5674814Z     at [90mfile:///home/runner/work/OrgTree/OrgTree/server/[39mnode_modules/[4m@vitest/runner[24m/dist/index.js:145:11
Test Backend	Run backend tests with coverage	2026-01-14T21:59:40.5676641Z     at [90mfile:///home/runner/work/OrgTree/OrgTree/server/[39mnode_modules/[4m@vitest/runner[24m/dist/index.js:915:26
Test Backend	Run backend tests with coverage	2026-01-14T21:59:40.5682323Z     at [90mfile:///home/runner/work/OrgTree/OrgTree/server/[39mnode_modules/[4m@vitest/runner[24m/dist/index.js:1243:20
Test Backend	Run backend tests with coverage	2026-01-14T21:59:40.5683456Z     at new Promise (<anonymous>)
Test Backend	Run backend tests with coverage	2026-01-14T21:59:40.5685003Z     at runWithTimeout [90m(file:///home/runner/work/OrgTree/OrgTree/server/[39mnode_modules/[4m@vitest/runner[24m/dist/index.js:1209:10[90m)[39m
Test Backend	Run backend tests with coverage	2026-01-14T21:59:40.5687022Z     at [90mfile:///home/runner/work/OrgTree/OrgTree/server/[39mnode_modules/[4m@vitest/runner[24m/dist/index.js:1653:37
Test Backend	Run backend tests with coverage	2026-01-14T21:59:40.5689337Z     at Traces.$ [90m(file:///home/runner/work/OrgTree/OrgTree/server/[39mnode_modules/[4mvitest[24m/dist/chunks/traces.U4xDYhzZ.js:115:27[90m)[39m {
Test Backend	Run backend tests with coverage	2026-01-14T21:59:40.5691009Z   code: [32m'SQLITE_ERROR'[39m
Test Backend	Run backend tests with coverage	2026-01-14T21:59:40.5691455Z }
Test Backend	Run backend tests with coverage	2026-01-14T21:59:40.5691631Z 
Test Backend	Run backend tests with coverage	2026-01-14T21:59:40.5694068Z [90mstderr[2m | src/services/sql-injection.test.ts[2m > [22m[2mSQL Injection Security Tests[2m > [22m[2mSearch Service - SQL Injection Protection[2m > [22m[2msearch() with classic SQL injection payloads[2m > [22m[2mshould safely handle payload: " OR "1"="1...
Test Backend	Run backend tests with coverage	2026-01-14T21:59:40.5696541Z [22m[39mDepartment search error: SqliteError: fts5: syntax error near "OR"
Test Backend	Run backend tests with coverage	2026-01-14T21:59:40.5698110Z     at searchDepartments [90m(/home/runner/work/OrgTree/OrgTree/server/[39msrc/services/search.service.ts:145:33[90m)[39m
Test Backend	Run backend tests with coverage	2026-01-14T21:59:40.5700161Z     at Module.search [90m(/home/runner/work/OrgTree/OrgTree/server/[39msrc/services/search.service.ts:288:27[90m)[39m
Test Backend	Run backend tests with coverage	2026-01-14T21:59:40.5701753Z     at [90m/home/runner/work/OrgTree/OrgTree/server/[39msrc/services/sql-injection.test.ts:253:26
Test Backend	Run backend tests with coverage	2026-01-14T21:59:40.5703682Z     at [90mfile:///home/runner/work/OrgTree/OrgTree/server/[39mnode_modules/[4m@vitest/runner[24m/dist/index.js:145:11
Test Backend	Run backend tests with coverage	2026-01-14T21:59:40.5705423Z     at [90mfile:///home/runner/work/OrgTree/OrgTree/server/[39mnode_modules/[4m@vitest/runner[24m/dist/index.js:915:26
Test Backend	Run backend tests with coverage	2026-01-14T21:59:40.5707157Z     at [90mfile:///home/runner/work/OrgTree/OrgTree/server/[39mnode_modules/[4m@vitest/runner[24m/dist/index.js:1243:20
Test Backend	Run backend tests with coverage	2026-01-14T21:59:40.5708180Z     at new Promise (<anonymous>)
Test Backend	Run backend tests with coverage	2026-01-14T21:59:40.5709809Z     at runWithTimeout [90m(file:///home/runner/work/OrgTree/OrgTree/server/[39mnode_modules/[4m@vitest/runner[24m/dist/index.js:1209:10[90m)[39m
Test Backend	Run backend tests with coverage	2026-01-14T21:59:40.5711752Z     at [90mfile:///home/runner/work/OrgTree/OrgTree/server/[39mnode_modules/[4m@vitest/runner[24m/dist/index.js:1653:37
Test Backend	Run backend tests with coverage	2026-01-14T21:59:40.5713713Z     at Traces.$ [90m(file:///home/runner/work/OrgTree/OrgTree/server/[39mnode_modules/[4mvitest[24m/dist/chunks/traces.U4xDYhzZ.js:115:27[90m)[39m {
Test Backend	Run backend tests with coverage	2026-01-14T21:59:40.5714971Z   code: [32m'SQLITE_ERROR'[39m
Test Backend	Run backend tests with coverage	2026-01-14T21:59:40.5715380Z }
Test Backend	Run backend tests with coverage	2026-01-14T21:59:40.5715946Z People search error: SqliteError: fts5: syntax error near "OR"
Test Backend	Run backend tests with coverage	2026-01-14T21:59:40.5717290Z     at searchPeople [90m(/home/runner/work/OrgTree/OrgTree/server/[39msrc/services/search.service.ts:210:33[90m)[39m
Test Backend	Run backend tests with coverage	2026-01-14T21:59:40.5719254Z     at Module.search [90m(/home/runner/work/OrgTree/OrgTree/server/[39msrc/services/search.service.ts:301:29[90m)[39m
Test Backend	Run backend tests with coverage	2026-01-14T21:59:40.5720811Z     at [90m/home/runner/work/OrgTree/OrgTree/server/[39msrc/services/sql-injection.test.ts:253:26
Test Backend	Run backend tests with coverage	2026-01-14T21:59:40.5722430Z     at [90mfile:///home/runner/work/OrgTree/OrgTree/server/[39mnode_modules/[4m@vitest/runner[24m/dist/index.js:145:11
Test Backend	Run backend tests with coverage	2026-01-14T21:59:40.5724117Z     at [90mfile:///home/runner/work/OrgTree/OrgTree/server/[39mnode_modules/[4m@vitest/runner[24m/dist/index.js:915:26
Test Backend	Run backend tests with coverage	2026-01-14T21:59:40.5725824Z     at [90mfile:///home/runner/work/OrgTree/OrgTree/server/[39mnode_modules/[4m@vitest/runner[24m/dist/index.js:1243:20
Test Backend	Run backend tests with coverage	2026-01-14T21:59:40.5726836Z     at new Promise (<anonymous>)
Test Backend	Run backend tests with coverage	2026-01-14T21:59:40.5728283Z     at runWithTimeout [90m(file:///home/runner/work/OrgTree/OrgTree/server/[39mnode_modules/[4m@vitest/runner[24m/dist/index.js:1209:10[90m)[39m
Test Backend	Run backend tests with coverage	2026-01-14T21:59:40.5736535Z     at [90mfile:///home/runner/work/OrgTree/OrgTree/server/[39mnode_modules/[4m@vitest/runner[24m/dist/index.js:1653:37
Test Backend	Run backend tests with coverage	2026-01-14T21:59:40.5738635Z     at Traces.$ [90m(file:///home/runner/work/OrgTree/OrgTree/server/[39mnode_modules/[4mvitest[24m/dist/chunks/traces.U4xDYhzZ.js:115:27[90m)[39m {
Test Backend	Run backend tests with coverage	2026-01-14T21:59:40.5740188Z   code: [32m'SQLITE_ERROR'[39m
Test Backend	Run backend tests with coverage	2026-01-14T21:59:40.5740627Z }
Test Backend	Run backend tests with coverage	2026-01-14T21:59:40.5740807Z 
Test Backend	Run backend tests with coverage	2026-01-14T21:59:40.5743279Z [90mstderr[2m | src/services/sql-injection.test.ts[2m > [22m[2mSQL Injection Security Tests[2m > [22m[2mSearch Service - SQL Injection Protection[2m > [22m[2msearch() with classic SQL injection payloads[2m > [22m[2mshould safely handle payload: '; DROP TABLE users; --...
Test Backend	Run backend tests with coverage	2026-01-14T21:59:40.5746080Z [22m[39mDepartment search error: SqliteError: fts5: syntax error near ";"
Test Backend	Run backend tests with coverage	2026-01-14T21:59:40.5747651Z     at searchDepartments [90m(/home/runner/work/OrgTree/OrgTree/server/[39msrc/services/search.service.ts:145:33[90m)[39m
Test Backend	Run backend tests with coverage	2026-01-14T21:59:40.5749722Z     at Module.search [90m(/home/runner/work/OrgTree/OrgTree/server/[39msrc/services/search.service.ts:288:27[90m)[39m
Test Backend	Run backend tests with coverage	2026-01-14T21:59:40.5751331Z     at [90m/home/runner/work/OrgTree/OrgTree/server/[39msrc/services/sql-injection.test.ts:253:26
Test Backend	Run backend tests with coverage	2026-01-14T21:59:40.5753060Z     at [90mfile:///home/runner/work/OrgTree/OrgTree/server/[39mnode_modules/[4m@vitest/runner[24m/dist/index.js:145:11
Test Backend	Run backend tests with coverage	2026-01-14T21:59:40.5754896Z     at [90mfile:///home/runner/work/OrgTree/OrgTree/server/[39mnode_modules/[4m@vitest/runner[24m/dist/index.js:915:26
Test Backend	Run backend tests with coverage	2026-01-14T21:59:40.5756703Z     at [90mfile:///home/runner/work/OrgTree/OrgTree/server/[39mnode_modules/[4m@vitest/runner[24m/dist/index.js:1243:20
Test Backend	Run backend tests with coverage	2026-01-14T21:59:40.5758119Z     at new Promise (<anonymous>)
Test Backend	Run backend tests with coverage	2026-01-14T21:59:40.5759777Z     at runWithTimeout [90m(file:///home/runner/work/OrgTree/OrgTree/server/[39mnode_modules/[4m@vitest/runner[24m/dist/index.js:1209:10[90m)[39m
Test Backend	Run backend tests with coverage	2026-01-14T21:59:40.5761664Z     at [90mfile:///home/runner/work/OrgTree/OrgTree/server/[39mnode_modules/[4m@vitest/runner[24m/dist/index.js:1653:37
Test Backend	Run backend tests with coverage	2026-01-14T21:59:40.5764537Z     at Traces.$ [90m(file:///home/runner/work/OrgTree/OrgTree/server/[39mnode_modules/[4mvitest[24m/dist/chunks/traces.U4xDYhzZ.js:115:27[90m)[39m {
Test Backend	Run backend tests with coverage	2026-01-14T21:59:40.5772260Z   code: [32m'SQLITE_ERROR'[39m
Test Backend	Run backend tests with coverage	2026-01-14T21:59:40.5772785Z }
Test Backend	Run backend tests with coverage	2026-01-14T21:59:40.5773391Z People search error: SqliteError: fts5: syntax error near ";"
Test Backend	Run backend tests with coverage	2026-01-14T21:59:40.5774871Z     at searchPeople [90m(/home/runner/work/OrgTree/OrgTree/server/[39msrc/services/search.service.ts:210:33[90m)[39m
Test Backend	Run backend tests with coverage	2026-01-14T21:59:40.5776731Z     at Module.search [90m(/home/runner/work/OrgTree/OrgTree/server/[39msrc/services/search.service.ts:301:29[90m)[39m
Test Backend	Run backend tests with coverage	2026-01-14T21:59:40.5778381Z     at [90m/home/runner/work/OrgTree/OrgTree/server/[39msrc/services/sql-injection.test.ts:253:26
Test Backend	Run backend tests with coverage	2026-01-14T21:59:40.5780322Z     at [90mfile:///home/runner/work/OrgTree/OrgTree/server/[39mnode_modules/[4m@vitest/runner[24m/dist/index.js:145:11
Test Backend	Run backend tests with coverage	2026-01-14T21:59:40.5782098Z     at [90mfile:///home/runner/work/OrgTree/OrgTree/server/[39mnode_modules/[4m@vitest/runner[24m/dist/index.js:915:26
Test Backend	Run backend tests with coverage	2026-01-14T21:59:40.5783860Z     at [90mfile:///home/runner/work/OrgTree/OrgTree/server/[39mnode_modules/[4m@vitest/runner[24m/dist/index.js:1243:20
Test Backend	Run backend tests with coverage	2026-01-14T21:59:40.5784957Z     at new Promise (<anonymous>)
Test Backend	Run backend tests with coverage	2026-01-14T21:59:40.5786476Z     at runWithTimeout [90m(file:///home/runner/work/OrgTree/OrgTree/server/[39mnode_modules/[4m@vitest/runner[24m/dist/index.js:1209:10[90m)[39m
Test Backend	Run backend tests with coverage	2026-01-14T21:59:40.5788445Z     at [90mfile:///home/runner/work/OrgTree/OrgTree/server/[39mnode_modules/[4m@vitest/runner[24m/dist/index.js:1653:37
Test Backend	Run backend tests with coverage	2026-01-14T21:59:40.5790776Z     at Traces.$ [90m(file:///home/runner/work/OrgTree/OrgTree/server/[39mnode_modules/[4mvitest[24m/dist/chunks/traces.U4xDYhzZ.js:115:27[90m)[39m {
Test Backend	Run backend tests with coverage	2026-01-14T21:59:40.5792106Z   code: [32m'SQLITE_ERROR'[39m
Test Backend	Run backend tests with coverage	2026-01-14T21:59:40.5792554Z }
Test Backend	Run backend tests with coverage	2026-01-14T21:59:40.5792726Z 
Test Backend	Run backend tests with coverage	2026-01-14T21:59:40.5795426Z [90mstderr[2m | src/services/sql-injection.test.ts[2m > [22m[2mSQL Injection Security Tests[2m > [22m[2mSearch Service - SQL Injection Protection[2m > [22m[2msearch() with classic SQL injection payloads[2m > [22m[2mshould safely handle payload: '; DELETE FROM departments; --...
Test Backend	Run backend tests with coverage	2026-01-14T21:59:40.5798008Z [22m[39mDepartment search error: SqliteError: fts5: syntax error near ";"
Test Backend	Run backend tests with coverage	2026-01-14T21:59:40.5799790Z     at searchDepartments [90m(/home/runner/work/OrgTree/OrgTree/server/[39msrc/services/search.service.ts:145:33[90m)[39m
Test Backend	Run backend tests with coverage	2026-01-14T21:59:40.5823685Z     at Module.search [90m(/home/runner/work/OrgTree/OrgTree/server/[39msrc/services/search.service.ts:288:27[90m)[39m
Test Backend	Run backend tests with coverage	2026-01-14T21:59:40.5843375Z     at [90m/home/runner/work/OrgTree/OrgTree/server/[39msrc/services/sql-injection.test.ts:253:26
Test Backend	Run backend tests with coverage	2026-01-14T21:59:40.5844961Z     at [90mfile:///home/runner/work/OrgTree/OrgTree/server/[39mnode_modules/[4m@vitest/runner[24m/dist/index.js:145:11
Test Backend	Run backend tests with coverage	2026-01-14T21:59:40.5846625Z     at [90mfile:///home/runner/work/OrgTree/OrgTree/server/[39mnode_modules/[4m@vitest/runner[24m/dist/index.js:915:26
Test Backend	Run backend tests with coverage	2026-01-14T21:59:40.5848384Z     at [90mfile:///home/runner/work/OrgTree/OrgTree/server/[39mnode_modules/[4m@vitest/runner[24m/dist/index.js:1243:20
Test Backend	Run backend tests with coverage	2026-01-14T21:59:40.5849695Z     at new Promise (<anonymous>)
Test Backend	Run backend tests with coverage	2026-01-14T21:59:40.5851185Z     at runWithTimeout [90m(file:///home/runner/work/OrgTree/OrgTree/server/[39mnode_modules/[4m@vitest/runner[24m/dist/index.js:1209:10[90m)[39m
Test Backend	Run backend tests with coverage	2026-01-14T21:59:40.5853164Z     at [90mfile:///home/runner/work/OrgTree/OrgTree/server/[39mnode_modules/[4m@vitest/runner[24m/dist/index.js:1653:37
Test Backend	Run backend tests with coverage	2026-01-14T21:59:40.5855547Z     at Traces.$ [90m(file:///home/runner/work/OrgTree/OrgTree/server/[39mnode_modules/[4mvitest[24m/dist/chunks/traces.U4xDYhzZ.js:115:27[90m)[39m {
Test Backend	Run backend tests with coverage	2026-01-14T21:59:40.5856834Z   code: [32m'SQLITE_ERROR'[39m
Test Backend	Run backend tests with coverage	2026-01-14T21:59:40.5857292Z }
Test Backend	Run backend tests with coverage	2026-01-14T21:59:40.5857860Z People search error: SqliteError: fts5: syntax error near ";"
Test Backend	Run backend tests with coverage	2026-01-14T21:59:40.5859425Z     at searchPeople [90m(/home/runner/work/OrgTree/OrgTree/server/[39msrc/services/search.service.ts:210:33[90m)[39m
Test Backend	Run backend tests with coverage	2026-01-14T21:59:40.5861431Z     at Module.search [90m(/home/runner/work/OrgTree/OrgTree/server/[39msrc/services/search.service.ts:301:29[90m)[39m
Test Backend	Run backend tests with coverage	2026-01-14T21:59:40.5863176Z     at [90m/home/runner/work/OrgTree/OrgTree/server/[39msrc/services/sql-injection.test.ts:253:26
Test Backend	Run backend tests with coverage	2026-01-14T21:59:40.5864751Z     at [90mfile:///home/runner/work/OrgTree/OrgTree/server/[39mnode_modules/[4m@vitest/runner[24m/dist/index.js:145:11
Test Backend	Run backend tests with coverage	2026-01-14T21:59:40.5866516Z     at [90mfile:///home/runner/work/OrgTree/OrgTree/server/[39mnode_modules/[4m@vitest/runner[24m/dist/index.js:915:26
Test Backend	Run backend tests with coverage	2026-01-14T21:59:40.5868216Z     at [90mfile:///home/runner/work/OrgTree/OrgTree/server/[39mnode_modules/[4m@vitest/runner[24m/dist/index.js:1243:20
Test Backend	Run backend tests with coverage	2026-01-14T21:59:40.5869421Z     at new Promise (<anonymous>)
Test Backend	Run backend tests with coverage	2026-01-14T21:59:40.5870885Z     at runWithTimeout [90m(file:///home/runner/work/OrgTree/OrgTree/server/[39mnode_modules/[4m@vitest/runner[24m/dist/index.js:1209:10[90m)[39m
Test Backend	Run backend tests with coverage	2026-01-14T21:59:40.5873061Z     at [90mfile:///home/runner/work/OrgTree/OrgTree/server/[39mnode_modules/[4m@vitest/runner[24m/dist/index.js:1653:37
Test Backend	Run backend tests with coverage	2026-01-14T21:59:40.5874855Z     at Traces.$ [90m(file:///home/runner/work/OrgTree/OrgTree/server/[39mnode_modules/[4mvitest[24m/dist/chunks/traces.U4xDYhzZ.js:115:27[90m)[39m {
Test Backend	Run backend tests with coverage	2026-01-14T21:59:40.5876060Z   code: [32m'SQLITE_ERROR'[39m
Test Backend	Run backend tests with coverage	2026-01-14T21:59:40.5876478Z }
Test Backend	Run backend tests with coverage	2026-01-14T21:59:40.5876641Z 
Test Backend	Run backend tests with coverage	2026-01-14T21:59:40.5878938Z [90mstderr[2m | src/services/sql-injection.test.ts[2m > [22m[2mSQL Injection Security Tests[2m > [22m[2mSearch Service - SQL Injection Protection[2m > [22m[2msearch() with classic SQL injection payloads[2m > [22m[2mshould safely handle payload: 1; SELECT * FROM users...
Test Backend	Run backend tests with coverage	2026-01-14T21:59:40.5881583Z [22m[39mDepartment search error: SqliteError: fts5: syntax error near ";"
Test Backend	Run backend tests with coverage	2026-01-14T21:59:40.5883148Z     at searchDepartments [90m(/home/runner/work/OrgTree/OrgTree/server/[39msrc/services/search.service.ts:145:33[90m)[39m
Test Backend	Run backend tests with coverage	2026-01-14T21:59:40.5884940Z     at Module.search [90m(/home/runner/work/OrgTree/OrgTree/server/[39msrc/services/search.service.ts:288:27[90m)[39m
Test Backend	Run backend tests with coverage	2026-01-14T21:59:40.5886505Z     at [90m/home/runner/work/OrgTree/OrgTree/server/[39msrc/services/sql-injection.test.ts:253:26
Test Backend	Run backend tests with coverage	2026-01-14T21:59:40.5888175Z     at [90mfile:///home/runner/work/OrgTree/OrgTree/server/[39mnode_modules/[4m@vitest/runner[24m/dist/index.js:145:11
Test Backend	Run backend tests with coverage	2026-01-14T21:59:40.5890131Z     at [90mfile:///home/runner/work/OrgTree/OrgTree/server/[39mnode_modules/[4m@vitest/runner[24m/dist/index.js:915:26
Test Backend	Run backend tests with coverage	2026-01-14T21:59:40.5892277Z     at [90mfile:///home/runner/work/OrgTree/OrgTree/server/[39mnode_modules/[4m@vitest/runner[24m/dist/index.js:1243:20
Test Backend	Run backend tests with coverage	2026-01-14T21:59:40.5893320Z     at new Promise (<anonymous>)
Test Backend	Run backend tests with coverage	2026-01-14T21:59:40.5894752Z     at runWithTimeout [90m(file:///home/runner/work/OrgTree/OrgTree/server/[39mnode_modules/[4m@vitest/runner[24m/dist/index.js:1209:10[90m)[39m
Test Backend	Run backend tests with coverage	2026-01-14T21:59:40.5896753Z     at [90mfile:///home/runner/work/OrgTree/OrgTree/server/[39mnode_modules/[4m@vitest/runner[24m/dist/index.js:1653:37
Test Backend	Run backend tests with coverage	2026-01-14T21:59:40.5898800Z     at Traces.$ [90m(file:///home/runner/work/OrgTree/OrgTree/server/[39mnode_modules/[4mvitest[24m/dist/chunks/traces.U4xDYhzZ.js:115:27[90m)[39m {
Test Backend	Run backend tests with coverage	2026-01-14T21:59:40.5904482Z   code: [32m'SQLITE_ERROR'[39m
Test Backend	Run backend tests with coverage	2026-01-14T21:59:40.5904941Z }
Test Backend	Run backend tests with coverage	2026-01-14T21:59:40.5905532Z People search error: SqliteError: fts5: syntax error near ";"
Test Backend	Run backend tests with coverage	2026-01-14T21:59:40.5907257Z     at searchPeople [90m(/home/runner/work/OrgTree/OrgTree/server/[39msrc/services/search.service.ts:210:33[90m)[39m
Test Backend	Run backend tests with coverage	2026-01-14T21:59:40.5909387Z     at Module.search [90m(/home/runner/work/OrgTree/OrgTree/server/[39msrc/services/search.service.ts:301:29[90m)[39m
Test Backend	Run backend tests with coverage	2026-01-14T21:59:40.5911060Z     at [90m/home/runner/work/OrgTree/OrgTree/server/[39msrc/services/sql-injection.test.ts:253:26
Test Backend	Run backend tests with coverage	2026-01-14T21:59:40.5912742Z     at [90mfile:///home/runner/work/OrgTree/OrgTree/server/[39mnode_modules/[4m@vitest/runner[24m/dist/index.js:145:11
Test Backend	Run backend tests with coverage	2026-01-14T21:59:40.5914588Z     at [90mfile:///home/runner/work/OrgTree/OrgTree/server/[39mnode_modules/[4m@vitest/runner[24m/dist/index.js:915:26
Test Backend	Run backend tests with coverage	2026-01-14T21:59:40.5916370Z     at [90mfile:///home/runner/work/OrgTree/OrgTree/server/[39mnode_modules/[4m@vitest/runner[24m/dist/index.js:1243:20
Test Backend	Run backend tests with coverage	2026-01-14T21:59:40.5917437Z     at new Promise (<anonymous>)
Test Backend	Run backend tests with coverage	2026-01-14T21:59:40.5919249Z     at runWithTimeout [90m(file:///home/runner/work/OrgTree/OrgTree/server/[39mnode_modules/[4m@vitest/runner[24m/dist/index.js:1209:10[90m)[39m
Test Backend	Run backend tests with coverage	2026-01-14T21:59:40.5921288Z     at [90mfile:///home/runner/work/OrgTree/OrgTree/server/[39mnode_modules/[4m@vitest/runner[24m/dist/index.js:1653:37
Test Backend	Run backend tests with coverage	2026-01-14T21:59:40.5923369Z     at Traces.$ [90m(file:///home/runner/work/OrgTree/OrgTree/server/[39mnode_modules/[4mvitest[24m/dist/chunks/traces.U4xDYhzZ.js:115:27[90m)[39m {
Test Backend	Run backend tests with coverage	2026-01-14T21:59:40.5924696Z   code: [32m'SQLITE_ERROR'[39m
Test Backend	Run backend tests with coverage	2026-01-14T21:59:40.5925122Z }
Test Backend	Run backend tests with coverage	2026-01-14T21:59:40.5925302Z 
Test Backend	Run backend tests with coverage	2026-01-14T21:59:40.5928102Z [90mstderr[2m | src/services/sql-injection.test.ts[2m > [22m[2mSQL Injection Security Tests[2m > [22m[2mSearch Service - SQL Injection Protection[2m > [22m[2msearch() with classic SQL injection payloads[2m > [22m[2mshould safely handle payload: 1' UNION SELECT password_hash FROM users...
Test Backend	Run backend tests with coverage	2026-01-14T21:59:40.5931063Z [22m[39mDepartment search error: SqliteError: fts5: syntax error near "-"
Test Backend	Run backend tests with coverage	2026-01-14T21:59:40.5932676Z     at searchDepartments [90m(/home/runner/work/OrgTree/OrgTree/server/[39msrc/services/search.service.ts:145:33[90m)[39m
Test Backend	Run backend tests with coverage	2026-01-14T21:59:40.5943834Z     at Module.search [90m(/home/runner/work/OrgTree/OrgTree/server/[39msrc/services/search.service.ts:288:27[90m)[39m
Test Backend	Run backend tests with coverage	2026-01-14T21:59:40.5945517Z     at [90m/home/runner/work/OrgTree/OrgTree/server/[39msrc/services/sql-injection.test.ts:253:26
Test Backend	Run backend tests with coverage	2026-01-14T21:59:40.5947236Z     at [90mfile:///home/runner/work/OrgTree/OrgTree/server/[39mnode_modules/[4m@vitest/runner[24m/dist/index.js:145:11
Test Backend	Run backend tests with coverage	2026-01-14T21:59:40.5949285Z     at [90mfile:///home/runner/work/OrgTree/OrgTree/server/[39mnode_modules/[4m@vitest/runner[24m/dist/index.js:915:26
Test Backend	Run backend tests with coverage	2026-01-14T21:59:40.5951097Z     at [90mfile:///home/runner/work/OrgTree/OrgTree/server/[39mnode_modules/[4m@vitest/runner[24m/dist/index.js:1243:20
Test Backend	Run backend tests with coverage	2026-01-14T21:59:40.5952182Z     at new Promise (<anonymous>)
Test Backend	Run backend tests with coverage	2026-01-14T21:59:40.5953708Z     at runWithTimeout [90m(file:///home/runner/work/OrgTree/OrgTree/server/[39mnode_modules/[4m@vitest/runner[24m/dist/index.js:1209:10[90m)[39m
Test Backend	Run backend tests with coverage	2026-01-14T21:59:40.5956056Z     at [90mfile:///home/runner/work/OrgTree/OrgTree/server/[39mnode_modules/[4m@vitest/runner[24m/dist/index.js:1653:37
Test Backend	Run backend tests with coverage	2026-01-14T21:59:40.5958118Z     at Traces.$ [90m(file:///home/runner/work/OrgTree/OrgTree/server/[39mnode_modules/[4mvitest[24m/dist/chunks/traces.U4xDYhzZ.js:115:27[90m)[39m {
Test Backend	Run backend tests with coverage	2026-01-14T21:59:40.5959744Z   code: [32m'SQLITE_ERROR'[39m
Test Backend	Run backend tests with coverage	2026-01-14T21:59:40.5960210Z }
Test Backend	Run backend tests with coverage	2026-01-14T21:59:40.5960822Z People search error: SqliteError: fts5: syntax error near "-"
Test Backend	Run backend tests with coverage	2026-01-14T21:59:40.5962298Z     at searchPeople [90m(/home/runner/work/OrgTree/OrgTree/server/[39msrc/services/search.service.ts:210:33[90m)[39m
Test Backend	Run backend tests with coverage	2026-01-14T21:59:40.5964140Z     at Module.search [90m(/home/runner/work/OrgTree/OrgTree/server/[39msrc/services/search.service.ts:301:29[90m)[39m
Test Backend	Run backend tests with coverage	2026-01-14T21:59:40.5965802Z     at [90m/home/runner/work/OrgTree/OrgTree/server/[39msrc/services/sql-injection.test.ts:253:26
Test Backend	Run backend tests with coverage	2026-01-14T21:59:40.5967784Z     at [90mfile:///home/runner/work/OrgTree/OrgTree/server/[39mnode_modules/[4m@vitest/runner[24m/dist/index.js:145:11
Test Backend	Run backend tests with coverage	2026-01-14T21:59:40.5969873Z     at [90mfile:///home/runner/work/OrgTree/OrgTree/server/[39mnode_modules/[4m@vitest/runner[24m/dist/index.js:915:26
Test Backend	Run backend tests with coverage	2026-01-14T21:59:40.5971691Z     at [90mfile:///home/runner/work/OrgTree/OrgTree/server/[39mnode_modules/[4m@vitest/runner[24m/dist/index.js:1243:20
Test Backend	Run backend tests with coverage	2026-01-14T21:59:40.5972765Z     at new Promise (<anonymous>)
Test Backend	Run backend tests with coverage	2026-01-14T21:59:40.5974263Z     at runWithTimeout [90m(file:///home/runner/work/OrgTree/OrgTree/server/[39mnode_modules/[4m@vitest/runner[24m/dist/index.js:1209:10[90m)[39m
Test Backend	Run backend tests with coverage	2026-01-14T21:59:40.5976285Z     at [90mfile:///home/runner/work/OrgTree/OrgTree/server/[39mnode_modules/[4m@vitest/runner[24m/dist/index.js:1653:37
Test Backend	Run backend tests with coverage	2026-01-14T21:59:40.5978376Z     at Traces.$ [90m(file:///home/runner/work/OrgTree/OrgTree/server/[39mnode_modules/[4mvitest[24m/dist/chunks/traces.U4xDYhzZ.js:115:27[90m)[39m {
Test Backend	Run backend tests with coverage	2026-01-14T21:59:40.5979976Z   code: [32m'SQLITE_ERROR'[39m
Test Backend	Run backend tests with coverage	2026-01-14T21:59:40.5980442Z }
Test Backend	Run backend tests with coverage	2026-01-14T21:59:40.5980621Z 
Test Backend	Run backend tests with coverage	2026-01-14T21:59:40.5983056Z [90mstderr[2m | src/services/sql-injection.test.ts[2m > [22m[2mSQL Injection Security Tests[2m > [22m[2mSearch Service - SQL Injection Protection[2m > [22m[2msearch() with classic SQL injection payloads[2m > [22m[2mshould safely handle payload: ' AND 1=1 --...
Test Backend	Run backend tests with coverage	2026-01-14T21:59:40.5985514Z [22m[39mDepartment search error: SqliteError: fts5: syntax error near "AND"
Test Backend	Run backend tests with coverage	2026-01-14T21:59:40.5987138Z     at searchDepartments [90m(/home/runner/work/OrgTree/OrgTree/server/[39msrc/services/search.service.ts:145:33[90m)[39m
Test Backend	Run backend tests with coverage	2026-01-14T21:59:40.5989171Z     at Module.search [90m(/home/runner/work/OrgTree/OrgTree/server/[39msrc/services/search.service.ts:288:27[90m)[39m
Test Backend	Run backend tests with coverage	2026-01-14T21:59:40.5990852Z     at [90m/home/runner/work/OrgTree/OrgTree/server/[39msrc/services/sql-injection.test.ts:253:26
Test Backend	Run backend tests with coverage	2026-01-14T21:59:40.5992561Z     at [90mfile:///home/runner/work/OrgTree/OrgTree/server/[39mnode_modules/[4m@vitest/runner[24m/dist/index.js:145:11
Test Backend	Run backend tests with coverage	2026-01-14T21:59:40.5994492Z     at [90mfile:///home/runner/work/OrgTree/OrgTree/server/[39mnode_modules/[4m@vitest/runner[24m/dist/index.js:915:26
Test Backend	Run backend tests with coverage	2026-01-14T21:59:40.5996301Z     at [90mfile:///home/runner/work/OrgTree/OrgTree/server/[39mnode_modules/[4m@vitest/runner[24m/dist/index.js:1243:20
Test Backend	Run backend tests with coverage	2026-01-14T21:59:40.5997398Z     at new Promise (<anonymous>)
Test Backend	Run backend tests with coverage	2026-01-14T21:59:40.5998929Z     at runWithTimeout [90m(file:///home/runner/work/OrgTree/OrgTree/server/[39mnode_modules/[4m@vitest/runner[24m/dist/index.js:1209:10[90m)[39m
Test Backend	Run backend tests with coverage	2026-01-14T21:59:40.6001146Z     at [90mfile:///home/runner/work/OrgTree/OrgTree/server/[39mnode_modules/[4m@vitest/runner[24m/dist/index.js:1653:37
Test Backend	Run backend tests with coverage	2026-01-14T21:59:40.6003252Z     at Traces.$ [90m(file:///home/runner/work/OrgTree/OrgTree/server/[39mnode_modules/[4mvitest[24m/dist/chunks/traces.U4xDYhzZ.js:115:27[90m)[39m {
Test Backend	Run backend tests with coverage	2026-01-14T21:59:40.6004604Z   code: [32m'SQLITE_ERROR'[39m
Test Backend	Run backend tests with coverage	2026-01-14T21:59:40.6005349Z }
Test Backend	Run backend tests with coverage	2026-01-14T21:59:40.6005969Z People search error: SqliteError: fts5: syntax error near "AND"
Test Backend	Run backend tests with coverage	2026-01-14T21:59:40.6007456Z     at searchPeople [90m(/home/runner/work/OrgTree/OrgTree/server/[39msrc/services/search.service.ts:210:33[90m)[39m
Test Backend	Run backend tests with coverage	2026-01-14T21:59:40.6009554Z     at Module.search [90m(/home/runner/work/OrgTree/OrgTree/server/[39msrc/services/search.service.ts:301:29[90m)[39m
Test Backend	Run backend tests with coverage	2026-01-14T21:59:40.6011230Z     at [90m/home/runner/work/OrgTree/OrgTree/server/[39msrc/services/sql-injection.test.ts:253:26
Test Backend	Run backend tests with coverage	2026-01-14T21:59:40.6012943Z     at [90mfile:///home/runner/work/OrgTree/OrgTree/server/[39mnode_modules/[4m@vitest/runner[24m/dist/index.js:145:11
Test Backend	Run backend tests with coverage	2026-01-14T21:59:40.6014795Z     at [90mfile:///home/runner/work/OrgTree/OrgTree/server/[39mnode_modules/[4m@vitest/runner[24m/dist/index.js:915:26
Test Backend	Run backend tests with coverage	2026-01-14T21:59:40.6016760Z     at [90mfile:///home/runner/work/OrgTree/OrgTree/server/[39mnode_modules/[4m@vitest/runner[24m/dist/index.js:1243:20
Test Backend	Run backend tests with coverage	2026-01-14T21:59:40.6018211Z     at new Promise (<anonymous>)
Test Backend	Run backend tests with coverage	2026-01-14T21:59:40.6020009Z     at runWithTimeout [90m(file:///home/runner/work/OrgTree/OrgTree/server/[39mnode_modules/[4m@vitest/runner[24m/dist/index.js:1209:10[90m)[39m
Test Backend	Run backend tests with coverage	2026-01-14T21:59:40.6022007Z     at [90mfile:///home/runner/work/OrgTree/OrgTree/server/[39mnode_modules/[4m@vitest/runner[24m/dist/index.js:1653:37
Test Backend	Run backend tests with coverage	2026-01-14T21:59:40.6024091Z     at Traces.$ [90m(file:///home/runner/work/OrgTree/OrgTree/server/[39mnode_modules/[4mvitest[24m/dist/chunks/traces.U4xDYhzZ.js:115:27[90m)[39m {
Test Backend	Run backend tests with coverage	2026-01-14T21:59:40.6025464Z   code: [32m'SQLITE_ERROR'[39m
Test Backend	Run backend tests with coverage	2026-01-14T21:59:40.6025918Z }
Test Backend	Run backend tests with coverage	2026-01-14T21:59:40.6026100Z 
Test Backend	Run backend tests with coverage	2026-01-14T21:59:40.6028578Z [90mstderr[2m | src/services/sql-injection.test.ts[2m > [22m[2mSQL Injection Security Tests[2m > [22m[2mSearch Service - SQL Injection Protection[2m > [22m[2msearch() with classic SQL injection payloads[2m > [22m[2mshould safely handle payload: ' AND 1=0 --...
Test Backend	Run backend tests with coverage	2026-01-14T21:59:40.6031312Z [22m[39mDepartment search error: SqliteError: fts5: syntax error near "AND"
Test Backend	Run backend tests with coverage	2026-01-14T21:59:40.6032913Z     at searchDepartments [90m(/home/runner/work/OrgTree/OrgTree/server/[39msrc/services/search.service.ts:145:33[90m)[39m
Test Backend	Run backend tests with coverage	2026-01-14T21:59:40.6034782Z     at Module.search [90m(/home/runner/work/OrgTree/OrgTree/server/[39msrc/services/search.service.ts:288:27[90m)[39m
Test Backend	Run backend tests with coverage	2026-01-14T21:59:40.6036461Z     at [90m/home/runner/work/OrgTree/OrgTree/server/[39msrc/services/sql-injection.test.ts:253:26
Test Backend	Run backend tests with coverage	2026-01-14T21:59:40.6038163Z     at [90mfile:///home/runner/work/OrgTree/OrgTree/server/[39mnode_modules/[4m@vitest/runner[24m/dist/index.js:145:11
Test Backend	Run backend tests with coverage	2026-01-14T21:59:40.6040256Z     at [90mfile:///home/runner/work/OrgTree/OrgTree/server/[39mnode_modules/[4m@vitest/runner[24m/dist/index.js:915:26
Test Backend	Run backend tests with coverage	2026-01-14T21:59:40.6042081Z     at [90mfile:///home/runner/work/OrgTree/OrgTree/server/[39mnode_modules/[4m@vitest/runner[24m/dist/index.js:1243:20
Test Backend	Run backend tests with coverage	2026-01-14T21:59:40.6043194Z     at new Promise (<anonymous>)
Test Backend	Run backend tests with coverage	2026-01-14T21:59:40.6044738Z     at runWithTimeout [90m(file:///home/runner/work/OrgTree/OrgTree/server/[39mnode_modules/[4m@vitest/runner[24m/dist/index.js:1209:10[90m)[39m
Test Backend	Run backend tests with coverage	2026-01-14T21:59:40.6046750Z     at [90mfile:///home/runner/work/OrgTree/OrgTree/server/[39mnode_modules/[4m@vitest/runner[24m/dist/index.js:1653:37
Test Backend	Run backend tests with coverage	2026-01-14T21:59:40.6048802Z     at Traces.$ [90m(file:///home/runner/work/OrgTree/OrgTree/server/[39mnode_modules/[4mvitest[24m/dist/chunks/traces.U4xDYhzZ.js:115:27[90m)[39m {
Test Backend	Run backend tests with coverage	2026-01-14T21:59:40.6058359Z   code: [32m'SQLITE_ERROR'[39m
Test Backend	Run backend tests with coverage	2026-01-14T21:59:40.6058833Z }
Test Backend	Run backend tests with coverage	2026-01-14T21:59:40.6059688Z People search error: SqliteError: fts5: syntax error near "AND"
Test Backend	Run backend tests with coverage	2026-01-14T21:59:40.6061202Z     at searchPeople [90m(/home/runner/work/OrgTree/OrgTree/server/[39msrc/services/search.service.ts:210:33[90m)[39m
Test Backend	Run backend tests with coverage	2026-01-14T21:59:40.6063039Z     at Module.search [90m(/home/runner/work/OrgTree/OrgTree/server/[39msrc/services/search.service.ts:301:29[90m)[39m
Test Backend	Run backend tests with coverage	2026-01-14T21:59:40.6064730Z     at [90m/home/runner/work/OrgTree/OrgTree/server/[39msrc/services/sql-injection.test.ts:253:26
Test Backend	Run backend tests with coverage	2026-01-14T21:59:40.6066765Z     at [90mfile:///home/runner/work/OrgTree/OrgTree/server/[39mnode_modules/[4m@vitest/runner[24m/dist/index.js:145:11
Test Backend	Run backend tests with coverage	2026-01-14T21:59:40.6068634Z     at [90mfile:///home/runner/work/OrgTree/OrgTree/server/[39mnode_modules/[4m@vitest/runner[24m/dist/index.js:915:26
Test Backend	Run backend tests with coverage	2026-01-14T21:59:40.6070735Z     at [90mfile:///home/runner/work/OrgTree/OrgTree/server/[39mnode_modules/[4m@vitest/runner[24m/dist/index.js:1243:20
Test Backend	Run backend tests with coverage	2026-01-14T21:59:40.6071823Z     at new Promise (<anonymous>)
Test Backend	Run backend tests with coverage	2026-01-14T21:59:40.6073352Z     at runWithTimeout [90m(file:///home/runner/work/OrgTree/OrgTree/server/[39mnode_modules/[4m@vitest/runner[24m/dist/index.js:1209:10[90m)[39m
Test Backend	Run backend tests with coverage	2026-01-14T21:59:40.6075421Z     at [90mfile:///home/runner/work/OrgTree/OrgTree/server/[39mnode_modules/[4m@vitest/runner[24m/dist/index.js:1653:37
Test Backend	Run backend tests with coverage	2026-01-14T21:59:40.6077850Z     at Traces.$ [90m(file:///home/runner/work/OrgTree/OrgTree/server/[39mnode_modules/[4mvitest[24m/dist/chunks/traces.U4xDYhzZ.js:115:27[90m)[39m {
Test Backend	Run backend tests with coverage	2026-01-14T21:59:40.6083387Z   code: [32m'SQLITE_ERROR'[39m
Test Backend	Run backend tests with coverage	2026-01-14T21:59:40.6083818Z }
Test Backend	Run backend tests with coverage	2026-01-14T21:59:40.6083970Z 
Test Backend	Run backend tests with coverage	2026-01-14T21:59:40.6086244Z [90mstderr[2m | src/services/sql-injection.test.ts[2m > [22m[2mSQL Injection Security Tests[2m > [22m[2mSearch Service - SQL Injection Protection[2m > [22m[2msearch() with classic SQL injection payloads[2m > [22m[2mshould safely handle payload: 1 AND 1=1...
Test Backend	Run backend tests with coverage	2026-01-14T21:59:40.6088581Z [22m[39mDepartment search error: SqliteError: fts5: syntax error near "="
Test Backend	Run backend tests with coverage	2026-01-14T21:59:40.6090302Z     at searchDepartments [90m(/home/runner/work/OrgTree/OrgTree/server/[39msrc/services/search.service.ts:145:33[90m)[39m
Test Backend	Run backend tests with coverage	2026-01-14T21:59:40.6092127Z     at Module.search [90m(/home/runner/work/OrgTree/OrgTree/server/[39msrc/services/search.service.ts:288:27[90m)[39m
Test Backend	Run backend tests with coverage	2026-01-14T21:59:40.6093730Z     at [90m/home/runner/work/OrgTree/OrgTree/server/[39msrc/services/sql-injection.test.ts:253:26
Test Backend	Run backend tests with coverage	2026-01-14T21:59:40.6095388Z     at [90mfile:///home/runner/work/OrgTree/OrgTree/server/[39mnode_modules/[4m@vitest/runner[24m/dist/index.js:145:11
Test Backend	Run backend tests with coverage	2026-01-14T21:59:40.6097175Z     at [90mfile:///home/runner/work/OrgTree/OrgTree/server/[39mnode_modules/[4m@vitest/runner[24m/dist/index.js:915:26
Test Backend	Run backend tests with coverage	2026-01-14T21:59:40.6098916Z     at [90mfile:///home/runner/work/OrgTree/OrgTree/server/[39mnode_modules/[4m@vitest/runner[24m/dist/index.js:1243:20
Test Backend	Run backend tests with coverage	2026-01-14T21:59:40.6100342Z     at new Promise (<anonymous>)
Test Backend	Run backend tests with coverage	2026-01-14T21:59:40.6101831Z     at runWithTimeout [90m(file:///home/runner/work/OrgTree/OrgTree/server/[39mnode_modules/[4m@vitest/runner[24m/dist/index.js:1209:10[90m)[39m
Test Backend	Run backend tests with coverage	2026-01-14T21:59:40.6103749Z     at [90mfile:///home/runner/work/OrgTree/OrgTree/server/[39mnode_modules/[4m@vitest/runner[24m/dist/index.js:1653:37
Test Backend	Run backend tests with coverage	2026-01-14T21:59:40.6105731Z     at Traces.$ [90m(file:///home/runner/work/OrgTree/OrgTree/server/[39mnode_modules/[4mvitest[24m/dist/chunks/traces.U4xDYhzZ.js:115:27[90m)[39m {
Test Backend	Run backend tests with coverage	2026-01-14T21:59:40.6106995Z   code: [32m'SQLITE_ERROR'[39m
Test Backend	Run backend tests with coverage	2026-01-14T21:59:40.6107411Z }
Test Backend	Run backend tests with coverage	2026-01-14T21:59:40.6107981Z People search error: SqliteError: fts5: syntax error near "="
Test Backend	Run backend tests with coverage	2026-01-14T21:59:40.6109615Z     at searchPeople [90m(/home/runner/work/OrgTree/OrgTree/server/[39msrc/services/search.service.ts:210:33[90m)[39m
Test Backend	Run backend tests with coverage	2026-01-14T21:59:40.6111332Z     at Module.search [90m(/home/runner/work/OrgTree/OrgTree/server/[39msrc/services/search.service.ts:301:29[90m)[39m
Test Backend	Run backend tests with coverage	2026-01-14T21:59:40.6112720Z     at [90m/home/runner/work/OrgTree/OrgTree/server/[39msrc/services/sql-injection.test.ts:253:26
Test Backend	Run backend tests with coverage	2026-01-14T21:59:40.6114295Z     at [90mfile:///home/runner/work/OrgTree/OrgTree/server/[39mnode_modules/[4m@vitest/runner[24m/dist/index.js:145:11
Test Backend	Run backend tests with coverage	2026-01-14T21:59:40.6116043Z     at [90mfile:///home/runner/work/OrgTree/OrgTree/server/[39mnode_modules/[4m@vitest/runner[24m/dist/index.js:915:26
Test Backend	Run backend tests with coverage	2026-01-14T21:59:40.6117892Z     at [90mfile:///home/runner/work/OrgTree/OrgTree/server/[39mnode_modules/[4m@vitest/runner[24m/dist/index.js:1243:20
Test Backend	Run backend tests with coverage	2026-01-14T21:59:40.6119570Z     at new Promise (<anonymous>)
Test Backend	Run backend tests with coverage	2026-01-14T21:59:40.6121040Z     at runWithTimeout [90m(file:///home/runner/work/OrgTree/OrgTree/server/[39mnode_modules/[4m@vitest/runner[24m/dist/index.js:1209:10[90m)[39m
Test Backend	Run backend tests with coverage	2026-01-14T21:59:40.6122973Z     at [90mfile:///home/runner/work/OrgTree/OrgTree/server/[39mnode_modules/[4m@vitest/runner[24m/dist/index.js:1653:37
Test Backend	Run backend tests with coverage	2026-01-14T21:59:40.6124992Z     at Traces.$ [90m(file:///home/runner/work/OrgTree/OrgTree/server/[39mnode_modules/[4mvitest[24m/dist/chunks/traces.U4xDYhzZ.js:115:27[90m)[39m {
Test Backend	Run backend tests with coverage	2026-01-14T21:59:40.6126244Z   code: [32m'SQLITE_ERROR'[39m
Test Backend	Run backend tests with coverage	2026-01-14T21:59:40.6126643Z }
Test Backend	Run backend tests with coverage	2026-01-14T21:59:40.6126797Z 
Test Backend	Run backend tests with coverage	2026-01-14T21:59:40.6129363Z [90mstderr[2m | src/services/sql-injection.test.ts[2m > [22m[2mSQL Injection Security Tests[2m > [22m[2mSearch Service - SQL Injection Protection[2m > [22m[2msearch() with classic SQL injection payloads[2m > [22m[2mshould safely handle payload: 1 AND 1=0...
Test Backend	Run backend tests with coverage	2026-01-14T21:59:40.6132004Z [22m[39mDepartment search error: SqliteError: fts5: syntax error near "="
Test Backend	Run backend tests with coverage	2026-01-14T21:59:40.6133407Z     at searchDepartments [90m(/home/runner/work/OrgTree/OrgTree/server/[39msrc/services/search.service.ts:145:33[90m)[39m
Test Backend	Run backend tests with coverage	2026-01-14T21:59:40.6134911Z     at Module.search [90m(/home/runner/work/OrgTree/OrgTree/server/[39msrc/services/search.service.ts:288:27[90m)[39m
Test Backend	Run backend tests with coverage	2026-01-14T21:59:40.6136183Z     at [90m/home/runner/work/OrgTree/OrgTree/server/[39msrc/services/sql-injection.test.ts:253:26
Test Backend	Run backend tests with coverage	2026-01-14T21:59:40.6137553Z     at [90mfile:///home/runner/work/OrgTree/OrgTree/server/[39mnode_modules/[4m@vitest/runner[24m/dist/index.js:145:11
Test Backend	Run backend tests with coverage	2026-01-14T21:59:40.6139337Z     at [90mfile:///home/runner/work/OrgTree/OrgTree/server/[39mnode_modules/[4m@vitest/runner[24m/dist/index.js:915:26
Test Backend	Run backend tests with coverage	2026-01-14T21:59:40.6140772Z     at [90mfile:///home/runner/work/OrgTree/OrgTree/server/[39mnode_modules/[4m@vitest/runner[24m/dist/index.js:1243:20
Test Backend	Run backend tests with coverage	2026-01-14T21:59:40.6141642Z     at new Promise (<anonymous>)
Test Backend	Run backend tests with coverage	2026-01-14T21:59:40.6142864Z     at runWithTimeout [90m(file:///home/runner/work/OrgTree/OrgTree/server/[39mnode_modules/[4m@vitest/runner[24m/dist/index.js:1209:10[90m)[39m
Test Backend	Run backend tests with coverage	2026-01-14T21:59:40.6144709Z     at [90mfile:///home/runner/work/OrgTree/OrgTree/server/[39mnode_modules/[4m@vitest/runner[24m/dist/index.js:1653:37
Test Backend	Run backend tests with coverage	2026-01-14T21:59:40.6146615Z     at Traces.$ [90m(file:///home/runner/work/OrgTree/OrgTree/server/[39mnode_modules/[4mvitest[24m/dist/chunks/traces.U4xDYhzZ.js:115:27[90m)[39m {
Test Backend	Run backend tests with coverage	2026-01-14T21:59:40.6147857Z   code: [32m'SQLITE_ERROR'[39m
Test Backend	Run backend tests with coverage	2026-01-14T21:59:40.6148257Z }
Test Backend	Run backend tests with coverage	2026-01-14T21:59:40.6148801Z People search error: SqliteError: fts5: syntax error near "="
Test Backend	Run backend tests with coverage	2026-01-14T21:59:40.6150446Z     at searchPeople [90m(/home/runner/work/OrgTree/OrgTree/server/[39msrc/services/search.service.ts:210:33[90m)[39m
Test Backend	Run backend tests with coverage	2026-01-14T21:59:40.6152132Z     at Module.search [90m(/home/runner/work/OrgTree/OrgTree/server/[39msrc/services/search.service.ts:301:29[90m)[39m
Test Backend	Run backend tests with coverage	2026-01-14T21:59:40.6153618Z     at [90m/home/runner/work/OrgTree/OrgTree/server/[39msrc/services/sql-injection.test.ts:253:26
Test Backend	Run backend tests with coverage	2026-01-14T21:59:40.6155072Z     at [90mfile:///home/runner/work/OrgTree/OrgTree/server/[39mnode_modules/[4m@vitest/runner[24m/dist/index.js:145:11
Test Backend	Run backend tests with coverage	2026-01-14T21:59:40.6156636Z     at [90mfile:///home/runner/work/OrgTree/OrgTree/server/[39mnode_modules/[4m@vitest/runner[24m/dist/index.js:915:26
Test Backend	Run backend tests with coverage	2026-01-14T21:59:40.6158189Z     at [90mfile:///home/runner/work/OrgTree/OrgTree/server/[39mnode_modules/[4m@vitest/runner[24m/dist/index.js:1243:20
Test Backend	Run backend tests with coverage	2026-01-14T21:59:40.6159395Z     at new Promise (<anonymous>)
Test Backend	Run backend tests with coverage	2026-01-14T21:59:40.6160818Z     at runWithTimeout [90m(file:///home/runner/work/OrgTree/OrgTree/server/[39mnode_modules/[4m@vitest/runner[24m/dist/index.js:1209:10[90m)[39m
Test Backend	Run backend tests with coverage	2026-01-14T21:59:40.6162657Z     at [90mfile:///home/runner/work/OrgTree/OrgTree/server/[39mnode_modules/[4m@vitest/runner[24m/dist/index.js:1653:37
Test Backend	Run backend tests with coverage	2026-01-14T21:59:40.6164819Z     at Traces.$ [90m(file:///home/runner/work/OrgTree/OrgTree/server/[39mnode_modules/[4mvitest[24m/dist/chunks/traces.U4xDYhzZ.js:115:27[90m)[39m {
Test Backend	Run backend tests with coverage	2026-01-14T21:59:40.6166015Z   code: [32m'SQLITE_ERROR'[39m
Test Backend	Run backend tests with coverage	2026-01-14T21:59:40.6166408Z }
Test Backend	Run backend tests with coverage	2026-01-14T21:59:40.6166558Z 
Test Backend	Run backend tests with coverage	2026-01-14T21:59:40.6169223Z [90mstderr[2m | src/services/sql-injection.test.ts[2m > [22m[2mSQL Injection Security Tests[2m > [22m[2mSearch Service - SQL Injection Protection[2m > [22m[2msearch() with classic SQL injection payloads[2m > [22m[2mshould safely handle payload: '; WAITFOR DELAY '00:00:05' --...
Test Backend	Run backend tests with coverage	2026-01-14T21:59:40.6171687Z [22m[39mDepartment search error: SqliteError: fts5: syntax error near ";"
Test Backend	Run backend tests with coverage	2026-01-14T21:59:40.6173131Z     at searchDepartments [90m(/home/runner/work/OrgTree/OrgTree/server/[39msrc/services/search.service.ts:145:33[90m)[39m
Test Backend	Run backend tests with coverage	2026-01-14T21:59:40.6175025Z     at Module.search [90m(/home/runner/work/OrgTree/OrgTree/server/[39msrc/services/search.service.ts:288:27[90m)[39m
Test Backend	Run backend tests with coverage	2026-01-14T21:59:40.6176525Z     at [90m/home/runner/work/OrgTree/OrgTree/server/[39msrc/services/sql-injection.test.ts:253:26
Test Backend	Run backend tests with coverage	2026-01-14T21:59:40.6178062Z     at [90mfile:///home/runner/work/OrgTree/OrgTree/server/[39mnode_modules/[4m@vitest/runner[24m/dist/index.js:145:11
Test Backend	Run backend tests with coverage	2026-01-14T21:59:40.6179907Z     at [90mfile:///home/runner/work/OrgTree/OrgTree/server/[39mnode_modules/[4m@vitest/runner[24m/dist/index.js:915:26
Test Backend	Run backend tests with coverage	2026-01-14T21:59:40.6181650Z     at [90mfile:///home/runner/work/OrgTree/OrgTree/server/[39mnode_modules/[4m@vitest/runner[24m/dist/index.js:1243:20
Test Backend	Run backend tests with coverage	2026-01-14T21:59:40.6182689Z     at new Promise (<anonymous>)
Test Backend	Run backend tests with coverage	2026-01-14T21:59:40.6184049Z     at runWithTimeout [90m(file:///home/runner/work/OrgTree/OrgTree/server/[39mnode_modules/[4m@vitest/runner[24m/dist/index.js:1209:10[90m)[39m
Test Backend	Run backend tests with coverage	2026-01-14T21:59:40.6185889Z     at [90mfile:///home/runner/work/OrgTree/OrgTree/server/[39mnode_modules/[4m@vitest/runner[24m/dist/index.js:1653:37
Test Backend	Run backend tests with coverage	2026-01-14T21:59:40.6187983Z     at Traces.$ [90m(file:///home/runner/work/OrgTree/OrgTree/server/[39mnode_modules/[4mvitest[24m/dist/chunks/traces.U4xDYhzZ.js:115:27[90m)[39m {
Test Backend	Run backend tests with coverage	2026-01-14T21:59:40.6189538Z   code: [32m'SQLITE_ERROR'[39m
Test Backend	Run backend tests with coverage	2026-01-14T21:59:40.6189967Z }
Test Backend	Run backend tests with coverage	2026-01-14T21:59:40.6190566Z People search error: SqliteError: fts5: syntax error near ";"
Test Backend	Run backend tests with coverage	2026-01-14T21:59:40.6191907Z     at searchPeople [90m(/home/runner/work/OrgTree/OrgTree/server/[39msrc/services/search.service.ts:210:33[90m)[39m
Test Backend	Run backend tests with coverage	2026-01-14T21:59:40.6193630Z     at Module.search [90m(/home/runner/work/OrgTree/OrgTree/server/[39msrc/services/search.service.ts:301:29[90m)[39m
Test Backend	Run backend tests with coverage	2026-01-14T21:59:40.6195240Z     at [90m/home/runner/work/OrgTree/OrgTree/server/[39msrc/services/sql-injection.test.ts:253:26
Test Backend	Run backend tests with coverage	2026-01-14T21:59:40.6196870Z     at [90mfile:///home/runner/work/OrgTree/OrgTree/server/[39mnode_modules/[4m@vitest/runner[24m/dist/index.js:145:11
Test Backend	Run backend tests with coverage	2026-01-14T21:59:40.6198690Z     at [90mfile:///home/runner/work/OrgTree/OrgTree/server/[39mnode_modules/[4m@vitest/runner[24m/dist/index.js:915:26
Test Backend	Run backend tests with coverage	2026-01-14T21:59:40.6200720Z     at [90mfile:///home/runner/work/OrgTree/OrgTree/server/[39mnode_modules/[4m@vitest/runner[24m/dist/index.js:1243:20
Test Backend	Run backend tests with coverage	2026-01-14T21:59:40.6201733Z     at new Promise (<anonymous>)
Test Backend	Run backend tests with coverage	2026-01-14T21:59:40.6208650Z     at runWithTimeout [90m(file:///home/runner/work/OrgTree/OrgTree/server/[39mnode_modules/[4m@vitest/runner[24m/dist/index.js:1209:10[90m)[39m
Test Backend	Run backend tests with coverage	2026-01-14T21:59:40.6210804Z     at [90mfile:///home/runner/work/OrgTree/OrgTree/server/[39mnode_modules/[4m@vitest/runner[24m/dist/index.js:1653:37
Test Backend	Run backend tests with coverage	2026-01-14T21:59:40.6212871Z     at Traces.$ [90m(file:///home/runner/work/OrgTree/OrgTree/server/[39mnode_modules/[4mvitest[24m/dist/chunks/traces.U4xDYhzZ.js:115:27[90m)[39m {
Test Backend	Run backend tests with coverage	2026-01-14T21:59:40.6214237Z   code: [32m'SQLITE_ERROR'[39m
Test Backend	Run backend tests with coverage	2026-01-14T21:59:40.6214659Z }
Test Backend	Run backend tests with coverage	2026-01-14T21:59:40.6214838Z 
Test Backend	Run backend tests with coverage	2026-01-14T21:59:40.6217514Z [90mstderr[2m | src/services/sql-injection.test.ts[2m > [22m[2mSQL Injection Security Tests[2m > [22m[2mSearch Service - SQL Injection Protection[2m > [22m[2msearch() with classic SQL injection payloads[2m > [22m[2mshould safely handle payload: 1; SELECT CASE WHEN (1=1) THEN 1 ELSE 0 ...
Test Backend	Run backend tests with coverage	2026-01-14T21:59:40.6220690Z [22m[39mDepartment search error: SqliteError: fts5: syntax error near ";"
Test Backend	Run backend tests with coverage	2026-01-14T21:59:40.6222308Z     at searchDepartments [90m(/home/runner/work/OrgTree/OrgTree/server/[39msrc/services/search.service.ts:145:33[90m)[39m
Test Backend	Run backend tests with coverage	2026-01-14T21:59:40.6224157Z     at Module.search [90m(/home/runner/work/OrgTree/OrgTree/server/[39msrc/services/search.service.ts:288:27[90m)[39m
Test Backend	Run backend tests with coverage	2026-01-14T21:59:40.6225821Z     at [90m/home/runner/work/OrgTree/OrgTree/server/[39msrc/services/sql-injection.test.ts:253:26
Test Backend	Run backend tests with coverage	2026-01-14T21:59:40.6227500Z     at [90mfile:///home/runner/work/OrgTree/OrgTree/server/[39mnode_modules/[4m@vitest/runner[24m/dist/index.js:145:11
Test Backend	Run backend tests with coverage	2026-01-14T21:59:40.6229881Z     at [90mfile:///home/runner/work/OrgTree/OrgTree/server/[39mnode_modules/[4m@vitest/runner[24m/dist/index.js:915:26
Test Backend	Run backend tests with coverage	2026-01-14T21:59:40.6231725Z     at [90mfile:///home/runner/work/OrgTree/OrgTree/server/[39mnode_modules/[4m@vitest/runner[24m/dist/index.js:1243:20
Test Backend	Run backend tests with coverage	2026-01-14T21:59:40.6232800Z     at new Promise (<anonymous>)
Test Backend	Run backend tests with coverage	2026-01-14T21:59:40.6234349Z     at runWithTimeout [90m(file:///home/runner/work/OrgTree/OrgTree/server/[39mnode_modules/[4m@vitest/runner[24m/dist/index.js:1209:10[90m)[39m
Test Backend	Run backend tests with coverage	2026-01-14T21:59:40.6236349Z     at [90mfile:///home/runner/work/OrgTree/OrgTree/server/[39mnode_modules/[4m@vitest/runner[24m/dist/index.js:1653:37
Test Backend	Run backend tests with coverage	2026-01-14T21:59:40.6238467Z     at Traces.$ [90m(file:///home/runner/work/OrgTree/OrgTree/server/[39mnode_modules/[4mvitest[24m/dist/chunks/traces.U4xDYhzZ.js:115:27[90m)[39m {
Test Backend	Run backend tests with coverage	2026-01-14T21:59:40.6240111Z   code: [32m'SQLITE_ERROR'[39m
Test Backend	Run backend tests with coverage	2026-01-14T21:59:40.6240545Z }
Test Backend	Run backend tests with coverage	2026-01-14T21:59:40.6241133Z People search error: SqliteError: fts5: syntax error near ";"
Test Backend	Run backend tests with coverage	2026-01-14T21:59:40.6242631Z     at searchPeople [90m(/home/runner/work/OrgTree/OrgTree/server/[39msrc/services/search.service.ts:210:33[90m)[39m
Test Backend	Run backend tests with coverage	2026-01-14T21:59:40.6244462Z     at Module.search [90m(/home/runner/work/OrgTree/OrgTree/server/[39msrc/services/search.service.ts:301:29[90m)[39m
Test Backend	Run backend tests with coverage	2026-01-14T21:59:40.6246127Z     at [90m/home/runner/work/OrgTree/OrgTree/server/[39msrc/services/sql-injection.test.ts:253:26
Test Backend	Run backend tests with coverage	2026-01-14T21:59:40.6247816Z     at [90mfile:///home/runner/work/OrgTree/OrgTree/server/[39mnode_modules/[4m@vitest/runner[24m/dist/index.js:145:11
Test Backend	Run backend tests with coverage	2026-01-14T21:59:40.6249894Z     at [90mfile:///home/runner/work/OrgTree/OrgTree/server/[39mnode_modules/[4m@vitest/runner[24m/dist/index.js:915:26
Test Backend	Run backend tests with coverage	2026-01-14T21:59:40.6251738Z     at [90mfile:///home/runner/work/OrgTree/OrgTree/server/[39mnode_modules/[4m@vitest/runner[24m/dist/index.js:1243:20
Test Backend	Run backend tests with coverage	2026-01-14T21:59:40.6252821Z     at new Promise (<anonymous>)
Test Backend	Run backend tests with coverage	2026-01-14T21:59:40.6254348Z     at runWithTimeout [90m(file:///home/runner/work/OrgTree/OrgTree/server/[39mnode_modules/[4m@vitest/runner[24m/dist/index.js:1209:10[90m)[39m
Test Backend	Run backend tests with coverage	2026-01-14T21:59:40.6256376Z     at [90mfile:///home/runner/work/OrgTree/OrgTree/server/[39mnode_modules/[4m@vitest/runner[24m/dist/index.js:1653:37
Test Backend	Run backend tests with coverage	2026-01-14T21:59:40.6258463Z     at Traces.$ [90m(file:///home/runner/work/OrgTree/OrgTree/server/[39mnode_modules/[4mvitest[24m/dist/chunks/traces.U4xDYhzZ.js:115:27[90m)[39m {
Test Backend	Run backend tests with coverage	2026-01-14T21:59:40.6260227Z   code: [32m'SQLITE_ERROR'[39m
Test Backend	Run backend tests with coverage	2026-01-14T21:59:40.6260685Z }
Test Backend	Run backend tests with coverage	2026-01-14T21:59:40.6260865Z 
Test Backend	Run backend tests with coverage	2026-01-14T21:59:40.6263571Z [90mstderr[2m | src/services/sql-injection.test.ts[2m > [22m[2mSQL Injection Security Tests[2m > [22m[2mSearch Service - SQL Injection Protection[2m > [22m[2msearch() with classic SQL injection payloads[2m > [22m[2mshould safely handle payload: ' AND (SELECT 1 FROM(SELECT COUNT(*),CON...
Test Backend	Run backend tests with coverage	2026-01-14T21:59:40.6266294Z [22m[39mDepartment search error: SqliteError: fts5: syntax error near "AND"
Test Backend	Run backend tests with coverage	2026-01-14T21:59:40.6267916Z     at searchDepartments [90m(/home/runner/work/OrgTree/OrgTree/server/[39msrc/services/search.service.ts:145:33[90m)[39m
Test Backend	Run backend tests with coverage	2026-01-14T21:59:40.6270510Z     at Module.search [90m(/home/runner/work/OrgTree/OrgTree/server/[39msrc/services/search.service.ts:288:27[90m)[39m
Test Backend	Run backend tests with coverage	2026-01-14T21:59:40.6272203Z     at [90m/home/runner/work/OrgTree/OrgTree/server/[39msrc/services/sql-injection.test.ts:253:26
Test Backend	Run backend tests with coverage	2026-01-14T21:59:40.6273927Z     at [90mfile:///home/runner/work/OrgTree/OrgTree/server/[39mnode_modules/[4m@vitest/runner[24m/dist/index.js:145:11
Test Backend	Run backend tests with coverage	2026-01-14T21:59:40.6275747Z     at [90mfile:///home/runner/work/OrgTree/OrgTree/server/[39mnode_modules/[4m@vitest/runner[24m/dist/index.js:915:26
Test Backend	Run backend tests with coverage	2026-01-14T21:59:40.6277563Z     at [90mfile:///home/runner/work/OrgTree/OrgTree/server/[39mnode_modules/[4m@vitest/runner[24m/dist/index.js:1243:20
Test Backend	Run backend tests with coverage	2026-01-14T21:59:40.6278652Z     at new Promise (<anonymous>)
Test Backend	Run backend tests with coverage	2026-01-14T21:59:40.6280399Z     at runWithTimeout [90m(file:///home/runner/work/OrgTree/OrgTree/server/[39mnode_modules/[4m@vitest/runner[24m/dist/index.js:1209:10[90m)[39m
Test Backend	Run backend tests with coverage	2026-01-14T21:59:40.6282761Z     at [90mfile:///home/runner/work/OrgTree/OrgTree/server/[39mnode_modules/[4m@vitest/runner[24m/dist/index.js:1653:37
Test Backend	Run backend tests with coverage	2026-01-14T21:59:40.6284812Z     at Traces.$ [90m(file:///home/runner/work/OrgTree/OrgTree/server/[39mnode_modules/[4mvitest[24m/dist/chunks/traces.U4xDYhzZ.js:115:27[90m)[39m {
Test Backend	Run backend tests with coverage	2026-01-14T21:59:40.6286206Z   code: [32m'SQLITE_ERROR'[39m
Test Backend	Run backend tests with coverage	2026-01-14T21:59:40.6286654Z }
Test Backend	Run backend tests with coverage	2026-01-14T21:59:40.6287264Z People search error: SqliteError: fts5: syntax error near "AND"
Test Backend	Run backend tests with coverage	2026-01-14T21:59:40.6288747Z     at searchPeople [90m(/home/runner/work/OrgTree/OrgTree/server/[39msrc/services/search.service.ts:210:33[90m)[39m
Test Backend	Run backend tests with coverage	2026-01-14T21:59:40.6291054Z     at Module.search [90m(/home/runner/work/OrgTree/OrgTree/server/[39msrc/services/search.service.ts:301:29[90m)[39m
Test Backend	Run backend tests with coverage	2026-01-14T21:59:40.6292729Z     at [90m/home/runner/work/OrgTree/OrgTree/server/[39msrc/services/sql-injection.test.ts:253:26
Test Backend	Run backend tests with coverage	2026-01-14T21:59:40.6294321Z     at [90mfile:///home/runner/work/OrgTree/OrgTree/server/[39mnode_modules/[4m@vitest/runner[24m/dist/index.js:145:11
Test Backend	Run backend tests with coverage	2026-01-14T21:59:40.6295961Z     at [90mfile:///home/runner/work/OrgTree/OrgTree/server/[39mnode_modules/[4m@vitest/runner[24m/dist/index.js:915:26
Test Backend	Run backend tests with coverage	2026-01-14T21:59:40.6297647Z     at [90mfile:///home/runner/work/OrgTree/OrgTree/server/[39mnode_modules/[4m@vitest/runner[24m/dist/index.js:1243:20
Test Backend	Run backend tests with coverage	2026-01-14T21:59:40.6298699Z     at new Promise (<anonymous>)
Test Backend	Run backend tests with coverage	2026-01-14T21:59:40.6300436Z     at runWithTimeout [90m(file:///home/runner/work/OrgTree/OrgTree/server/[39mnode_modules/[4m@vitest/runner[24m/dist/index.js:1209:10[90m)[39m
Test Backend	Run backend tests with coverage	2026-01-14T21:59:40.6302396Z     at [90mfile:///home/runner/work/OrgTree/OrgTree/server/[39mnode_modules/[4m@vitest/runner[24m/dist/index.js:1653:37
Test Backend	Run backend tests with coverage	2026-01-14T21:59:40.6304351Z     at Traces.$ [90m(file:///home/runner/work/OrgTree/OrgTree/server/[39mnode_modules/[4mvitest[24m/dist/chunks/traces.U4xDYhzZ.js:115:27[90m)[39m {
Test Backend	Run backend tests with coverage	2026-01-14T21:59:40.6305729Z   code: [32m'SQLITE_ERROR'[39m
Test Backend	Run backend tests with coverage	2026-01-14T21:59:40.6306173Z }
Test Backend	Run backend tests with coverage	2026-01-14T21:59:40.6306344Z 
Test Backend	Run backend tests with coverage	2026-01-14T21:59:40.6309254Z [90mstderr[2m | src/services/sql-injection.test.ts[2m > [22m[2mSQL Injection Security Tests[2m > [22m[2mSearch Service - SQL Injection Protection[2m > [22m[2msearch() with classic SQL injection payloads[2m > [22m[2mshould safely handle payload: EXTRACTVALUE(1,CONCAT(0x7e,(SELECT versi...
Test Backend	Run backend tests with coverage	2026-01-14T21:59:40.6312041Z [22m[39mDepartment search error: SqliteError: fts5: syntax error near ","
Test Backend	Run backend tests with coverage	2026-01-14T21:59:40.6313608Z     at searchDepartments [90m(/home/runner/work/OrgTree/OrgTree/server/[39msrc/services/search.service.ts:145:33[90m)[39m
Test Backend	Run backend tests with coverage	2026-01-14T21:59:40.6315512Z     at Module.search [90m(/home/runner/work/OrgTree/OrgTree/server/[39msrc/services/search.service.ts:288:27[90m)[39m
Test Backend	Run backend tests with coverage	2026-01-14T21:59:40.6317104Z     at [90m/home/runner/work/OrgTree/OrgTree/server/[39msrc/services/sql-injection.test.ts:253:26
Test Backend	Run backend tests with coverage	2026-01-14T21:59:40.6319400Z     at [90mfile:///home/runner/work/OrgTree/OrgTree/server/[39mnode_modules/[4m@vitest/runner[24m/dist/index.js:145:11
Test Backend	Run backend tests with coverage	2026-01-14T21:59:40.6321238Z     at [90mfile:///home/runner/work/OrgTree/OrgTree/server/[39mnode_modules/[4m@vitest/runner[24m/dist/index.js:915:26
Test Backend	Run backend tests with coverage	2026-01-14T21:59:40.6323104Z     at [90mfile:///home/runner/work/OrgTree/OrgTree/server/[39mnode_modules/[4m@vitest/runner[24m/dist/index.js:1243:20
Test Backend	Run backend tests with coverage	2026-01-14T21:59:40.6324176Z     at new Promise (<anonymous>)
Test Backend	Run backend tests with coverage	2026-01-14T21:59:40.6325688Z     at runWithTimeout [90m(file:///home/runner/work/OrgTree/OrgTree/server/[39mnode_modules/[4m@vitest/runner[24m/dist/index.js:1209:10[90m)[39m
Test Backend	Run backend tests with coverage	2026-01-14T21:59:40.6327683Z     at [90mfile:///home/runner/work/OrgTree/OrgTree/server/[39mnode_modules/[4m@vitest/runner[24m/dist/index.js:1653:37
Test Backend	Run backend tests with coverage	2026-01-14T21:59:40.6330040Z     at Traces.$ [90m(file:///home/runner/work/OrgTree/OrgTree/server/[39mnode_modules/[4mvitest[24m/dist/chunks/traces.U4xDYhzZ.js:115:27[90m)[39m {
Test Backend	Run backend tests with coverage	2026-01-14T21:59:40.6331711Z   code: [32m'SQLITE_ERROR'[39m
Test Backend	Run backend tests with coverage	2026-01-14T21:59:40.6332158Z }
Test Backend	Run backend tests with coverage	2026-01-14T21:59:40.6332759Z People search error: SqliteError: fts5: syntax error near ","
Test Backend	Run backend tests with coverage	2026-01-14T21:59:40.6334220Z     at searchPeople [90m(/home/runner/work/OrgTree/OrgTree/server/[39msrc/services/search.service.ts:210:33[90m)[39m
Test Backend	Run backend tests with coverage	2026-01-14T21:59:40.6336060Z     at Module.search [90m(/home/runner/work/OrgTree/OrgTree/server/[39msrc/services/search.service.ts:301:29[90m)[39m
Test Backend	Run backend tests with coverage	2026-01-14T21:59:40.6337706Z     at [90m/home/runner/work/OrgTree/OrgTree/server/[39msrc/services/sql-injection.test.ts:253:26
Test Backend	Run backend tests with coverage	2026-01-14T21:59:40.6339610Z     at [90mfile:///home/runner/work/OrgTree/OrgTree/server/[39mnode_modules/[4m@vitest/runner[24m/dist/index.js:145:11
Test Backend	Run backend tests with coverage	2026-01-14T21:59:40.6341466Z     at [90mfile:///home/runner/work/OrgTree/OrgTree/server/[39mnode_modules/[4m@vitest/runner[24m/dist/index.js:915:26
Test Backend	Run backend tests with coverage	2026-01-14T21:59:40.6343327Z     at [90mfile:///home/runner/work/OrgTree/OrgTree/server/[39mnode_modules/[4m@vitest/runner[24m/dist/index.js:1243:20
Test Backend	Run backend tests with coverage	2026-01-14T21:59:40.6344450Z     at new Promise (<anonymous>)
Test Backend	Run backend tests with coverage	2026-01-14T21:59:40.6345992Z     at runWithTimeout [90m(file:///home/runner/work/OrgTree/OrgTree/server/[39mnode_modules/[4m@vitest/runner[24m/dist/index.js:1209:10[90m)[39m
Test Backend	Run backend tests with coverage	2026-01-14T21:59:40.6347994Z     at [90mfile:///home/runner/work/OrgTree/OrgTree/server/[39mnode_modules/[4m@vitest/runner[24m/dist/index.js:1653:37
Test Backend	Run backend tests with coverage	2026-01-14T21:59:40.6350289Z     at Traces.$ [90m(file:///home/runner/work/OrgTree/OrgTree/server/[39mnode_modules/[4mvitest[24m/dist/chunks/traces.U4xDYhzZ.js:115:27[90m)[39m {
Test Backend	Run backend tests with coverage	2026-01-14T21:59:40.6351678Z   code: [32m'SQLITE_ERROR'[39m
Test Backend	Run backend tests with coverage	2026-01-14T21:59:40.6352126Z }
Test Backend	Run backend tests with coverage	2026-01-14T21:59:40.6352300Z 
Test Backend	Run backend tests with coverage	2026-01-14T21:59:40.6354737Z [90mstderr[2m | src/services/sql-injection.test.ts[2m > [22m[2mSQL Injection Security Tests[2m > [22m[2mSearch Service - SQL Injection Protection[2m > [22m[2msearch() with classic SQL injection payloads[2m > [22m[2mshould safely handle payload: admin'--...
Test Backend	Run backend tests with coverage	2026-01-14T21:59:40.6357209Z [22m[39mDepartment search error: SqliteError: fts5: syntax error near "-"
Test Backend	Run backend tests with coverage	2026-01-14T21:59:40.6358727Z     at searchDepartments [90m(/home/runner/work/OrgTree/OrgTree/server/[39msrc/services/search.service.ts:145:33[90m)[39m
Test Backend	Run backend tests with coverage	2026-01-14T21:59:40.6360653Z     at Module.search [90m(/home/runner/work/OrgTree/OrgTree/server/[39msrc/services/search.service.ts:288:27[90m)[39m
Test Backend	Run backend tests with coverage	2026-01-14T21:59:40.6366196Z     at [90m/home/runner/work/OrgTree/OrgTree/server/[39msrc/services/sql-injection.test.ts:253:26
Test Backend	Run backend tests with coverage	2026-01-14T21:59:40.6367808Z     at [90mfile:///home/runner/work/OrgTree/OrgTree/server/[39mnode_modules/[4m@vitest/runner[24m/dist/index.js:145:11
Test Backend	Run backend tests with coverage	2026-01-14T21:59:40.6369844Z     at [90mfile:///home/runner/work/OrgTree/OrgTree/server/[39mnode_modules/[4m@vitest/runner[24m/dist/index.js:915:26
Test Backend	Run backend tests with coverage	2026-01-14T21:59:40.6371653Z     at [90mfile:///home/runner/work/OrgTree/OrgTree/server/[39mnode_modules/[4m@vitest/runner[24m/dist/index.js:1243:20
Test Backend	Run backend tests with coverage	2026-01-14T21:59:40.6372982Z     at new Promise (<anonymous>)
Test Backend	Run backend tests with coverage	2026-01-14T21:59:40.6374453Z     at runWithTimeout [90m(file:///home/runner/work/OrgTree/OrgTree/server/[39mnode_modules/[4m@vitest/runner[24m/dist/index.js:1209:10[90m)[39m
Test Backend	Run backend tests with coverage	2026-01-14T21:59:40.6389974Z     at [90mfile:///home/runner/work/OrgTree/OrgTree/server/[39mnode_modules/[4m@vitest/runner[24m/dist/index.js:1653:37
Test Backend	Run backend tests with coverage	2026-01-14T21:59:40.6391899Z     at Traces.$ [90m(file:///home/runner/work/OrgTree/OrgTree/server/[39mnode_modules/[4mvitest[24m/dist/chunks/traces.U4xDYhzZ.js:115:27[90m)[39m {
Test Backend	Run backend tests with coverage	2026-01-14T21:59:40.6393137Z   code: [32m'SQLITE_ERROR'[39m
Test Backend	Run backend tests with coverage	2026-01-14T21:59:40.6393576Z }
Test Backend	Run backend tests with coverage	2026-01-14T21:59:40.6394144Z People search error: SqliteError: fts5: syntax error near "-"
Test Backend	Run backend tests with coverage	2026-01-14T21:59:40.6395544Z     at searchPeople [90m(/home/runner/work/OrgTree/OrgTree/server/[39msrc/services/search.service.ts:210:33[90m)[39m
Test Backend	Run backend tests with coverage	2026-01-14T21:59:40.6397405Z     at Module.search [90m(/home/runner/work/OrgTree/OrgTree/server/[39msrc/services/search.service.ts:301:29[90m)[39m
Test Backend	Run backend tests with coverage	2026-01-14T21:59:40.6399598Z     at [90m/home/runner/work/OrgTree/OrgTree/server/[39msrc/services/sql-injection.test.ts:253:26
Test Backend	Run backend tests with coverage	2026-01-14T21:59:40.6401333Z     at [90mfile:///home/runner/work/OrgTree/OrgTree/server/[39mnode_modules/[4m@vitest/runner[24m/dist/index.js:145:11
Test Backend	Run backend tests with coverage	2026-01-14T21:59:40.6403094Z     at [90mfile:///home/runner/work/OrgTree/OrgTree/server/[39mnode_modules/[4m@vitest/runner[24m/dist/index.js:915:26
Test Backend	Run backend tests with coverage	2026-01-14T21:59:40.6404950Z     at [90mfile:///home/runner/work/OrgTree/OrgTree/server/[39mnode_modules/[4m@vitest/runner[24m/dist/index.js:1243:20
Test Backend	Run backend tests with coverage	2026-01-14T21:59:40.6406024Z     at new Promise (<anonymous>)
Test Backend	Run backend tests with coverage	2026-01-14T21:59:40.6407543Z     at runWithTimeout [90m(file:///home/runner/work/OrgTree/OrgTree/server/[39mnode_modules/[4m@vitest/runner[24m/dist/index.js:1209:10[90m)[39m
Test Backend	Run backend tests with coverage	2026-01-14T21:59:40.6409736Z     at [90mfile:///home/runner/work/OrgTree/OrgTree/server/[39mnode_modules/[4m@vitest/runner[24m/dist/index.js:1653:37
Test Backend	Run backend tests with coverage	2026-01-14T21:59:40.6411633Z     at Traces.$ [90m(file:///home/runner/work/OrgTree/OrgTree/server/[39mnode_modules/[4mvitest[24m/dist/chunks/traces.U4xDYhzZ.js:115:27[90m)[39m {
Test Backend	Run backend tests with coverage	2026-01-14T21:59:40.6412845Z   code: [32m'SQLITE_ERROR'[39m
Test Backend	Run backend tests with coverage	2026-01-14T21:59:40.6413244Z }
Test Backend	Run backend tests with coverage	2026-01-14T21:59:40.6413401Z 
Test Backend	Run backend tests with coverage	2026-01-14T21:59:40.6415592Z [90mstderr[2m | src/services/sql-injection.test.ts[2m > [22m[2mSQL Injection Security Tests[2m > [22m[2mSearch Service - SQL Injection Protection[2m > [22m[2msearch() with classic SQL injection payloads[2m > [22m[2mshould safely handle payload: admin' #...
Test Backend	Run backend tests with coverage	2026-01-14T21:59:40.6417889Z [22m[39mDepartment search error: SqliteError: fts5: syntax error near "#"
Test Backend	Run backend tests with coverage	2026-01-14T21:59:40.6419510Z     at searchDepartments [90m(/home/runner/work/OrgTree/OrgTree/server/[39msrc/services/search.service.ts:145:33[90m)[39m
Test Backend	Run backend tests with coverage	2026-01-14T21:59:40.6421251Z     at Module.search [90m(/home/runner/work/OrgTree/OrgTree/server/[39msrc/services/search.service.ts:288:27[90m)[39m
Test Backend	Run backend tests with coverage	2026-01-14T21:59:40.6422814Z     at [90m/home/runner/work/OrgTree/OrgTree/server/[39msrc/services/sql-injection.test.ts:253:26
Test Backend	Run backend tests with coverage	2026-01-14T21:59:40.6424359Z     at [90mfile:///home/runner/work/OrgTree/OrgTree/server/[39mnode_modules/[4m@vitest/runner[24m/dist/index.js:145:11
Test Backend	Run backend tests with coverage	2026-01-14T21:59:40.6426021Z     at [90mfile:///home/runner/work/OrgTree/OrgTree/server/[39mnode_modules/[4m@vitest/runner[24m/dist/index.js:915:26
Test Backend	Run backend tests with coverage	2026-01-14T21:59:40.6427783Z     at [90mfile:///home/runner/work/OrgTree/OrgTree/server/[39mnode_modules/[4m@vitest/runner[24m/dist/index.js:1243:20
Test Backend	Run backend tests with coverage	2026-01-14T21:59:40.6428807Z     at new Promise (<anonymous>)
Test Backend	Run backend tests with coverage	2026-01-14T21:59:40.6430516Z     at runWithTimeout [90m(file:///home/runner/work/OrgTree/OrgTree/server/[39mnode_modules/[4m@vitest/runner[24m/dist/index.js:1209:10[90m)[39m
Test Backend	Run backend tests with coverage	2026-01-14T21:59:40.6432518Z     at [90mfile:///home/runner/work/OrgTree/OrgTree/server/[39mnode_modules/[4m@vitest/runner[24m/dist/index.js:1653:37
Test Backend	Run backend tests with coverage	2026-01-14T21:59:40.6434616Z     at Traces.$ [90m(file:///home/runner/work/OrgTree/OrgTree/server/[39mnode_modules/[4mvitest[24m/dist/chunks/traces.U4xDYhzZ.js:115:27[90m)[39m {
Test Backend	Run backend tests with coverage	2026-01-14T21:59:40.6436285Z   code: [32m'SQLITE_ERROR'[39m
Test Backend	Run backend tests with coverage	2026-01-14T21:59:40.6436732Z }
Test Backend	Run backend tests with coverage	2026-01-14T21:59:40.6437339Z People search error: SqliteError: fts5: syntax error near "#"
Test Backend	Run backend tests with coverage	2026-01-14T21:59:40.6438824Z     at searchPeople [90m(/home/runner/work/OrgTree/OrgTree/server/[39msrc/services/search.service.ts:210:33[90m)[39m
Test Backend	Run backend tests with coverage	2026-01-14T21:59:40.6440889Z     at Module.search [90m(/home/runner/work/OrgTree/OrgTree/server/[39msrc/services/search.service.ts:301:29[90m)[39m
Test Backend	Run backend tests with coverage	2026-01-14T21:59:40.6442554Z     at [90m/home/runner/work/OrgTree/OrgTree/server/[39msrc/services/sql-injection.test.ts:253:26
Test Backend	Run backend tests with coverage	2026-01-14T21:59:40.6444299Z     at [90mfile:///home/runner/work/OrgTree/OrgTree/server/[39mnode_modules/[4m@vitest/runner[24m/dist/index.js:145:11
Test Backend	Run backend tests with coverage	2026-01-14T21:59:40.6446100Z     at [90mfile:///home/runner/work/OrgTree/OrgTree/server/[39mnode_modules/[4m@vitest/runner[24m/dist/index.js:915:26
Test Backend	Run backend tests with coverage	2026-01-14T21:59:40.6448259Z     at [90mfile:///home/runner/work/OrgTree/OrgTree/server/[39mnode_modules/[4m@vitest/runner[24m/dist/index.js:1243:20
Test Backend	Run backend tests with coverage	2026-01-14T21:59:40.6449563Z     at new Promise (<anonymous>)
Test Backend	Run backend tests with coverage	2026-01-14T21:59:40.6450997Z     at runWithTimeout [90m(file:///home/runner/work/OrgTree/OrgTree/server/[39mnode_modules/[4m@vitest/runner[24m/dist/index.js:1209:10[90m)[39m
Test Backend	Run backend tests with coverage	2026-01-14T21:59:40.6452939Z     at [90mfile:///home/runner/work/OrgTree/OrgTree/server/[39mnode_modules/[4m@vitest/runner[24m/dist/index.js:1653:37
Test Backend	Run backend tests with coverage	2026-01-14T21:59:40.6454925Z     at Traces.$ [90m(file:///home/runner/work/OrgTree/OrgTree/server/[39mnode_modules/[4mvitest[24m/dist/chunks/traces.U4xDYhzZ.js:115:27[90m)[39m {
Test Backend	Run backend tests with coverage	2026-01-14T21:59:40.6456229Z   code: [32m'SQLITE_ERROR'[39m
Test Backend	Run backend tests with coverage	2026-01-14T21:59:40.6456664Z }
Test Backend	Run backend tests with coverage	2026-01-14T21:59:40.6456827Z 
Test Backend	Run backend tests with coverage	2026-01-14T21:59:40.6459280Z [90mstderr[2m | src/services/sql-injection.test.ts[2m > [22m[2mSQL Injection Security Tests[2m > [22m[2mSearch Service - SQL Injection Protection[2m > [22m[2msearch() with classic SQL injection payloads[2m > [22m[2mshould safely handle payload: admin'/*...
Test Backend	Run backend tests with coverage	2026-01-14T21:59:40.6461592Z [22m[39mDepartment search error: SqliteError: fts5: syntax error near "/"
Test Backend	Run backend tests with coverage	2026-01-14T21:59:40.6463135Z     at searchDepartments [90m(/home/runner/work/OrgTree/OrgTree/server/[39msrc/services/search.service.ts:145:33[90m)[39m
Test Backend	Run backend tests with coverage	2026-01-14T21:59:40.6464913Z     at Module.search [90m(/home/runner/work/OrgTree/OrgTree/server/[39msrc/services/search.service.ts:288:27[90m)[39m
Test Backend	Run backend tests with coverage	2026-01-14T21:59:40.6466456Z     at [90m/home/runner/work/OrgTree/OrgTree/server/[39msrc/services/sql-injection.test.ts:253:26
Test Backend	Run backend tests with coverage	2026-01-14T21:59:40.6468029Z     at [90mfile:///home/runner/work/OrgTree/OrgTree/server/[39mnode_modules/[4m@vitest/runner[24m/dist/index.js:145:11
Test Backend	Run backend tests with coverage	2026-01-14T21:59:40.6469963Z     at [90mfile:///home/runner/work/OrgTree/OrgTree/server/[39mnode_modules/[4m@vitest/runner[24m/dist/index.js:915:26
Test Backend	Run backend tests with coverage	2026-01-14T21:59:40.6471744Z     at [90mfile:///home/runner/work/OrgTree/OrgTree/server/[39mnode_modules/[4m@vitest/runner[24m/dist/index.js:1243:20
Test Backend	Run backend tests with coverage	2026-01-14T21:59:40.6472786Z     at new Promise (<anonymous>)
Test Backend	Run backend tests with coverage	2026-01-14T21:59:40.6474231Z     at runWithTimeout [90m(file:///home/runner/work/OrgTree/OrgTree/server/[39mnode_modules/[4m@vitest/runner[24m/dist/index.js:1209:10[90m)[39m
Test Backend	Run backend tests with coverage	2026-01-14T21:59:40.6476103Z     at [90mfile:///home/runner/work/OrgTree/OrgTree/server/[39mnode_modules/[4m@vitest/runner[24m/dist/index.js:1653:37
Test Backend	Run backend tests with coverage	2026-01-14T21:59:40.6478016Z     at Traces.$ [90m(file:///home/runner/work/OrgTree/OrgTree/server/[39mnode_modules/[4mvitest[24m/dist/chunks/traces.U4xDYhzZ.js:115:27[90m)[39m {
Test Backend	Run backend tests with coverage	2026-01-14T21:59:40.6479415Z   code: [32m'SQLITE_ERROR'[39m
Test Backend	Run backend tests with coverage	2026-01-14T21:59:40.6479828Z }
Test Backend	Run backend tests with coverage	2026-01-14T21:59:40.6480383Z People search error: SqliteError: fts5: syntax error near "/"
Test Backend	Run backend tests with coverage	2026-01-14T21:59:40.6481702Z     at searchPeople [90m(/home/runner/work/OrgTree/OrgTree/server/[39msrc/services/search.service.ts:210:33[90m)[39m
Test Backend	Run backend tests with coverage	2026-01-14T21:59:40.6483654Z     at Module.search [90m(/home/runner/work/OrgTree/OrgTree/server/[39msrc/services/search.service.ts:301:29[90m)[39m
Test Backend	Run backend tests with coverage	2026-01-14T21:59:40.6485163Z     at [90m/home/runner/work/OrgTree/OrgTree/server/[39msrc/services/sql-injection.test.ts:253:26
Test Backend	Run backend tests with coverage	2026-01-14T21:59:40.6486696Z     at [90mfile:///home/runner/work/OrgTree/OrgTree/server/[39mnode_modules/[4m@vitest/runner[24m/dist/index.js:145:11
Test Backend	Run backend tests with coverage	2026-01-14T21:59:40.6488421Z     at [90mfile:///home/runner/work/OrgTree/OrgTree/server/[39mnode_modules/[4m@vitest/runner[24m/dist/index.js:915:26
Test Backend	Run backend tests with coverage	2026-01-14T21:59:40.6490362Z     at [90mfile:///home/runner/work/OrgTree/OrgTree/server/[39mnode_modules/[4m@vitest/runner[24m/dist/index.js:1243:20
Test Backend	Run backend tests with coverage	2026-01-14T21:59:40.6491421Z     at new Promise (<anonymous>)
Test Backend	Run backend tests with coverage	2026-01-14T21:59:40.6492925Z     at runWithTimeout [90m(file:///home/runner/work/OrgTree/OrgTree/server/[39mnode_modules/[4m@vitest/runner[24m/dist/index.js:1209:10[90m)[39m
Test Backend	Run backend tests with coverage	2026-01-14T21:59:40.6495113Z     at [90mfile:///home/runner/work/OrgTree/OrgTree/server/[39mnode_modules/[4m@vitest/runner[24m/dist/index.js:1653:37
Test Backend	Run backend tests with coverage	2026-01-14T21:59:40.6497168Z     at Traces.$ [90m(file:///home/runner/work/OrgTree/OrgTree/server/[39mnode_modules/[4mvitest[24m/dist/chunks/traces.U4xDYhzZ.js:115:27[90m)[39m {
Test Backend	Run backend tests with coverage	2026-01-14T21:59:40.6498426Z   code: [32m'SQLITE_ERROR'[39m
Test Backend	Run backend tests with coverage	2026-01-14T21:59:40.6498840Z }
Test Backend	Run backend tests with coverage	2026-01-14T21:59:40.6499336Z 
Test Backend	Run backend tests with coverage	2026-01-14T21:59:40.6501797Z [90mstderr[2m | src/services/sql-injection.test.ts[2m > [22m[2mSQL Injection Security Tests[2m > [22m[2mSearch Service - SQL Injection Protection[2m > [22m[2msearch() with classic SQL injection payloads[2m > [22m[2mshould safely handle payload: test%00' OR '1'='1...
Test Backend	Run backend tests with coverage	2026-01-14T21:59:40.6504231Z [22m[39mDepartment search error: SqliteError: fts5: syntax error near "%"
Test Backend	Run backend tests with coverage	2026-01-14T21:59:40.6505793Z     at searchDepartments [90m(/home/runner/work/OrgTree/OrgTree/server/[39msrc/services/search.service.ts:145:33[90m)[39m
Test Backend	Run backend tests with coverage	2026-01-14T21:59:40.6507673Z     at Module.search [90m(/home/runner/work/OrgTree/OrgTree/server/[39msrc/services/search.service.ts:288:27[90m)[39m
Test Backend	Run backend tests with coverage	2026-01-14T21:59:40.6509490Z     at [90m/home/runner/work/OrgTree/OrgTree/server/[39msrc/services/sql-injection.test.ts:253:26
Test Backend	Run backend tests with coverage	2026-01-14T21:59:40.6511214Z     at [90mfile:///home/runner/work/OrgTree/OrgTree/server/[39mnode_modules/[4m@vitest/runner[24m/dist/index.js:145:11
Test Backend	Run backend tests with coverage	2026-01-14T21:59:40.6513025Z     at [90mfile:///home/runner/work/OrgTree/OrgTree/server/[39mnode_modules/[4m@vitest/runner[24m/dist/index.js:915:26
Test Backend	Run backend tests with coverage	2026-01-14T21:59:40.6514808Z     at [90mfile:///home/runner/work/OrgTree/OrgTree/server/[39mnode_modules/[4m@vitest/runner[24m/dist/index.js:1243:20
Test Backend	Run backend tests with coverage	2026-01-14T21:59:40.6515864Z     at new Promise (<anonymous>)
Test Backend	Run backend tests with coverage	2026-01-14T21:59:40.6517363Z     at runWithTimeout [90m(file:///home/runner/work/OrgTree/OrgTree/server/[39mnode_modules/[4m@vitest/runner[24m/dist/index.js:1209:10[90m)[39m
Test Backend	Run backend tests with coverage	2026-01-14T21:59:40.6519696Z     at [90mfile:///home/runner/work/OrgTree/OrgTree/server/[39mnode_modules/[4m@vitest/runner[24m/dist/index.js:1653:37
Test Backend	Run backend tests with coverage	2026-01-14T21:59:40.6521710Z     at Traces.$ [90m(file:///home/runner/work/OrgTree/OrgTree/server/[39mnode_modules/[4mvitest[24m/dist/chunks/traces.U4xDYhzZ.js:115:27[90m)[39m {
Test Backend	Run backend tests with coverage	2026-01-14T21:59:40.6522941Z   code: [32m'SQLITE_ERROR'[39m
Test Backend	Run backend tests with coverage	2026-01-14T21:59:40.6523351Z }
Test Backend	Run backend tests with coverage	2026-01-14T21:59:40.6523902Z People search error: SqliteError: fts5: syntax error near "%"
Test Backend	Run backend tests with coverage	2026-01-14T21:59:40.6525253Z     at searchPeople [90m(/home/runner/work/OrgTree/OrgTree/server/[39msrc/services/search.service.ts:210:33[90m)[39m
Test Backend	Run backend tests with coverage	2026-01-14T21:59:40.6526935Z     at Module.search [90m(/home/runner/work/OrgTree/OrgTree/server/[39msrc/services/search.service.ts:301:29[90m)[39m
Test Backend	Run backend tests with coverage	2026-01-14T21:59:40.6528408Z     at [90m/home/runner/work/OrgTree/OrgTree/server/[39msrc/services/sql-injection.test.ts:253:26
Test Backend	Run backend tests with coverage	2026-01-14T21:59:40.6530069Z     at [90mfile:///home/runner/work/OrgTree/OrgTree/server/[39mnode_modules/[4m@vitest/runner[24m/dist/index.js:145:11
Test Backend	Run backend tests with coverage	2026-01-14T21:59:40.6532084Z     at [90mfile:///home/runner/work/OrgTree/OrgTree/server/[39mnode_modules/[4m@vitest/runner[24m/dist/index.js:915:26
Test Backend	Run backend tests with coverage	2026-01-14T21:59:40.6533686Z     at [90mfile:///home/runner/work/OrgTree/OrgTree/server/[39mnode_modules/[4m@vitest/runner[24m/dist/index.js:1243:20
Test Backend	Run backend tests with coverage	2026-01-14T21:59:40.6535533Z     at new Promise (<anonymous>)
Test Backend	Run backend tests with coverage	2026-01-14T21:59:40.6536865Z     at runWithTimeout [90m(file:///home/runner/work/OrgTree/OrgTree/server/[39mnode_modules/[4m@vitest/runner[24m/dist/index.js:1209:10[90m)[39m
Test Backend	Run backend tests with coverage	2026-01-14T21:59:40.6538546Z     at [90mfile:///home/runner/work/OrgTree/OrgTree/server/[39mnode_modules/[4m@vitest/runner[24m/dist/index.js:1653:37
Test Backend	Run backend tests with coverage	2026-01-14T21:59:40.6540436Z     at Traces.$ [90m(file:///home/runner/work/OrgTree/OrgTree/server/[39mnode_modules/[4mvitest[24m/dist/chunks/traces.U4xDYhzZ.js:115:27[90m)[39m {
Test Backend	Run backend tests with coverage	2026-01-14T21:59:40.6541599Z   code: [32m'SQLITE_ERROR'[39m
Test Backend	Run backend tests with coverage	2026-01-14T21:59:40.6542266Z }
Test Backend	Run backend tests with coverage	2026-01-14T21:59:40.6542423Z 
Test Backend	Run backend tests with coverage	2026-01-14T21:59:40.6544800Z [90mstderr[2m | src/services/sql-injection.test.ts[2m > [22m[2mSQL Injection Security Tests[2m > [22m[2mSearch Service - SQL Injection Protection[2m > [22m[2msearch() with classic SQL injection payloads[2m > [22m[2mshould safely handle payload: \u0027 OR 1=1 --...
Test Backend	Run backend tests with coverage	2026-01-14T21:59:40.6546981Z [22m[39mDepartment search error: SqliteError: fts5: syntax error near "="
Test Backend	Run backend tests with coverage	2026-01-14T21:59:40.6548305Z     at searchDepartments [90m(/home/runner/work/OrgTree/OrgTree/server/[39msrc/services/search.service.ts:145:33[90m)[39m
Test Backend	Run backend tests with coverage	2026-01-14T21:59:40.6557334Z     at Module.search [90m(/home/runner/work/OrgTree/OrgTree/server/[39msrc/services/search.service.ts:288:27[90m)[39m
Test Backend	Run backend tests with coverage	2026-01-14T21:59:40.6559232Z     at [90m/home/runner/work/OrgTree/OrgTree/server/[39msrc/services/sql-injection.test.ts:253:26
Test Backend	Run backend tests with coverage	2026-01-14T21:59:40.6560952Z     at [90mfile:///home/runner/work/OrgTree/OrgTree/server/[39mnode_modules/[4m@vitest/runner[24m/dist/index.js:145:11
Test Backend	Run backend tests with coverage	2026-01-14T21:59:40.6562757Z     at [90mfile:///home/runner/work/OrgTree/OrgTree/server/[39mnode_modules/[4m@vitest/runner[24m/dist/index.js:915:26
Test Backend	Run backend tests with coverage	2026-01-14T21:59:40.6564530Z     at [90mfile:///home/runner/work/OrgTree/OrgTree/server/[39mnode_modules/[4m@vitest/runner[24m/dist/index.js:1243:20
Test Backend	Run backend tests with coverage	2026-01-14T21:59:40.6565579Z     at new Promise (<anonymous>)
Test Backend	Run backend tests with coverage	2026-01-14T21:59:40.6567093Z     at runWithTimeout [90m(file:///home/runner/work/OrgTree/OrgTree/server/[39mnode_modules/[4m@vitest/runner[24m/dist/index.js:1209:10[90m)[39m
Test Backend	Run backend tests with coverage	2026-01-14T21:59:40.6569292Z     at [90mfile:///home/runner/work/OrgTree/OrgTree/server/[39mnode_modules/[4m@vitest/runner[24m/dist/index.js:1653:37
Test Backend	Run backend tests with coverage	2026-01-14T21:59:40.6571374Z     at Traces.$ [90m(file:///home/runner/work/OrgTree/OrgTree/server/[39mnode_modules/[4mvitest[24m/dist/chunks/traces.U4xDYhzZ.js:115:27[90m)[39m {
Test Backend	Run backend tests with coverage	2026-01-14T21:59:40.6572729Z   code: [32m'SQLITE_ERROR'[39m
Test Backend	Run backend tests with coverage	2026-01-14T21:59:40.6573159Z }
Test Backend	Run backend tests with coverage	2026-01-14T21:59:40.6573781Z People search error: SqliteError: fts5: syntax error near "="
Test Backend	Run backend tests with coverage	2026-01-14T21:59:40.6575221Z     at searchPeople [90m(/home/runner/work/OrgTree/OrgTree/server/[39msrc/services/search.service.ts:210:33[90m)[39m
Test Backend	Run backend tests with coverage	2026-01-14T21:59:40.6577056Z     at Module.search [90m(/home/runner/work/OrgTree/OrgTree/server/[39msrc/services/search.service.ts:301:29[90m)[39m
Test Backend	Run backend tests with coverage	2026-01-14T21:59:40.6578684Z     at [90m/home/runner/work/OrgTree/OrgTree/server/[39msrc/services/sql-injection.test.ts:253:26
Test Backend	Run backend tests with coverage	2026-01-14T21:59:40.6580614Z     at [90mfile:///home/runner/work/OrgTree/OrgTree/server/[39mnode_modules/[4m@vitest/runner[24m/dist/index.js:145:11
Test Backend	Run backend tests with coverage	2026-01-14T21:59:40.6584260Z     at [90mfile:///home/runner/work/OrgTree/OrgTree/server/[39mnode_modules/[4m@vitest/runner[24m/dist/index.js:915:26
Test Backend	Run backend tests with coverage	2026-01-14T21:59:40.6585934Z     at [90mfile:///home/runner/work/OrgTree/OrgTree/server/[39mnode_modules/[4m@vitest/runner[24m/dist/index.js:1243:20
Test Backend	Run backend tests with coverage	2026-01-14T21:59:40.6586910Z     at new Promise (<anonymous>)
Test Backend	Run backend tests with coverage	2026-01-14T21:59:40.6588340Z     at runWithTimeout [90m(file:///home/runner/work/OrgTree/OrgTree/server/[39mnode_modules/[4m@vitest/runner[24m/dist/index.js:1209:10[90m)[39m
Test Backend	Run backend tests with coverage	2026-01-14T21:59:40.6590805Z     at [90mfile:///home/runner/work/OrgTree/OrgTree/server/[39mnode_modules/[4m@vitest/runner[24m/dist/index.js:1653:37
Test Backend	Run backend tests with coverage	2026-01-14T21:59:40.6600415Z     at Traces.$ [90m(file:///home/runner/work/OrgTree/OrgTree/server/[39mnode_modules/[4mvitest[24m/dist/chunks/traces.U4xDYhzZ.js:115:27[90m)[39m {
Test Backend	Run backend tests with coverage	2026-01-14T21:59:40.6601797Z   code: [32m'SQLITE_ERROR'[39m
Test Backend	Run backend tests with coverage	2026-01-14T21:59:40.6602252Z }
Test Backend	Run backend tests with coverage	2026-01-14T21:59:40.6602417Z 
Test Backend	Run backend tests with coverage	2026-01-14T21:59:40.6604793Z [90mstderr[2m | src/services/sql-injection.test.ts[2m > [22m[2mSQL Injection Security Tests[2m > [22m[2mSearch Service - SQL Injection Protection[2m > [22m[2msearch() with FTS5 injection payloads[2m > [22m[2mshould safely handle FTS5 payload: (() OR (()))
Test Backend	Run backend tests with coverage	2026-01-14T21:59:40.6607207Z [22m[39mDepartment search error: SqliteError: fts5: syntax error near "OR"
Test Backend	Run backend tests with coverage	2026-01-14T21:59:40.6609385Z     at searchDepartments [90m(/home/runner/work/OrgTree/OrgTree/server/[39msrc/services/search.service.ts:145:33[90m)[39m
Test Backend	Run backend tests with coverage	2026-01-14T21:59:40.6611236Z     at Module.search [90m(/home/runner/work/OrgTree/OrgTree/server/[39msrc/services/search.service.ts:288:27[90m)[39m
Test Backend	Run backend tests with coverage	2026-01-14T21:59:40.6612887Z     at [90m/home/runner/work/OrgTree/OrgTree/server/[39msrc/services/sql-injection.test.ts:276:28
Test Backend	Run backend tests with coverage	2026-01-14T21:59:40.6614696Z     at Proxy.assertThrows [90m(file:///home/runner/work/OrgTree/OrgTree/server/[39mnode_modules/[4mchai[24m/index.js:2798:5[90m)[39m
Test Backend	Run backend tests with coverage	2026-01-14T21:59:40.6616716Z     at Proxy.methodWrapper [90m(file:///home/runner/work/OrgTree/OrgTree/server/[39mnode_modules/[4mchai[24m/index.js:1700:25[90m)[39m
Test Backend	Run backend tests with coverage	2026-01-14T21:59:40.6618934Z     at Proxy.<anonymous> [90m(file:///home/runner/work/OrgTree/OrgTree/server/[39mnode_modules/[4m@vitest/expect[24m/dist/index.js:1149:12[90m)[39m
Test Backend	Run backend tests with coverage	2026-01-14T21:59:40.6621445Z     at Proxy.overwritingMethodWrapper [90m(file:///home/runner/work/OrgTree/OrgTree/server/[39mnode_modules/[4mchai[24m/index.js:1750:33[90m)[39m
Test Backend	Run backend tests with coverage	2026-01-14T21:59:40.6623755Z     at Proxy.<anonymous> [90m(file:///home/runner/work/OrgTree/OrgTree/server/[39mnode_modules/[4m@vitest/expect[24m/dist/index.js:1485:16[90m)[39m
Test Backend	Run backend tests with coverage	2026-01-14T21:59:40.6626015Z     at Proxy.<anonymous> [90m(file:///home/runner/work/OrgTree/OrgTree/server/[39mnode_modules/[4m@vitest/expect[24m/dist/index.js:1090:14[90m)[39m
Test Backend	Run backend tests with coverage	2026-01-14T21:59:40.6628234Z     at Proxy.methodWrapper [90m(file:///home/runner/work/OrgTree/OrgTree/server/[39mnode_modules/[4mchai[24m/index.js:1700:25[90m)[39m {
Test Backend	Run backend tests with coverage	2026-01-14T21:59:40.6633877Z   code: [32m'SQLITE_ERROR'[39m
Test Backend	Run backend tests with coverage	2026-01-14T21:59:40.6634345Z }
Test Backend	Run backend tests with coverage	2026-01-14T21:59:40.6634954Z People search error: SqliteError: fts5: syntax error near "OR"
Test Backend	Run backend tests with coverage	2026-01-14T21:59:40.6636433Z     at searchPeople [90m(/home/runner/work/OrgTree/OrgTree/server/[39msrc/services/search.service.ts:210:33[90m)[39m
Test Backend	Run backend tests with coverage	2026-01-14T21:59:40.6638296Z     at Module.search [90m(/home/runner/work/OrgTree/OrgTree/server/[39msrc/services/search.service.ts:301:29[90m)[39m
Test Backend	Run backend tests with coverage	2026-01-14T21:59:40.6640230Z     at [90m/home/runner/work/OrgTree/OrgTree/server/[39msrc/services/sql-injection.test.ts:276:28
Test Backend	Run backend tests with coverage	2026-01-14T21:59:40.6641996Z     at Proxy.assertThrows [90m(file:///home/runner/work/OrgTree/OrgTree/server/[39mnode_modules/[4mchai[24m/index.js:2798:5[90m)[39m
Test Backend	Run backend tests with coverage	2026-01-14T21:59:40.6644085Z     at Proxy.methodWrapper [90m(file:///home/runner/work/OrgTree/OrgTree/server/[39mnode_modules/[4mchai[24m/index.js:1700:25[90m)[39m
Test Backend	Run backend tests with coverage	2026-01-14T21:59:40.6659892Z     at Proxy.<anonymous> [90m(file:///home/runner/work/OrgTree/OrgTree/server/[39mnode_modules/[4m@vitest/expect[24m/dist/index.js:1149:12[90m)[39m
Test Backend	Run backend tests with coverage	2026-01-14T21:59:40.6662221Z     at Proxy.overwritingMethodWrapper [90m(file:///home/runner/work/OrgTree/OrgTree/server/[39mnode_modules/[4mchai[24m/index.js:1750:33[90m)[39m
Test Backend	Run backend tests with coverage	2026-01-14T21:59:40.6664560Z     at Proxy.<anonymous> [90m(file:///home/runner/work/OrgTree/OrgTree/server/[39mnode_modules/[4m@vitest/expect[24m/dist/index.js:1485:16[90m)[39m
Test Backend	Run backend tests with coverage	2026-01-14T21:59:40.6667181Z     at Proxy.<anonymous> [90m(file:///home/runner/work/OrgTree/OrgTree/server/[39mnode_modules/[4m@vitest/expect[24m/dist/index.js:1090:14[90m)[39m
Test Backend	Run backend tests with coverage	2026-01-14T21:59:40.6669654Z     at Proxy.methodWrapper [90m(file:///home/runner/work/OrgTree/OrgTree/server/[39mnode_modules/[4mchai[24m/index.js:1700:25[90m)[39m {
Test Backend	Run backend tests with coverage	2026-01-14T21:59:40.6671013Z   code: [32m'SQLITE_ERROR'[39m
Test Backend	Run backend tests with coverage	2026-01-14T21:59:40.6671463Z }
Test Backend	Run backend tests with coverage	2026-01-14T21:59:40.6671648Z 
Test Backend	Run backend tests with coverage	2026-01-14T21:59:40.6672047Z [90mstdout[2m | src/routes/users.test.ts
Test Backend	Run backend tests with coverage	2026-01-14T21:59:40.6673189Z [22m[39mDatabase initialized at: /home/runner/work/OrgTree/OrgTree/server/database.db
Test Backend	Run backend tests with coverage	2026-01-14T21:59:40.6673853Z 
Test Backend	Run backend tests with coverage	2026-01-14T21:59:40.6676626Z [90mstderr[2m | src/services/sql-injection.test.ts[2m > [22m[2mSQL Injection Security Tests[2m > [22m[2mSearch Service - SQL Injection Protection[2m > [22m[2mgetAutocompleteSuggestions() with injection payloads[2m > [22m[2mshould safely handle autocomplete payload: ' OR '1'='1...
Test Backend	Run backend tests with coverage	2026-01-14T21:59:40.6679878Z [22m[39mDepartment autocomplete error: SqliteError: fts5: syntax error near "OR"
Test Backend	Run backend tests with coverage	2026-01-14T21:59:40.6681720Z     at Module.getAutocompleteSuggestions [90m(/home/runner/work/OrgTree/OrgTree/server/[39msrc/services/search.service.ts:354:31[90m)[39m
Test Backend	Run backend tests with coverage	2026-01-14T21:59:40.6683609Z     at [90m/home/runner/work/OrgTree/OrgTree/server/[39msrc/services/sql-injection.test.ts:286:26
Test Backend	Run backend tests with coverage	2026-01-14T21:59:40.6685326Z     at [90mfile:///home/runner/work/OrgTree/OrgTree/server/[39mnode_modules/[4m@vitest/runner[24m/dist/index.js:145:11
Test Backend	Run backend tests with coverage	2026-01-14T21:59:40.6687171Z     at [90mfile:///home/runner/work/OrgTree/OrgTree/server/[39mnode_modules/[4m@vitest/runner[24m/dist/index.js:915:26
Test Backend	Run backend tests with coverage	2026-01-14T21:59:40.6689208Z     at [90mfile:///home/runner/work/OrgTree/OrgTree/server/[39mnode_modules/[4m@vitest/runner[24m/dist/index.js:1243:20
Test Backend	Run backend tests with coverage	2026-01-14T21:59:40.6690333Z     at new Promise (<anonymous>)
Test Backend	Run backend tests with coverage	2026-01-14T21:59:40.6691897Z     at runWithTimeout [90m(file:///home/runner/work/OrgTree/OrgTree/server/[39mnode_modules/[4m@vitest/runner[24m/dist/index.js:1209:10[90m)[39m
Test Backend	Run backend tests with coverage	2026-01-14T21:59:40.6693923Z     at [90mfile:///home/runner/work/OrgTree/OrgTree/server/[39mnode_modules/[4m@vitest/runner[24m/dist/index.js:1653:37
Test Backend	Run backend tests with coverage	2026-01-14T21:59:40.6696000Z     at Traces.$ [90m(file:///home/runner/work/OrgTree/OrgTree/server/[39mnode_modules/[4mvitest[24m/dist/chunks/traces.U4xDYhzZ.js:115:27[90m)[39m
Test Backend	Run backend tests with coverage	2026-01-14T21:59:40.6698172Z     at trace [90m(file:///home/runner/work/OrgTree/OrgTree/server/[39mnode_modules/[4mvitest[24m/dist/chunks/test.B8ej_ZHS.js:239:21[90m)[39m {
Test Backend	Run backend tests with coverage	2026-01-14T21:59:40.6699712Z   code: [32m'SQLITE_ERROR'[39m
Test Backend	Run backend tests with coverage	2026-01-14T21:59:40.6700146Z }
Test Backend	Run backend tests with coverage	2026-01-14T21:59:40.6700771Z People autocomplete error: SqliteError: fts5: syntax error near "OR"
Test Backend	Run backend tests with coverage	2026-01-14T21:59:40.6702303Z     at Module.getAutocompleteSuggestions [90m(/home/runner/work/OrgTree/OrgTree/server/[39msrc/services/search.service.ts:386:35[90m)[39m
Test Backend	Run backend tests with coverage	2026-01-14T21:59:40.6704131Z     at [90m/home/runner/work/OrgTree/OrgTree/server/[39msrc/services/sql-injection.test.ts:286:26
Test Backend	Run backend tests with coverage	2026-01-14T21:59:40.6705858Z     at [90mfile:///home/runner/work/OrgTree/OrgTree/server/[39mnode_modules/[4m@vitest/runner[24m/dist/index.js:145:11
Test Backend	Run backend tests with coverage	2026-01-14T21:59:40.6707705Z     at [90mfile:///home/runner/work/OrgTree/OrgTree/server/[39mnode_modules/[4m@vitest/runner[24m/dist/index.js:915:26
Test Backend	Run backend tests with coverage	2026-01-14T21:59:40.6709763Z     at [90mfile:///home/runner/work/OrgTree/OrgTree/server/[39mnode_modules/[4m@vitest/runner[24m/dist/index.js:1243:20
Test Backend	Run backend tests with coverage	2026-01-14T21:59:40.6710850Z     at new Promise (<anonymous>)
Test Backend	Run backend tests with coverage	2026-01-14T21:59:40.6712380Z     at runWithTimeout [90m(file:///home/runner/work/OrgTree/OrgTree/server/[39mnode_modules/[4m@vitest/runner[24m/dist/index.js:1209:10[90m)[39m
Test Backend	Run backend tests with coverage	2026-01-14T21:59:40.6714485Z     at [90mfile:///home/runner/work/OrgTree/OrgTree/server/[39mnode_modules/[4m@vitest/runner[24m/dist/index.js:1653:37
Test Backend	Run backend tests with coverage	2026-01-14T21:59:40.6716598Z     at Traces.$ [90m(file:///home/runner/work/OrgTree/OrgTree/server/[39mnode_modules/[4mvitest[24m/dist/chunks/traces.U4xDYhzZ.js:115:27[90m)[39m
Test Backend	Run backend tests with coverage	2026-01-14T21:59:40.6719612Z     at trace [90m(file:///home/runner/work/OrgTree/OrgTree/server/[39mnode_modules/[4mvitest[24m/dist/chunks/test.B8ej_ZHS.js:239:21[90m)[39m {
Test Backend	Run backend tests with coverage	2026-01-14T21:59:40.6720963Z   code: [32m'SQLITE_ERROR'[39m
Test Backend	Run backend tests with coverage	2026-01-14T21:59:40.6721414Z }
Test Backend	Run backend tests with coverage	2026-01-14T21:59:40.6721592Z 
Test Backend	Run backend tests with coverage	2026-01-14T21:59:40.6724302Z [90mstderr[2m | src/services/sql-injection.test.ts[2m > [22m[2mSQL Injection Security Tests[2m > [22m[2mSearch Service - SQL Injection Protection[2m > [22m[2mgetAutocompleteSuggestions() with injection payloads[2m > [22m[2mshould safely handle autocomplete payload: ' OR '1'='1' --...
Test Backend	Run backend tests with coverage	2026-01-14T21:59:40.6727044Z [22m[39mDepartment autocomplete error: SqliteError: fts5: syntax error near "OR"
Test Backend	Run backend tests with coverage	2026-01-14T21:59:40.6728908Z     at Module.getAutocompleteSuggestions [90m(/home/runner/work/OrgTree/OrgTree/server/[39msrc/services/search.service.ts:354:31[90m)[39m
Test Backend	Run backend tests with coverage	2026-01-14T21:59:40.6731361Z     at [90m/home/runner/work/OrgTree/OrgTree/server/[39msrc/services/sql-injection.test.ts:286:26
Test Backend	Run backend tests with coverage	2026-01-14T21:59:40.6733084Z     at [90mfile:///home/runner/work/OrgTree/OrgTree/server/[39mnode_modules/[4m@vitest/runner[24m/dist/index.js:145:11
Test Backend	Run backend tests with coverage	2026-01-14T21:59:40.6735153Z     at [90mfile:///home/runner/work/OrgTree/OrgTree/server/[39mnode_modules/[4m@vitest/runner[24m/dist/index.js:915:26
Test Backend	Run backend tests with coverage	2026-01-14T21:59:40.6737018Z     at [90mfile:///home/runner/work/OrgTree/OrgTree/server/[39mnode_modules/[4m@vitest/runner[24m/dist/index.js:1243:20
Test Backend	Run backend tests with coverage	2026-01-14T21:59:40.6738097Z     at new Promise (<anonymous>)
Test Backend	Run backend tests with coverage	2026-01-14T21:59:40.6739850Z     at runWithTimeout [90m(file:///home/runner/work/OrgTree/OrgTree/server/[39mnode_modules/[4m@vitest/runner[24m/dist/index.js:1209:10[90m)[39m
Test Backend	Run backend tests with coverage	2026-01-14T21:59:40.6741875Z     at [90mfile:///home/runner/work/OrgTree/OrgTree/server/[39mnode_modules/[4m@vitest/runner[24m/dist/index.js:1653:37
Test Backend	Run backend tests with coverage	2026-01-14T21:59:40.6744010Z     at Traces.$ [90m(file:///home/runner/work/OrgTree/OrgTree/server/[39mnode_modules/[4mvitest[24m/dist/chunks/traces.U4xDYhzZ.js:115:27[90m)[39m
Test Backend	Run backend tests with coverage	2026-01-14T21:59:40.6746246Z     at trace [90m(file:///home/runner/work/OrgTree/OrgTree/server/[39mnode_modules/[4mvitest[24m/dist/chunks/test.B8ej_ZHS.js:239:21[90m)[39m {
Test Backend	Run backend tests with coverage	2026-01-14T21:59:40.6747582Z   code: [32m'SQLITE_ERROR'[39m
Test Backend	Run backend tests with coverage	2026-01-14T21:59:40.6748045Z }
Test Backend	Run backend tests with coverage	2026-01-14T21:59:40.6748707Z People autocomplete error: SqliteError: fts5: syntax error near "OR"
Test Backend	Run backend tests with coverage	2026-01-14T21:59:40.6751082Z     at Module.getAutocompleteSuggestions [90m(/home/runner/work/OrgTree/OrgTree/server/[39msrc/services/search.service.ts:386:35[90m)[39m
Test Backend	Run backend tests with coverage	2026-01-14T21:59:40.6752928Z     at [90m/home/runner/work/OrgTree/OrgTree/server/[39msrc/services/sql-injection.test.ts:286:26
Test Backend	Run backend tests with coverage	2026-01-14T21:59:40.6754644Z     at [90mfile:///home/runner/work/OrgTree/OrgTree/server/[39mnode_modules/[4m@vitest/runner[24m/dist/index.js:145:11
Test Backend	Run backend tests with coverage	2026-01-14T21:59:40.6756472Z     at [90mfile:///home/runner/work/OrgTree/OrgTree/server/[39mnode_modules/[4m@vitest/runner[24m/dist/index.js:915:26
Test Backend	Run backend tests with coverage	2026-01-14T21:59:40.6758380Z     at [90mfile:///home/runner/work/OrgTree/OrgTree/server/[39mnode_modules/[4m@vitest/runner[24m/dist/index.js:1243:20
Test Backend	Run backend tests with coverage	2026-01-14T21:59:40.6759725Z     at new Promise (<anonymous>)
Test Backend	Run backend tests with coverage	2026-01-14T21:59:40.6761291Z     at runWithTimeout [90m(file:///home/runner/work/OrgTree/OrgTree/server/[39mnode_modules/[4m@vitest/runner[24m/dist/index.js:1209:10[90m)[39m
Test Backend	Run backend tests with coverage	2026-01-14T21:59:40.6763323Z     at [90mfile:///home/runner/work/OrgTree/OrgTree/server/[39mnode_modules/[4m@vitest/runner[24m/dist/index.js:1653:37
Test Backend	Run backend tests with coverage	2026-01-14T21:59:40.6765392Z     at Traces.$ [90m(file:///home/runner/work/OrgTree/OrgTree/server/[39mnode_modules/[4mvitest[24m/dist/chunks/traces.U4xDYhzZ.js:115:27[90m)[39m
Test Backend	Run backend tests with coverage	2026-01-14T21:59:40.6767653Z     at trace [90m(file:///home/runner/work/OrgTree/OrgTree/server/[39mnode_modules/[4mvitest[24m/dist/chunks/test.B8ej_ZHS.js:239:21[90m)[39m {
Test Backend	Run backend tests with coverage	2026-01-14T21:59:40.6769499Z   code: [32m'SQLITE_ERROR'[39m
Test Backend	Run backend tests with coverage	2026-01-14T21:59:40.6769959Z }
Test Backend	Run backend tests with coverage	2026-01-14T21:59:40.6770140Z 
Test Backend	Run backend tests with coverage	2026-01-14T21:59:40.6772816Z [90mstderr[2m | src/services/sql-injection.test.ts[2m > [22m[2mSQL Injection Security Tests[2m > [22m[2mSearch Service - SQL Injection Protection[2m > [22m[2mgetAutocompleteSuggestions() with injection payloads[2m > [22m[2mshould safely handle autocomplete payload: ' OR '1'='1' /*...
Test Backend	Run backend tests with coverage	2026-01-14T21:59:40.6775511Z [22m[39mDepartment autocomplete error: SqliteError: fts5: syntax error near "OR"
Test Backend	Run backend tests with coverage	2026-01-14T21:59:40.6777333Z     at Module.getAutocompleteSuggestions [90m(/home/runner/work/OrgTree/OrgTree/server/[39msrc/services/search.service.ts:354:31[90m)[39m
Test Backend	Run backend tests with coverage	2026-01-14T21:59:40.6779430Z     at [90m/home/runner/work/OrgTree/OrgTree/server/[39msrc/services/sql-injection.test.ts:286:26
Test Backend	Run backend tests with coverage	2026-01-14T21:59:40.6781138Z     at [90mfile:///home/runner/work/OrgTree/OrgTree/server/[39mnode_modules/[4m@vitest/runner[24m/dist/index.js:145:11
Test Backend	Run backend tests with coverage	2026-01-14T21:59:40.6783284Z     at [90mfile:///home/runner/work/OrgTree/OrgTree/server/[39mnode_modules/[4m@vitest/runner[24m/dist/index.js:915:26
Test Backend	Run backend tests with coverage	2026-01-14T21:59:40.6785120Z     at [90mfile:///home/runner/work/OrgTree/OrgTree/server/[39mnode_modules/[4m@vitest/runner[24m/dist/index.js:1243:20
Test Backend	Run backend tests with coverage	2026-01-14T21:59:40.6786205Z     at new Promise (<anonymous>)
Test Backend	Run backend tests with coverage	2026-01-14T21:59:40.6787727Z     at runWithTimeout [90m(file:///home/runner/work/OrgTree/OrgTree/server/[39mnode_modules/[4m@vitest/runner[24m/dist/index.js:1209:10[90m)[39m
Test Backend	Run backend tests with coverage	2026-01-14T21:59:40.6789976Z     at [90mfile:///home/runner/work/OrgTree/OrgTree/server/[39mnode_modules/[4m@vitest/runner[24m/dist/index.js:1653:37
Test Backend	Run backend tests with coverage	2026-01-14T21:59:40.6792092Z     at Traces.$ [90m(file:///home/runner/work/OrgTree/OrgTree/server/[39mnode_modules/[4mvitest[24m/dist/chunks/traces.U4xDYhzZ.js:115:27[90m)[39m
Test Backend	Run backend tests with coverage	2026-01-14T21:59:40.6794357Z     at trace [90m(file:///home/runner/work/OrgTree/OrgTree/server/[39mnode_modules/[4mvitest[24m/dist/chunks/test.B8ej_ZHS.js:239:21[90m)[39m {
Test Backend	Run backend tests with coverage	2026-01-14T21:59:40.6795728Z   code: [32m'SQLITE_ERROR'[39m
Test Backend	Run backend tests with coverage	2026-01-14T21:59:40.6796251Z }
Test Backend	Run backend tests with coverage	2026-01-14T21:59:40.6796917Z People autocomplete error: SqliteError: fts5: syntax error near "OR"
Test Backend	Run backend tests with coverage	2026-01-14T21:59:40.6798701Z     at Module.getAutocompleteSuggestions [90m(/home/runner/work/OrgTree/OrgTree/server/[39msrc/services/search.service.ts:386:35[90m)[39m
Test Backend	Run backend tests with coverage	2026-01-14T21:59:40.6800591Z     at [90m/home/runner/work/OrgTree/OrgTree/server/[39msrc/services/sql-injection.test.ts:286:26
Test Backend	Run backend tests with coverage	2026-01-14T21:59:40.6802217Z     at [90mfile:///home/runner/work/OrgTree/OrgTree/server/[39mnode_modules/[4m@vitest/runner[24m/dist/index.js:145:11
Test Backend	Run backend tests with coverage	2026-01-14T21:59:40.6803923Z     at [90mfile:///home/runner/work/OrgTree/OrgTree/server/[39mnode_modules/[4m@vitest/runner[24m/dist/index.js:915:26
Test Backend	Run backend tests with coverage	2026-01-14T21:59:40.6805701Z     at [90mfile:///home/runner/work/OrgTree/OrgTree/server/[39mnode_modules/[4m@vitest/runner[24m/dist/index.js:1243:20
Test Backend	Run backend tests with coverage	2026-01-14T21:59:40.6806759Z     at new Promise (<anonymous>)
Test Backend	Run backend tests with coverage	2026-01-14T21:59:40.6808312Z     at runWithTimeout [90m(file:///home/runner/work/OrgTree/OrgTree/server/[39mnode_modules/[4m@vitest/runner[24m/dist/index.js:1209:10[90m)[39m
Test Backend	Run backend tests with coverage	2026-01-14T21:59:40.6810594Z     at [90mfile:///home/runner/work/OrgTree/OrgTree/server/[39mnode_modules/[4m@vitest/runner[24m/dist/index.js:1653:37
Test Backend	Run backend tests with coverage	2026-01-14T21:59:40.6812695Z     at Traces.$ [90m(file:///home/runner/work/OrgTree/OrgTree/server/[39mnode_modules/[4mvitest[24m/dist/chunks/traces.U4xDYhzZ.js:115:27[90m)[39m
Test Backend	Run backend tests with coverage	2026-01-14T21:59:40.6814974Z     at trace [90m(file:///home/runner/work/OrgTree/OrgTree/server/[39mnode_modules/[4mvitest[24m/dist/chunks/test.B8ej_ZHS.js:239:21[90m)[39m {
Test Backend	Run backend tests with coverage	2026-01-14T21:59:40.6816304Z   code: [32m'SQLITE_ERROR'[39m
Test Backend	Run backend tests with coverage	2026-01-14T21:59:40.6816747Z }
Test Backend	Run backend tests with coverage	2026-01-14T21:59:40.6816933Z 
Test Backend	Run backend tests with coverage	2026-01-14T21:59:40.6819855Z [90mstderr[2m | src/services/sql-injection.test.ts[2m > [22m[2mSQL Injection Security Tests[2m > [22m[2mSearch Service - SQL Injection Protection[2m > [22m[2mgetAutocompleteSuggestions() with injection payloads[2m > [22m[2mshould safely handle autocomplete payload: " OR "1"="1...
Test Backend	Run backend tests with coverage	2026-01-14T21:59:40.6822855Z [22m[39mDepartment autocomplete error: SqliteError: fts5: syntax error near "OR"
Test Backend	Run backend tests with coverage	2026-01-14T21:59:40.6824691Z     at Module.getAutocompleteSuggestions [90m(/home/runner/work/OrgTree/OrgTree/server/[39msrc/services/search.service.ts:354:31[90m)[39m
Test Backend	Run backend tests with coverage	2026-01-14T21:59:40.6826566Z     at [90m/home/runner/work/OrgTree/OrgTree/server/[39msrc/services/sql-injection.test.ts:286:26
Test Backend	Run backend tests with coverage	2026-01-14T21:59:40.6828249Z     at [90mfile:///home/runner/work/OrgTree/OrgTree/server/[39mnode_modules/[4m@vitest/runner[24m/dist/index.js:145:11
Test Backend	Run backend tests with coverage	2026-01-14T21:59:40.6830455Z     at [90mfile:///home/runner/work/OrgTree/OrgTree/server/[39mnode_modules/[4m@vitest/runner[24m/dist/index.js:915:26
Test Backend	Run backend tests with coverage	2026-01-14T21:59:40.6832302Z     at [90mfile:///home/runner/work/OrgTree/OrgTree/server/[39mnode_modules/[4m@vitest/runner[24m/dist/index.js:1243:20
Test Backend	Run backend tests with coverage	2026-01-14T21:59:40.6833687Z     at new Promise (<anonymous>)
Test Backend	Run backend tests with coverage	2026-01-14T21:59:40.6835237Z     at runWithTimeout [90m(file:///home/runner/work/OrgTree/OrgTree/server/[39mnode_modules/[4m@vitest/runner[24m/dist/index.js:1209:10[90m)[39m
Test Backend	Run backend tests with coverage	2026-01-14T21:59:40.6837274Z     at [90mfile:///home/runner/work/OrgTree/OrgTree/server/[39mnode_modules/[4m@vitest/runner[24m/dist/index.js:1653:37
Test Backend	Run backend tests with coverage	2026-01-14T21:59:40.6839565Z     at Traces.$ [90m(file:///home/runner/work/OrgTree/OrgTree/server/[39mnode_modules/[4mvitest[24m/dist/chunks/traces.U4xDYhzZ.js:115:27[90m)[39m
Test Backend	Run backend tests with coverage	2026-01-14T21:59:40.6841818Z     at trace [90m(file:///home/runner/work/OrgTree/OrgTree/server/[39mnode_modules/[4mvitest[24m/dist/chunks/test.B8ej_ZHS.js:239:21[90m)[39m {
Test Backend	Run backend tests with coverage	2026-01-14T21:59:40.6843146Z   code: [32m'SQLITE_ERROR'[39m
Test Backend	Run backend tests with coverage	2026-01-14T21:59:40.6843593Z }
Test Backend	Run backend tests with coverage	2026-01-14T21:59:40.6849163Z People autocomplete error: SqliteError: fts5: syntax error near "OR"
Test Backend	Run backend tests with coverage	2026-01-14T21:59:40.6850989Z     at Module.getAutocompleteSuggestions [90m(/home/runner/work/OrgTree/OrgTree/server/[39msrc/services/search.service.ts:386:35[90m)[39m
Test Backend	Run backend tests with coverage	2026-01-14T21:59:40.6852853Z     at [90m/home/runner/work/OrgTree/OrgTree/server/[39msrc/services/sql-injection.test.ts:286:26
Test Backend	Run backend tests with coverage	2026-01-14T21:59:40.6854565Z     at [90mfile:///home/runner/work/OrgTree/OrgTree/server/[39mnode_modules/[4m@vitest/runner[24m/dist/index.js:145:11
Test Backend	Run backend tests with coverage	2026-01-14T21:59:40.6856404Z     at [90mfile:///home/runner/work/OrgTree/OrgTree/server/[39mnode_modules/[4m@vitest/runner[24m/dist/index.js:915:26
Test Backend	Run backend tests with coverage	2026-01-14T21:59:40.6858282Z     at [90mfile:///home/runner/work/OrgTree/OrgTree/server/[39mnode_modules/[4m@vitest/runner[24m/dist/index.js:1243:20
Test Backend	Run backend tests with coverage	2026-01-14T21:59:40.6859577Z     at new Promise (<anonymous>)
Test Backend	Run backend tests with coverage	2026-01-14T21:59:40.6861121Z     at runWithTimeout [90m(file:///home/runner/work/OrgTree/OrgTree/server/[39mnode_modules/[4m@vitest/runner[24m/dist/index.js:1209:10[90m)[39m
Test Backend	Run backend tests with coverage	2026-01-14T21:59:40.6886835Z     at [90mfile:///home/runner/work/OrgTree/OrgTree/server/[39mnode_modules/[4m@vitest/runner[24m/dist/index.js:1653:37
Test Backend	Run backend tests with coverage	2026-01-14T21:59:40.6889410Z     at Traces.$ [90m(file:///home/runner/work/OrgTree/OrgTree/server/[39mnode_modules/[4mvitest[24m/dist/chunks/traces.U4xDYhzZ.js:115:27[90m)[39m
Test Backend	Run backend tests with coverage	2026-01-14T21:59:40.6891632Z     at trace [90m(file:///home/runner/work/OrgTree/OrgTree/server/[39mnode_modules/[4mvitest[24m/dist/chunks/test.B8ej_ZHS.js:239:21[90m)[39m {
Test Backend	Run backend tests with coverage	2026-01-14T21:59:40.6892981Z   code: [32m'SQLITE_ERROR'[39m
Test Backend	Run backend tests with coverage	2026-01-14T21:59:40.6893443Z }
Test Backend	Run backend tests with coverage	2026-01-14T21:59:40.6893626Z 
Test Backend	Run backend tests with coverage	2026-01-14T21:59:40.6896392Z [90mstderr[2m | src/services/sql-injection.test.ts[2m > [22m[2mSQL Injection Security Tests[2m > [22m[2mSearch Service - SQL Injection Protection[2m > [22m[2mgetAutocompleteSuggestions() with injection payloads[2m > [22m[2mshould safely handle autocomplete payload: '; DROP TABLE users; --...
Test Backend	Run backend tests with coverage	2026-01-14T21:59:40.6899402Z [22m[39mDepartment autocomplete error: SqliteError: fts5: syntax error near ";"
Test Backend	Run backend tests with coverage	2026-01-14T21:59:40.6901283Z     at Module.getAutocompleteSuggestions [90m(/home/runner/work/OrgTree/OrgTree/server/[39msrc/services/search.service.ts:354:31[90m)[39m
Test Backend	Run backend tests with coverage	2026-01-14T21:59:40.6903526Z     at [90m/home/runner/work/OrgTree/OrgTree/server/[39msrc/services/sql-injection.test.ts:286:26
Test Backend	Run backend tests with coverage	2026-01-14T21:59:40.6905272Z     at [90mfile:///home/runner/work/OrgTree/OrgTree/server/[39mnode_modules/[4m@vitest/runner[24m/dist/index.js:145:11
Test Backend	Run backend tests with coverage	2026-01-14T21:59:40.6907108Z     at [90mfile:///home/runner/work/OrgTree/OrgTree/server/[39mnode_modules/[4m@vitest/runner[24m/dist/index.js:915:26
Test Backend	Run backend tests with coverage	2026-01-14T21:59:40.6909171Z     at [90mfile:///home/runner/work/OrgTree/OrgTree/server/[39mnode_modules/[4m@vitest/runner[24m/dist/index.js:1243:20
Test Backend	Run backend tests with coverage	2026-01-14T21:59:40.6910277Z     at new Promise (<anonymous>)
Test Backend	Run backend tests with coverage	2026-01-14T21:59:40.6911804Z     at runWithTimeout [90m(file:///home/runner/work/OrgTree/OrgTree/server/[39mnode_modules/[4m@vitest/runner[24m/dist/index.js:1209:10[90m)[39m
Test Backend	Run backend tests with coverage	2026-01-14T21:59:40.6914197Z     at [90mfile:///home/runner/work/OrgTree/OrgTree/server/[39mnode_modules/[4m@vitest/runner[24m/dist/index.js:1653:37
Test Backend	Run backend tests with coverage	2026-01-14T21:59:40.6916298Z     at Traces.$ [90m(file:///home/runner/work/OrgTree/OrgTree/server/[39mnode_modules/[4mvitest[24m/dist/chunks/traces.U4xDYhzZ.js:115:27[90m)[39m
Test Backend	Run backend tests with coverage	2026-01-14T21:59:40.6918591Z     at trace [90m(file:///home/runner/work/OrgTree/OrgTree/server/[39mnode_modules/[4mvitest[24m/dist/chunks/test.B8ej_ZHS.js:239:21[90m)[39m {
Test Backend	Run backend tests with coverage	2026-01-14T21:59:40.6920145Z   code: [32m'SQLITE_ERROR'[39m
Test Backend	Run backend tests with coverage	2026-01-14T21:59:40.6920582Z }
Test Backend	Run backend tests with coverage	2026-01-14T21:59:40.6921228Z People autocomplete error: SqliteError: fts5: syntax error near ";"
Test Backend	Run backend tests with coverage	2026-01-14T21:59:40.6922997Z     at Module.getAutocompleteSuggestions [90m(/home/runner/work/OrgTree/OrgTree/server/[39msrc/services/search.service.ts:386:35[90m)[39m
Test Backend	Run backend tests with coverage	2026-01-14T21:59:40.6924874Z     at [90m/home/runner/work/OrgTree/OrgTree/server/[39msrc/services/sql-injection.test.ts:286:26
Test Backend	Run backend tests with coverage	2026-01-14T21:59:40.6926571Z     at [90mfile:///home/runner/work/OrgTree/OrgTree/server/[39mnode_modules/[4m@vitest/runner[24m/dist/index.js:145:11
Test Backend	Run backend tests with coverage	2026-01-14T21:59:40.6928451Z     at [90mfile:///home/runner/work/OrgTree/OrgTree/server/[39mnode_modules/[4m@vitest/runner[24m/dist/index.js:915:26
Test Backend	Run backend tests with coverage	2026-01-14T21:59:40.6930545Z     at [90mfile:///home/runner/work/OrgTree/OrgTree/server/[39mnode_modules/[4m@vitest/runner[24m/dist/index.js:1243:20
Test Backend	Run backend tests with coverage	2026-01-14T21:59:40.6931633Z     at new Promise (<anonymous>)
Test Backend	Run backend tests with coverage	2026-01-14T21:59:40.6933181Z     at runWithTimeout [90m(file:///home/runner/work/OrgTree/OrgTree/server/[39mnode_modules/[4m@vitest/runner[24m/dist/index.js:1209:10[90m)[39m
Test Backend	Run backend tests with coverage	2026-01-14T21:59:40.6935206Z     at [90mfile:///home/runner/work/OrgTree/OrgTree/server/[39mnode_modules/[4m@vitest/runner[24m/dist/index.js:1653:37
Test Backend	Run backend tests with coverage	2026-01-14T21:59:40.6937333Z     at Traces.$ [90m(file:///home/runner/work/OrgTree/OrgTree/server/[39mnode_modules/[4mvitest[24m/dist/chunks/traces.U4xDYhzZ.js:115:27[90m)[39m
Test Backend	Run backend tests with coverage	2026-01-14T21:59:40.6939760Z     at trace [90m(file:///home/runner/work/OrgTree/OrgTree/server/[39mnode_modules/[4mvitest[24m/dist/chunks/test.B8ej_ZHS.js:239:21[90m)[39m {
Test Backend	Run backend tests with coverage	2026-01-14T21:59:40.6941156Z   code: [32m'SQLITE_ERROR'[39m
Test Backend	Run backend tests with coverage	2026-01-14T21:59:40.6941594Z }
Test Backend	Run backend tests with coverage	2026-01-14T21:59:40.6941778Z 
Test Backend	Run backend tests with coverage	2026-01-14T21:59:40.7037004Z [90mstderr[2m | src/services/sql-injection.test.ts[2m > [22m[2mSQL Injection Security Tests[2m > [22m[2mEdge Cases & Boundary Tests[2m > [22m[2mshould handle extremely long SQL injection payloads
Test Backend	Run backend tests with coverage	2026-01-14T21:59:40.7038937Z [22m[39mDepartment search error: SqliteError: fts5: syntax error near "OR"
Test Backend	Run backend tests with coverage	2026-01-14T21:59:40.7040645Z     at searchDepartments [90m(/home/runner/work/OrgTree/OrgTree/server/[39msrc/services/search.service.ts:145:33[90m)[39m
Test Backend	Run backend tests with coverage	2026-01-14T21:59:40.7042370Z     at Module.search [90m(/home/runner/work/OrgTree/OrgTree/server/[39msrc/services/search.service.ts:288:27[90m)[39m
Test Backend	Run backend tests with coverage	2026-01-14T21:59:40.7043882Z     at [90m/home/runner/work/OrgTree/OrgTree/server/[39msrc/services/sql-injection.test.ts:447:22
Test Backend	Run backend tests with coverage	2026-01-14T21:59:40.7045461Z     at [90mfile:///home/runner/work/OrgTree/OrgTree/server/[39mnode_modules/[4m@vitest/runner[24m/dist/index.js:145:11
Test Backend	Run backend tests with coverage	2026-01-14T21:59:40.7047437Z     at [90mfile:///home/runner/work/OrgTree/OrgTree/server/[39mnode_modules/[4m@vitest/runner[24m/dist/index.js:915:26
Test Backend	Run backend tests with coverage	2026-01-14T21:59:40.7049264Z     at [90mfile:///home/runner/work/OrgTree/OrgTree/server/[39mnode_modules/[4m@vitest/runner[24m/dist/index.js:1243:20
Test Backend	Run backend tests with coverage	2026-01-14T21:59:40.7050252Z     at new Promise (<anonymous>)
Test Backend	Run backend tests with coverage	2026-01-14T21:59:40.7051635Z     at runWithTimeout [90m(file:///home/runner/work/OrgTree/OrgTree/server/[39mnode_modules/[4m@vitest/runner[24m/dist/index.js:1209:10[90m)[39m
Test Backend	Run backend tests with coverage	2026-01-14T21:59:40.7053457Z     at [90mfile:///home/runner/work/OrgTree/OrgTree/server/[39mnode_modules/[4m@vitest/runner[24m/dist/index.js:1653:37
Test Backend	Run backend tests with coverage	2026-01-14T21:59:40.7055354Z     at Traces.$ [90m(file:///home/runner/work/OrgTree/OrgTree/server/[39mnode_modules/[4mvitest[24m/dist/chunks/traces.U4xDYhzZ.js:115:27[90m)[39m {
Test Backend	Run backend tests with coverage	2026-01-14T21:59:40.7056754Z   code: [32m'SQLITE_ERROR'[39m
Test Backend	Run backend tests with coverage	2026-01-14T21:59:40.7057158Z }
Test Backend	Run backend tests with coverage	2026-01-14T21:59:40.7057717Z People search error: SqliteError: fts5: syntax error near "OR"
Test Backend	Run backend tests with coverage	2026-01-14T21:59:40.7099503Z     at searchPeople [90m(/home/runner/work/OrgTree/OrgTree/server/[39msrc/services/search.service.ts:210:33[90m)[39m
Test Backend	Run backend tests with coverage	2026-01-14T21:59:40.7101541Z     at Module.search [90m(/home/runner/work/OrgTree/OrgTree/server/[39msrc/services/search.service.ts:301:29[90m)[39m
Test Backend	Run backend tests with coverage	2026-01-14T21:59:40.7103056Z     at [90m/home/runner/work/OrgTree/OrgTree/server/[39msrc/services/sql-injection.test.ts:447:22
Test Backend	Run backend tests with coverage	2026-01-14T21:59:40.7104610Z     at [90mfile:///home/runner/work/OrgTree/OrgTree/server/[39mnode_modules/[4m@vitest/runner[24m/dist/index.js:145:11
Test Backend	Run backend tests with coverage	2026-01-14T21:59:40.7106266Z     at [90mfile:///home/runner/work/OrgTree/OrgTree/server/[39mnode_modules/[4m@vitest/runner[24m/dist/index.js:915:26
Test Backend	Run backend tests with coverage	2026-01-14T21:59:40.7107922Z     at [90mfile:///home/runner/work/OrgTree/OrgTree/server/[39mnode_modules/[4m@vitest/runner[24m/dist/index.js:1243:20
Test Backend	Run backend tests with coverage	2026-01-14T21:59:40.7108940Z     at new Promise (<anonymous>)
Test Backend	Run backend tests with coverage	2026-01-14T21:59:40.7110529Z     at runWithTimeout [90m(file:///home/runner/work/OrgTree/OrgTree/server/[39mnode_modules/[4m@vitest/runner[24m/dist/index.js:1209:10[90m)[39m
Test Backend	Run backend tests with coverage	2026-01-14T21:59:40.7112369Z     at [90mfile:///home/runner/work/OrgTree/OrgTree/server/[39mnode_modules/[4m@vitest/runner[24m/dist/index.js:1653:37
Test Backend	Run backend tests with coverage	2026-01-14T21:59:40.7114264Z     at Traces.$ [90m(file:///home/runner/work/OrgTree/OrgTree/server/[39mnode_modules/[4mvitest[24m/dist/chunks/traces.U4xDYhzZ.js:115:27[90m)[39m {
Test Backend	Run backend tests with coverage	2026-01-14T21:59:40.7115473Z   code: [32m'SQLITE_ERROR'[39m
Test Backend	Run backend tests with coverage	2026-01-14T21:59:40.7115868Z }
Test Backend	Run backend tests with coverage	2026-01-14T21:59:40.7116025Z 
Test Backend	Run backend tests with coverage	2026-01-14T21:59:40.7136562Z [90mstderr[2m | src/services/sql-injection.test.ts[2m > [22m[2mSQL Injection Security Tests[2m > [22m[2mEdge Cases & Boundary Tests[2m > [22m[2mshould handle unicode injection attempts
Test Backend	Run backend tests with coverage	2026-01-14T21:59:40.7164019Z [22m[39mDepartment search error: SqliteError: fts5: syntax error near "="
Test Backend	Run backend tests with coverage	2026-01-14T21:59:40.7165697Z     at searchDepartments [90m(/home/runner/work/OrgTree/OrgTree/server/[39msrc/services/search.service.ts:145:33[90m)[39m
Test Backend	Run backend tests with coverage	2026-01-14T21:59:40.7167586Z     at Module.search [90m(/home/runner/work/OrgTree/OrgTree/server/[39msrc/services/search.service.ts:288:27[90m)[39m
Test Backend	Run backend tests with coverage	2026-01-14T21:59:40.7169440Z     at [90m/home/runner/work/OrgTree/OrgTree/server/[39msrc/services/sql-injection.test.ts:461:22
Test Backend	Run backend tests with coverage	2026-01-14T21:59:40.7171038Z     at [90mfile:///home/runner/work/OrgTree/OrgTree/server/[39mnode_modules/[4m@vitest/runner[24m/dist/index.js:145:11
Test Backend	Run backend tests with coverage	2026-01-14T21:59:40.7172688Z     at [90mfile:///home/runner/work/OrgTree/OrgTree/server/[39mnode_modules/[4m@vitest/runner[24m/dist/index.js:915:26
Test Backend	Run backend tests with coverage	2026-01-14T21:59:40.7174337Z     at [90mfile:///home/runner/work/OrgTree/OrgTree/server/[39mnode_modules/[4m@vitest/runner[24m/dist/index.js:1243:20
Test Backend	Run backend tests with coverage	2026-01-14T21:59:40.7175314Z     at new Promise (<anonymous>)
Test Backend	Run backend tests with coverage	2026-01-14T21:59:40.7176719Z     at runWithTimeout [90m(file:///home/runner/work/OrgTree/OrgTree/server/[39mnode_modules/[4m@vitest/runner[24m/dist/index.js:1209:10[90m)[39m
Test Backend	Run backend tests with coverage	2026-01-14T21:59:40.7178886Z     at [90mfile:///home/runner/work/OrgTree/OrgTree/server/[39mnode_modules/[4m@vitest/runner[24m/dist/index.js:1653:37
Test Backend	Run backend tests with coverage	2026-01-14T21:59:40.7181050Z     at Traces.$ [90m(file:///home/runner/work/OrgTree/OrgTree/server/[39mnode_modules/[4mvitest[24m/dist/chunks/traces.U4xDYhzZ.js:115:27[90m)[39m {
Test Backend	Run backend tests with coverage	2026-01-14T21:59:40.7182265Z   code: [32m'SQLITE_ERROR'[39m
Test Backend	Run backend tests with coverage	2026-01-14T21:59:40.7182666Z }
Test Backend	Run backend tests with coverage	2026-01-14T21:59:40.7183210Z People search error: SqliteError: fts5: syntax error near "="
Test Backend	Run backend tests with coverage	2026-01-14T21:59:40.7184524Z     at searchPeople [90m(/home/runner/work/OrgTree/OrgTree/server/[39msrc/services/search.service.ts:210:33[90m)[39m
Test Backend	Run backend tests with coverage	2026-01-14T21:59:40.7186177Z     at Module.search [90m(/home/runner/work/OrgTree/OrgTree/server/[39msrc/services/search.service.ts:301:29[90m)[39m
Test Backend	Run backend tests with coverage	2026-01-14T21:59:40.7187882Z     at [90m/home/runner/work/OrgTree/OrgTree/server/[39msrc/services/sql-injection.test.ts:461:22
Test Backend	Run backend tests with coverage	2026-01-14T21:59:40.7189565Z     at [90mfile:///home/runner/work/OrgTree/OrgTree/server/[39mnode_modules/[4m@vitest/runner[24m/dist/index.js:145:11
Test Backend	Run backend tests with coverage	2026-01-14T21:59:40.7191216Z     at [90mfile:///home/runner/work/OrgTree/OrgTree/server/[39mnode_modules/[4m@vitest/runner[24m/dist/index.js:915:26
Test Backend	Run backend tests with coverage	2026-01-14T21:59:40.7192863Z     at [90mfile:///home/runner/work/OrgTree/OrgTree/server/[39mnode_modules/[4m@vitest/runner[24m/dist/index.js:1243:20
Test Backend	Run backend tests with coverage	2026-01-14T21:59:40.7193833Z     at new Promise (<anonymous>)
Test Backend	Run backend tests with coverage	2026-01-14T21:59:40.7195203Z     at runWithTimeout [90m(file:///home/runner/work/OrgTree/OrgTree/server/[39mnode_modules/[4m@vitest/runner[24m/dist/index.js:1209:10[90m)[39m
Test Backend	Run backend tests with coverage	2026-01-14T21:59:40.7197030Z     at [90mfile:///home/runner/work/OrgTree/OrgTree/server/[39mnode_modules/[4m@vitest/runner[24m/dist/index.js:1653:37
Test Backend	Run backend tests with coverage	2026-01-14T21:59:40.7198920Z     at Traces.$ [90m(file:///home/runner/work/OrgTree/OrgTree/server/[39mnode_modules/[4mvitest[24m/dist/chunks/traces.U4xDYhzZ.js:115:27[90m)[39m {
Test Backend	Run backend tests with coverage	2026-01-14T21:59:40.7200256Z   code: [32m'SQLITE_ERROR'[39m
Test Backend	Run backend tests with coverage	2026-01-14T21:59:40.7200653Z }
Test Backend	Run backend tests with coverage	2026-01-14T21:59:40.7208063Z 
Test Backend	Run backend tests with coverage	2026-01-14T21:59:40.7209963Z [90mstderr[2m | src/services/sql-injection.test.ts[2m > [22m[2mSQL Injection Security Tests[2m > [22m[2mEdge Cases & Boundary Tests[2m > [22m[2mshould handle multi-line injection attempts
Test Backend	Run backend tests with coverage	2026-01-14T21:59:40.7211782Z [22m[39mDepartment search error: SqliteError: fts5: syntax error near ";"
Test Backend	Run backend tests with coverage	2026-01-14T21:59:40.7213234Z     at searchDepartments [90m(/home/runner/work/OrgTree/OrgTree/server/[39msrc/services/search.service.ts:145:33[90m)[39m
Test Backend	Run backend tests with coverage	2026-01-14T21:59:40.7214933Z     at Module.search [90m(/home/runner/work/OrgTree/OrgTree/server/[39msrc/services/search.service.ts:288:27[90m)[39m
Test Backend	Run backend tests with coverage	2026-01-14T21:59:40.7216408Z     at [90m/home/runner/work/OrgTree/OrgTree/server/[39msrc/services/sql-injection.test.ts:468:22
Test Backend	Run backend tests with coverage	2026-01-14T21:59:40.7218050Z     at [90mfile:///home/runner/work/OrgTree/OrgTree/server/[39mnode_modules/[4m@vitest/runner[24m/dist/index.js:145:11
Test Backend	Run backend tests with coverage	2026-01-14T21:59:40.7220175Z     at [90mfile:///home/runner/work/OrgTree/OrgTree/server/[39mnode_modules/[4m@vitest/runner[24m/dist/index.js:915:26
Test Backend	Run backend tests with coverage	2026-01-14T21:59:40.7221963Z     at [90mfile:///home/runner/work/OrgTree/OrgTree/server/[39mnode_modules/[4m@vitest/runner[24m/dist/index.js:1243:20
Test Backend	Run backend tests with coverage	2026-01-14T21:59:40.7223001Z     at new Promise (<anonymous>)
Test Backend	Run backend tests with coverage	2026-01-14T21:59:40.7224460Z     at runWithTimeout [90m(file:///home/runner/work/OrgTree/OrgTree/server/[39mnode_modules/[4m@vitest/runner[24m/dist/index.js:1209:10[90m)[39m
Test Backend	Run backend tests with coverage	2026-01-14T21:59:40.7229240Z     at [90mfile:///home/runner/work/OrgTree/OrgTree/server/[39mnode_modules/[4m@vitest/runner[24m/dist/index.js:1653:37
Test Backend	Run backend tests with coverage	2026-01-14T21:59:40.7231396Z     at Traces.$ [90m(file:///home/runner/work/OrgTree/OrgTree/server/[39mnode_modules/[4mvitest[24m/dist/chunks/traces.U4xDYhzZ.js:115:27[90m)[39m {
Test Backend	Run backend tests with coverage	2026-01-14T21:59:40.7232738Z   code: [32m'SQLITE_ERROR'[39m
Test Backend	Run backend tests with coverage	2026-01-14T21:59:40.7233504Z }
Test Backend	Run backend tests with coverage	2026-01-14T21:59:40.7234110Z People search error: SqliteError: fts5: syntax error near ";"
Test Backend	Run backend tests with coverage	2026-01-14T21:59:40.7235591Z     at searchPeople [90m(/home/runner/work/OrgTree/OrgTree/server/[39msrc/services/search.service.ts:210:33[90m)[39m
Test Backend	Run backend tests with coverage	2026-01-14T21:59:40.7237417Z     at Module.search [90m(/home/runner/work/OrgTree/OrgTree/server/[39msrc/services/search.service.ts:301:29[90m)[39m
Test Backend	Run backend tests with coverage	2026-01-14T21:59:40.7239260Z     at [90m/home/runner/work/OrgTree/OrgTree/server/[39msrc/services/sql-injection.test.ts:468:22
Test Backend	Run backend tests with coverage	2026-01-14T21:59:40.7241002Z     at [90mfile:///home/runner/work/OrgTree/OrgTree/server/[39mnode_modules/[4m@vitest/runner[24m/dist/index.js:145:11
Test Backend	Run backend tests with coverage	2026-01-14T21:59:40.7242805Z     at [90mfile:///home/runner/work/OrgTree/OrgTree/server/[39mnode_modules/[4m@vitest/runner[24m/dist/index.js:915:26
Test Backend	Run backend tests with coverage	2026-01-14T21:59:40.7244616Z     at [90mfile:///home/runner/work/OrgTree/OrgTree/server/[39mnode_modules/[4m@vitest/runner[24m/dist/index.js:1243:20
Test Backend	Run backend tests with coverage	2026-01-14T21:59:40.7246023Z     at new Promise (<anonymous>)
Test Backend	Run backend tests with coverage	2026-01-14T21:59:40.7247510Z     at runWithTimeout [90m(file:///home/runner/work/OrgTree/OrgTree/server/[39mnode_modules/[4m@vitest/runner[24m/dist/index.js:1209:10[90m)[39m
Test Backend	Run backend tests with coverage	2026-01-14T21:59:40.7253513Z     at [90mfile:///home/runner/work/OrgTree/OrgTree/server/[39mnode_modules/[4m@vitest/runner[24m/dist/index.js:1653:37
Test Backend	Run backend tests with coverage	2026-01-14T21:59:40.7255633Z     at Traces.$ [90m(file:///home/runner/work/OrgTree/OrgTree/server/[39mnode_modules/[4mvitest[24m/dist/chunks/traces.U4xDYhzZ.js:115:27[90m)[39m {
Test Backend	Run backend tests with coverage	2026-01-14T21:59:40.7256980Z   code: [32m'SQLITE_ERROR'[39m
Test Backend	Run backend tests with coverage	2026-01-14T21:59:40.7257418Z }
Test Backend	Run backend tests with coverage	2026-01-14T21:59:40.7257593Z 
Test Backend	Run backend tests with coverage	2026-01-14T21:59:40.7259501Z [90mstderr[2m | src/services/sql-injection.test.ts[2m > [22m[2mSQL Injection Security Tests[2m > [22m[2mEdge Cases & Boundary Tests[2m > [22m[2mshould handle tab character injection
Test Backend	Run backend tests with coverage	2026-01-14T21:59:40.7261372Z [22m[39mDepartment search error: SqliteError: fts5: syntax error near "="
Test Backend	Run backend tests with coverage	2026-01-14T21:59:40.7262987Z     at searchDepartments [90m(/home/runner/work/OrgTree/OrgTree/server/[39msrc/services/search.service.ts:145:33[90m)[39m
Test Backend	Run backend tests with coverage	2026-01-14T21:59:40.7264831Z     at Module.search [90m(/home/runner/work/OrgTree/OrgTree/server/[39msrc/services/search.service.ts:288:27[90m)[39m
Test Backend	Run backend tests with coverage	2026-01-14T21:59:40.7266352Z     at [90m/home/runner/work/OrgTree/OrgTree/server/[39msrc/services/sql-injection.test.ts:475:22
Test Backend	Run backend tests with coverage	2026-01-14T21:59:40.7267925Z     at [90mfile:///home/runner/work/OrgTree/OrgTree/server/[39mnode_modules/[4m@vitest/runner[24m/dist/index.js:145:11
Test Backend	Run backend tests with coverage	2026-01-14T21:59:40.7269812Z     at [90mfile:///home/runner/work/OrgTree/OrgTree/server/[39mnode_modules/[4m@vitest/runner[24m/dist/index.js:915:26
Test Backend	Run backend tests with coverage	2026-01-14T21:59:40.7271446Z     at [90mfile:///home/runner/work/OrgTree/OrgTree/server/[39mnode_modules/[4m@vitest/runner[24m/dist/index.js:1243:20
Test Backend	Run backend tests with coverage	2026-01-14T21:59:40.7272428Z     at new Promise (<anonymous>)
Test Backend	Run backend tests with coverage	2026-01-14T21:59:40.7273828Z     at runWithTimeout [90m(file:///home/runner/work/OrgTree/OrgTree/server/[39mnode_modules/[4m@vitest/runner[24m/dist/index.js:1209:10[90m)[39m
Test Backend	Run backend tests with coverage	2026-01-14T21:59:40.7275533Z     at [90mfile:///home/runner/work/OrgTree/OrgTree/server/[39mnode_modules/[4m@vitest/runner[24m/dist/index.js:1653:37
Test Backend	Run backend tests with coverage	2026-01-14T21:59:40.7277267Z     at Traces.$ [90m(file:///home/runner/work/OrgTree/OrgTree/server/[39mnode_modules/[4mvitest[24m/dist/chunks/traces.U4xDYhzZ.js:115:27[90m)[39m {
Test Backend	Run backend tests with coverage	2026-01-14T21:59:40.7278389Z   code: [32m'SQLITE_ERROR'[39m
Test Backend	Run backend tests with coverage	2026-01-14T21:59:40.7278754Z }
Test Backend	Run backend tests with coverage	2026-01-14T21:59:40.7279438Z People search error: SqliteError: fts5: syntax error near "="
Test Backend	Run backend tests with coverage	2026-01-14T21:59:40.7280683Z     at searchPeople [90m(/home/runner/work/OrgTree/OrgTree/server/[39msrc/services/search.service.ts:210:33[90m)[39m
Test Backend	Run backend tests with coverage	2026-01-14T21:59:40.7282229Z     at Module.search [90m(/home/runner/work/OrgTree/OrgTree/server/[39msrc/services/search.service.ts:301:29[90m)[39m
Test Backend	Run backend tests with coverage	2026-01-14T21:59:40.7283616Z     at [90m/home/runner/work/OrgTree/OrgTree/server/[39msrc/services/sql-injection.test.ts:475:22
Test Backend	Run backend tests with coverage	2026-01-14T21:59:40.7285347Z     at [90mfile:///home/runner/work/OrgTree/OrgTree/server/[39mnode_modules/[4m@vitest/runner[24m/dist/index.js:145:11
Test Backend	Run backend tests with coverage	2026-01-14T21:59:40.7326806Z     at [90mfile:///home/runner/work/OrgTree/OrgTree/server/[39mnode_modules/[4m@vitest/runner[24m/dist/index.js:915:26
Test Backend	Run backend tests with coverage	2026-01-14T21:59:40.7328673Z     at [90mfile:///home/runner/work/OrgTree/OrgTree/server/[39mnode_modules/[4m@vitest/runner[24m/dist/index.js:1243:20
Test Backend	Run backend tests with coverage	2026-01-14T21:59:40.7329965Z     at new Promise (<anonymous>)
Test Backend	Run backend tests with coverage	2026-01-14T21:59:40.7331372Z     at runWithTimeout [90m(file:///home/runner/work/OrgTree/OrgTree/server/[39mnode_modules/[4m@vitest/runner[24m/dist/index.js:1209:10[90m)[39m
Test Backend	Run backend tests with coverage	2026-01-14T21:59:40.7333254Z     at [90mfile:///home/runner/work/OrgTree/OrgTree/server/[39mnode_modules/[4m@vitest/runner[24m/dist/index.js:1653:37
Test Backend	Run backend tests with coverage	2026-01-14T21:59:40.7335237Z     at Traces.$ [90m(file:///home/runner/work/OrgTree/OrgTree/server/[39mnode_modules/[4mvitest[24m/dist/chunks/traces.U4xDYhzZ.js:115:27[90m)[39m {
Test Backend	Run backend tests with coverage	2026-01-14T21:59:40.7336810Z   code: [32m'SQLITE_ERROR'[39m
Test Backend	Run backend tests with coverage	2026-01-14T21:59:40.7337244Z }
Test Backend	Run backend tests with coverage	2026-01-14T21:59:40.7337417Z 
Test Backend	Run backend tests with coverage	2026-01-14T21:59:40.7339552Z [90mstderr[2m | src/services/sql-injection.test.ts[2m > [22m[2mSQL Injection Security Tests[2m > [22m[2mData Integrity Verification[2m > [22m[2mshould not leak data across organizations via injection
Test Backend	Run backend tests with coverage	2026-01-14T21:59:40.7341546Z [22m[39mDepartment search error: SqliteError: fts5: syntax error near "OR"
Test Backend	Run backend tests with coverage	2026-01-14T21:59:40.7343022Z     at searchDepartments [90m(/home/runner/work/OrgTree/OrgTree/server/[39msrc/services/search.service.ts:145:33[90m)[39m
Test Backend	Run backend tests with coverage	2026-01-14T21:59:40.7344702Z     at Module.search [90m(/home/runner/work/OrgTree/OrgTree/server/[39msrc/services/search.service.ts:288:27[90m)[39m
Test Backend	Run backend tests with coverage	2026-01-14T21:59:40.7346208Z     at [90m/home/runner/work/OrgTree/OrgTree/server/[39msrc/services/sql-injection.test.ts:494:22
Test Backend	Run backend tests with coverage	2026-01-14T21:59:40.7347835Z     at [90mfile:///home/runner/work/OrgTree/OrgTree/server/[39mnode_modules/[4m@vitest/runner[24m/dist/index.js:145:11
Test Backend	Run backend tests with coverage	2026-01-14T21:59:40.7350674Z     at [90mfile:///home/runner/work/OrgTree/OrgTree/server/[39mnode_modules/[4m@vitest/runner[24m/dist/index.js:915:26
Test Backend	Run backend tests with coverage	2026-01-14T21:59:40.7352441Z     at [90mfile:///home/runner/work/OrgTree/OrgTree/server/[39mnode_modules/[4m@vitest/runner[24m/dist/index.js:1243:20
Test Backend	Run backend tests with coverage	2026-01-14T21:59:40.7353478Z     at new Promise (<anonymous>)
Test Backend	Run backend tests with coverage	2026-01-14T21:59:40.7354897Z     at runWithTimeout [90m(file:///home/runner/work/OrgTree/OrgTree/server/[39mnode_modules/[4m@vitest/runner[24m/dist/index.js:1209:10[90m)[39m
Test Backend	Run backend tests with coverage	2026-01-14T21:59:40.7356787Z     at [90mfile:///home/runner/work/OrgTree/OrgTree/server/[39mnode_modules/[4m@vitest/runner[24m/dist/index.js:1653:37
Test Backend	Run backend tests with coverage	2026-01-14T21:59:40.7358770Z     at Traces.$ [90m(file:///home/runner/work/OrgTree/OrgTree/server/[39mnode_modules/[4mvitest[24m/dist/chunks/traces.U4xDYhzZ.js:115:27[90m)[39m {
Test Backend	Run backend tests with coverage	2026-01-14T21:59:40.7360236Z   code: [32m'SQLITE_ERROR'[39m
Test Backend	Run backend tests with coverage	2026-01-14T21:59:40.7360677Z }
Test Backend	Run backend tests with coverage	2026-01-14T21:59:40.7361304Z People search error: SqliteError: fts5: syntax error near "OR"
Test Backend	Run backend tests with coverage	2026-01-14T21:59:40.7362781Z     at searchPeople [90m(/home/runner/work/OrgTree/OrgTree/server/[39msrc/services/search.service.ts:210:33[90m)[39m
Test Backend	Run backend tests with coverage	2026-01-14T21:59:40.7364498Z     at Module.search [90m(/home/runner/work/OrgTree/OrgTree/server/[39msrc/services/search.service.ts:301:29[90m)[39m
Test Backend	Run backend tests with coverage	2026-01-14T21:59:40.7366016Z     at [90m/home/runner/work/OrgTree/OrgTree/server/[39msrc/services/sql-injection.test.ts:494:22
Test Backend	Run backend tests with coverage	2026-01-14T21:59:40.7367650Z     at [90mfile:///home/runner/work/OrgTree/OrgTree/server/[39mnode_modules/[4m@vitest/runner[24m/dist/index.js:145:11
Test Backend	Run backend tests with coverage	2026-01-14T21:59:40.7369662Z     at [90mfile:///home/runner/work/OrgTree/OrgTree/server/[39mnode_modules/[4m@vitest/runner[24m/dist/index.js:915:26
Test Backend	Run backend tests with coverage	2026-01-14T21:59:40.7371370Z     at [90mfile:///home/runner/work/OrgTree/OrgTree/server/[39mnode_modules/[4m@vitest/runner[24m/dist/index.js:1243:20
Test Backend	Run backend tests with coverage	2026-01-14T21:59:40.7372683Z     at new Promise (<anonymous>)
Test Backend	Run backend tests with coverage	2026-01-14T21:59:40.7374136Z     at runWithTimeout [90m(file:///home/runner/work/OrgTree/OrgTree/server/[39mnode_modules/[4m@vitest/runner[24m/dist/index.js:1209:10[90m)[39m
Test Backend	Run backend tests with coverage	2026-01-14T21:59:40.7376138Z     at [90mfile:///home/runner/work/OrgTree/OrgTree/server/[39mnode_modules/[4m@vitest/runner[24m/dist/index.js:1653:37
Test Backend	Run backend tests with coverage	2026-01-14T21:59:40.7378322Z     at Traces.$ [90m(file:///home/runner/work/OrgTree/OrgTree/server/[39mnode_modules/[4mvitest[24m/dist/chunks/traces.U4xDYhzZ.js:115:27[90m)[39m {
Test Backend	Run backend tests with coverage	2026-01-14T21:59:40.7379929Z   code: [32m'SQLITE_ERROR'[39m
Test Backend	Run backend tests with coverage	2026-01-14T21:59:40.7380352Z }
Test Backend	Run backend tests with coverage	2026-01-14T21:59:40.7380535Z 
Test Backend	Run backend tests with coverage	2026-01-14T21:59:40.7382278Z [90mstderr[2m | src/services/sql-injection.test.ts[2m > [22m[2mSQL Injection Security Tests[2m > [22m[2mData Integrity Verification[2m > [22m[2mshould prevent UNION-based data extraction
Test Backend	Run backend tests with coverage	2026-01-14T21:59:40.7384279Z [22m[39mDepartment search error: SqliteError: fts5: syntax error near ","
Test Backend	Run backend tests with coverage	2026-01-14T21:59:40.7386160Z     at searchDepartments [90m(/home/runner/work/OrgTree/OrgTree/server/[39msrc/services/search.service.ts:145:33[90m)[39m
Test Backend	Run backend tests with coverage	2026-01-14T21:59:40.7388009Z     at Module.search [90m(/home/runner/work/OrgTree/OrgTree/server/[39msrc/services/search.service.ts:288:27[90m)[39m
Test Backend	Run backend tests with coverage	2026-01-14T21:59:40.7391305Z     at [90m/home/runner/work/OrgTree/OrgTree/server/[39msrc/services/sql-injection.test.ts:504:22
Test Backend	Run backend tests with coverage	2026-01-14T21:59:40.7393034Z     at [90mfile:///home/runner/work/OrgTree/OrgTree/server/[39mnode_modules/[4m@vitest/runner[24m/dist/index.js:145:11
Test Backend	Run backend tests with coverage	2026-01-14T21:59:40.7394827Z     at [90mfile:///home/runner/work/OrgTree/OrgTree/server/[39mnode_modules/[4m@vitest/runner[24m/dist/index.js:915:26
Test Backend	Run backend tests with coverage	2026-01-14T21:59:40.7396662Z     at [90mfile:///home/runner/work/OrgTree/OrgTree/server/[39mnode_modules/[4m@vitest/runner[24m/dist/index.js:1243:20
Test Backend	Run backend tests with coverage	2026-01-14T21:59:40.7397712Z     at new Promise (<anonymous>)
Test Backend	Run backend tests with coverage	2026-01-14T21:59:40.7399367Z     at runWithTimeout [90m(file:///home/runner/work/OrgTree/OrgTree/server/[39mnode_modules/[4m@vitest/runner[24m/dist/index.js:1209:10[90m)[39m
Test Backend	Run backend tests with coverage	2026-01-14T21:59:40.7401315Z     at [90mfile:///home/runner/work/OrgTree/OrgTree/server/[39mnode_modules/[4m@vitest/runner[24m/dist/index.js:1653:37
Test Backend	Run backend tests with coverage	2026-01-14T21:59:40.7403273Z     at Traces.$ [90m(file:///home/runner/work/OrgTree/OrgTree/server/[39mnode_modules/[4mvitest[24m/dist/chunks/traces.U4xDYhzZ.js:115:27[90m)[39m {
Test Backend	Run backend tests with coverage	2026-01-14T21:59:40.7404505Z   code: [32m'SQLITE_ERROR'[39m
Test Backend	Run backend tests with coverage	2026-01-14T21:59:40.7404917Z }
Test Backend	Run backend tests with coverage	2026-01-14T21:59:40.7405452Z People search error: SqliteError: fts5: syntax error near ","
Test Backend	Run backend tests with coverage	2026-01-14T21:59:40.7406806Z     at searchPeople [90m(/home/runner/work/OrgTree/OrgTree/server/[39msrc/services/search.service.ts:210:33[90m)[39m
Test Backend	Run backend tests with coverage	2026-01-14T21:59:40.7408310Z     at Module.search [90m(/home/runner/work/OrgTree/OrgTree/server/[39msrc/services/search.service.ts:301:29[90m)[39m
Test Backend	Run backend tests with coverage	2026-01-14T21:59:40.7409866Z     at [90m/home/runner/work/OrgTree/OrgTree/server/[39msrc/services/sql-injection.test.ts:504:22
Test Backend	Run backend tests with coverage	2026-01-14T21:59:40.7411239Z     at [90mfile:///home/runner/work/OrgTree/OrgTree/server/[39mnode_modules/[4m@vitest/runner[24m/dist/index.js:145:11
Test Backend	Run backend tests with coverage	2026-01-14T21:59:40.7412703Z     at [90mfile:///home/runner/work/OrgTree/OrgTree/server/[39mnode_modules/[4m@vitest/runner[24m/dist/index.js:915:26
Test Backend	Run backend tests with coverage	2026-01-14T21:59:40.7414172Z     at [90mfile:///home/runner/work/OrgTree/OrgTree/server/[39mnode_modules/[4m@vitest/runner[24m/dist/index.js:1243:20
Test Backend	Run backend tests with coverage	2026-01-14T21:59:40.7415050Z     at new Promise (<anonymous>)
Test Backend	Run backend tests with coverage	2026-01-14T21:59:40.7416260Z     at runWithTimeout [90m(file:///home/runner/work/OrgTree/OrgTree/server/[39mnode_modules/[4m@vitest/runner[24m/dist/index.js:1209:10[90m)[39m
Test Backend	Run backend tests with coverage	2026-01-14T21:59:40.7417873Z     at [90mfile:///home/runner/work/OrgTree/OrgTree/server/[39mnode_modules/[4m@vitest/runner[24m/dist/index.js:1653:37
Test Backend	Run backend tests with coverage	2026-01-14T21:59:40.7419845Z     at Traces.$ [90m(file:///home/runner/work/OrgTree/OrgTree/server/[39mnode_modules/[4mvitest[24m/dist/chunks/traces.U4xDYhzZ.js:115:27[90m)[39m {
Test Backend	Run backend tests with coverage	2026-01-14T21:59:40.7421263Z   code: [32m'SQLITE_ERROR'[39m
Test Backend	Run backend tests with coverage	2026-01-14T21:59:40.7421632Z }
Test Backend	Run backend tests with coverage	2026-01-14T21:59:40.7421771Z 
Test Backend	Run backend tests with coverage	2026-01-14T21:59:40.7492695Z  [32m✓[39m src/services/sql-injection.test.ts [2m([22m[2m95 tests[22m[2m)[22m[32m 197[2mms[22m[39m
Test Backend	Run backend tests with coverage	2026-01-14T21:59:40.8745100Z  [32m✓[39m src/routes/users.test.ts [2m([22m[2m19 tests[22m[2m)[22m[32m 148[2mms[22m[39m
Test Backend	Run backend tests with coverage	2026-01-14T21:59:40.9531766Z [90mstdout[2m | src/routes/members.test.ts
Test Backend	Run backend tests with coverage	2026-01-14T21:59:40.9533510Z [22m[39m[dotenv@17.2.3] injecting env (3) from .env.test -- tip: 🔐 prevent committing .env to code: https://dotenvx.com/precommit
Test Backend	Run backend tests with coverage	2026-01-14T21:59:40.9534407Z 
Test Backend	Run backend tests with coverage	2026-01-14T21:59:41.0862424Z [90mstdout[2m | src/routes/bulk.test.ts
Test Backend	Run backend tests with coverage	2026-01-14T21:59:41.0863919Z [22m[39m[dotenv@17.2.3] injecting env (3) from .env.test -- tip: ⚙️  override existing env vars with { override: true }
Test Backend	Run backend tests with coverage	2026-01-14T21:59:41.0896680Z 
Test Backend	Run backend tests with coverage	2026-01-14T21:59:41.3101613Z [90mstderr[2m | src/routes/members.test.ts[2m > [22m[2mMembers Routes[2m > [22m[2mGET /api/organizations/:orgId/members[2m > [22m[2mshould reject unauthenticated requests
Test Backend	Run backend tests with coverage	2026-01-14T21:59:41.3103699Z [22m[39mFailed to create audit log: TypeError: __vite_ssr_import_0__.default.prepare(...).run is not a function
Test Backend	Run backend tests with coverage	2026-01-14T21:59:41.3105232Z     at createAuditLog [90m(/home/runner/work/OrgTree/OrgTree/server/[39msrc/services/audit.service.ts:35:7[90m)[39m
Test Backend	Run backend tests with coverage	2026-01-14T21:59:41.3106761Z     at authenticateToken [90m(/home/runner/work/OrgTree/OrgTree/server/[39msrc/middleware/auth.ts:13:5[90m)[39m
Test Backend	Run backend tests with coverage	2026-01-14T21:59:41.3108559Z     at Layer.handle [as handle_request] [90m(/home/runner/work/OrgTree/OrgTree/server/[39mnode_modules/[4mexpress[24m/lib/router/layer.js:95:5[90m)[39m
Test Backend	Run backend tests with coverage	2026-01-14T21:59:41.3110611Z     at trim_prefix [90m(/home/runner/work/OrgTree/OrgTree/server/[39mnode_modules/[4mexpress[24m/lib/router/index.js:328:13[90m)[39m
Test Backend	Run backend tests with coverage	2026-01-14T21:59:41.3112225Z     at [90m/home/runner/work/OrgTree/OrgTree/server/[39mnode_modules/[4mexpress[24m/lib/router/index.js:286:9
Test Backend	Run backend tests with coverage	2026-01-14T21:59:41.3113971Z     at Function.process_params [90m(/home/runner/work/OrgTree/OrgTree/server/[39mnode_modules/[4mexpress[24m/lib/router/index.js:346:12[90m)[39m
Test Backend	Run backend tests with coverage	2026-01-14T21:59:41.3115762Z     at next [90m(/home/runner/work/OrgTree/OrgTree/server/[39mnode_modules/[4mexpress[24m/lib/router/index.js:280:10[90m)[39m
Test Backend	Run backend tests with coverage	2026-01-14T21:59:41.3117510Z     at Function.handle [90m(/home/runner/work/OrgTree/OrgTree/server/[39mnode_modules/[4mexpress[24m/lib/router/index.js:175:3[90m)[39m
Test Backend	Run backend tests with coverage	2026-01-14T21:59:41.3119450Z     at router [90m(/home/runner/work/OrgTree/OrgTree/server/[39mnode_modules/[4mexpress[24m/lib/router/index.js:47:12[90m)[39m
Test Backend	Run backend tests with coverage	2026-01-14T21:59:41.3121344Z     at Layer.handle [as handle_request] [90m(/home/runner/work/OrgTree/OrgTree/server/[39mnode_modules/[4mexpress[24m/lib/router/layer.js:95:5[90m)[39m
Test Backend	Run backend tests with coverage	2026-01-14T21:59:41.3122293Z 
Test Backend	Run backend tests with coverage	2026-01-14T21:59:41.3209465Z [90mstdout[2m | src/routes/bulk.test.ts
Test Backend	Run backend tests with coverage	2026-01-14T21:59:41.3210751Z [22m[39mDatabase initialized at: /home/runner/work/OrgTree/OrgTree/server/database.db
Test Backend	Run backend tests with coverage	2026-01-14T21:59:41.3211329Z 
Test Backend	Run backend tests with coverage	2026-01-14T21:59:41.4378605Z  [32m✓[39m src/routes/members.test.ts [2m([22m[2m16 tests[22m[2m)[22m[32m 144[2mms[22m[39m
Test Backend	Run backend tests with coverage	2026-01-14T21:59:41.5117465Z  [32m✓[39m src/services/auth.service.test.ts [2m([22m[2m11 tests[22m[2m)[22m[33m 967[2mms[22m[39m
Test Backend	Run backend tests with coverage	2026-01-14T21:59:41.5689782Z  [32m✓[39m src/routes/bulk.test.ts [2m([22m[2m15 tests[22m[2m)[22m[32m 131[2mms[22m[39m
Test Backend	Run backend tests with coverage	2026-01-14T21:59:41.6187790Z [90mstdout[2m | src/routes/audit.test.ts
Test Backend	Run backend tests with coverage	2026-01-14T21:59:41.6191843Z [22m[39m[dotenv@17.2.3] injecting env (3) from .env.test -- tip: 🔐 encrypt with Dotenvx: https://dotenvx.com
Test Backend	Run backend tests with coverage	2026-01-14T21:59:41.6195234Z 
Test Backend	Run backend tests with coverage	2026-01-14T21:59:41.7270168Z [90mstdout[2m | src/routes/auth.test.ts
Test Backend	Run backend tests with coverage	2026-01-14T21:59:41.7275121Z [22m[39m[dotenv@17.2.3] injecting env (3) from .env.test -- tip: ⚙️  suppress all logs with { quiet: true }
Test Backend	Run backend tests with coverage	2026-01-14T21:59:41.7278752Z 
Test Backend	Run backend tests with coverage	2026-01-14T21:59:41.7737589Z [90mstdout[2m | src/routes/backup.test.ts
Test Backend	Run backend tests with coverage	2026-01-14T21:59:41.7739775Z [22m[39m[dotenv@17.2.3] injecting env (3) from .env.test -- tip: 🔄 add secrets lifecycle management: https://dotenvx.com/ops
Test Backend	Run backend tests with coverage	2026-01-14T21:59:41.7740605Z 
Test Backend	Run backend tests with coverage	2026-01-14T21:59:41.9050432Z [90mstdout[2m | src/routes/audit.test.ts
Test Backend	Run backend tests with coverage	2026-01-14T21:59:41.9053209Z [22m[39mDatabase initialized at: /home/runner/work/OrgTree/OrgTree/server/database.db
Test Backend	Run backend tests with coverage	2026-01-14T21:59:41.9055161Z 
Test Backend	Run backend tests with coverage	2026-01-14T21:59:42.0822091Z [90mstdout[2m | src/routes/backup.test.ts
Test Backend	Run backend tests with coverage	2026-01-14T21:59:42.0823816Z [22m[39mDatabase initialized at: /home/runner/work/OrgTree/OrgTree/server/database.db
Test Backend	Run backend tests with coverage	2026-01-14T21:59:42.0826605Z 
Test Backend	Run backend tests with coverage	2026-01-14T21:59:42.0857546Z  [32m✓[39m src/routes/audit.test.ts [2m([22m[2m12 tests[22m[2m)[22m[32m 131[2mms[22m[39m
Test Backend	Run backend tests with coverage	2026-01-14T21:59:42.1741666Z [90mstderr[2m | src/routes/backup.test.ts[2m > [22m[2mBackup Routes[2m > [22m[2mGET /api/admin/backups[2m > [22m[2mshould reject non-superuser requests
Test Backend	Run backend tests with coverage	2026-01-14T21:59:42.1743884Z [22m[39mFailed to create audit log: SqliteError: FOREIGN KEY constraint failed
Test Backend	Run backend tests with coverage	2026-01-14T21:59:42.1745252Z     at createAuditLog [90m(/home/runner/work/OrgTree/OrgTree/server/[39msrc/services/audit.service.ts:35:7[90m)[39m
Test Backend	Run backend tests with coverage	2026-01-14T21:59:42.1746587Z     at [90m/home/runner/work/OrgTree/OrgTree/server/[39msrc/middleware/auth.ts:70:7
Test Backend	Run backend tests with coverage	2026-01-14T21:59:42.1748276Z     at Layer.handle [as handle_request] [90m(/home/runner/work/OrgTree/OrgTree/server/[39mnode_modules/[4mexpress[24m/lib/router/layer.js:95:5[90m)[39m
Test Backend	Run backend tests with coverage	2026-01-14T21:59:42.1750386Z     at next [90m(/home/runner/work/OrgTree/OrgTree/server/[39mnode_modules/[4mexpress[24m/lib/router/route.js:149:13[90m)[39m
Test Backend	Run backend tests with coverage	2026-01-14T21:59:42.1752018Z     at authenticateToken [90m(/home/runner/work/OrgTree/OrgTree/server/[39msrc/middleware/auth.ts:38:5[90m)[39m
Test Backend	Run backend tests with coverage	2026-01-14T21:59:42.1753869Z     at Layer.handle [as handle_request] [90m(/home/runner/work/OrgTree/OrgTree/server/[39mnode_modules/[4mexpress[24m/lib/router/layer.js:95:5[90m)[39m
Test Backend	Run backend tests with coverage	2026-01-14T21:59:42.1755780Z     at next [90m(/home/runner/work/OrgTree/OrgTree/server/[39mnode_modules/[4mexpress[24m/lib/router/route.js:149:13[90m)[39m
Test Backend	Run backend tests with coverage	2026-01-14T21:59:42.1757606Z     at Route.dispatch [90m(/home/runner/work/OrgTree/OrgTree/server/[39mnode_modules/[4mexpress[24m/lib/router/route.js:119:3[90m)[39m
Test Backend	Run backend tests with coverage	2026-01-14T21:59:42.1759698Z     at Layer.handle [as handle_request] [90m(/home/runner/work/OrgTree/OrgTree/server/[39mnode_modules/[4mexpress[24m/lib/router/layer.js:95:5[90m)[39m
Test Backend	Run backend tests with coverage	2026-01-14T21:59:42.1761482Z     at [90m/home/runner/work/OrgTree/OrgTree/server/[39mnode_modules/[4mexpress[24m/lib/router/index.js:284:15 {
Test Backend	Run backend tests with coverage	2026-01-14T21:59:42.1762558Z   code: [32m'SQLITE_CONSTRAINT_FOREIGNKEY'[39m
Test Backend	Run backend tests with coverage	2026-01-14T21:59:42.1763027Z }
Test Backend	Run backend tests with coverage	2026-01-14T21:59:42.1763187Z 
Test Backend	Run backend tests with coverage	2026-01-14T21:59:42.1970111Z  [32m✓[39m src/routes/auth.test.ts [2m([22m[2m20 tests[22m[2m)[22m[32m 138[2mms[22m[39m
Test Backend	Run backend tests with coverage	2026-01-14T21:59:42.2102630Z [90mstderr[2m | src/routes/backup.test.ts[2m > [22m[2mBackup Routes[2m > [22m[2mPOST /api/admin/backups[2m > [22m[2mshould reject non-superuser requests
Test Backend	Run backend tests with coverage	2026-01-14T21:59:42.2106418Z [22m[39mFailed to create audit log: SqliteError: FOREIGN KEY constraint failed
Test Backend	Run backend tests with coverage	2026-01-14T21:59:42.2110358Z     at createAuditLog [90m(/home/runner/work/OrgTree/OrgTree/server/[39msrc/services/audit.service.ts:35:7[90m)[39m
Test Backend	Run backend tests with coverage	2026-01-14T21:59:42.2113319Z     at [90m/home/runner/work/OrgTree/OrgTree/server/[39msrc/middleware/auth.ts:70:7
Test Backend	Run backend tests with coverage	2026-01-14T21:59:42.2116613Z     at Layer.handle [as handle_request] [90m(/home/runner/work/OrgTree/OrgTree/server/[39mnode_modules/[4mexpress[24m/lib/router/layer.js:95:5[90m)[39m
Test Backend	Run backend tests with coverage	2026-01-14T21:59:42.2150537Z     at next [90m(/home/runner/work/OrgTree/OrgTree/server/[39mnode_modules/[4mexpress[24m/lib/router/route.js:149:13[90m)[39m
Test Backend	Run backend tests with coverage	2026-01-14T21:59:42.2152454Z     at authenticateToken [90m(/home/runner/work/OrgTree/OrgTree/server/[39msrc/middleware/auth.ts:38:5[90m)[39m
Test Backend	Run backend tests with coverage	2026-01-14T21:59:42.2154955Z     at Layer.handle [as handle_request] [90m(/home/runner/work/OrgTree/OrgTree/server/[39mnode_modules/[4mexpress[24m/lib/router/layer.js:95:5[90m)[39m
Test Backend	Run backend tests with coverage	2026-01-14T21:59:42.2157013Z     at next [90m(/home/runner/work/OrgTree/OrgTree/server/[39mnode_modules/[4mexpress[24m/lib/router/route.js:149:13[90m)[39m
Test Backend	Run backend tests with coverage	2026-01-14T21:59:42.2159365Z     at Route.dispatch [90m(/home/runner/work/OrgTree/OrgTree/server/[39mnode_modules/[4mexpress[24m/lib/router/route.js:119:3[90m)[39m
Test Backend	Run backend tests with coverage	2026-01-14T21:59:42.2161474Z     at Layer.handle [as handle_request] [90m(/home/runner/work/OrgTree/OrgTree/server/[39mnode_modules/[4mexpress[24m/lib/router/layer.js:95:5[90m)[39m
Test Backend	Run backend tests with coverage	2026-01-14T21:59:42.2163370Z     at [90m/home/runner/work/OrgTree/OrgTree/server/[39mnode_modules/[4mexpress[24m/lib/router/index.js:284:15 {
Test Backend	Run backend tests with coverage	2026-01-14T21:59:42.2164542Z   code: [32m'SQLITE_CONSTRAINT_FOREIGNKEY'[39m
Test Backend	Run backend tests with coverage	2026-01-14T21:59:42.2165061Z }
Test Backend	Run backend tests with coverage	2026-01-14T21:59:42.2165534Z 
Test Backend	Run backend tests with coverage	2026-01-14T21:59:42.2938157Z [90mstdout[2m | src/routes/invitations.test.ts
Test Backend	Run backend tests with coverage	2026-01-14T21:59:42.2946553Z [22m[39m[dotenv@17.2.3] injecting env (3) from .env.test -- tip: ⚙️  override existing env vars with { override: true }
Test Backend	Run backend tests with coverage	2026-01-14T21:59:42.2947386Z 
Test Backend	Run backend tests with coverage	2026-01-14T21:59:42.2968931Z  [32m✓[39m src/routes/backup.test.ts [2m([22m[2m15 tests[22m[2m)[22m[32m 152[2mms[22m[39m
Test Backend	Run backend tests with coverage	2026-01-14T21:59:42.4129990Z [90mstdout[2m | src/routes/import.test.ts
Test Backend	Run backend tests with coverage	2026-01-14T21:59:42.4133241Z [22m[39m[dotenv@17.2.3] injecting env (3) from .env.test -- tip: 📡 add observability to secrets: https://dotenvx.com/ops
Test Backend	Run backend tests with coverage	2026-01-14T21:59:42.4136199Z 
Test Backend	Run backend tests with coverage	2026-01-14T21:59:42.5361165Z [90mstdout[2m | src/services/__field-naming-validation.test.ts
Test Backend	Run backend tests with coverage	2026-01-14T21:59:42.5366393Z [22m[39m[dotenv@17.2.3] injecting env (3) from .env.test -- tip: 👥 sync secrets across teammates & machines: https://dotenvx.com/ops
Test Backend	Run backend tests with coverage	2026-01-14T21:59:42.5369954Z 
Test Backend	Run backend tests with coverage	2026-01-14T21:59:42.5548875Z [90mstdout[2m | src/routes/invitations.test.ts
Test Backend	Run backend tests with coverage	2026-01-14T21:59:42.5554760Z [22m[39mDatabase initialized at: /home/runner/work/OrgTree/OrgTree/server/database.db
Test Backend	Run backend tests with coverage	2026-01-14T21:59:42.5555368Z 
Test Backend	Run backend tests with coverage	2026-01-14T21:59:42.5968571Z [90mstdout[2m | src/services/__field-naming-validation.test.ts
Test Backend	Run backend tests with coverage	2026-01-14T21:59:42.5972638Z [22m[39mDatabase initialized at: /home/runner/work/OrgTree/OrgTree/server/database.db
Test Backend	Run backend tests with coverage	2026-01-14T21:59:42.5974683Z 
Test Backend	Run backend tests with coverage	2026-01-14T21:59:42.6878840Z [90mstdout[2m | src/services/__field-naming-validation.test.ts[2m > [22m[2mBackend Field Naming - OrgMap Edge Rendering Validation[2m > [22m[2mCRITICAL: must return snake_case parent_id for OrgMap edge rendering
Test Backend	Run backend tests with coverage	2026-01-14T21:59:42.6894104Z [22m[39m[checkOrgAccess] User is owner: {
Test Backend	Run backend tests with coverage	2026-01-14T21:59:42.6894954Z   orgId: [32m'9ad2a1f0-373f-480e-a461-62d52d61b098'[39m,
Test Backend	Run backend tests with coverage	2026-01-14T21:59:42.6895826Z   userId: [32m'eda8da95-c426-42b8-a041-9438c71b9f99'[39m,
Test Backend	Run backend tests with coverage	2026-01-14T21:59:42.6896488Z   role: [32m'owner'[39m
Test Backend	Run backend tests with coverage	2026-01-14T21:59:42.6896880Z }
Test Backend	Run backend tests with coverage	2026-01-14T21:59:42.6897047Z 
Test Backend	Run backend tests with coverage	2026-01-14T21:59:42.6946000Z [90mstdout[2m | src/services/__field-naming-validation.test.ts[2m > [22m[2mBackend Field Naming - OrgMap Edge Rendering Validation[2m > [22m[2mCRITICAL: must return snake_case organization_id for departments
Test Backend	Run backend tests with coverage	2026-01-14T21:59:42.6974445Z [22m[39m[checkOrgAccess] User is owner: {
Test Backend	Run backend tests with coverage	2026-01-14T21:59:42.6975730Z   orgId: [32m'9ad2a1f0-373f-480e-a461-62d52d61b098'[39m,
Test Backend	Run backend tests with coverage	2026-01-14T21:59:42.6977024Z   userId: [32m'eda8da95-c426-42b8-a041-9438c71b9f99'[39m,
Test Backend	Run backend tests with coverage	2026-01-14T21:59:42.6977954Z   role: [32m'owner'[39m
Test Backend	Run backend tests with coverage	2026-01-14T21:59:42.6979410Z }
Test Backend	Run backend tests with coverage	2026-01-14T21:59:42.6979904Z 
Test Backend	Run backend tests with coverage	2026-01-14T21:59:42.6981996Z [90mstdout[2m | src/services/__field-naming-validation.test.ts[2m > [22m[2mBackend Field Naming - OrgMap Edge Rendering Validation[2m > [22m[2mCRITICAL: must return snake_case sort_order for departments
Test Backend	Run backend tests with coverage	2026-01-14T21:59:42.6984281Z [22m[39m[checkOrgAccess] User is owner: {
Test Backend	Run backend tests with coverage	2026-01-14T21:59:42.6985275Z   orgId: [32m'9ad2a1f0-373f-480e-a461-62d52d61b098'[39m,
Test Backend	Run backend tests with coverage	2026-01-14T21:59:42.6986331Z   userId: [32m'eda8da95-c426-42b8-a041-9438c71b9f99'[39m,
Test Backend	Run backend tests with coverage	2026-01-14T21:59:42.6987787Z   role: [32m'owner'[39m
Test Backend	Run backend tests with coverage	2026-01-14T21:59:42.6988637Z }
Test Backend	Run backend tests with coverage	2026-01-14T21:59:42.6989257Z 
Test Backend	Run backend tests with coverage	2026-01-14T21:59:42.6991383Z [90mstdout[2m | src/services/__field-naming-validation.test.ts[2m > [22m[2mBackend Field Naming - OrgMap Edge Rendering Validation[2m > [22m[2mCRITICAL: must return snake_case timestamp fields for departments
Test Backend	Run backend tests with coverage	2026-01-14T21:59:42.6993326Z [22m[39m[checkOrgAccess] User is owner: {
Test Backend	Run backend tests with coverage	2026-01-14T21:59:42.6994325Z   orgId: [32m'9ad2a1f0-373f-480e-a461-62d52d61b098'[39m,
Test Backend	Run backend tests with coverage	2026-01-14T21:59:42.6995574Z   userId: [32m'eda8da95-c426-42b8-a041-9438c71b9f99'[39m,
Test Backend	Run backend tests with coverage	2026-01-14T21:59:42.6996315Z   role: [32m'owner'[39m
Test Backend	Run backend tests with coverage	2026-01-14T21:59:42.6996672Z }
Test Backend	Run backend tests with coverage	2026-01-14T21:59:42.6996840Z 
Test Backend	Run backend tests with coverage	2026-01-14T21:59:42.6998716Z [90mstdout[2m | src/services/__field-naming-validation.test.ts[2m > [22m[2mBackend Field Naming - OrgMap Edge Rendering Validation[2m > [22m[2mCRITICAL: must return snake_case department_id for people
Test Backend	Run backend tests with coverage	2026-01-14T21:59:42.7001070Z [22m[39m[checkOrgAccess] User is owner: {
Test Backend	Run backend tests with coverage	2026-01-14T21:59:42.7001930Z   orgId: [32m'9ad2a1f0-373f-480e-a461-62d52d61b098'[39m,
Test Backend	Run backend tests with coverage	2026-01-14T21:59:42.7002836Z   userId: [32m'eda8da95-c426-42b8-a041-9438c71b9f99'[39m,
Test Backend	Run backend tests with coverage	2026-01-14T21:59:42.7003522Z   role: [32m'owner'[39m
Test Backend	Run backend tests with coverage	2026-01-14T21:59:42.7003904Z }
Test Backend	Run backend tests with coverage	2026-01-14T21:59:42.7004083Z 
Test Backend	Run backend tests with coverage	2026-01-14T21:59:42.7006101Z [90mstdout[2m | src/services/__field-naming-validation.test.ts[2m > [22m[2mBackend Field Naming - OrgMap Edge Rendering Validation[2m > [22m[2mCRITICAL: must return snake_case sort_order and timestamps for people
Test Backend	Run backend tests with coverage	2026-01-14T21:59:42.7008032Z [22m[39m[checkOrgAccess] User is owner: {
Test Backend	Run backend tests with coverage	2026-01-14T21:59:42.7008844Z   orgId: [32m'9ad2a1f0-373f-480e-a461-62d52d61b098'[39m,
Test Backend	Run backend tests with coverage	2026-01-14T21:59:42.7009995Z   userId: [32m'eda8da95-c426-42b8-a041-9438c71b9f99'[39m,
Test Backend	Run backend tests with coverage	2026-01-14T21:59:42.7010681Z   role: [32m'owner'[39m
Test Backend	Run backend tests with coverage	2026-01-14T21:59:42.7011078Z }
Test Backend	Run backend tests with coverage	2026-01-14T21:59:42.7011244Z 
Test Backend	Run backend tests with coverage	2026-01-14T21:59:42.7013110Z [90mstdout[2m | src/services/__field-naming-validation.test.ts[2m > [22m[2mBackend Field Naming - OrgMap Edge Rendering Validation[2m > [22m[2mCRITICAL: must return snake_case created_by_id for organization
Test Backend	Run backend tests with coverage	2026-01-14T21:59:42.7014962Z [22m[39m[checkOrgAccess] User is owner: {
Test Backend	Run backend tests with coverage	2026-01-14T21:59:42.7015757Z   orgId: [32m'9ad2a1f0-373f-480e-a461-62d52d61b098'[39m,
Test Backend	Run backend tests with coverage	2026-01-14T21:59:42.7016653Z   userId: [32m'eda8da95-c426-42b8-a041-9438c71b9f99'[39m,
Test Backend	Run backend tests with coverage	2026-01-14T21:59:42.7017271Z   role: [32m'owner'[39m
Test Backend	Run backend tests with coverage	2026-01-14T21:59:42.7017611Z }
Test Backend	Run backend tests with coverage	2026-01-14T21:59:42.7017746Z 
Test Backend	Run backend tests with coverage	2026-01-14T21:59:42.7277313Z  [32m✓[39m src/services/__field-naming-validation.test.ts [2m([22m[2m7 tests[22m[2m)[22m[32m 86[2mms[22m[39m
Test Backend	Run backend tests with coverage	2026-01-14T21:59:42.8028264Z  [32m✓[39m src/routes/import.test.ts [2m([22m[2m5 tests[22m[2m)[22m[32m 103[2mms[22m[39m
Test Backend	Run backend tests with coverage	2026-01-14T21:59:42.8661018Z  [32m✓[39m src/routes/invitations.test.ts [2m([22m[2m13 tests[22m[2m)[22m[32m 119[2mms[22m[39m
Test Backend	Run backend tests with coverage	2026-01-14T21:59:42.9132286Z [90mstdout[2m | src/services/search.service.test.ts
Test Backend	Run backend tests with coverage	2026-01-14T21:59:42.9135080Z [22m[39m[dotenv@17.2.3] injecting env (3) from .env.test -- tip: 🛠️  run anywhere with `dotenvx run -- yourcommand`
Test Backend	Run backend tests with coverage	2026-01-14T21:59:42.9135916Z 
Test Backend	Run backend tests with coverage	2026-01-14T21:59:43.0302021Z [90mstdout[2m | src/routes/public.test.ts
Test Backend	Run backend tests with coverage	2026-01-14T21:59:43.0303796Z [22m[39m[dotenv@17.2.3] injecting env (3) from .env.test -- tip: 🔐 encrypt with Dotenvx: https://dotenvx.com
Test Backend	Run backend tests with coverage	2026-01-14T21:59:43.0304953Z 
Test Backend	Run backend tests with coverage	2026-01-14T21:59:43.0427733Z  [32m✓[39m src/services/search.service.test.ts [2m([22m[2m30 tests[22m[2m)[22m[32m 43[2mms[22m[39m
Test Backend	Run backend tests with coverage	2026-01-14T21:59:43.0789918Z [90mstdout[2m | src/services/member.service.test.ts
Test Backend	Run backend tests with coverage	2026-01-14T21:59:43.0792105Z [22m[39m[dotenv@17.2.3] injecting env (3) from .env.test -- tip: 🔐 prevent committing .env to code: https://dotenvx.com/precommit
Test Backend	Run backend tests with coverage	2026-01-14T21:59:43.0804388Z 
Test Backend	Run backend tests with coverage	2026-01-14T21:59:43.1527868Z [90mstdout[2m | src/services/member.service.test.ts[2m > [22m[2mMember Service[2m > [22m[2mcheckOrgAccess[2m > [22m[2mshould return owner access for organization creator
Test Backend	Run backend tests with coverage	2026-01-14T21:59:43.1531176Z [22m[39m[checkOrgAccess] User is owner: { orgId: [32m'org-id'[39m, userId: [32m'owner-id'[39m, role: [32m'owner'[39m }
Test Backend	Run backend tests with coverage	2026-01-14T21:59:43.1532060Z 
Test Backend	Run backend tests with coverage	2026-01-14T21:59:43.1558770Z [90mstdout[2m | src/services/member.service.test.ts[2m > [22m[2mMember Service[2m > [22m[2mcheckOrgAccess[2m > [22m[2mshould return member access for organization member
Test Backend	Run backend tests with coverage	2026-01-14T21:59:43.1561515Z [22m[39m[checkOrgAccess] User is member: { orgId: [32m'org-id'[39m, userId: [32m'member-id'[39m, role: [32m'editor'[39m }
Test Backend	Run backend tests with coverage	2026-01-14T21:59:43.1562636Z 
Test Backend	Run backend tests with coverage	2026-01-14T21:59:43.1578019Z [90mstderr[2m | src/services/member.service.test.ts[2m > [22m[2mMember Service[2m > [22m[2mcheckOrgAccess[2m > [22m[2mshould return no access for non-member
Test Backend	Run backend tests with coverage	2026-01-14T21:59:43.1584684Z [22m[39m[checkOrgAccess] User is not owner and not in organization_members: { orgId: [32m'org-id'[39m, userId: [32m'non-member-id'[39m, ownerUserId: [32m'owner-id'[39m }
Test Backend	Run backend tests with coverage	2026-01-14T21:59:43.1590399Z 
Test Backend	Run backend tests with coverage	2026-01-14T21:59:43.1645207Z [90mstdout[2m | src/services/member.service.test.ts[2m > [22m[2mMember Service[2m > [22m[2mrequireOrgPermission[2m > [22m[2mshould not throw for owner with viewer permission
Test Backend	Run backend tests with coverage	2026-01-14T21:59:43.1647677Z [22m[39m[checkOrgAccess] User is owner: { orgId: [32m'org-id'[39m, userId: [32m'owner-id'[39m, role: [32m'owner'[39m }
Test Backend	Run backend tests with coverage	2026-01-14T21:59:43.1649708Z 
Test Backend	Run backend tests with coverage	2026-01-14T21:59:43.1651285Z [90mstdout[2m | src/services/member.service.test.ts[2m > [22m[2mMember Service[2m > [22m[2mrequireOrgPermission[2m > [22m[2mshould not throw for owner with admin permission
Test Backend	Run backend tests with coverage	2026-01-14T21:59:43.1653367Z [22m[39m[checkOrgAccess] User is owner: { orgId: [32m'org-id'[39m, userId: [32m'owner-id'[39m, role: [32m'owner'[39m }
Test Backend	Run backend tests with coverage	2026-01-14T21:59:43.1654163Z 
Test Backend	Run backend tests with coverage	2026-01-14T21:59:43.1728240Z [90mstdout[2m | src/services/member.service.test.ts[2m > [22m[2mMember Service[2m > [22m[2mrequireOrgPermission[2m > [22m[2mshould not throw for admin with editor permission
Test Backend	Run backend tests with coverage	2026-01-14T21:59:43.1730663Z [22m[39m[checkOrgAccess] User is member: { orgId: [32m'org-id'[39m, userId: [32m'member-id'[39m, role: [32m'admin'[39m }
Test Backend	Run backend tests with coverage	2026-01-14T21:59:43.1731454Z 
Test Backend	Run backend tests with coverage	2026-01-14T21:59:43.1732799Z [90mstdout[2m | src/services/member.service.test.ts[2m > [22m[2mMember Service[2m > [22m[2mrequireOrgPermission[2m > [22m[2mshould throw for viewer with editor permission
Test Backend	Run backend tests with coverage	2026-01-14T21:59:43.1734828Z [22m[39m[checkOrgAccess] User is member: { orgId: [32m'org-id'[39m, userId: [32m'member-id'[39m, role: [32m'viewer'[39m }
Test Backend	Run backend tests with coverage	2026-01-14T21:59:43.1735515Z 
Test Backend	Run backend tests with coverage	2026-01-14T21:59:43.1737240Z [90mstderr[2m | src/services/member.service.test.ts[2m > [22m[2mMember Service[2m > [22m[2mrequireOrgPermission[2m > [22m[2mshould throw for non-member
Test Backend	Run backend tests with coverage	2026-01-14T21:59:43.1739974Z [22m[39m[checkOrgAccess] User is not owner and not in organization_members: { orgId: [32m'org-id'[39m, userId: [32m'non-member-id'[39m, ownerUserId: [32m'owner-id'[39m }
Test Backend	Run backend tests with coverage	2026-01-14T21:59:43.1741185Z 
Test Backend	Run backend tests with coverage	2026-01-14T21:59:43.1780892Z [90mstdout[2m | src/services/member.service.test.ts[2m > [22m[2mMember Service[2m > [22m[2maddOrgMember[2m > [22m[2mshould add new member to organization
Test Backend	Run backend tests with coverage	2026-01-14T21:59:43.1782971Z [22m[39m[checkOrgAccess] User is owner: { orgId: [32m'org-id'[39m, userId: [32m'owner-id'[39m, role: [32m'owner'[39m }
Test Backend	Run backend tests with coverage	2026-01-14T21:59:43.1783981Z 
Test Backend	Run backend tests with coverage	2026-01-14T21:59:43.1785762Z [90mstdout[2m | src/services/member.service.test.ts[2m > [22m[2mMember Service[2m > [22m[2maddOrgMember[2m > [22m[2mshould throw if user is already a member
Test Backend	Run backend tests with coverage	2026-01-14T21:59:43.1787998Z [22m[39m[checkOrgAccess] User is owner: { orgId: [32m'org-id'[39m, userId: [32m'owner-id'[39m, role: [32m'owner'[39m }
Test Backend	Run backend tests with coverage	2026-01-14T21:59:43.1790083Z [checkOrgAccess] User is owner: { orgId: [32m'org-id'[39m, userId: [32m'owner-id'[39m, role: [32m'owner'[39m }
Test Backend	Run backend tests with coverage	2026-01-14T21:59:43.1790883Z 
Test Backend	Run backend tests with coverage	2026-01-14T21:59:43.1805430Z [90mstdout[2m | src/services/member.service.test.ts[2m > [22m[2mMember Service[2m > [22m[2maddOrgMember[2m > [22m[2mshould throw if requester is not admin
Test Backend	Run backend tests with coverage	2026-01-14T21:59:43.1807984Z [22m[39m[checkOrgAccess] User is member: { orgId: [32m'org-id'[39m, userId: [32m'viewer-id'[39m, role: [32m'viewer'[39m }
Test Backend	Run backend tests with coverage	2026-01-14T21:59:43.1808820Z 
Test Backend	Run backend tests with coverage	2026-01-14T21:59:43.1829697Z [90mstdout[2m | src/services/member.service.test.ts[2m > [22m[2mMember Service[2m > [22m[2maddMemberByEmail[2m > [22m[2mshould add member by email if user exists
Test Backend	Run backend tests with coverage	2026-01-14T21:59:43.1832339Z [22m[39m[checkOrgAccess] User is owner: { orgId: [32m'org-id'[39m, userId: [32m'owner-id'[39m, role: [32m'owner'[39m }
Test Backend	Run backend tests with coverage	2026-01-14T21:59:43.1835016Z 
Test Backend	Run backend tests with coverage	2026-01-14T21:59:43.1838778Z [90mstdout[2m | src/services/member.service.test.ts[2m > [22m[2mMember Service[2m > [22m[2maddMemberByEmail[2m > [22m[2mshould return error if user not found
Test Backend	Run backend tests with coverage	2026-01-14T21:59:43.1841236Z [22m[39m[checkOrgAccess] User is owner: { orgId: [32m'org-id'[39m, userId: [32m'owner-id'[39m, role: [32m'owner'[39m }
Test Backend	Run backend tests with coverage	2026-01-14T21:59:43.1842491Z 
Test Backend	Run backend tests with coverage	2026-01-14T21:59:43.1846782Z [90mstdout[2m | src/services/member.service.test.ts[2m > [22m[2mMember Service[2m > [22m[2mupdateMemberRole[2m > [22m[2mshould update member role
Test Backend	Run backend tests with coverage	2026-01-14T21:59:43.1849562Z [22m[39m[checkOrgAccess] User is owner: { orgId: [32m'org-id'[39m, userId: [32m'owner-id'[39m, role: [32m'owner'[39m }
Test Backend	Run backend tests with coverage	2026-01-14T21:59:43.1856101Z 
Test Backend	Run backend tests with coverage	2026-01-14T21:59:43.1862801Z [90mstdout[2m | src/services/member.service.test.ts[2m > [22m[2mMember Service[2m > [22m[2mupdateMemberRole[2m > [22m[2mshould throw for invalid role
Test Backend	Run backend tests with coverage	2026-01-14T21:59:43.1865313Z [22m[39m[checkOrgAccess] User is owner: { orgId: [32m'org-id'[39m, userId: [32m'owner-id'[39m, role: [32m'owner'[39m }
Test Backend	Run backend tests with coverage	2026-01-14T21:59:43.1872162Z 
Test Backend	Run backend tests with coverage	2026-01-14T21:59:43.1878819Z [90mstdout[2m | src/services/member.service.test.ts[2m > [22m[2mMember Service[2m > [22m[2mremoveOrgMember[2m > [22m[2mshould remove member from organization
Test Backend	Run backend tests with coverage	2026-01-14T21:59:43.1884304Z [22m[39m[checkOrgAccess] User is owner: { orgId: [32m'org-id'[39m, userId: [32m'owner-id'[39m, role: [32m'owner'[39m }
Test Backend	Run backend tests with coverage	2026-01-14T21:59:43.1887212Z 
Test Backend	Run backend tests with coverage	2026-01-14T21:59:43.2089889Z  [32m✓[39m src/services/member.service.test.ts [2m([22m[2m19 tests[22m[2m)[22m[32m 42[2mms[22m[39m
Test Backend	Run backend tests with coverage	2026-01-14T21:59:43.2832096Z [90mstdout[2m | src/routes/csrf.test.ts
Test Backend	Run backend tests with coverage	2026-01-14T21:59:43.2833743Z [22m[39m[dotenv@17.2.3] injecting env (3) from .env.test -- tip: ✅ audit secrets and track compliance: https://dotenvx.com/ops
Test Backend	Run backend tests with coverage	2026-01-14T21:59:43.2834649Z 
Test Backend	Run backend tests with coverage	2026-01-14T21:59:43.4133162Z [90mstdout[2m | src/services/department.service.test.ts
Test Backend	Run backend tests with coverage	2026-01-14T21:59:43.4134922Z [22m[39m[dotenv@17.2.3] injecting env (3) from .env.test -- tip: 🗂️ backup and recover secrets: https://dotenvx.com/ops
Test Backend	Run backend tests with coverage	2026-01-14T21:59:43.4136403Z 
Test Backend	Run backend tests with coverage	2026-01-14T21:59:43.4785989Z  [32m✓[39m src/routes/public.test.ts [2m([22m[2m5 tests[22m[2m)[22m[32m 60[2mms[22m[39m
Test Backend	Run backend tests with coverage	2026-01-14T21:59:43.5144686Z  [32m✓[39m src/services/department.service.test.ts [2m([22m[2m15 tests[22m[2m)[22m[32m 26[2mms[22m[39m
Test Backend	Run backend tests with coverage	2026-01-14T21:59:43.5772289Z [90mstderr[2m | src/routes/csrf.test.ts[2m > [22m[2mCSRF Routes[2m > [22m[2mGET /api/csrf-token[2m > [22m[2mshould handle CSRF token generation errors
Test Backend	Run backend tests with coverage	2026-01-14T21:59:43.5774005Z [22m[39mError generating CSRF token: Error: Token generation failed
Test Backend	Run backend tests with coverage	2026-01-14T21:59:43.5775186Z     at [90m/home/runner/work/OrgTree/OrgTree/server/[39msrc/routes/csrf.test.ts:85:15
Test Backend	Run backend tests with coverage	2026-01-14T21:59:43.5777017Z     at createCsrfTokenPair [90m(file:///home/runner/work/OrgTree/OrgTree/server/[39mnode_modules/[4m@vitest/spy[24m/dist/index.js:285:34[90m)[39m
Test Backend	Run backend tests with coverage	2026-01-14T21:59:43.5778713Z     at [90m/home/runner/work/OrgTree/OrgTree/server/[39msrc/routes/csrf.ts:28:29
Test Backend	Run backend tests with coverage	2026-01-14T21:59:43.5780749Z     at Layer.handle [as handle_request] [90m(/home/runner/work/OrgTree/OrgTree/server/[39mnode_modules/[4mexpress[24m/lib/router/layer.js:95:5[90m)[39m
Test Backend	Run backend tests with coverage	2026-01-14T21:59:43.5782785Z     at next [90m(/home/runner/work/OrgTree/OrgTree/server/[39mnode_modules/[4mexpress[24m/lib/router/route.js:149:13[90m)[39m
Test Backend	Run backend tests with coverage	2026-01-14T21:59:43.5785198Z     at Route.dispatch [90m(/home/runner/work/OrgTree/OrgTree/server/[39mnode_modules/[4mexpress[24m/lib/router/route.js:119:3[90m)[39m
Test Backend	Run backend tests with coverage	2026-01-14T21:59:43.5787335Z     at Layer.handle [as handle_request] [90m(/home/runner/work/OrgTree/OrgTree/server/[39mnode_modules/[4mexpress[24m/lib/router/layer.js:95:5[90m)[39m
Test Backend	Run backend tests with coverage	2026-01-14T21:59:43.5789498Z     at [90m/home/runner/work/OrgTree/OrgTree/server/[39mnode_modules/[4mexpress[24m/lib/router/index.js:284:15
Test Backend	Run backend tests with coverage	2026-01-14T21:59:43.5791447Z     at Function.process_params [90m(/home/runner/work/OrgTree/OrgTree/server/[39mnode_modules/[4mexpress[24m/lib/router/index.js:346:12[90m)[39m
Test Backend	Run backend tests with coverage	2026-01-14T21:59:43.5793452Z     at next [90m(/home/runner/work/OrgTree/OrgTree/server/[39mnode_modules/[4mexpress[24m/lib/router/index.js:280:10[90m)[39m
Test Backend	Run backend tests with coverage	2026-01-14T21:59:43.5794333Z 
Test Backend	Run backend tests with coverage	2026-01-14T21:59:43.6122638Z  [32m✓[39m src/routes/csrf.test.ts [2m([22m[2m5 tests[22m[2m)[22m[32m 61[2mms[22m[39m
Test Backend	Run backend tests with coverage	2026-01-14T21:59:43.6839428Z [90mstdout[2m | src/services/org.service.test.ts
Test Backend	Run backend tests with coverage	2026-01-14T21:59:43.6841374Z [22m[39m[dotenv@17.2.3] injecting env (3) from .env.test -- tip: 👥 sync secrets across teammates & machines: https://dotenvx.com/ops
Test Backend	Run backend tests with coverage	2026-01-14T21:59:43.6842290Z 
Test Backend	Run backend tests with coverage	2026-01-14T21:59:43.7211604Z [90mstdout[2m | src/middleware/auth.test.ts
Test Backend	Run backend tests with coverage	2026-01-14T21:59:43.7213933Z [22m[39m[dotenv@17.2.3] injecting env (3) from .env.test -- tip: ⚙️  enable debug logging with { debug: true }
Test Backend	Run backend tests with coverage	2026-01-14T21:59:43.7214702Z 
Test Backend	Run backend tests with coverage	2026-01-14T21:59:43.7821267Z [90mstdout[2m | src/services/org.service.test.ts[2m > [22m[2mOrganization Service[2m > [22m[2mgetOrganizationById[2m > [22m[2mshould return organization by ID
Test Backend	Run backend tests with coverage	2026-01-14T21:59:43.7822917Z [22m[39m[checkOrgAccess] User is owner: {
Test Backend	Run backend tests with coverage	2026-01-14T21:59:43.7823780Z   orgId: [32m'59c92757-8553-4cb3-bacb-6e77759713ed'[39m,
Test Backend	Run backend tests with coverage	2026-01-14T21:59:43.7824538Z   userId: [32m'test-user-id'[39m,
Test Backend	Run backend tests with coverage	2026-01-14T21:59:43.7825159Z   role: [32m'owner'[39m
Test Backend	Run backend tests with coverage	2026-01-14T21:59:43.7825586Z }
Test Backend	Run backend tests with coverage	2026-01-14T21:59:43.7825758Z 
Test Backend	Run backend tests with coverage	2026-01-14T21:59:43.7861501Z [90mstderr[2m | src/services/org.service.test.ts[2m > [22m[2mOrganization Service[2m > [22m[2mgetOrganizationById[2m > [22m[2mshould throw error for non-existent organization
Test Backend	Run backend tests with coverage	2026-01-14T21:59:43.7863848Z [22m[39m[checkOrgAccess] Organization not found: { orgId: [32m'non-existent'[39m, userId: [32m'test-user-id'[39m }
Test Backend	Run backend tests with coverage	2026-01-14T21:59:43.7864650Z 
Test Backend	Run backend tests with coverage	2026-01-14T21:59:43.7882569Z [90mstderr[2m | src/services/org.service.test.ts[2m > [22m[2mOrganization Service[2m > [22m[2mgetOrganizationById[2m > [22m[2mshould throw error if user has no access
Test Backend	Run backend tests with coverage	2026-01-14T21:59:43.7884491Z [22m[39m[checkOrgAccess] User is not owner and not in organization_members: {
Test Backend	Run backend tests with coverage	2026-01-14T21:59:43.7885603Z   orgId: [32m'4f8d247d-2aa6-40fe-bc49-bbc2cb316c36'[39m,
Test Backend	Run backend tests with coverage	2026-01-14T21:59:43.7886372Z   userId: [32m'test-user-id'[39m,
Test Backend	Run backend tests with coverage	2026-01-14T21:59:43.7887050Z   ownerUserId: [32m'other-user-id'[39m
Test Backend	Run backend tests with coverage	2026-01-14T21:59:43.7887564Z }
Test Backend	Run backend tests with coverage	2026-01-14T21:59:43.7887768Z 
Test Backend	Run backend tests with coverage	2026-01-14T21:59:43.7924185Z [90mstdout[2m | src/services/org.service.test.ts[2m > [22m[2mOrganization Service[2m > [22m[2mupdateOrganization[2m > [22m[2mshould update organization name
Test Backend	Run backend tests with coverage	2026-01-14T21:59:43.7928909Z [22m[39m[checkOrgAccess] User is owner: {
Test Backend	Run backend tests with coverage	2026-01-14T21:59:43.7930085Z   orgId: [32m'e8fc38b9-f2b7-4fb0-8130-b36f1cf54a90'[39m,
Test Backend	Run backend tests with coverage	2026-01-14T21:59:43.7930845Z   userId: [32m'test-user-id'[39m,
Test Backend	Run backend tests with coverage	2026-01-14T21:59:43.7931432Z   role: [32m'owner'[39m
Test Backend	Run backend tests with coverage	2026-01-14T21:59:43.7931830Z }
Test Backend	Run backend tests with coverage	2026-01-14T21:59:43.7948756Z 
Test Backend	Run backend tests with coverage	2026-01-14T21:59:43.7950506Z [90mstdout[2m | src/services/org.service.test.ts[2m > [22m[2mOrganization Service[2m > [22m[2mupdateOrganization[2m > [22m[2mshould persist update in database
Test Backend	Run backend tests with coverage	2026-01-14T21:59:43.7951993Z [22m[39m[checkOrgAccess] User is owner: {
Test Backend	Run backend tests with coverage	2026-01-14T21:59:43.7952688Z   orgId: [32m'ac3c06bf-cc87-46a9-854d-0c120645b14e'[39m,
Test Backend	Run backend tests with coverage	2026-01-14T21:59:43.7953280Z   userId: [32m'test-user-id'[39m,
Test Backend	Run backend tests with coverage	2026-01-14T21:59:43.7953772Z   role: [32m'owner'[39m
Test Backend	Run backend tests with coverage	2026-01-14T21:59:43.7954522Z }
Test Backend	Run backend tests with coverage	2026-01-14T21:59:43.7954661Z 
Test Backend	Run backend tests with coverage	2026-01-14T21:59:43.7955853Z [90mstdout[2m | src/services/org.service.test.ts[2m > [22m[2mOrganization Service[2m > [22m[2mdeleteOrganization[2m > [22m[2mshould delete organization
Test Backend	Run backend tests with coverage	2026-01-14T21:59:43.7957049Z [22m[39m[checkOrgAccess] User is owner: {
Test Backend	Run backend tests with coverage	2026-01-14T21:59:43.7957698Z   orgId: [32m'87602621-7523-4d12-8b19-fdbe46fc3cdd'[39m,
Test Backend	Run backend tests with coverage	2026-01-14T21:59:43.7958275Z   userId: [32m'test-user-id'[39m,
Test Backend	Run backend tests with coverage	2026-01-14T21:59:43.7958724Z   role: [32m'owner'[39m
Test Backend	Run backend tests with coverage	2026-01-14T21:59:43.7965174Z }
Test Backend	Run backend tests with coverage	2026-01-14T21:59:43.7965357Z 
Test Backend	Run backend tests with coverage	2026-01-14T21:59:43.7966705Z [90mstdout[2m | src/services/org.service.test.ts[2m > [22m[2mOrganization Service[2m > [22m[2mdeleteOrganization[2m > [22m[2mshould throw error if user is not owner
Test Backend	Run backend tests with coverage	2026-01-14T21:59:43.7968008Z [22m[39m[checkOrgAccess] User is member: {
Test Backend	Run backend tests with coverage	2026-01-14T21:59:43.7968743Z   orgId: [32m'f09664c6-5f5e-44d9-b04b-e1a00a48a3ab'[39m,
Test Backend	Run backend tests with coverage	2026-01-14T21:59:43.7969988Z   userId: [32m'test-user-id'[39m,
Test Backend	Run backend tests with coverage	2026-01-14T21:59:43.7970466Z   role: [32m'admin'[39m
Test Backend	Run backend tests with coverage	2026-01-14T21:59:43.7970796Z }
Test Backend	Run backend tests with coverage	2026-01-14T21:59:43.7970932Z 
Test Backend	Run backend tests with coverage	2026-01-14T21:59:43.8190121Z  [32m✓[39m src/services/org.service.test.ts [2m([22m[2m14 tests[22m[2m)[22m[32m 44[2mms[22m[39m
Test Backend	Run backend tests with coverage	2026-01-14T21:59:43.8441091Z [90mstdout[2m | src/services/invitation.service.test.ts
Test Backend	Run backend tests with coverage	2026-01-14T21:59:43.8443133Z [22m[39m[dotenv@17.2.3] injecting env (3) from .env.test -- tip: ⚙️  specify custom .env file path with { path: '/custom/path/.env' }
Test Backend	Run backend tests with coverage	2026-01-14T21:59:43.8444195Z 
Test Backend	Run backend tests with coverage	2026-01-14T21:59:43.8832876Z  [32m✓[39m src/middleware/auth.test.ts [2m([22m[2m17 tests[22m[2m)[22m[32m 31[2mms[22m[39m
Test Backend	Run backend tests with coverage	2026-01-14T21:59:43.9480697Z  [32m✓[39m src/services/invitation.service.test.ts [2m([22m[2m22 tests[22m[2m)[22m[32m 32[2mms[22m[39m
Test Backend	Run backend tests with coverage	2026-01-14T21:59:44.0515952Z [90mstdout[2m | src/services/bulk.service.test.ts
Test Backend	Run backend tests with coverage	2026-01-14T21:59:44.0517534Z [22m[39m[dotenv@17.2.3] injecting env (3) from .env.test -- tip: ⚙️  enable debug logging with { debug: true }
Test Backend	Run backend tests with coverage	2026-01-14T21:59:44.0518338Z 
Test Backend	Run backend tests with coverage	2026-01-14T21:59:44.0868399Z [90mstdout[2m | src/middleware/csrf.test.ts
Test Backend	Run backend tests with coverage	2026-01-14T21:59:44.0875585Z [22m[39m[dotenv@17.2.3] injecting env (3) from .env.test -- tip: ⚙️  override existing env vars with { override: true }
Test Backend	Run backend tests with coverage	2026-01-14T21:59:44.0876484Z 
Test Backend	Run backend tests with coverage	2026-01-14T21:59:44.1591252Z [90mstdout[2m | src/services/users.service.test.ts
Test Backend	Run backend tests with coverage	2026-01-14T21:59:44.1593116Z [22m[39m[dotenv@17.2.3] injecting env (3) from .env.test -- tip: ⚙️  suppress all logs with { quiet: true }
Test Backend	Run backend tests with coverage	2026-01-14T21:59:44.1595069Z 
Test Backend	Run backend tests with coverage	2026-01-14T21:59:44.2063561Z  [32m✓[39m src/middleware/csrf.test.ts [2m([22m[2m17 tests[22m[2m)[22m[32m 23[2mms[22m[39m
Test Backend	Run backend tests with coverage	2026-01-14T21:59:44.2683041Z  [32m✓[39m src/services/bulk.service.test.ts [2m([22m[2m21 tests[22m[2m)[22m[32m 17[2mms[22m[39m
Test Backend	Run backend tests with coverage	2026-01-14T21:59:44.2758716Z  [32m✓[39m src/services/users.service.test.ts [2m([22m[2m22 tests[22m[2m)[22m[32m 28[2mms[22m[39m
Test Backend	Run backend tests with coverage	2026-01-14T21:59:44.3836132Z [90mstdout[2m | src/services/people.service.test.ts
Test Backend	Run backend tests with coverage	2026-01-14T21:59:44.3837769Z [22m[39m[dotenv@17.2.3] injecting env (3) from .env.test -- tip: ⚙️  load multiple .env files with { path: ['.env.local', '.env'] }
Test Backend	Run backend tests with coverage	2026-01-14T21:59:44.3838361Z 
Test Backend	Run backend tests with coverage	2026-01-14T21:59:44.4390413Z  [32m✓[39m src/services/people.service.test.ts [2m([22m[2m8 tests[22m[2m)[22m[32m 12[2mms[22m[39m
Test Backend	Run backend tests with coverage	2026-01-14T21:59:44.7607667Z 
Test Backend	Run backend tests with coverage	2026-01-14T21:59:44.7613405Z [2m Test Files [22m [1m[32m23 passed[39m[22m[90m (23)[39m
Test Backend	Run backend tests with coverage	2026-01-14T21:59:44.7615595Z [2m      Tests [22m [1m[32m423 passed[39m[22m[90m (423)[39m
Test Backend	Run backend tests with coverage	2026-01-14T21:59:44.7616306Z [2m   Start at [22m 21:59:39
Test Backend	Run backend tests with coverage	2026-01-14T21:59:44.7618429Z [2m   Duration [22m 4.85s[2m (transform 1.31s, setup 471ms, import 4.71s, tests 2.74s, environment 4ms)[22m
Test Backend	Run backend tests with coverage	2026-01-14T21:59:44.7618887Z 
Test Backend	Run backend tests with coverage	2026-01-14T21:59:44.7639375Z [34m % [39m[2mCoverage report from [22m[33mv8[39m
Test Backend	Run backend tests with coverage	2026-01-14T21:59:44.7697890Z -------------------|---------|----------|---------|---------|-------------------
Test Backend	Run backend tests with coverage	2026-01-14T21:59:44.7699607Z File               | % Stmts | % Branch | % Funcs | % Lines | Uncovered Line #s 
Test Backend	Run backend tests with coverage	2026-01-14T21:59:44.7700541Z -------------------|---------|----------|---------|---------|-------------------
Test Backend	Run backend tests with coverage	2026-01-14T21:59:44.7706605Z All files          |    52.5 |    45.42 |   52.68 |    52.3 |                   
Test Backend	Run backend tests with coverage	2026-01-14T21:59:44.7707423Z  src               |    41.2 |    26.31 |   48.27 |   37.62 |                   
Test Backend	Run backend tests with coverage	2026-01-14T21:59:44.7708807Z   db.ts            |    63.3 |    52.63 |     100 |   59.52 | ...91-593,598-601 
Test Backend	Run backend tests with coverage	2026-01-14T21:59:44.7709835Z   instrument.ts    |       0 |        0 |       0 |       0 | 4-61              
Test Backend	Run backend tests with coverage	2026-01-14T21:59:44.7710652Z   sentry.ts        |       0 |      100 |       0 |       0 | 9-18              
Test Backend	Run backend tests with coverage	2026-01-14T21:59:44.7711436Z   socket.ts        |    2.08 |        0 |       0 |    2.08 | 14-138            
Test Backend	Run backend tests with coverage	2026-01-14T21:59:44.7712261Z  src/middleware    |   85.48 |    77.77 |   83.33 |   85.48 |                   
Test Backend	Run backend tests with coverage	2026-01-14T21:59:44.7713373Z   auth.ts          |     100 |    93.75 |     100 |     100 | 69                
Test Backend	Run backend tests with coverage	2026-01-14T21:59:44.7714168Z   csrf.ts          |     100 |    96.42 |     100 |     100 | 98                
Test Backend	Run backend tests with coverage	2026-01-14T21:59:44.7714943Z   errorHandler.ts  |       0 |        0 |       0 |       0 | 16-35             
Test Backend	Run backend tests with coverage	2026-01-14T21:59:44.7715478Z  src/routes        |   46.89 |    35.23 |   51.68 |   46.66 |                   
Test Backend	Run backend tests with coverage	2026-01-14T21:59:44.7716045Z   audit.ts         |   91.11 |    88.46 |     100 |   96.87 | 82                
Test Backend	Run backend tests with coverage	2026-01-14T21:59:44.7717558Z   auth.ts          |   59.42 |    45.45 |      75 |   59.12 | ...93-394,399,424 
Test Backend	Run backend tests with coverage	2026-01-14T21:59:44.7718320Z   backup.ts        |     100 |       75 |     100 |     100 | 34,80,120-142     
Test Backend	Run backend tests with coverage	2026-01-14T21:59:44.7719224Z   bulk.ts          |   82.55 |    84.37 |     100 |   82.55 | ...72,182-185,191 
Test Backend	Run backend tests with coverage	2026-01-14T21:59:44.7719958Z   csrf.ts          |     100 |      100 |     100 |     100 |                   
Test Backend	Run backend tests with coverage	2026-01-14T21:59:44.7720718Z   departments.ts   |       0 |        0 |       0 |       0 | 18-154            
Test Backend	Run backend tests with coverage	2026-01-14T21:59:44.7721490Z   import.ts        |   42.85 |    13.63 |   33.33 |   44.11 | ...02-169,200-201 
Test Backend	Run backend tests with coverage	2026-01-14T21:59:44.7722256Z   invitations.ts   |   90.69 |      100 |   83.33 |   90.69 | 38,54,91,118      
Test Backend	Run backend tests with coverage	2026-01-14T21:59:44.7723035Z   members.ts       |   89.74 |     90.9 |     100 |   89.74 | ...77,116,156,242 
Test Backend	Run backend tests with coverage	2026-01-14T21:59:44.7723807Z   organizations.ts |       0 |        0 |       0 |       0 | 16-254            
Test Backend	Run backend tests with coverage	2026-01-14T21:59:44.7724566Z   passkey.ts       |       0 |        0 |       0 |       0 | 20-204            
Test Backend	Run backend tests with coverage	2026-01-14T21:59:44.7725278Z   people.ts        |       0 |        0 |       0 |       0 | 19-194            
Test Backend	Run backend tests with coverage	2026-01-14T21:59:44.7726004Z   public.ts        |   85.29 |    54.54 |      80 |   84.84 | 18-34,154,177     
Test Backend	Run backend tests with coverage	2026-01-14T21:59:44.7726726Z   search.ts        |       0 |        0 |       0 |       0 | 6-102             
Test Backend	Run backend tests with coverage	2026-01-14T21:59:44.7727425Z   totp.ts          |       0 |        0 |       0 |       0 | 12-189            
Test Backend	Run backend tests with coverage	2026-01-14T21:59:44.7728161Z   users.ts         |   82.75 |    52.38 |   77.77 |   82.75 | ...08,119,146,166 
Test Backend	Run backend tests with coverage	2026-01-14T21:59:44.7728813Z  src/services      |    58.1 |    52.78 |   55.78 |   58.31 |                   
Test Backend	Run backend tests with coverage	2026-01-14T21:59:44.7729759Z   audit.service.ts |   10.34 |     8.06 |   16.66 |   10.58 | 85-328            
Test Backend	Run backend tests with coverage	2026-01-14T21:59:44.7730586Z   auth.service.ts  |   61.72 |    69.23 |      50 |   61.72 | 132,244-450       
Test Backend	Run backend tests with coverage	2026-01-14T21:59:44.7731361Z   ...up.service.ts |       0 |        0 |       0 |       0 | 7-245             
Test Backend	Run backend tests with coverage	2026-01-14T21:59:44.7732140Z   bulk.service.ts  |   62.13 |    62.71 |   58.82 |   62.24 | ...85-689,731-786 
Test Backend	Run backend tests with coverage	2026-01-14T21:59:44.7732920Z   csrf.service.ts  |       0 |        0 |       0 |       0 | 26-111            
Test Backend	Run backend tests with coverage	2026-01-14T21:59:44.7733688Z   ...nt.service.ts |   84.94 |    82.97 |     100 |   86.66 | ...62-264,317-319 
Test Backend	Run backend tests with coverage	2026-01-14T21:59:44.7734466Z   email.service.ts |      25 |    33.33 |       0 |      25 | 16-124            
Test Backend	Run backend tests with coverage	2026-01-14T21:59:44.7735253Z   ...on.service.ts |   90.42 |    90.47 |     100 |   90.42 | ...89-391,400-402 
Test Backend	Run backend tests with coverage	2026-01-14T21:59:44.7736268Z   ...er.service.ts |    79.2 |    76.74 |     100 |    79.2 | ...72-374,382-384 
Test Backend	Run backend tests with coverage	2026-01-14T21:59:44.7737065Z   org.service.ts   |   79.31 |       50 |     100 |   79.31 | 72-74,194-196     
Test Backend	Run backend tests with coverage	2026-01-14T21:59:44.7737812Z   ...ey.service.ts |       0 |        0 |       0 |       0 | 19-244            
Test Backend	Run backend tests with coverage	2026-01-14T21:59:44.7738566Z   ...le.service.ts |   73.91 |    75.43 |   85.71 |   73.91 | ...79,302-306,361 
Test Backend	Run backend tests with coverage	2026-01-14T21:59:44.7739425Z   ...ch.service.ts |     100 |    86.66 |     100 |     100 | 114-252           
Test Backend	Run backend tests with coverage	2026-01-14T21:59:44.7739874Z   ...ts.service.ts |       0 |        0 |       0 |       0 | 32-142            
Test Backend	Run backend tests with coverage	2026-01-14T21:59:44.7740311Z   totp.service.ts  |       0 |        0 |       0 |       0 | 17-130            
Test Backend	Run backend tests with coverage	2026-01-14T21:59:44.7740753Z   users.service.ts |     100 |     90.9 |     100 |     100 | 27,256            
Test Backend	Run backend tests with coverage	2026-01-14T21:59:44.7741387Z  src/types         |       0 |        0 |       0 |       0 |                   
Test Backend	Run backend tests with coverage	2026-01-14T21:59:44.7741820Z   global.d.ts      |       0 |        0 |       0 |       0 |                   
Test Backend	Run backend tests with coverage	2026-01-14T21:59:44.7742231Z   index.ts         |       0 |        0 |       0 |       0 | 219-226           
Test Backend	Run backend tests with coverage	2026-01-14T21:59:44.7742640Z  src/utils         |   14.28 |        0 |       0 |   14.28 |                   
Test Backend	Run backend tests with coverage	2026-01-14T21:59:44.7743051Z   escape.ts        |       0 |        0 |       0 |       0 | 5-20              
Test Backend	Run backend tests with coverage	2026-01-14T21:59:44.7743453Z   logger.ts        |   22.22 |        0 |       0 |   22.22 | 23-30,36-42       
Test Backend	Run backend tests with coverage	2026-01-14T21:59:44.7743918Z -------------------|---------|----------|---------|---------|-------------------
Test Backend	Upload coverage to Codecov	﻿2026-01-14T21:59:44.8589855Z ##[group]Run codecov/codecov-action@v4
Test Backend	Upload coverage to Codecov	2026-01-14T21:59:44.8590178Z with:
Test Backend	Upload coverage to Codecov	2026-01-14T21:59:44.8590395Z   files: ./server/coverage/coverage-final.json
Test Backend	Upload coverage to Codecov	2026-01-14T21:59:44.8590676Z   flags: backend
Test Backend	Upload coverage to Codecov	2026-01-14T21:59:44.8590882Z   name: backend-coverage
Test Backend	Upload coverage to Codecov	2026-01-14T21:59:44.8591119Z ##[endgroup]
Test Backend	Upload coverage to Codecov	2026-01-14T21:59:44.9443456Z eventName: push
Test Backend	Upload coverage to Codecov	2026-01-14T21:59:44.9460101Z ==> linux OS detected
Test Backend	Upload coverage to Codecov	2026-01-14T21:59:45.1309203Z https://cli.codecov.io/latest/linux/codecov.SHA256SUM
Test Backend	Upload coverage to Codecov	2026-01-14T21:59:45.2317128Z gpg: directory '/home/runner/.gnupg' created
Test Backend	Upload coverage to Codecov	2026-01-14T21:59:45.2368298Z gpg: keybox '/home/runner/.gnupg/pubring.kbx' created
Test Backend	Upload coverage to Codecov	2026-01-14T21:59:45.2550309Z gpg: /home/runner/.gnupg/trustdb.gpg: trustdb created
Test Backend	Upload coverage to Codecov	2026-01-14T21:59:45.2551552Z gpg: key 806BB28AED779869: public key "Codecov Uploader (Codecov Uploader Verification Key) <security@codecov.io>" imported
Test Backend	Upload coverage to Codecov	2026-01-14T21:59:45.2996175Z gpg: Total number processed: 1
Test Backend	Upload coverage to Codecov	2026-01-14T21:59:45.2996789Z gpg:               imported: 1
Test Backend	Upload coverage to Codecov	2026-01-14T21:59:45.3069664Z gpg: Signature made Fri Dec  5 15:31:48 2025 UTC
Test Backend	Upload coverage to Codecov	2026-01-14T21:59:45.3070947Z gpg:                using RSA key 27034E7FDB850E0BBC2C62FF806BB28AED779869
Test Backend	Upload coverage to Codecov	2026-01-14T21:59:45.3073677Z gpg: Good signature from "Codecov Uploader (Codecov Uploader Verification Key) <security@codecov.io>" [unknown]
Test Backend	Upload coverage to Codecov	2026-01-14T21:59:45.3074985Z gpg: WARNING: This key is not certified with a trusted signature!
Test Backend	Upload coverage to Codecov	2026-01-14T21:59:45.3075930Z gpg:          There is no indication that the signature belongs to the owner.
Test Backend	Upload coverage to Codecov	2026-01-14T21:59:45.3076916Z Primary key fingerprint: 2703 4E7F DB85 0E0B BC2C  62FF 806B B28A ED77 9869
Test Backend	Upload coverage to Codecov	2026-01-14T21:59:45.3300722Z ==> Uploader SHASUM verified (fd34214e2b2c738e48e3ac90b2c23ec4e975d0e9aee51f2cebe81b5704af3f6c  codecov)
Test Backend	Upload coverage to Codecov	2026-01-14T21:59:45.3301549Z ==> Running version latest
Test Backend	Upload coverage to Codecov	2026-01-14T21:59:45.3991433Z Could not pull latest version information: SyntaxError: Unexpected token '<', "<!DOCTYPE "... is not valid JSON
Test Backend	Upload coverage to Codecov	2026-01-14T21:59:45.3993117Z ==> Running git config --global --add safe.directory /home/runner/work/OrgTree/OrgTree
Test Backend	Upload coverage to Codecov	2026-01-14T21:59:45.4090221Z [command]/usr/bin/git config --global --add safe.directory /home/runner/work/OrgTree/OrgTree
Test Backend	Upload coverage to Codecov	2026-01-14T21:59:45.4159173Z ==> Running command '/home/runner/work/_actions/codecov/codecov-action/v4/dist/codecov create-commit'
Test Backend	Upload coverage to Codecov	2026-01-14T21:59:45.4162449Z [command]/home/runner/work/_actions/codecov/codecov-action/v4/dist/codecov create-commit --git-service github
Test Backend	Upload coverage to Codecov	2026-01-14T21:59:45.7888304Z info - 2026-01-14 21:59:45,788 -- ci service found: github-actions
Test Backend	Upload coverage to Codecov	2026-01-14T21:59:45.7991103Z warning - 2026-01-14 21:59:45,798 -- No config file could be found. Ignoring config.
Test Backend	Upload coverage to Codecov	2026-01-14T21:59:45.8307808Z warning - 2026-01-14 21:59:45,830 -- Branch `main` is protected but no token was provided
Test Backend	Upload coverage to Codecov	2026-01-14T21:59:45.8309251Z warning - 2026-01-14 21:59:45,830 -- For information on Codecov upload tokens, see https://docs.codecov.com/docs/codecov-tokens
Test Backend	Upload coverage to Codecov	2026-01-14T21:59:46.0028331Z info - 2026-01-14 21:59:46,002 -- Process Commit creating complete
Test Backend	Upload coverage to Codecov	2026-01-14T21:59:46.0030156Z error - 2026-01-14 21:59:46,002 -- Commit creating failed: {"message":"Token required - not valid tokenless upload"}
Test Backend	Upload coverage to Codecov	2026-01-14T21:59:46.1438837Z ==> Running command '/home/runner/work/_actions/codecov/codecov-action/v4/dist/codecov create-report'
Test Backend	Upload coverage to Codecov	2026-01-14T21:59:46.1440939Z [command]/home/runner/work/_actions/codecov/codecov-action/v4/dist/codecov create-report --git-service github
Test Backend	Upload coverage to Codecov	2026-01-14T21:59:46.5041876Z info - 2026-01-14 21:59:46,503 -- ci service found: github-actions
Test Backend	Upload coverage to Codecov	2026-01-14T21:59:46.5141832Z warning - 2026-01-14 21:59:46,513 -- No config file could be found. Ignoring config.
Test Backend	Upload coverage to Codecov	2026-01-14T21:59:46.7140386Z info - 2026-01-14 21:59:46,713 -- Process Report creating complete
Test Backend	Upload coverage to Codecov	2026-01-14T21:59:46.7146551Z error - 2026-01-14 21:59:46,714 -- Report creating failed: {"message":"Token required - not valid tokenless upload"}
Test Backend	Upload coverage to Codecov	2026-01-14T21:59:46.8295629Z ==> Running command '/home/runner/work/_actions/codecov/codecov-action/v4/dist/codecov do-upload'
Test Backend	Upload coverage to Codecov	2026-01-14T21:59:46.8298887Z [command]/home/runner/work/_actions/codecov/codecov-action/v4/dist/codecov do-upload -f ./server/coverage/coverage-final.json -F backend --git-service github -n backend-coverage
Test Backend	Upload coverage to Codecov	2026-01-14T21:59:47.2060063Z info - 2026-01-14 21:59:47,205 -- ci service found: github-actions
Test Backend	Upload coverage to Codecov	2026-01-14T21:59:47.2178834Z warning - 2026-01-14 21:59:47,217 -- No config file could be found. Ignoring config.
Test Backend	Upload coverage to Codecov	2026-01-14T21:59:47.2531303Z warning - 2026-01-14 21:59:47,252 -- xcrun is not installed or can't be found.
Test Backend	Upload coverage to Codecov	2026-01-14T21:59:47.4532570Z warning - 2026-01-14 21:59:47,452 -- No gcov data found.
Test Backend	Upload coverage to Codecov	2026-01-14T21:59:47.4535625Z warning - 2026-01-14 21:59:47,453 -- coverage.py is not installed or can't be found.
Test Backend	Upload coverage to Codecov	2026-01-14T21:59:47.6692830Z info - 2026-01-14 21:59:47,668 -- Found 1 coverage files to report
Test Backend	Upload coverage to Codecov	2026-01-14T21:59:47.6694475Z info - 2026-01-14 21:59:47,668 -- > /home/runner/work/OrgTree/OrgTree/server/coverage/coverage-final.json
Test Backend	Upload coverage to Codecov	2026-01-14T21:59:47.8582342Z info - 2026-01-14 21:59:47,857 -- Process Upload complete
Test Backend	Upload coverage to Codecov	2026-01-14T21:59:47.8584191Z error - 2026-01-14 21:59:47,858 -- Upload failed: {"message":"Token required - not valid tokenless upload"}
Test Backend	Post Setup Node.js	﻿2026-01-14T21:59:47.9927202Z Post job cleanup.
Test Backend	Post Setup Node.js	2026-01-14T21:59:48.1485568Z Cache hit occurred on the primary key node-cache-Linux-x64-npm-ca6d4dfcbce01998359896f8d5f8f5fba61a7b2260d092076fe94f080bc1a45d, not saving cache.
Test Backend	Post Checkout code	﻿2026-01-14T21:59:48.1606629Z Post job cleanup.
Test Backend	Post Checkout code	2026-01-14T21:59:48.2569247Z [command]/usr/bin/git version
Test Backend	Post Checkout code	2026-01-14T21:59:48.2607296Z git version 2.52.0
Test Backend	Post Checkout code	2026-01-14T21:59:48.2646363Z Copying '/home/runner/.gitconfig' to '/home/runner/work/_temp/f9b93b24-6a5e-41a7-8ec6-755e23f4df82/.gitconfig'
Test Backend	Post Checkout code	2026-01-14T21:59:48.2656094Z Temporarily overriding HOME='/home/runner/work/_temp/f9b93b24-6a5e-41a7-8ec6-755e23f4df82' before making global git config changes
Test Backend	Post Checkout code	2026-01-14T21:59:48.2657687Z Adding repository directory to the temporary git global config as a safe directory
Test Backend	Post Checkout code	2026-01-14T21:59:48.2662157Z [command]/usr/bin/git config --global --add safe.directory /home/runner/work/OrgTree/OrgTree
Test Backend	Post Checkout code	2026-01-14T21:59:48.2699570Z [command]/usr/bin/git config --local --name-only --get-regexp core\.sshCommand
Test Backend	Post Checkout code	2026-01-14T21:59:48.2733152Z [command]/usr/bin/git submodule foreach --recursive sh -c "git config --local --name-only --get-regexp 'core\.sshCommand' && git config --local --unset-all 'core.sshCommand' || :"
Test Backend	Post Checkout code	2026-01-14T21:59:48.2977096Z [command]/usr/bin/git config --local --name-only --get-regexp http\.https\:\/\/github\.com\/\.extraheader
Test Backend	Post Checkout code	2026-01-14T21:59:48.3002360Z http.https://github.com/.extraheader
Test Backend	Post Checkout code	2026-01-14T21:59:48.3019199Z [command]/usr/bin/git config --local --unset-all http.https://github.com/.extraheader
Test Backend	Post Checkout code	2026-01-14T21:59:48.3055312Z [command]/usr/bin/git submodule foreach --recursive sh -c "git config --local --name-only --get-regexp 'http\.https\:\/\/github\.com\/\.extraheader' && git config --local --unset-all 'http.https://github.com/.extraheader' || :"
Test Backend	Post Checkout code	2026-01-14T21:59:48.3309793Z [command]/usr/bin/git config --local --name-only --get-regexp ^includeIf\.gitdir:
Test Backend	Post Checkout code	2026-01-14T21:59:48.3348194Z [command]/usr/bin/git submodule foreach --recursive git config --local --show-origin --name-only --get-regexp remote.origin.url
Test Backend	Complete job	﻿2026-01-14T21:59:48.3723006Z Cleaning up orphan processes
Security Audit	Set up job	﻿2026-01-14T21:59:22.6716502Z Current runner version: '2.330.0'
Security Audit	Set up job	2026-01-14T21:59:22.6745722Z ##[group]Runner Image Provisioner
Security Audit	Set up job	2026-01-14T21:59:22.6746856Z Hosted Compute Agent
Security Audit	Set up job	2026-01-14T21:59:22.6747398Z Version: 20251211.462
Security Audit	Set up job	2026-01-14T21:59:22.6747981Z Commit: 6cbad8c2bb55d58165063d031ccabf57e2d2db61
Security Audit	Set up job	2026-01-14T21:59:22.6748762Z Build Date: 2025-12-11T16:28:49Z
Security Audit	Set up job	2026-01-14T21:59:22.6749428Z Worker ID: {ac16cea0-4f07-403b-a6bd-b0b26d708d1c}
Security Audit	Set up job	2026-01-14T21:59:22.6750084Z ##[endgroup]
Security Audit	Set up job	2026-01-14T21:59:22.6750672Z ##[group]Operating System
Security Audit	Set up job	2026-01-14T21:59:22.6751236Z Ubuntu
Security Audit	Set up job	2026-01-14T21:59:22.6751678Z 24.04.3
Security Audit	Set up job	2026-01-14T21:59:22.6752249Z LTS
Security Audit	Set up job	2026-01-14T21:59:22.6752718Z ##[endgroup]
Security Audit	Set up job	2026-01-14T21:59:22.6753211Z ##[group]Runner Image
Security Audit	Set up job	2026-01-14T21:59:22.6753758Z Image: ubuntu-24.04
Security Audit	Set up job	2026-01-14T21:59:22.6754288Z Version: 20260105.202.1
Security Audit	Set up job	2026-01-14T21:59:22.6755535Z Included Software: https://github.com/actions/runner-images/blob/ubuntu24/20260105.202/images/ubuntu/Ubuntu2404-Readme.md
Security Audit	Set up job	2026-01-14T21:59:22.6757018Z Image Release: https://github.com/actions/runner-images/releases/tag/ubuntu24%2F20260105.202
Security Audit	Set up job	2026-01-14T21:59:22.6758195Z ##[endgroup]
Security Audit	Set up job	2026-01-14T21:59:22.6759376Z ##[group]GITHUB_TOKEN Permissions
Security Audit	Set up job	2026-01-14T21:59:22.6761495Z Contents: read
Security Audit	Set up job	2026-01-14T21:59:22.6762149Z Metadata: read
Security Audit	Set up job	2026-01-14T21:59:22.6762647Z Packages: read
Security Audit	Set up job	2026-01-14T21:59:22.6763145Z ##[endgroup]
Security Audit	Set up job	2026-01-14T21:59:22.6765375Z Secret source: Actions
Security Audit	Set up job	2026-01-14T21:59:22.6766267Z Prepare workflow directory
Security Audit	Set up job	2026-01-14T21:59:22.7097995Z Prepare all required actions
Security Audit	Set up job	2026-01-14T21:59:22.7136467Z Getting action download info
Security Audit	Set up job	2026-01-14T21:59:23.0613587Z Download action repository 'actions/checkout@v4' (SHA:34e114876b0b11c390a56381ad16ebd13914f8d5)
Security Audit	Set up job	2026-01-14T21:59:23.1858143Z Download action repository 'actions/setup-node@v4' (SHA:49933ea5288caeca8642d1e84afbd3f7d6820020)
Security Audit	Set up job	2026-01-14T21:59:23.4043288Z Complete job name: Security Audit
Security Audit	Checkout code	﻿2026-01-14T21:59:23.4728544Z ##[group]Run actions/checkout@v4
Security Audit	Checkout code	2026-01-14T21:59:23.4729380Z with:
Security Audit	Checkout code	2026-01-14T21:59:23.4729778Z   repository: Ic3burG/OrgTree
Security Audit	Checkout code	2026-01-14T21:59:23.4730421Z   token: ***
Security Audit	Checkout code	2026-01-14T21:59:23.4730813Z   ssh-strict: true
Security Audit	Checkout code	2026-01-14T21:59:23.4731206Z   ssh-user: git
Security Audit	Checkout code	2026-01-14T21:59:23.4731607Z   persist-credentials: true
Security Audit	Checkout code	2026-01-14T21:59:23.4732048Z   clean: true
Security Audit	Checkout code	2026-01-14T21:59:23.4732442Z   sparse-checkout-cone-mode: true
Security Audit	Checkout code	2026-01-14T21:59:23.4732913Z   fetch-depth: 1
Security Audit	Checkout code	2026-01-14T21:59:23.4733297Z   fetch-tags: false
Security Audit	Checkout code	2026-01-14T21:59:23.4733687Z   show-progress: true
Security Audit	Checkout code	2026-01-14T21:59:23.4734074Z   lfs: false
Security Audit	Checkout code	2026-01-14T21:59:23.4734439Z   submodules: false
Security Audit	Checkout code	2026-01-14T21:59:23.4734832Z   set-safe-directory: true
Security Audit	Checkout code	2026-01-14T21:59:23.4735656Z ##[endgroup]
Security Audit	Checkout code	2026-01-14T21:59:23.5801179Z Syncing repository: Ic3burG/OrgTree
Security Audit	Checkout code	2026-01-14T21:59:23.5802966Z ##[group]Getting Git version info
Security Audit	Checkout code	2026-01-14T21:59:23.5803676Z Working directory is '/home/runner/work/OrgTree/OrgTree'
Security Audit	Checkout code	2026-01-14T21:59:23.5804598Z [command]/usr/bin/git version
Security Audit	Checkout code	2026-01-14T21:59:23.5894678Z git version 2.52.0
Security Audit	Checkout code	2026-01-14T21:59:23.5921223Z ##[endgroup]
Security Audit	Checkout code	2026-01-14T21:59:23.5935474Z Temporarily overriding HOME='/home/runner/work/_temp/6aaa7e8b-759f-4239-bd61-f773449d7dfb' before making global git config changes
Security Audit	Checkout code	2026-01-14T21:59:23.5947669Z Adding repository directory to the temporary git global config as a safe directory
Security Audit	Checkout code	2026-01-14T21:59:23.5949764Z [command]/usr/bin/git config --global --add safe.directory /home/runner/work/OrgTree/OrgTree
Security Audit	Checkout code	2026-01-14T21:59:23.5988379Z Deleting the contents of '/home/runner/work/OrgTree/OrgTree'
Security Audit	Checkout code	2026-01-14T21:59:23.5992751Z ##[group]Initializing the repository
Security Audit	Checkout code	2026-01-14T21:59:23.5997753Z [command]/usr/bin/git init /home/runner/work/OrgTree/OrgTree
Security Audit	Checkout code	2026-01-14T21:59:23.6150946Z hint: Using 'master' as the name for the initial branch. This default branch name
Security Audit	Checkout code	2026-01-14T21:59:23.6152605Z hint: will change to "main" in Git 3.0. To configure the initial branch name
Security Audit	Checkout code	2026-01-14T21:59:23.6153601Z hint: to use in all of your new repositories, which will suppress this warning,
Security Audit	Checkout code	2026-01-14T21:59:23.6154366Z hint: call:
Security Audit	Checkout code	2026-01-14T21:59:23.6155035Z hint:
Security Audit	Checkout code	2026-01-14T21:59:23.6156450Z hint: 	git config --global init.defaultBranch <name>
Security Audit	Checkout code	2026-01-14T21:59:23.6157512Z hint:
Security Audit	Checkout code	2026-01-14T21:59:23.6158552Z hint: Names commonly chosen instead of 'master' are 'main', 'trunk' and
Security Audit	Checkout code	2026-01-14T21:59:23.6160211Z hint: 'development'. The just-created branch can be renamed via this command:
Security Audit	Checkout code	2026-01-14T21:59:23.6161563Z hint:
Security Audit	Checkout code	2026-01-14T21:59:23.6162288Z hint: 	git branch -m <name>
Security Audit	Checkout code	2026-01-14T21:59:23.6163135Z hint:
Security Audit	Checkout code	2026-01-14T21:59:23.6164227Z hint: Disable this message with "git config set advice.defaultBranchName false"
Security Audit	Checkout code	2026-01-14T21:59:23.6166367Z Initialized empty Git repository in /home/runner/work/OrgTree/OrgTree/.git/
Security Audit	Checkout code	2026-01-14T21:59:23.6169636Z [command]/usr/bin/git remote add origin https://github.com/Ic3burG/OrgTree
Security Audit	Checkout code	2026-01-14T21:59:23.6205434Z ##[endgroup]
Security Audit	Checkout code	2026-01-14T21:59:23.6206668Z ##[group]Disabling automatic garbage collection
Security Audit	Checkout code	2026-01-14T21:59:23.6210455Z [command]/usr/bin/git config --local gc.auto 0
Security Audit	Checkout code	2026-01-14T21:59:23.6238958Z ##[endgroup]
Security Audit	Checkout code	2026-01-14T21:59:23.6240191Z ##[group]Setting up auth
Security Audit	Checkout code	2026-01-14T21:59:23.6246492Z [command]/usr/bin/git config --local --name-only --get-regexp core\.sshCommand
Security Audit	Checkout code	2026-01-14T21:59:23.6277150Z [command]/usr/bin/git submodule foreach --recursive sh -c "git config --local --name-only --get-regexp 'core\.sshCommand' && git config --local --unset-all 'core.sshCommand' || :"
Security Audit	Checkout code	2026-01-14T21:59:23.6650739Z [command]/usr/bin/git config --local --name-only --get-regexp http\.https\:\/\/github\.com\/\.extraheader
Security Audit	Checkout code	2026-01-14T21:59:23.6679965Z [command]/usr/bin/git submodule foreach --recursive sh -c "git config --local --name-only --get-regexp 'http\.https\:\/\/github\.com\/\.extraheader' && git config --local --unset-all 'http.https://github.com/.extraheader' || :"
Security Audit	Checkout code	2026-01-14T21:59:23.6898260Z [command]/usr/bin/git config --local --name-only --get-regexp ^includeIf\.gitdir:
Security Audit	Checkout code	2026-01-14T21:59:23.6927251Z [command]/usr/bin/git submodule foreach --recursive git config --local --show-origin --name-only --get-regexp remote.origin.url
Security Audit	Checkout code	2026-01-14T21:59:23.7179315Z [command]/usr/bin/git config --local http.https://github.com/.extraheader AUTHORIZATION: basic ***
Security Audit	Checkout code	2026-01-14T21:59:23.7217203Z ##[endgroup]
Security Audit	Checkout code	2026-01-14T21:59:23.7218644Z ##[group]Fetching the repository
Security Audit	Checkout code	2026-01-14T21:59:23.7227044Z [command]/usr/bin/git -c protocol.version=2 fetch --no-tags --prune --no-recurse-submodules --depth=1 origin +7979dfb14d6f48229a643abb513555305d4c043f:refs/remotes/origin/main
Security Audit	Checkout code	2026-01-14T21:59:24.1684475Z From https://github.com/Ic3burG/OrgTree
Security Audit	Checkout code	2026-01-14T21:59:24.1685699Z  * [new ref]         7979dfb14d6f48229a643abb513555305d4c043f -> origin/main
Security Audit	Checkout code	2026-01-14T21:59:24.1793949Z ##[endgroup]
Security Audit	Checkout code	2026-01-14T21:59:24.1796806Z ##[group]Determining the checkout info
Security Audit	Checkout code	2026-01-14T21:59:24.1798391Z ##[endgroup]
Security Audit	Checkout code	2026-01-14T21:59:24.1799271Z [command]/usr/bin/git sparse-checkout disable
Security Audit	Checkout code	2026-01-14T21:59:24.1801765Z [command]/usr/bin/git config --local --unset-all extensions.worktreeConfig
Security Audit	Checkout code	2026-01-14T21:59:24.1810721Z ##[group]Checking out the ref
Security Audit	Checkout code	2026-01-14T21:59:24.1816093Z [command]/usr/bin/git checkout --progress --force -B main refs/remotes/origin/main
Security Audit	Checkout code	2026-01-14T21:59:24.2064248Z Switched to a new branch 'main'
Security Audit	Checkout code	2026-01-14T21:59:24.2066847Z branch 'main' set up to track 'origin/main'.
Security Audit	Checkout code	2026-01-14T21:59:24.2074715Z ##[endgroup]
Security Audit	Checkout code	2026-01-14T21:59:24.2113161Z [command]/usr/bin/git log -1 --format=%H
Security Audit	Checkout code	2026-01-14T21:59:24.2136109Z 7979dfb14d6f48229a643abb513555305d4c043f
Security Audit	Setup Node.js	﻿2026-01-14T21:59:24.2450870Z ##[group]Run actions/setup-node@v4
Security Audit	Setup Node.js	2026-01-14T21:59:24.2451974Z with:
Security Audit	Setup Node.js	2026-01-14T21:59:24.2452673Z   node-version: 20
Security Audit	Setup Node.js	2026-01-14T21:59:24.2453494Z   always-auth: false
Security Audit	Setup Node.js	2026-01-14T21:59:24.2454329Z   check-latest: false
Security Audit	Setup Node.js	2026-01-14T21:59:24.2455644Z   token: ***
Security Audit	Setup Node.js	2026-01-14T21:59:24.2456388Z ##[endgroup]
Security Audit	Setup Node.js	2026-01-14T21:59:24.4274591Z Found in cache @ /opt/hostedtoolcache/node/20.19.6/x64
Security Audit	Setup Node.js	2026-01-14T21:59:24.4278905Z ##[group]Environment details
Security Audit	Setup Node.js	2026-01-14T21:59:26.2371199Z node: v20.19.6
Security Audit	Setup Node.js	2026-01-14T21:59:26.2371848Z npm: 10.8.2
Security Audit	Setup Node.js	2026-01-14T21:59:26.2372323Z yarn: 1.22.22
Security Audit	Setup Node.js	2026-01-14T21:59:26.2374900Z ##[endgroup]
Security Audit	Run npm audit (frontend)	﻿2026-01-14T21:59:26.2491715Z ##[group]Run npm audit --audit-level=high
Security Audit	Run npm audit (frontend)	2026-01-14T21:59:26.2492151Z [36;1mnpm audit --audit-level=high[0m
Security Audit	Run npm audit (frontend)	2026-01-14T21:59:26.2537979Z shell: /usr/bin/bash -e {0}
Security Audit	Run npm audit (frontend)	2026-01-14T21:59:26.2538300Z ##[endgroup]
Security Audit	Run npm audit (frontend)	2026-01-14T21:59:28.1358292Z found 0 vulnerabilities
Security Audit	Run npm audit (backend)	﻿2026-01-14T21:59:28.1457068Z ##[group]Run cd server && npm audit --audit-level=high
Security Audit	Run npm audit (backend)	2026-01-14T21:59:28.1457522Z [36;1mcd server && npm audit --audit-level=high[0m
Security Audit	Run npm audit (backend)	2026-01-14T21:59:28.1491600Z shell: /usr/bin/bash -e {0}
Security Audit	Run npm audit (backend)	2026-01-14T21:59:28.1491861Z ##[endgroup]
Security Audit	Run npm audit (backend)	2026-01-14T21:59:28.7489415Z found 0 vulnerabilities
Security Audit	Post Setup Node.js	﻿2026-01-14T21:59:28.7703481Z Post job cleanup.
Security Audit	Post Checkout code	﻿2026-01-14T21:59:28.9356997Z Post job cleanup.
Security Audit	Post Checkout code	2026-01-14T21:59:29.0296770Z [command]/usr/bin/git version
Security Audit	Post Checkout code	2026-01-14T21:59:29.0332905Z git version 2.52.0
Security Audit	Post Checkout code	2026-01-14T21:59:29.0376813Z Temporarily overriding HOME='/home/runner/work/_temp/c99dbb34-a64c-441b-9038-a3fbe6151957' before making global git config changes
Security Audit	Post Checkout code	2026-01-14T21:59:29.0377847Z Adding repository directory to the temporary git global config as a safe directory
Security Audit	Post Checkout code	2026-01-14T21:59:29.0390113Z [command]/usr/bin/git config --global --add safe.directory /home/runner/work/OrgTree/OrgTree
Security Audit	Post Checkout code	2026-01-14T21:59:29.0422888Z [command]/usr/bin/git config --local --name-only --get-regexp core\.sshCommand
Security Audit	Post Checkout code	2026-01-14T21:59:29.0454856Z [command]/usr/bin/git submodule foreach --recursive sh -c "git config --local --name-only --get-regexp 'core\.sshCommand' && git config --local --unset-all 'core.sshCommand' || :"
Security Audit	Post Checkout code	2026-01-14T21:59:29.0681355Z [command]/usr/bin/git config --local --name-only --get-regexp http\.https\:\/\/github\.com\/\.extraheader
Security Audit	Post Checkout code	2026-01-14T21:59:29.0704103Z http.https://github.com/.extraheader
Security Audit	Post Checkout code	2026-01-14T21:59:29.0717660Z [command]/usr/bin/git config --local --unset-all http.https://github.com/.extraheader
Security Audit	Post Checkout code	2026-01-14T21:59:29.0748718Z [command]/usr/bin/git submodule foreach --recursive sh -c "git config --local --name-only --get-regexp 'http\.https\:\/\/github\.com\/\.extraheader' && git config --local --unset-all 'http.https://github.com/.extraheader' || :"
Security Audit	Post Checkout code	2026-01-14T21:59:29.0964477Z [command]/usr/bin/git config --local --name-only --get-regexp ^includeIf\.gitdir:
Security Audit	Post Checkout code	2026-01-14T21:59:29.0995339Z [command]/usr/bin/git submodule foreach --recursive git config --local --show-origin --name-only --get-regexp remote.origin.url
Security Audit	Complete job	﻿2026-01-14T21:59:29.1319226Z Cleaning up orphan processes
Lint	Set up job	﻿2026-01-14T21:59:23.3757345Z Current runner version: '2.330.0'
Lint	Set up job	2026-01-14T21:59:23.3781375Z ##[group]Runner Image Provisioner
Lint	Set up job	2026-01-14T21:59:23.3782400Z Hosted Compute Agent
Lint	Set up job	2026-01-14T21:59:23.3782945Z Version: 20251211.462
Lint	Set up job	2026-01-14T21:59:23.3783686Z Commit: 6cbad8c2bb55d58165063d031ccabf57e2d2db61
Lint	Set up job	2026-01-14T21:59:23.3784592Z Build Date: 2025-12-11T16:28:49Z
Lint	Set up job	2026-01-14T21:59:23.3785281Z Worker ID: {c7c43b1e-047a-4eda-950d-4085227285ae}
Lint	Set up job	2026-01-14T21:59:23.3786056Z ##[endgroup]
Lint	Set up job	2026-01-14T21:59:23.3786638Z ##[group]Operating System
Lint	Set up job	2026-01-14T21:59:23.3787205Z Ubuntu
Lint	Set up job	2026-01-14T21:59:23.3787746Z 24.04.3
Lint	Set up job	2026-01-14T21:59:23.3788216Z LTS
Lint	Set up job	2026-01-14T21:59:23.3788654Z ##[endgroup]
Lint	Set up job	2026-01-14T21:59:23.3789244Z ##[group]Runner Image
Lint	Set up job	2026-01-14T21:59:23.3789783Z Image: ubuntu-24.04
Lint	Set up job	2026-01-14T21:59:23.3790314Z Version: 20260105.202.1
Lint	Set up job	2026-01-14T21:59:23.3791439Z Included Software: https://github.com/actions/runner-images/blob/ubuntu24/20260105.202/images/ubuntu/Ubuntu2404-Readme.md
Lint	Set up job	2026-01-14T21:59:23.3793020Z Image Release: https://github.com/actions/runner-images/releases/tag/ubuntu24%2F20260105.202
Lint	Set up job	2026-01-14T21:59:23.3794713Z ##[endgroup]
Lint	Set up job	2026-01-14T21:59:23.3795888Z ##[group]GITHUB_TOKEN Permissions
Lint	Set up job	2026-01-14T21:59:23.3798014Z Contents: read
Lint	Set up job	2026-01-14T21:59:23.3798603Z Metadata: read
Lint	Set up job	2026-01-14T21:59:23.3799138Z Packages: read
Lint	Set up job	2026-01-14T21:59:23.3799693Z ##[endgroup]
Lint	Set up job	2026-01-14T21:59:23.3801636Z Secret source: Actions
Lint	Set up job	2026-01-14T21:59:23.3802405Z Prepare workflow directory
Lint	Set up job	2026-01-14T21:59:23.4118289Z Prepare all required actions
Lint	Set up job	2026-01-14T21:59:23.4156409Z Getting action download info
Lint	Set up job	2026-01-14T21:59:23.8391661Z Download action repository 'actions/checkout@v4' (SHA:34e114876b0b11c390a56381ad16ebd13914f8d5)
Lint	Set up job	2026-01-14T21:59:23.9312783Z Download action repository 'actions/setup-node@v4' (SHA:49933ea5288caeca8642d1e84afbd3f7d6820020)
Lint	Set up job	2026-01-14T21:59:24.1198528Z Complete job name: Lint
Lint	Checkout code	﻿2026-01-14T21:59:24.1887220Z ##[group]Run actions/checkout@v4
Lint	Checkout code	2026-01-14T21:59:24.1888077Z with:
Lint	Checkout code	2026-01-14T21:59:24.1888502Z   repository: Ic3burG/OrgTree
Lint	Checkout code	2026-01-14T21:59:24.1889147Z   token: ***
Lint	Checkout code	2026-01-14T21:59:24.1889548Z   ssh-strict: true
Lint	Checkout code	2026-01-14T21:59:24.1889953Z   ssh-user: git
Lint	Checkout code	2026-01-14T21:59:24.1890371Z   persist-credentials: true
Lint	Checkout code	2026-01-14T21:59:24.1890830Z   clean: true
Lint	Checkout code	2026-01-14T21:59:24.1891236Z   sparse-checkout-cone-mode: true
Lint	Checkout code	2026-01-14T21:59:24.1891721Z   fetch-depth: 1
Lint	Checkout code	2026-01-14T21:59:24.1892114Z   fetch-tags: false
Lint	Checkout code	2026-01-14T21:59:24.1892525Z   show-progress: true
Lint	Checkout code	2026-01-14T21:59:24.1892934Z   lfs: false
Lint	Checkout code	2026-01-14T21:59:24.1893312Z   submodules: false
Lint	Checkout code	2026-01-14T21:59:24.1893935Z   set-safe-directory: true
Lint	Checkout code	2026-01-14T21:59:24.1894661Z ##[endgroup]
Lint	Checkout code	2026-01-14T21:59:24.2948084Z Syncing repository: Ic3burG/OrgTree
Lint	Checkout code	2026-01-14T21:59:24.2949997Z ##[group]Getting Git version info
Lint	Checkout code	2026-01-14T21:59:24.2950713Z Working directory is '/home/runner/work/OrgTree/OrgTree'
Lint	Checkout code	2026-01-14T21:59:24.2951660Z [command]/usr/bin/git version
Lint	Checkout code	2026-01-14T21:59:24.3026880Z git version 2.52.0
Lint	Checkout code	2026-01-14T21:59:24.3052564Z ##[endgroup]
Lint	Checkout code	2026-01-14T21:59:24.3066240Z Temporarily overriding HOME='/home/runner/work/_temp/e929ec70-9afb-4428-8caa-bc12ebddd3a4' before making global git config changes
Lint	Checkout code	2026-01-14T21:59:24.3067634Z Adding repository directory to the temporary git global config as a safe directory
Lint	Checkout code	2026-01-14T21:59:24.3078029Z [command]/usr/bin/git config --global --add safe.directory /home/runner/work/OrgTree/OrgTree
Lint	Checkout code	2026-01-14T21:59:24.3115345Z Deleting the contents of '/home/runner/work/OrgTree/OrgTree'
Lint	Checkout code	2026-01-14T21:59:24.3118615Z ##[group]Initializing the repository
Lint	Checkout code	2026-01-14T21:59:24.3122493Z [command]/usr/bin/git init /home/runner/work/OrgTree/OrgTree
Lint	Checkout code	2026-01-14T21:59:24.3230058Z hint: Using 'master' as the name for the initial branch. This default branch name
Lint	Checkout code	2026-01-14T21:59:24.3231123Z hint: will change to "main" in Git 3.0. To configure the initial branch name
Lint	Checkout code	2026-01-14T21:59:24.3232515Z hint: to use in all of your new repositories, which will suppress this warning,
Lint	Checkout code	2026-01-14T21:59:24.3233960Z hint: call:
Lint	Checkout code	2026-01-14T21:59:24.3234602Z hint:
Lint	Checkout code	2026-01-14T21:59:24.3235696Z hint: 	git config --global init.defaultBranch <name>
Lint	Checkout code	2026-01-14T21:59:24.3236629Z hint:
Lint	Checkout code	2026-01-14T21:59:24.3237438Z hint: Names commonly chosen instead of 'master' are 'main', 'trunk' and
Lint	Checkout code	2026-01-14T21:59:24.3238361Z hint: 'development'. The just-created branch can be renamed via this command:
Lint	Checkout code	2026-01-14T21:59:24.3239078Z hint:
Lint	Checkout code	2026-01-14T21:59:24.3239468Z hint: 	git branch -m <name>
Lint	Checkout code	2026-01-14T21:59:24.3239920Z hint:
Lint	Checkout code	2026-01-14T21:59:24.3240524Z hint: Disable this message with "git config set advice.defaultBranchName false"
Lint	Checkout code	2026-01-14T21:59:24.3241957Z Initialized empty Git repository in /home/runner/work/OrgTree/OrgTree/.git/
Lint	Checkout code	2026-01-14T21:59:24.3246567Z [command]/usr/bin/git remote add origin https://github.com/Ic3burG/OrgTree
Lint	Checkout code	2026-01-14T21:59:24.3279975Z ##[endgroup]
Lint	Checkout code	2026-01-14T21:59:24.3280713Z ##[group]Disabling automatic garbage collection
Lint	Checkout code	2026-01-14T21:59:24.3283868Z [command]/usr/bin/git config --local gc.auto 0
Lint	Checkout code	2026-01-14T21:59:24.3311421Z ##[endgroup]
Lint	Checkout code	2026-01-14T21:59:24.3312152Z ##[group]Setting up auth
Lint	Checkout code	2026-01-14T21:59:24.3317981Z [command]/usr/bin/git config --local --name-only --get-regexp core\.sshCommand
Lint	Checkout code	2026-01-14T21:59:24.3346904Z [command]/usr/bin/git submodule foreach --recursive sh -c "git config --local --name-only --get-regexp 'core\.sshCommand' && git config --local --unset-all 'core.sshCommand' || :"
Lint	Checkout code	2026-01-14T21:59:24.3698996Z [command]/usr/bin/git config --local --name-only --get-regexp http\.https\:\/\/github\.com\/\.extraheader
Lint	Checkout code	2026-01-14T21:59:24.3729209Z [command]/usr/bin/git submodule foreach --recursive sh -c "git config --local --name-only --get-regexp 'http\.https\:\/\/github\.com\/\.extraheader' && git config --local --unset-all 'http.https://github.com/.extraheader' || :"
Lint	Checkout code	2026-01-14T21:59:24.3944767Z [command]/usr/bin/git config --local --name-only --get-regexp ^includeIf\.gitdir:
Lint	Checkout code	2026-01-14T21:59:24.3974377Z [command]/usr/bin/git submodule foreach --recursive git config --local --show-origin --name-only --get-regexp remote.origin.url
Lint	Checkout code	2026-01-14T21:59:24.4199619Z [command]/usr/bin/git config --local http.https://github.com/.extraheader AUTHORIZATION: basic ***
Lint	Checkout code	2026-01-14T21:59:24.4232684Z ##[endgroup]
Lint	Checkout code	2026-01-14T21:59:24.4234160Z ##[group]Fetching the repository
Lint	Checkout code	2026-01-14T21:59:24.4242484Z [command]/usr/bin/git -c protocol.version=2 fetch --no-tags --prune --no-recurse-submodules --depth=1 origin +7979dfb14d6f48229a643abb513555305d4c043f:refs/remotes/origin/main
Lint	Checkout code	2026-01-14T21:59:25.1080168Z From https://github.com/Ic3burG/OrgTree
Lint	Checkout code	2026-01-14T21:59:25.1081802Z  * [new ref]         7979dfb14d6f48229a643abb513555305d4c043f -> origin/main
Lint	Checkout code	2026-01-14T21:59:25.1113451Z ##[endgroup]
Lint	Checkout code	2026-01-14T21:59:25.1115007Z ##[group]Determining the checkout info
Lint	Checkout code	2026-01-14T21:59:25.1116598Z ##[endgroup]
Lint	Checkout code	2026-01-14T21:59:25.1121264Z [command]/usr/bin/git sparse-checkout disable
Lint	Checkout code	2026-01-14T21:59:25.1163624Z [command]/usr/bin/git config --local --unset-all extensions.worktreeConfig
Lint	Checkout code	2026-01-14T21:59:25.1190479Z ##[group]Checking out the ref
Lint	Checkout code	2026-01-14T21:59:25.1194940Z [command]/usr/bin/git checkout --progress --force -B main refs/remotes/origin/main
Lint	Checkout code	2026-01-14T21:59:25.1440298Z Switched to a new branch 'main'
Lint	Checkout code	2026-01-14T21:59:25.1442715Z branch 'main' set up to track 'origin/main'.
Lint	Checkout code	2026-01-14T21:59:25.1449633Z ##[endgroup]
Lint	Checkout code	2026-01-14T21:59:25.1482399Z [command]/usr/bin/git log -1 --format=%H
Lint	Checkout code	2026-01-14T21:59:25.1504186Z 7979dfb14d6f48229a643abb513555305d4c043f
Lint	Setup Node.js	﻿2026-01-14T21:59:25.1823272Z ##[group]Run actions/setup-node@v4
Lint	Setup Node.js	2026-01-14T21:59:25.1824594Z with:
Lint	Setup Node.js	2026-01-14T21:59:25.1825375Z   node-version: 20
Lint	Setup Node.js	2026-01-14T21:59:25.1826250Z   cache: npm
Lint	Setup Node.js	2026-01-14T21:59:25.1827162Z   always-auth: false
Lint	Setup Node.js	2026-01-14T21:59:25.1828162Z   check-latest: false
Lint	Setup Node.js	2026-01-14T21:59:25.1829357Z   token: ***
Lint	Setup Node.js	2026-01-14T21:59:25.1830190Z ##[endgroup]
Lint	Setup Node.js	2026-01-14T21:59:25.3578557Z Found in cache @ /opt/hostedtoolcache/node/20.19.6/x64
Lint	Setup Node.js	2026-01-14T21:59:25.3584327Z ##[group]Environment details
Lint	Setup Node.js	2026-01-14T21:59:25.7178085Z node: v20.19.6
Lint	Setup Node.js	2026-01-14T21:59:25.7178768Z npm: 10.8.2
Lint	Setup Node.js	2026-01-14T21:59:25.7178991Z yarn: 1.22.22
Lint	Setup Node.js	2026-01-14T21:59:25.7180204Z ##[endgroup]
Lint	Setup Node.js	2026-01-14T21:59:25.7198821Z [command]/opt/hostedtoolcache/node/20.19.6/x64/bin/npm config get cache
Lint	Setup Node.js	2026-01-14T21:59:25.8397447Z /home/runner/.npm
Lint	Setup Node.js	2026-01-14T21:59:26.1719433Z Cache hit for: node-cache-Linux-x64-npm-59b451f7aac64434a1779276d59b95fa5b7b7facaf525e95326a9c788c06a189
Lint	Setup Node.js	2026-01-14T21:59:27.4870816Z Received 0 of 66720047 (0.0%), 0.0 MBs/sec
Lint	Setup Node.js	2026-01-14T21:59:28.1969128Z Received 66720047 of 66720047 (100.0%), 37.2 MBs/sec
Lint	Setup Node.js	2026-01-14T21:59:28.1970827Z Cache Size: ~64 MB (66720047 B)
Lint	Setup Node.js	2026-01-14T21:59:28.2007755Z [command]/usr/bin/tar -xf /home/runner/work/_temp/ee0f9566-916d-4cea-8d13-b5b51a717297/cache.tzst -P -C /home/runner/work/OrgTree/OrgTree --use-compress-program unzstd
Lint	Setup Node.js	2026-01-14T21:59:28.4326649Z Cache restored successfully
Lint	Setup Node.js	2026-01-14T21:59:28.4463159Z Cache restored from key: node-cache-Linux-x64-npm-59b451f7aac64434a1779276d59b95fa5b7b7facaf525e95326a9c788c06a189
Lint	Install frontend dependencies	﻿2026-01-14T21:59:28.4626381Z ##[group]Run npm ci
Lint	Install frontend dependencies	2026-01-14T21:59:28.4626720Z [36;1mnpm ci[0m
Lint	Install frontend dependencies	2026-01-14T21:59:28.4678001Z shell: /usr/bin/bash -e {0}
Lint	Install frontend dependencies	2026-01-14T21:59:28.4678279Z ##[endgroup]
Lint	Install frontend dependencies	2026-01-14T21:59:35.0812101Z 
Lint	Install frontend dependencies	2026-01-14T21:59:35.0820015Z > org-directory-tree@1.0.0 prepare
Lint	Install frontend dependencies	2026-01-14T21:59:35.0820895Z > node -e "process.exit(process.env.CI ? 0 : 1)" || husky
Lint	Install frontend dependencies	2026-01-14T21:59:35.0821344Z 
Lint	Install frontend dependencies	2026-01-14T21:59:35.1238709Z 
Lint	Install frontend dependencies	2026-01-14T21:59:35.1239380Z added 605 packages, and audited 607 packages in 7s
Lint	Install frontend dependencies	2026-01-14T21:59:35.1239850Z 
Lint	Install frontend dependencies	2026-01-14T21:59:35.1240105Z 182 packages are looking for funding
Lint	Install frontend dependencies	2026-01-14T21:59:35.1240585Z   run `npm fund` for details
Lint	Install frontend dependencies	2026-01-14T21:59:35.1252810Z 
Lint	Install frontend dependencies	2026-01-14T21:59:35.1253056Z found 0 vulnerabilities
Lint	Install backend dependencies	﻿2026-01-14T21:59:35.1759488Z ##[group]Run cd server && npm ci
Lint	Install backend dependencies	2026-01-14T21:59:35.1759799Z [36;1mcd server && npm ci[0m
Lint	Install backend dependencies	2026-01-14T21:59:35.1793406Z shell: /usr/bin/bash -e {0}
Lint	Install backend dependencies	2026-01-14T21:59:35.1793670Z ##[endgroup]
Lint	Install backend dependencies	2026-01-14T21:59:35.6678933Z npm warn EBADENGINE Unsupported engine {
Lint	Install backend dependencies	2026-01-14T21:59:35.6686084Z npm warn EBADENGINE   package: '@peculiar/x509@1.14.2',
Lint	Install backend dependencies	2026-01-14T21:59:35.6686955Z npm warn EBADENGINE   required: { node: '>=22.0.0' },
Lint	Install backend dependencies	2026-01-14T21:59:35.6687854Z npm warn EBADENGINE   current: { node: 'v20.19.6', npm: '10.8.2' }
Lint	Install backend dependencies	2026-01-14T21:59:35.6688555Z npm warn EBADENGINE }
Lint	Install backend dependencies	2026-01-14T21:59:39.8005292Z 
Lint	Install backend dependencies	2026-01-14T21:59:39.8006219Z added 467 packages, and audited 468 packages in 5s
Lint	Install backend dependencies	2026-01-14T21:59:39.8006682Z 
Lint	Install backend dependencies	2026-01-14T21:59:39.8007345Z 87 packages are looking for funding
Lint	Install backend dependencies	2026-01-14T21:59:39.8007890Z   run `npm fund` for details
Lint	Install backend dependencies	2026-01-14T21:59:39.8018282Z 
Lint	Install backend dependencies	2026-01-14T21:59:39.8018705Z found 0 vulnerabilities
Lint	Lint frontend	﻿2026-01-14T21:59:39.8323446Z ##[group]Run npm run lint
Lint	Lint frontend	2026-01-14T21:59:39.8324047Z [36;1mnpm run lint[0m
Lint	Lint frontend	2026-01-14T21:59:39.8356772Z shell: /usr/bin/bash -e {0}
Lint	Lint frontend	2026-01-14T21:59:39.8357007Z ##[endgroup]
Lint	Lint frontend	2026-01-14T21:59:39.9438359Z 
Lint	Lint frontend	2026-01-14T21:59:39.9439016Z > org-directory-tree@1.0.0 lint
Lint	Lint frontend	2026-01-14T21:59:39.9439606Z > eslint src/
Lint	Lint frontend	2026-01-14T21:59:39.9439778Z 
Lint	Lint backend	﻿2026-01-14T21:59:45.5271959Z ##[group]Run cd server && npm run lint
Lint	Lint backend	2026-01-14T21:59:45.5272304Z [36;1mcd server && npm run lint[0m
Lint	Lint backend	2026-01-14T21:59:45.5305359Z shell: /usr/bin/bash -e {0}
Lint	Lint backend	2026-01-14T21:59:45.5305616Z ##[endgroup]
Lint	Lint backend	2026-01-14T21:59:45.6358933Z 
Lint	Lint backend	2026-01-14T21:59:45.6359386Z > orgtree-server@1.0.0 lint
Lint	Lint backend	2026-01-14T21:59:45.6359949Z > eslint src/ scripts/
Lint	Lint backend	2026-01-14T21:59:45.6360224Z 
Lint	Check formatting	﻿2026-01-14T21:59:49.5334017Z ##[group]Run npm run format:check
Lint	Check formatting	2026-01-14T21:59:49.5334372Z [36;1mnpm run format:check[0m
Lint	Check formatting	2026-01-14T21:59:49.5334639Z [36;1mcd server && npm run format:check[0m
Lint	Check formatting	2026-01-14T21:59:49.5367735Z shell: /usr/bin/bash -e {0}
Lint	Check formatting	2026-01-14T21:59:49.5367993Z ##[endgroup]
Lint	Check formatting	2026-01-14T21:59:49.6505060Z 
Lint	Check formatting	2026-01-14T21:59:49.6505691Z > org-directory-tree@1.0.0 format:check
Lint	Check formatting	2026-01-14T21:59:49.6506359Z > prettier --check "src/**/*.{ts,tsx,json,css}"
Lint	Check formatting	2026-01-14T21:59:49.6506692Z 
Lint	Check formatting	2026-01-14T21:59:49.7328986Z Checking formatting...
Lint	Check formatting	2026-01-14T21:59:51.7784875Z All matched files use Prettier code style!
Lint	Check formatting	2026-01-14T21:59:51.9022535Z 
Lint	Check formatting	2026-01-14T21:59:51.9023574Z > orgtree-server@1.0.0 format:check
Lint	Check formatting	2026-01-14T21:59:51.9026558Z > prettier --check "src/**/*.ts" "scripts/**/*.ts"
Lint	Check formatting	2026-01-14T21:59:51.9027015Z 
Lint	Check formatting	2026-01-14T21:59:51.9814799Z Checking formatting...
Lint	Check formatting	2026-01-14T21:59:52.1599035Z [[33mwarn[39m] src/db.ts
Lint	Check formatting	2026-01-14T21:59:53.7651442Z [[33mwarn[39m] Code style issues found in the above file. Run Prettier with --write to fix.
Lint	Check formatting	2026-01-14T21:59:53.7870117Z ##[error]Process completed with exit code 1.
Lint	Post Checkout code	﻿2026-01-14T21:59:53.7977273Z Post job cleanup.
Lint	Post Checkout code	2026-01-14T21:59:53.8912830Z [command]/usr/bin/git version
Lint	Post Checkout code	2026-01-14T21:59:53.8947781Z git version 2.52.0
Lint	Post Checkout code	2026-01-14T21:59:53.8991053Z Temporarily overriding HOME='/home/runner/work/_temp/a73fc37a-57de-496b-861a-df104490fad0' before making global git config changes
Lint	Post Checkout code	2026-01-14T21:59:53.8992605Z Adding repository directory to the temporary git global config as a safe directory
Lint	Post Checkout code	2026-01-14T21:59:53.8997624Z [command]/usr/bin/git config --global --add safe.directory /home/runner/work/OrgTree/OrgTree
Lint	Post Checkout code	2026-01-14T21:59:53.9032715Z [command]/usr/bin/git config --local --name-only --get-regexp core\.sshCommand
Lint	Post Checkout code	2026-01-14T21:59:53.9065149Z [command]/usr/bin/git submodule foreach --recursive sh -c "git config --local --name-only --get-regexp 'core\.sshCommand' && git config --local --unset-all 'core.sshCommand' || :"
Lint	Post Checkout code	2026-01-14T21:59:53.9307647Z [command]/usr/bin/git config --local --name-only --get-regexp http\.https\:\/\/github\.com\/\.extraheader
Lint	Post Checkout code	2026-01-14T21:59:53.9329255Z http.https://github.com/.extraheader
Lint	Post Checkout code	2026-01-14T21:59:53.9346677Z [command]/usr/bin/git config --local --unset-all http.https://github.com/.extraheader
Lint	Post Checkout code	2026-01-14T21:59:53.9381507Z [command]/usr/bin/git submodule foreach --recursive sh -c "git config --local --name-only --get-regexp 'http\.https\:\/\/github\.com\/\.extraheader' && git config --local --unset-all 'http.https://github.com/.extraheader' || :"
Lint	Post Checkout code	2026-01-14T21:59:53.9618482Z [command]/usr/bin/git config --local --name-only --get-regexp ^includeIf\.gitdir:
Lint	Post Checkout code	2026-01-14T21:59:53.9650442Z [command]/usr/bin/git submodule foreach --recursive git config --local --show-origin --name-only --get-regexp remote.origin.url
Lint	Complete job	﻿2026-01-14T21:59:54.0009101Z Cleaning up orphan processes
Test Frontend	Set up job	﻿2026-01-14T21:59:22.7096906Z Current runner version: '2.330.0'
Test Frontend	Set up job	2026-01-14T21:59:22.7121956Z ##[group]Runner Image Provisioner
Test Frontend	Set up job	2026-01-14T21:59:22.7122812Z Hosted Compute Agent
Test Frontend	Set up job	2026-01-14T21:59:22.7123335Z Version: 20251211.462
Test Frontend	Set up job	2026-01-14T21:59:22.7123987Z Commit: 6cbad8c2bb55d58165063d031ccabf57e2d2db61
Test Frontend	Set up job	2026-01-14T21:59:22.7124719Z Build Date: 2025-12-11T16:28:49Z
Test Frontend	Set up job	2026-01-14T21:59:22.7125390Z Worker ID: {b1702a65-b324-4fd5-9a44-a2db49ac3961}
Test Frontend	Set up job	2026-01-14T21:59:22.7126094Z ##[endgroup]
Test Frontend	Set up job	2026-01-14T21:59:22.7126599Z ##[group]Operating System
Test Frontend	Set up job	2026-01-14T21:59:22.7127163Z Ubuntu
Test Frontend	Set up job	2026-01-14T21:59:22.7127590Z 24.04.3
Test Frontend	Set up job	2026-01-14T21:59:22.7128142Z LTS
Test Frontend	Set up job	2026-01-14T21:59:22.7128555Z ##[endgroup]
Test Frontend	Set up job	2026-01-14T21:59:22.7129024Z ##[group]Runner Image
Test Frontend	Set up job	2026-01-14T21:59:22.7129637Z Image: ubuntu-24.04
Test Frontend	Set up job	2026-01-14T21:59:22.7130470Z Version: 20260105.202.1
Test Frontend	Set up job	2026-01-14T21:59:22.7131507Z Included Software: https://github.com/actions/runner-images/blob/ubuntu24/20260105.202/images/ubuntu/Ubuntu2404-Readme.md
Test Frontend	Set up job	2026-01-14T21:59:22.7133004Z Image Release: https://github.com/actions/runner-images/releases/tag/ubuntu24%2F20260105.202
Test Frontend	Set up job	2026-01-14T21:59:22.7134135Z ##[endgroup]
Test Frontend	Set up job	2026-01-14T21:59:22.7135270Z ##[group]GITHUB_TOKEN Permissions
Test Frontend	Set up job	2026-01-14T21:59:22.7137091Z Contents: read
Test Frontend	Set up job	2026-01-14T21:59:22.7137771Z Metadata: read
Test Frontend	Set up job	2026-01-14T21:59:22.7138243Z Packages: read
Test Frontend	Set up job	2026-01-14T21:59:22.7138736Z ##[endgroup]
Test Frontend	Set up job	2026-01-14T21:59:22.7141265Z Secret source: Actions
Test Frontend	Set up job	2026-01-14T21:59:22.7142259Z Prepare workflow directory
Test Frontend	Set up job	2026-01-14T21:59:22.7473526Z Prepare all required actions
Test Frontend	Set up job	2026-01-14T21:59:22.7512223Z Getting action download info
Test Frontend	Set up job	2026-01-14T21:59:23.1487615Z Download action repository 'actions/checkout@v4' (SHA:34e114876b0b11c390a56381ad16ebd13914f8d5)
Test Frontend	Set up job	2026-01-14T21:59:23.2527904Z Download action repository 'actions/setup-node@v4' (SHA:49933ea5288caeca8642d1e84afbd3f7d6820020)
Test Frontend	Set up job	2026-01-14T21:59:23.3459117Z Download action repository 'codecov/codecov-action@v4' (SHA:b9fd7d16f6d7d1b5d2bec1a2887e65ceed900238)
Test Frontend	Set up job	2026-01-14T21:59:23.8723473Z Complete job name: Test Frontend
Test Frontend	Checkout code	﻿2026-01-14T21:59:23.9450374Z ##[group]Run actions/checkout@v4
Test Frontend	Checkout code	2026-01-14T21:59:23.9451338Z with:
Test Frontend	Checkout code	2026-01-14T21:59:23.9451786Z   repository: Ic3burG/OrgTree
Test Frontend	Checkout code	2026-01-14T21:59:23.9452484Z   token: ***
Test Frontend	Checkout code	2026-01-14T21:59:23.9452905Z   ssh-strict: true
Test Frontend	Checkout code	2026-01-14T21:59:23.9453330Z   ssh-user: git
Test Frontend	Checkout code	2026-01-14T21:59:23.9453757Z   persist-credentials: true
Test Frontend	Checkout code	2026-01-14T21:59:23.9454228Z   clean: true
Test Frontend	Checkout code	2026-01-14T21:59:23.9454654Z   sparse-checkout-cone-mode: true
Test Frontend	Checkout code	2026-01-14T21:59:23.9455200Z   fetch-depth: 1
Test Frontend	Checkout code	2026-01-14T21:59:23.9455614Z   fetch-tags: false
Test Frontend	Checkout code	2026-01-14T21:59:23.9456064Z   show-progress: true
Test Frontend	Checkout code	2026-01-14T21:59:23.9456506Z   lfs: false
Test Frontend	Checkout code	2026-01-14T21:59:23.9456898Z   submodules: false
Test Frontend	Checkout code	2026-01-14T21:59:23.9457349Z   set-safe-directory: true
Test Frontend	Checkout code	2026-01-14T21:59:23.9458074Z ##[endgroup]
Test Frontend	Checkout code	2026-01-14T21:59:24.0546984Z Syncing repository: Ic3burG/OrgTree
Test Frontend	Checkout code	2026-01-14T21:59:24.0549324Z ##[group]Getting Git version info
Test Frontend	Checkout code	2026-01-14T21:59:24.0550827Z Working directory is '/home/runner/work/OrgTree/OrgTree'
Test Frontend	Checkout code	2026-01-14T21:59:24.0551951Z [command]/usr/bin/git version
Test Frontend	Checkout code	2026-01-14T21:59:24.0621876Z git version 2.52.0
Test Frontend	Checkout code	2026-01-14T21:59:24.0648834Z ##[endgroup]
Test Frontend	Checkout code	2026-01-14T21:59:24.0664461Z Temporarily overriding HOME='/home/runner/work/_temp/b57adcb5-e6a2-4ada-ab6c-d71d15732348' before making global git config changes
Test Frontend	Checkout code	2026-01-14T21:59:24.0666341Z Adding repository directory to the temporary git global config as a safe directory
Test Frontend	Checkout code	2026-01-14T21:59:24.0678443Z [command]/usr/bin/git config --global --add safe.directory /home/runner/work/OrgTree/OrgTree
Test Frontend	Checkout code	2026-01-14T21:59:24.0720911Z Deleting the contents of '/home/runner/work/OrgTree/OrgTree'
Test Frontend	Checkout code	2026-01-14T21:59:24.0725052Z ##[group]Initializing the repository
Test Frontend	Checkout code	2026-01-14T21:59:24.0729933Z [command]/usr/bin/git init /home/runner/work/OrgTree/OrgTree
Test Frontend	Checkout code	2026-01-14T21:59:24.0828891Z hint: Using 'master' as the name for the initial branch. This default branch name
Test Frontend	Checkout code	2026-01-14T21:59:24.0830729Z hint: will change to "main" in Git 3.0. To configure the initial branch name
Test Frontend	Checkout code	2026-01-14T21:59:24.0832375Z hint: to use in all of your new repositories, which will suppress this warning,
Test Frontend	Checkout code	2026-01-14T21:59:24.0834242Z hint: call:
Test Frontend	Checkout code	2026-01-14T21:59:24.0835017Z hint:
Test Frontend	Checkout code	2026-01-14T21:59:24.0836026Z hint: 	git config --global init.defaultBranch <name>
Test Frontend	Checkout code	2026-01-14T21:59:24.0837213Z hint:
Test Frontend	Checkout code	2026-01-14T21:59:24.0838318Z hint: Names commonly chosen instead of 'master' are 'main', 'trunk' and
Test Frontend	Checkout code	2026-01-14T21:59:24.0840392Z hint: 'development'. The just-created branch can be renamed via this command:
Test Frontend	Checkout code	2026-01-14T21:59:24.0841828Z hint:
Test Frontend	Checkout code	2026-01-14T21:59:24.0842610Z hint: 	git branch -m <name>
Test Frontend	Checkout code	2026-01-14T21:59:24.0843453Z hint:
Test Frontend	Checkout code	2026-01-14T21:59:24.0844674Z hint: Disable this message with "git config set advice.defaultBranchName false"
Test Frontend	Checkout code	2026-01-14T21:59:24.0846753Z Initialized empty Git repository in /home/runner/work/OrgTree/OrgTree/.git/
Test Frontend	Checkout code	2026-01-14T21:59:24.0849867Z [command]/usr/bin/git remote add origin https://github.com/Ic3burG/OrgTree
Test Frontend	Checkout code	2026-01-14T21:59:24.0884192Z ##[endgroup]
Test Frontend	Checkout code	2026-01-14T21:59:24.0885577Z ##[group]Disabling automatic garbage collection
Test Frontend	Checkout code	2026-01-14T21:59:24.0889278Z [command]/usr/bin/git config --local gc.auto 0
Test Frontend	Checkout code	2026-01-14T21:59:24.0921029Z ##[endgroup]
Test Frontend	Checkout code	2026-01-14T21:59:24.0922419Z ##[group]Setting up auth
Test Frontend	Checkout code	2026-01-14T21:59:24.0928974Z [command]/usr/bin/git config --local --name-only --get-regexp core\.sshCommand
Test Frontend	Checkout code	2026-01-14T21:59:24.0962385Z [command]/usr/bin/git submodule foreach --recursive sh -c "git config --local --name-only --get-regexp 'core\.sshCommand' && git config --local --unset-all 'core.sshCommand' || :"
Test Frontend	Checkout code	2026-01-14T21:59:24.1308035Z [command]/usr/bin/git config --local --name-only --get-regexp http\.https\:\/\/github\.com\/\.extraheader
Test Frontend	Checkout code	2026-01-14T21:59:24.1342352Z [command]/usr/bin/git submodule foreach --recursive sh -c "git config --local --name-only --get-regexp 'http\.https\:\/\/github\.com\/\.extraheader' && git config --local --unset-all 'http.https://github.com/.extraheader' || :"
Test Frontend	Checkout code	2026-01-14T21:59:24.1572105Z [command]/usr/bin/git config --local --name-only --get-regexp ^includeIf\.gitdir:
Test Frontend	Checkout code	2026-01-14T21:59:24.1604893Z [command]/usr/bin/git submodule foreach --recursive git config --local --show-origin --name-only --get-regexp remote.origin.url
Test Frontend	Checkout code	2026-01-14T21:59:24.1845416Z [command]/usr/bin/git config --local http.https://github.com/.extraheader AUTHORIZATION: basic ***
Test Frontend	Checkout code	2026-01-14T21:59:24.1883017Z ##[endgroup]
Test Frontend	Checkout code	2026-01-14T21:59:24.1884035Z ##[group]Fetching the repository
Test Frontend	Checkout code	2026-01-14T21:59:24.1891934Z [command]/usr/bin/git -c protocol.version=2 fetch --no-tags --prune --no-recurse-submodules --depth=1 origin +7979dfb14d6f48229a643abb513555305d4c043f:refs/remotes/origin/main
Test Frontend	Checkout code	2026-01-14T21:59:24.6822899Z From https://github.com/Ic3burG/OrgTree
Test Frontend	Checkout code	2026-01-14T21:59:24.6825601Z  * [new ref]         7979dfb14d6f48229a643abb513555305d4c043f -> origin/main
Test Frontend	Checkout code	2026-01-14T21:59:24.6861239Z ##[endgroup]
Test Frontend	Checkout code	2026-01-14T21:59:24.6863117Z ##[group]Determining the checkout info
Test Frontend	Checkout code	2026-01-14T21:59:24.6865218Z ##[endgroup]
Test Frontend	Checkout code	2026-01-14T21:59:24.6868205Z [command]/usr/bin/git sparse-checkout disable
Test Frontend	Checkout code	2026-01-14T21:59:24.6917741Z [command]/usr/bin/git config --local --unset-all extensions.worktreeConfig
Test Frontend	Checkout code	2026-01-14T21:59:24.6946250Z ##[group]Checking out the ref
Test Frontend	Checkout code	2026-01-14T21:59:24.6950533Z [command]/usr/bin/git checkout --progress --force -B main refs/remotes/origin/main
Test Frontend	Checkout code	2026-01-14T21:59:24.7200827Z Switched to a new branch 'main'
Test Frontend	Checkout code	2026-01-14T21:59:24.7202918Z branch 'main' set up to track 'origin/main'.
Test Frontend	Checkout code	2026-01-14T21:59:24.7211136Z ##[endgroup]
Test Frontend	Checkout code	2026-01-14T21:59:24.7253259Z [command]/usr/bin/git log -1 --format=%H
Test Frontend	Checkout code	2026-01-14T21:59:24.7279130Z 7979dfb14d6f48229a643abb513555305d4c043f
Test Frontend	Setup Node.js	﻿2026-01-14T21:59:24.7649679Z ##[group]Run actions/setup-node@v4
Test Frontend	Setup Node.js	2026-01-14T21:59:24.7651225Z with:
Test Frontend	Setup Node.js	2026-01-14T21:59:24.7652033Z   node-version: 20
Test Frontend	Setup Node.js	2026-01-14T21:59:24.7652912Z   cache: npm
Test Frontend	Setup Node.js	2026-01-14T21:59:24.7653763Z   always-auth: false
Test Frontend	Setup Node.js	2026-01-14T21:59:24.7654691Z   check-latest: false
Test Frontend	Setup Node.js	2026-01-14T21:59:24.7655926Z   token: ***
Test Frontend	Setup Node.js	2026-01-14T21:59:24.7656766Z ##[endgroup]
Test Frontend	Setup Node.js	2026-01-14T21:59:24.9520268Z Found in cache @ /opt/hostedtoolcache/node/20.19.6/x64
Test Frontend	Setup Node.js	2026-01-14T21:59:24.9528819Z ##[group]Environment details
Test Frontend	Setup Node.js	2026-01-14T21:59:25.2742555Z node: v20.19.6
Test Frontend	Setup Node.js	2026-01-14T21:59:25.2743563Z npm: 10.8.2
Test Frontend	Setup Node.js	2026-01-14T21:59:25.2744313Z yarn: 1.22.22
Test Frontend	Setup Node.js	2026-01-14T21:59:25.2745762Z ##[endgroup]
Test Frontend	Setup Node.js	2026-01-14T21:59:25.2766505Z [command]/opt/hostedtoolcache/node/20.19.6/x64/bin/npm config get cache
Test Frontend	Setup Node.js	2026-01-14T21:59:25.4013864Z /home/runner/.npm
Test Frontend	Setup Node.js	2026-01-14T21:59:25.5718519Z Cache hit for: node-cache-Linux-x64-npm-59b451f7aac64434a1779276d59b95fa5b7b7facaf525e95326a9c788c06a189
Test Frontend	Setup Node.js	2026-01-14T21:59:26.5313990Z Received 66720047 of 66720047 (100.0%), 80.5 MBs/sec
Test Frontend	Setup Node.js	2026-01-14T21:59:26.5314937Z Cache Size: ~64 MB (66720047 B)
Test Frontend	Setup Node.js	2026-01-14T21:59:26.5340636Z [command]/usr/bin/tar -xf /home/runner/work/_temp/ef1de49f-1c4d-4555-b836-82373e426059/cache.tzst -P -C /home/runner/work/OrgTree/OrgTree --use-compress-program unzstd
Test Frontend	Setup Node.js	2026-01-14T21:59:26.7468305Z Cache restored successfully
Test Frontend	Setup Node.js	2026-01-14T21:59:26.7601416Z Cache restored from key: node-cache-Linux-x64-npm-59b451f7aac64434a1779276d59b95fa5b7b7facaf525e95326a9c788c06a189
Test Frontend	Install dependencies	﻿2026-01-14T21:59:26.7785866Z ##[group]Run npm ci
Test Frontend	Install dependencies	2026-01-14T21:59:26.7786197Z [36;1mnpm ci[0m
Test Frontend	Install dependencies	2026-01-14T21:59:26.7830786Z shell: /usr/bin/bash -e {0}
Test Frontend	Install dependencies	2026-01-14T21:59:26.7831086Z ##[endgroup]
Test Frontend	Install dependencies	2026-01-14T21:59:33.7458709Z 
Test Frontend	Install dependencies	2026-01-14T21:59:33.7466079Z > org-directory-tree@1.0.0 prepare
Test Frontend	Install dependencies	2026-01-14T21:59:33.7466714Z > node -e "process.exit(process.env.CI ? 0 : 1)" || husky
Test Frontend	Install dependencies	2026-01-14T21:59:33.7467009Z 
Test Frontend	Install dependencies	2026-01-14T21:59:33.7939937Z 
Test Frontend	Install dependencies	2026-01-14T21:59:33.7941451Z added 605 packages, and audited 607 packages in 7s
Test Frontend	Install dependencies	2026-01-14T21:59:33.7948819Z 
Test Frontend	Install dependencies	2026-01-14T21:59:33.7949186Z 182 packages are looking for funding
Test Frontend	Install dependencies	2026-01-14T21:59:33.7949770Z   run `npm fund` for details
Test Frontend	Install dependencies	2026-01-14T21:59:33.7954574Z 
Test Frontend	Install dependencies	2026-01-14T21:59:33.7955156Z found 0 vulnerabilities
Test Frontend	Run frontend tests	﻿2026-01-14T21:59:33.8461611Z ##[group]Run npm test
Test Frontend	Run frontend tests	2026-01-14T21:59:33.8462069Z [36;1mnpm test[0m
Test Frontend	Run frontend tests	2026-01-14T21:59:33.8507861Z shell: /usr/bin/bash -e {0}
Test Frontend	Run frontend tests	2026-01-14T21:59:33.8508294Z ##[endgroup]
Test Frontend	Run frontend tests	2026-01-14T21:59:33.9788474Z 
Test Frontend	Run frontend tests	2026-01-14T21:59:33.9789199Z > org-directory-tree@1.0.0 test
Test Frontend	Run frontend tests	2026-01-14T21:59:33.9789619Z > vitest run
Test Frontend	Run frontend tests	2026-01-14T21:59:33.9789757Z 
Test Frontend	Run frontend tests	2026-01-14T21:59:34.3061480Z 
Test Frontend	Run frontend tests	2026-01-14T21:59:34.3065358Z [1m[46m RUN [49m[22m [36mv4.0.16 [39m[90m/home/runner/work/OrgTree/OrgTree[39m
Test Frontend	Run frontend tests	2026-01-14T21:59:34.3066085Z 
Test Frontend	Run frontend tests	2026-01-14T21:59:35.3507923Z  [32m✓[39m src/utils/xmlImport.test.ts [2m([22m[2m3 tests[22m[2m)[22m[32m 33[2mms[22m[39m
Test Frontend	Run frontend tests	2026-01-14T21:59:35.4032447Z  [32m✓[39m src/utils/audit.test.ts [2m([22m[2m25 tests[22m[2m)[22m[32m 42[2mms[22m[39m
Test Frontend	Run frontend tests	2026-01-14T21:59:35.4116099Z  [32m✓[39m src/hooks/useBulkSelection.test.ts [2m([22m[2m16 tests[22m[2m)[22m[32m 53[2mms[22m[39m
Test Frontend	Run frontend tests	2026-01-14T21:59:36.2402297Z  [32m✓[39m src/utils/csvExport.test.ts [2m([22m[2m4 tests[22m[2m)[22m[32m 11[2mms[22m[39m
Test Frontend	Run frontend tests	2026-01-14T21:59:36.2499716Z  [32m✓[39m src/utils/colors.test.ts [2m([22m[2m16 tests[22m[2m)[22m[32m 15[2mms[22m[39m
Test Frontend	Run frontend tests	2026-01-14T21:59:36.5255009Z  [32m✓[39m src/hooks/useRealtimeUpdates.test.ts [2m([22m[2m5 tests[22m[2m)[22m[32m 39[2mms[22m[39m
Test Frontend	Run frontend tests	2026-01-14T21:59:37.1171426Z  [32m✓[39m src/hooks/useSearch.test.ts [2m([22m[2m7 tests[22m[2m)[22m[32m 72[2mms[22m[39m
Test Frontend	Run frontend tests	2026-01-14T21:59:37.1442970Z [90mstderr[2m | src/hooks/usePasskey.test.ts[2m > [22m[2musePasskey[2m > [22m[2mregisterPasskey[2m > [22m[2mhandles start registration failure
Test Frontend	Run frontend tests	2026-01-14T21:59:37.1466350Z [22m[39mPasskey registration error: Error: Failed to start passkey registration
Test Frontend	Run frontend tests	2026-01-14T21:59:37.1469175Z     at Object.registerPasskey [90m(/home/runner/work/OrgTree/OrgTree/[39msrc/hooks/usePasskey.ts:39:15[90m)[39m
Test Frontend	Run frontend tests	2026-01-14T21:59:37.1474459Z     at [90m/home/runner/work/OrgTree/OrgTree/[39msrc/hooks/usePasskey.test.ts:61:9
Test Frontend	Run frontend tests	2026-01-14T21:59:37.1479066Z 
Test Frontend	Run frontend tests	2026-01-14T21:59:37.1617707Z  [32m✓[39m src/hooks/usePasskey.test.ts [2m([22m[2m4 tests[22m[2m)[22m[32m 49[2mms[22m[39m
Test Frontend	Run frontend tests	2026-01-14T21:59:37.4246430Z  [32m✓[39m src/utils/layoutEngine.test.ts [2m([22m[2m7 tests[22m[2m)[22m[32m 34[2mms[22m[39m
Test Frontend	Run frontend tests	2026-01-14T21:59:37.9505092Z [90mstderr[2m | src/utils/exportUtils.test.ts[2m > [22m[2mexportUtils[2m > [22m[2mexportToPng[2m > [22m[2mhandles errors during PNG export
Test Frontend	Run frontend tests	2026-01-14T21:59:37.9511732Z [22m[39mExport to PNG failed: Error: Failed
Test Frontend	Run frontend tests	2026-01-14T21:59:37.9512848Z     at [90m/home/runner/work/OrgTree/OrgTree/[39msrc/utils/exportUtils.test.ts:74:54
Test Frontend	Run frontend tests	2026-01-14T21:59:37.9514420Z     at [90mfile:///home/runner/work/OrgTree/OrgTree/[39mnode_modules/[4m@vitest/runner[24m/dist/index.js:145:11
Test Frontend	Run frontend tests	2026-01-14T21:59:37.9516229Z     at [90mfile:///home/runner/work/OrgTree/OrgTree/[39mnode_modules/[4m@vitest/runner[24m/dist/index.js:915:26
Test Frontend	Run frontend tests	2026-01-14T21:59:37.9517979Z     at [90mfile:///home/runner/work/OrgTree/OrgTree/[39mnode_modules/[4m@vitest/runner[24m/dist/index.js:1243:20
Test Frontend	Run frontend tests	2026-01-14T21:59:37.9519141Z     at new Promise (<anonymous>)
Test Frontend	Run frontend tests	2026-01-14T21:59:37.9520876Z     at runWithTimeout [90m(file:///home/runner/work/OrgTree/OrgTree/[39mnode_modules/[4m@vitest/runner[24m/dist/index.js:1209:10[90m)[39m
Test Frontend	Run frontend tests	2026-01-14T21:59:37.9522822Z     at [90mfile:///home/runner/work/OrgTree/OrgTree/[39mnode_modules/[4m@vitest/runner[24m/dist/index.js:1653:37
Test Frontend	Run frontend tests	2026-01-14T21:59:37.9524846Z     at Traces.$ [90m(file:///home/runner/work/OrgTree/OrgTree/[39mnode_modules/[4mvitest[24m/dist/chunks/traces.U4xDYhzZ.js:115:27[90m)[39m
Test Frontend	Run frontend tests	2026-01-14T21:59:37.9526989Z     at trace [90m(file:///home/runner/work/OrgTree/OrgTree/[39mnode_modules/[4mvitest[24m/dist/chunks/test.B8ej_ZHS.js:239:21[90m)[39m
Test Frontend	Run frontend tests	2026-01-14T21:59:37.9529075Z     at runTest [90m(file:///home/runner/work/OrgTree/OrgTree/[39mnode_modules/[4m@vitest/runner[24m/dist/index.js:1653:12[90m)[39m
Test Frontend	Run frontend tests	2026-01-14T21:59:37.9529873Z 
Test Frontend	Run frontend tests	2026-01-14T21:59:37.9530749Z  [32m✓[39m src/utils/csvImport.test.ts [2m([22m[2m10 tests[22m[2m)[22m[32m 8[2mms[22m[39m
Test Frontend	Run frontend tests	2026-01-14T21:59:37.9733752Z [90mstderr[2m | src/utils/exportUtils.test.ts[2m > [22m[2mexportUtils[2m > [22m[2mexportToPdf[2m > [22m[2mhandles errors during PDF export
Test Frontend	Run frontend tests	2026-01-14T21:59:37.9735566Z [22m[39mExport to PDF failed: Error: Failed
Test Frontend	Run frontend tests	2026-01-14T21:59:37.9736775Z     at [90m/home/runner/work/OrgTree/OrgTree/[39msrc/utils/exportUtils.test.ts:95:54
Test Frontend	Run frontend tests	2026-01-14T21:59:37.9738622Z     at [90mfile:///home/runner/work/OrgTree/OrgTree/[39mnode_modules/[4m@vitest/runner[24m/dist/index.js:145:11
Test Frontend	Run frontend tests	2026-01-14T21:59:37.9740582Z     at [90mfile:///home/runner/work/OrgTree/OrgTree/[39mnode_modules/[4m@vitest/runner[24m/dist/index.js:915:26
Test Frontend	Run frontend tests	2026-01-14T21:59:37.9742275Z     at [90mfile:///home/runner/work/OrgTree/OrgTree/[39mnode_modules/[4m@vitest/runner[24m/dist/index.js:1243:20
Test Frontend	Run frontend tests	2026-01-14T21:59:37.9743333Z     at new Promise (<anonymous>)
Test Frontend	Run frontend tests	2026-01-14T21:59:37.9744816Z     at runWithTimeout [90m(file:///home/runner/work/OrgTree/OrgTree/[39mnode_modules/[4m@vitest/runner[24m/dist/index.js:1209:10[90m)[39m
Test Frontend	Run frontend tests	2026-01-14T21:59:37.9746806Z     at [90mfile:///home/runner/work/OrgTree/OrgTree/[39mnode_modules/[4m@vitest/runner[24m/dist/index.js:1653:37
Test Frontend	Run frontend tests	2026-01-14T21:59:37.9748678Z     at Traces.$ [90m(file:///home/runner/work/OrgTree/OrgTree/[39mnode_modules/[4mvitest[24m/dist/chunks/traces.U4xDYhzZ.js:115:27[90m)[39m
Test Frontend	Run frontend tests	2026-01-14T21:59:37.9750944Z     at trace [90m(file:///home/runner/work/OrgTree/OrgTree/[39mnode_modules/[4mvitest[24m/dist/chunks/test.B8ej_ZHS.js:239:21[90m)[39m
Test Frontend	Run frontend tests	2026-01-14T21:59:37.9752968Z     at runTest [90m(file:///home/runner/work/OrgTree/OrgTree/[39mnode_modules/[4m@vitest/runner[24m/dist/index.js:1653:12[90m)[39m
Test Frontend	Run frontend tests	2026-01-14T21:59:37.9753848Z 
Test Frontend	Run frontend tests	2026-01-14T21:59:37.9754706Z  [32m✓[39m src/utils/exportUtils.test.ts [2m([22m[2m4 tests[22m[2m)[22m[32m 41[2mms[22m[39m
Test Frontend	Run frontend tests	2026-01-14T21:59:38.1110778Z  [32m✓[39m src/utils/helpers.test.ts [2m([22m[2m7 tests[22m[2m)[22m[32m 5[2mms[22m[39m
Test Frontend	Run frontend tests	2026-01-14T21:59:38.1141393Z 
Test Frontend	Run frontend tests	2026-01-14T21:59:38.1146028Z [2m Test Files [22m [1m[32m12 passed[39m[22m[90m (12)[39m
Test Frontend	Run frontend tests	2026-01-14T21:59:38.1147120Z [2m      Tests [22m [1m[32m108 passed[39m[22m[90m (108)[39m
Test Frontend	Run frontend tests	2026-01-14T21:59:38.1147935Z [2m   Start at [22m 21:59:34
Test Frontend	Run frontend tests	2026-01-14T21:59:38.1149567Z [2m   Duration [22m 3.80s[2m (transform 632ms, setup 2.38s, import 917ms, tests 403ms, environment 5.04s)[22m
Test Frontend	Run frontend tests	2026-01-14T21:59:38.1150563Z 
Test Frontend	Run frontend tests with coverage	﻿2026-01-14T21:59:38.1753950Z ##[group]Run npm run test:coverage
Test Frontend	Run frontend tests with coverage	2026-01-14T21:59:38.1754297Z [36;1mnpm run test:coverage[0m
Test Frontend	Run frontend tests with coverage	2026-01-14T21:59:38.1786787Z shell: /usr/bin/bash -e {0}
Test Frontend	Run frontend tests with coverage	2026-01-14T21:59:38.1787042Z ##[endgroup]
Test Frontend	Run frontend tests with coverage	2026-01-14T21:59:38.2866996Z 
Test Frontend	Run frontend tests with coverage	2026-01-14T21:59:38.2867742Z > org-directory-tree@1.0.0 test:coverage
Test Frontend	Run frontend tests with coverage	2026-01-14T21:59:38.2868244Z > vitest run --coverage
Test Frontend	Run frontend tests with coverage	2026-01-14T21:59:38.2868434Z 
Test Frontend	Run frontend tests with coverage	2026-01-14T21:59:38.9205932Z 
Test Frontend	Run frontend tests with coverage	2026-01-14T21:59:38.9208184Z [1m[46m RUN [49m[22m [36mv4.0.16 [39m[90m/home/runner/work/OrgTree/OrgTree[39m
Test Frontend	Run frontend tests with coverage	2026-01-14T21:59:38.9209230Z       [2mCoverage enabled with [22m[33mv8[39m
Test Frontend	Run frontend tests with coverage	2026-01-14T21:59:38.9209638Z 
Test Frontend	Run frontend tests with coverage	2026-01-14T21:59:39.9136502Z [90mstderr[2m | src/hooks/usePasskey.test.ts[2m > [22m[2musePasskey[2m > [22m[2mregisterPasskey[2m > [22m[2mhandles start registration failure
Test Frontend	Run frontend tests with coverage	2026-01-14T21:59:39.9138288Z [22m[39mPasskey registration error: Error: Failed to start passkey registration
Test Frontend	Run frontend tests with coverage	2026-01-14T21:59:39.9139761Z     at Object.registerPasskey [90m(/home/runner/work/OrgTree/OrgTree/[39msrc/hooks/usePasskey.ts:39:15[90m)[39m
Test Frontend	Run frontend tests with coverage	2026-01-14T21:59:39.9141557Z     at [90m/home/runner/work/OrgTree/OrgTree/[39msrc/hooks/usePasskey.test.ts:61:9
Test Frontend	Run frontend tests with coverage	2026-01-14T21:59:39.9142172Z 
Test Frontend	Run frontend tests with coverage	2026-01-14T21:59:39.9678424Z  [32m✓[39m src/hooks/useBulkSelection.test.ts [2m([22m[2m16 tests[22m[2m)[22m[32m 58[2mms[22m[39m
Test Frontend	Run frontend tests with coverage	2026-01-14T21:59:39.9771041Z  [32m✓[39m src/hooks/usePasskey.test.ts [2m([22m[2m4 tests[22m[2m)[22m[32m 75[2mms[22m[39m
Test Frontend	Run frontend tests with coverage	2026-01-14T21:59:40.0692510Z  [32m✓[39m src/hooks/useSearch.test.ts [2m([22m[2m7 tests[22m[2m)[22m[32m 53[2mms[22m[39m
Test Frontend	Run frontend tests with coverage	2026-01-14T21:59:40.8379501Z [90mstderr[2m | src/utils/exportUtils.test.ts[2m > [22m[2mexportUtils[2m > [22m[2mexportToPng[2m > [22m[2mhandles errors during PNG export
Test Frontend	Run frontend tests with coverage	2026-01-14T21:59:40.8385139Z [22m[39mExport to PNG failed: Error: Failed
Test Frontend	Run frontend tests with coverage	2026-01-14T21:59:40.8386237Z     at [90m/home/runner/work/OrgTree/OrgTree/[39msrc/utils/exportUtils.test.ts:74:54
Test Frontend	Run frontend tests with coverage	2026-01-14T21:59:40.8387808Z     at [90mfile:///home/runner/work/OrgTree/OrgTree/[39mnode_modules/[4m@vitest/runner[24m/dist/index.js:145:11
Test Frontend	Run frontend tests with coverage	2026-01-14T21:59:40.8389541Z     at [90mfile:///home/runner/work/OrgTree/OrgTree/[39mnode_modules/[4m@vitest/runner[24m/dist/index.js:915:26
Test Frontend	Run frontend tests with coverage	2026-01-14T21:59:40.8391541Z     at [90mfile:///home/runner/work/OrgTree/OrgTree/[39mnode_modules/[4m@vitest/runner[24m/dist/index.js:1243:20
Test Frontend	Run frontend tests with coverage	2026-01-14T21:59:40.8392613Z     at new Promise (<anonymous>)
Test Frontend	Run frontend tests with coverage	2026-01-14T21:59:40.8394081Z     at runWithTimeout [90m(file:///home/runner/work/OrgTree/OrgTree/[39mnode_modules/[4m@vitest/runner[24m/dist/index.js:1209:10[90m)[39m
Test Frontend	Run frontend tests with coverage	2026-01-14T21:59:40.8395945Z     at [90mfile:///home/runner/work/OrgTree/OrgTree/[39mnode_modules/[4m@vitest/runner[24m/dist/index.js:1653:37
Test Frontend	Run frontend tests with coverage	2026-01-14T21:59:40.8397854Z     at Traces.$ [90m(file:///home/runner/work/OrgTree/OrgTree/[39mnode_modules/[4mvitest[24m/dist/chunks/traces.U4xDYhzZ.js:115:27[90m)[39m
Test Frontend	Run frontend tests with coverage	2026-01-14T21:59:40.8400145Z     at trace [90m(file:///home/runner/work/OrgTree/OrgTree/[39mnode_modules/[4mvitest[24m/dist/chunks/test.B8ej_ZHS.js:239:21[90m)[39m
Test Frontend	Run frontend tests with coverage	2026-01-14T21:59:40.8402191Z     at runTest [90m(file:///home/runner/work/OrgTree/OrgTree/[39mnode_modules/[4m@vitest/runner[24m/dist/index.js:1653:12[90m)[39m
Test Frontend	Run frontend tests with coverage	2026-01-14T21:59:40.8403089Z 
Test Frontend	Run frontend tests with coverage	2026-01-14T21:59:40.8602122Z [90mstderr[2m | src/utils/exportUtils.test.ts[2m > [22m[2mexportUtils[2m > [22m[2mexportToPdf[2m > [22m[2mhandles errors during PDF export
Test Frontend	Run frontend tests with coverage	2026-01-14T21:59:40.8603625Z [22m[39mExport to PDF failed: Error: Failed
Test Frontend	Run frontend tests with coverage	2026-01-14T21:59:40.8604570Z     at [90m/home/runner/work/OrgTree/OrgTree/[39msrc/utils/exportUtils.test.ts:95:54
Test Frontend	Run frontend tests with coverage	2026-01-14T21:59:40.8605926Z     at [90mfile:///home/runner/work/OrgTree/OrgTree/[39mnode_modules/[4m@vitest/runner[24m/dist/index.js:145:11
Test Frontend	Run frontend tests with coverage	2026-01-14T21:59:40.8607846Z     at [90mfile:///home/runner/work/OrgTree/OrgTree/[39mnode_modules/[4m@vitest/runner[24m/dist/index.js:915:26
Test Frontend	Run frontend tests with coverage	2026-01-14T21:59:40.8609346Z     at [90mfile:///home/runner/work/OrgTree/OrgTree/[39mnode_modules/[4m@vitest/runner[24m/dist/index.js:1243:20
Test Frontend	Run frontend tests with coverage	2026-01-14T21:59:40.8610748Z     at new Promise (<anonymous>)
Test Frontend	Run frontend tests with coverage	2026-01-14T21:59:40.8612070Z     at runWithTimeout [90m(file:///home/runner/work/OrgTree/OrgTree/[39mnode_modules/[4m@vitest/runner[24m/dist/index.js:1209:10[90m)[39m
Test Frontend	Run frontend tests with coverage	2026-01-14T21:59:40.8613723Z     at [90mfile:///home/runner/work/OrgTree/OrgTree/[39mnode_modules/[4m@vitest/runner[24m/dist/index.js:1653:37
Test Frontend	Run frontend tests with coverage	2026-01-14T21:59:40.8615442Z     at Traces.$ [90m(file:///home/runner/work/OrgTree/OrgTree/[39mnode_modules/[4mvitest[24m/dist/chunks/traces.U4xDYhzZ.js:115:27[90m)[39m
Test Frontend	Run frontend tests with coverage	2026-01-14T21:59:40.8617229Z     at trace [90m(file:///home/runner/work/OrgTree/OrgTree/[39mnode_modules/[4mvitest[24m/dist/chunks/test.B8ej_ZHS.js:239:21[90m)[39m
Test Frontend	Run frontend tests with coverage	2026-01-14T21:59:40.8618993Z     at runTest [90m(file:///home/runner/work/OrgTree/OrgTree/[39mnode_modules/[4m@vitest/runner[24m/dist/index.js:1653:12[90m)[39m
Test Frontend	Run frontend tests with coverage	2026-01-14T21:59:40.8619786Z 
Test Frontend	Run frontend tests with coverage	2026-01-14T21:59:40.8958368Z  [32m✓[39m src/utils/exportUtils.test.ts [2m([22m[2m4 tests[22m[2m)[22m[32m 37[2mms[22m[39m
Test Frontend	Run frontend tests with coverage	2026-01-14T21:59:40.8994781Z  [32m✓[39m src/utils/audit.test.ts [2m([22m[2m25 tests[22m[2m)[22m[32m 43[2mms[22m[39m
Test Frontend	Run frontend tests with coverage	2026-01-14T21:59:41.2491896Z  [32m✓[39m src/hooks/useRealtimeUpdates.test.ts [2m([22m[2m5 tests[22m[2m)[22m[32m 75[2mms[22m[39m
Test Frontend	Run frontend tests with coverage	2026-01-14T21:59:41.9202415Z  [32m✓[39m src/utils/xmlImport.test.ts [2m([22m[2m3 tests[22m[2m)[22m[32m 33[2mms[22m[39m
Test Frontend	Run frontend tests with coverage	2026-01-14T21:59:42.0055398Z  [32m✓[39m src/utils/layoutEngine.test.ts [2m([22m[2m7 tests[22m[2m)[22m[32m 34[2mms[22m[39m
Test Frontend	Run frontend tests with coverage	2026-01-14T21:59:42.1420862Z  [32m✓[39m src/utils/colors.test.ts [2m([22m[2m16 tests[22m[2m)[22m[32m 18[2mms[22m[39m
Test Frontend	Run frontend tests with coverage	2026-01-14T21:59:42.7690769Z  [32m✓[39m src/utils/csvExport.test.ts [2m([22m[2m4 tests[22m[2m)[22m[32m 10[2mms[22m[39m
Test Frontend	Run frontend tests with coverage	2026-01-14T21:59:42.8728279Z  [32m✓[39m src/utils/csvImport.test.ts [2m([22m[2m10 tests[22m[2m)[22m[32m 11[2mms[22m[39m
Test Frontend	Run frontend tests with coverage	2026-01-14T21:59:42.9343451Z  [32m✓[39m src/utils/helpers.test.ts [2m([22m[2m7 tests[22m[2m)[22m[32m 5[2mms[22m[39m
Test Frontend	Run frontend tests with coverage	2026-01-14T21:59:43.7385351Z 
Test Frontend	Run frontend tests with coverage	2026-01-14T21:59:43.7389798Z [2m Test Files [22m [1m[32m12 passed[39m[22m[90m (12)[39m
Test Frontend	Run frontend tests with coverage	2026-01-14T21:59:43.7390959Z [2m      Tests [22m [1m[32m108 passed[39m[22m[90m (108)[39m
Test Frontend	Run frontend tests with coverage	2026-01-14T21:59:43.7392409Z [2m   Start at [22m 21:59:38
Test Frontend	Run frontend tests with coverage	2026-01-14T21:59:43.7394449Z [2m   Duration [22m 4.81s[2m (transform 524ms, setup 2.47s, import 887ms, tests 452ms, environment 4.75s)[22m
Test Frontend	Run frontend tests with coverage	2026-01-14T21:59:43.7394878Z 
Test Frontend	Run frontend tests with coverage	2026-01-14T21:59:43.7421036Z [34m % [39m[2mCoverage report from [22m[33mv8[39m
Test Frontend	Run frontend tests with coverage	2026-01-14T21:59:43.7509720Z -------------------|---------|----------|---------|---------|-------------------
Test Frontend	Run frontend tests with coverage	2026-01-14T21:59:43.7511084Z File               | % Stmts | % Branch | % Funcs | % Lines | Uncovered Line #s 
Test Frontend	Run frontend tests with coverage	2026-01-14T21:59:43.7512106Z -------------------|---------|----------|---------|---------|-------------------
Test Frontend	Run frontend tests with coverage	2026-01-14T21:59:43.7519750Z All files          |   15.74 |    10.85 |   11.08 |   15.57 |                   
Test Frontend	Run frontend tests with coverage	2026-01-14T21:59:43.7520845Z  src               |       0 |        0 |       0 |       0 |                   
Test Frontend	Run frontend tests with coverage	2026-01-14T21:59:43.7521780Z   App.tsx          |       0 |      100 |       0 |       0 | 37-41             
Test Frontend	Run frontend tests with coverage	2026-01-14T21:59:43.7522611Z   sentry.ts        |       0 |        0 |       0 |       0 | 4-43              
Test Frontend	Run frontend tests with coverage	2026-01-14T21:59:43.7523379Z  src/api           |     3.5 |     2.32 |       0 |    3.53 |                   
Test Frontend	Run frontend tests with coverage	2026-01-14T21:59:43.7524694Z   client.ts        |     3.5 |     2.32 |       0 |    3.53 | 37-347,353-724    
Test Frontend	Run frontend tests with coverage	2026-01-14T21:59:43.7525559Z  src/components    |       0 |        0 |       0 |       0 |                   
Test Frontend	Run frontend tests with coverage	2026-01-14T21:59:43.7526412Z   ...nvitation.tsx |       0 |        0 |       0 |       0 | 8-223             
Test Frontend	Run frontend tests with coverage	2026-01-14T21:59:43.7527707Z   ...tmentNode.tsx |       0 |        0 |       0 |       0 | 40-223            
Test Frontend	Run frontend tests with coverage	2026-01-14T21:59:43.7528569Z   ...ntTooltip.tsx |       0 |        0 |       0 |       0 | 24-93             
Test Frontend	Run frontend tests with coverage	2026-01-14T21:59:43.7529695Z   DetailPanel.tsx  |       0 |        0 |       0 |       0 | 20-29             
Test Frontend	Run frontend tests with coverage	2026-01-14T21:59:43.7530711Z   ...rBoundary.tsx |       0 |        0 |       0 |       0 | 16-74             
Test Frontend	Run frontend tests with coverage	2026-01-14T21:59:43.7531532Z   OrgMap.tsx       |       0 |        0 |       0 |       0 | 52-553            
Test Frontend	Run frontend tests with coverage	2026-01-14T21:59:43.7532311Z   ...nSelector.tsx |       0 |        0 |       0 |       0 | 10-379            
Test Frontend	Run frontend tests with coverage	2026-01-14T21:59:43.7533120Z   ...keyPrompt.tsx |       0 |        0 |       0 |       0 | 11-31             
Test Frontend	Run frontend tests with coverage	2026-01-14T21:59:43.7533965Z   ...onRowCard.tsx |       0 |        0 |       0 |       0 | 20-37             
Test Frontend	Run frontend tests with coverage	2026-01-14T21:59:43.7534806Z   PublicOrgMap.tsx |       0 |        0 |       0 |       0 | 25-432            
Test Frontend	Run frontend tests with coverage	2026-01-14T21:59:43.7535671Z   ...chOverlay.tsx |       0 |        0 |       0 |       0 | 42-312            
Test Frontend	Run frontend tests with coverage	2026-01-14T21:59:43.7536494Z   ThemePicker.tsx  |       0 |        0 |       0 |       0 | 16-25             
Test Frontend	Run frontend tests with coverage	2026-01-14T21:59:43.7537319Z   Toolbar.tsx      |       0 |        0 |       0 |       0 | 45-160            
Test Frontend	Run frontend tests with coverage	2026-01-14T21:59:43.7538142Z  ...onents/account |       0 |        0 |       0 |       0 |                   
Test Frontend	Run frontend tests with coverage	2026-01-14T21:59:43.7538971Z   ...untLayout.tsx |       0 |        0 |       0 |       0 | 6-43              
Test Frontend	Run frontend tests with coverage	2026-01-14T21:59:43.7539790Z   ...eSettings.tsx |       0 |        0 |       0 |       0 | 7-92              
Test Frontend	Run frontend tests with coverage	2026-01-14T21:59:43.7540779Z   ...rityCheck.tsx |       0 |        0 |       0 |       0 | 7-51              
Test Frontend	Run frontend tests with coverage	2026-01-14T21:59:43.7541611Z  ...mponents/admin |       0 |        0 |       0 |       0 |                   
Test Frontend	Run frontend tests with coverage	2026-01-14T21:59:43.7542443Z   ...mberModal.tsx |       0 |        0 |       0 |       0 | 20-286            
Test Frontend	Run frontend tests with coverage	2026-01-14T21:59:43.7543292Z   AdminLayout.tsx  |       0 |        0 |       0 |       0 | 23-238            
Test Frontend	Run frontend tests with coverage	2026-01-14T21:59:43.7544076Z   AuditLog.tsx     |       0 |        0 |       0 |       0 | 14-278            
Test Frontend	Run frontend tests with coverage	2026-01-14T21:59:43.7544880Z   ...ActionBar.tsx |       0 |        0 |       0 |       0 | 24-35             
Test Frontend	Run frontend tests with coverage	2026-01-14T21:59:43.7545679Z   ...leteModal.tsx |       0 |        0 |       0 |       0 | 33-132            
Test Frontend	Run frontend tests with coverage	2026-01-14T21:59:43.7546482Z   ...EditModal.tsx |       0 |        0 |       0 |       0 | 38-198            
Test Frontend	Run frontend tests with coverage	2026-01-14T21:59:43.7547306Z   ...MoveModal.tsx |       0 |        0 |       0 |       0 | 30-118            
Test Frontend	Run frontend tests with coverage	2026-01-14T21:59:43.7548110Z   Dashboard.tsx    |       0 |        0 |       0 |       0 | 18-259            
Test Frontend	Run frontend tests with coverage	2026-01-14T21:59:43.7548904Z   ...firmModal.tsx |       0 |        0 |       0 |       0 | 27-36             
Test Frontend	Run frontend tests with coverage	2026-01-14T21:59:43.7549717Z   ...tmentForm.tsx |       0 |        0 |       0 |       0 | 23-130            
Test Frontend	Run frontend tests with coverage	2026-01-14T21:59:43.7550739Z   ...tmentItem.tsx |       0 |        0 |       0 |       0 | 32-125            
Test Frontend	Run frontend tests with coverage	2026-01-14T21:59:43.7551571Z   ...tmentList.tsx |       0 |        0 |       0 |       0 | 48-120            
Test Frontend	Run frontend tests with coverage	2026-01-14T21:59:43.7552388Z   ...ntManager.tsx |       0 |        0 |       0 |       0 | 18-364            
Test Frontend	Run frontend tests with coverage	2026-01-14T21:59:43.7553189Z   ...gerHeader.tsx |       0 |        0 |       0 |       0 | 25-70             
Test Frontend	Run frontend tests with coverage	2026-01-14T21:59:43.7554008Z   ImportModal.tsx  |       0 |        0 |       0 |       0 | 37-376            
Test Frontend	Run frontend tests with coverage	2026-01-14T21:59:43.7554837Z   PersonForm.tsx   |       0 |        0 |       0 |       0 | 39-183            
Test Frontend	Run frontend tests with coverage	2026-01-14T21:59:43.7555654Z   PersonItem.tsx   |       0 |        0 |       0 |       0 | 19-110            
Test Frontend	Run frontend tests with coverage	2026-01-14T21:59:43.7556485Z   PersonList.tsx   |       0 |        0 |       0 |       0 | 46-115            
Test Frontend	Run frontend tests with coverage	2026-01-14T21:59:43.7557309Z   ...onManager.tsx |       0 |        0 |       0 |       0 | 19-387            
Test Frontend	Run frontend tests with coverage	2026-01-14T21:59:43.7558143Z   ...gerHeader.tsx |       0 |        0 |       0 |       0 | 31-105            
Test Frontend	Run frontend tests with coverage	2026-01-14T21:59:43.7559219Z   ShareModal.tsx   |       0 |        0 |       0 |       0 | 32-652            
Test Frontend	Run frontend tests with coverage	2026-01-14T21:59:43.7560233Z  ...omponents/auth |       0 |        0 |       0 |       0 |                   
Test Frontend	Run frontend tests with coverage	2026-01-14T21:59:43.7561342Z   ...swordPage.tsx |       0 |        0 |       0 |       0 | 19-82             
Test Frontend	Run frontend tests with coverage	2026-01-14T21:59:43.7562176Z   LoginPage.tsx    |       0 |        0 |       0 |       0 | 10-200            
Test Frontend	Run frontend tests with coverage	2026-01-14T21:59:43.7563008Z   ...ctedRoute.tsx |       0 |        0 |       0 |       0 | 7-57              
Test Frontend	Run frontend tests with coverage	2026-01-14T21:59:43.7563839Z   ...tingsPage.tsx |       0 |        0 |       0 |       0 | 16-306            
Test Frontend	Run frontend tests with coverage	2026-01-14T21:59:43.7564703Z   SessionsPage.tsx |       0 |        0 |       0 |       0 | 16-180            
Test Frontend	Run frontend tests with coverage	2026-01-14T21:59:43.7565566Z   SignupPage.tsx   |       0 |        0 |       0 |       0 | 8-161             
Test Frontend	Run frontend tests with coverage	2026-01-14T21:59:43.7566402Z   ...ification.tsx |       0 |        0 |       0 |       0 | 15-91             
Test Frontend	Run frontend tests with coverage	2026-01-14T21:59:43.7567251Z  ...components/map |       0 |        0 |       0 |       0 |                   
Test Frontend	Run frontend tests with coverage	2026-01-14T21:59:43.7568113Z   ExportButton.tsx |       0 |        0 |       0 |       0 | 15-68             
Test Frontend	Run frontend tests with coverage	2026-01-14T21:59:43.7568950Z  ...ponents/mobile |       0 |        0 |       0 |       0 |                   
Test Frontend	Run frontend tests with coverage	2026-01-14T21:59:43.7569741Z   MobileNav.tsx    |       0 |        0 |       0 |       0 | 9-50              
Test Frontend	Run frontend tests with coverage	2026-01-14T21:59:43.7570735Z  ...ents/superuser |       0 |        0 |       0 |       0 |                   
Test Frontend	Run frontend tests with coverage	2026-01-14T21:59:43.7571543Z   ...UserModal.tsx |       0 |        0 |       0 |       0 | 28-114            
Test Frontend	Run frontend tests with coverage	2026-01-14T21:59:43.7572360Z   ...wordModal.tsx |       0 |        0 |       0 |       0 | 15-55             
Test Frontend	Run frontend tests with coverage	2026-01-14T21:59:43.7573202Z   ...serLayout.tsx |       0 |        0 |       0 |       0 | 8-125             
Test Frontend	Run frontend tests with coverage	2026-01-14T21:59:43.7574182Z   ...mAuditLog.tsx |       0 |        0 |       0 |       0 | 18-321            
Test Frontend	Run frontend tests with coverage	2026-01-14T21:59:43.7575092Z   UserForm.tsx     |       0 |        0 |       0 |       0 | 32-88             
Test Frontend	Run frontend tests with coverage	2026-01-14T21:59:43.7575961Z   ...anagement.tsx |       0 |        0 |       0 |       0 | 27-423            
Test Frontend	Run frontend tests with coverage	2026-01-14T21:59:43.7576788Z   ...OrgsModal.tsx |       0 |        0 |       0 |       0 | 23-134            
Test Frontend	Run frontend tests with coverage	2026-01-14T21:59:43.7577651Z  src/components/ui |       0 |        0 |       0 |       0 |                   
Test Frontend	Run frontend tests with coverage	2026-01-14T21:59:43.7578498Z   ...ionStatus.tsx |       0 |        0 |       0 |       0 | 11-31             
Test Frontend	Run frontend tests with coverage	2026-01-14T21:59:43.7579341Z   ...odeToggle.tsx |       0 |        0 |       0 |       0 | 14-16             
Test Frontend	Run frontend tests with coverage	2026-01-14T21:59:43.7580370Z   Toast.tsx        |       0 |        0 |       0 |       0 | 41-125            
Test Frontend	Run frontend tests with coverage	2026-01-14T21:59:43.7581174Z  src/contexts      |       0 |        0 |       0 |       0 |                   
Test Frontend	Run frontend tests with coverage	2026-01-14T21:59:43.7581953Z   AuthContext.tsx  |       0 |        0 |       0 |       0 | 27-135            
Test Frontend	Run frontend tests with coverage	2026-01-14T21:59:43.7582738Z   ...etContext.tsx |       0 |        0 |       0 |       0 | 27-155            
Test Frontend	Run frontend tests with coverage	2026-01-14T21:59:43.7583411Z   ThemeContext.tsx |       0 |        0 |       0 |       0 | 8-64              
Test Frontend	Run frontend tests with coverage	2026-01-14T21:59:43.7584104Z  src/hooks         |   65.57 |    45.45 |   71.42 |   68.49 |                   
Test Frontend	Run frontend tests with coverage	2026-01-14T21:59:43.7584826Z   ...kSelection.ts |     100 |      100 |     100 |     100 |                   
Test Frontend	Run frontend tests with coverage	2026-01-14T21:59:43.7585657Z   usePasskey.ts    |   70.17 |    43.75 |      80 |   70.17 | ...39-140,145-160 
Test Frontend	Run frontend tests with coverage	2026-01-14T21:59:43.7586522Z   ...imeUpdates.ts |   44.52 |     33.7 |   54.54 |   47.22 | ...36-275,282-309 
Test Frontend	Run frontend tests with coverage	2026-01-14T21:59:43.7587272Z   useSearch.ts     |   83.09 |       60 |      80 |   82.85 | ...35,174-176,199 
Test Frontend	Run frontend tests with coverage	2026-01-14T21:59:43.7587996Z  src/sdk           |       0 |        0 |       0 |       0 |                   
Test Frontend	Run frontend tests with coverage	2026-01-14T21:59:43.7588760Z   api-types.ts     |       0 |        0 |       0 |       0 |                   
Test Frontend	Run frontend tests with coverage	2026-01-14T21:59:43.7589502Z   index.ts         |       0 |        0 |       0 |       0 | 65-604            
Test Frontend	Run frontend tests with coverage	2026-01-14T21:59:43.7590709Z  src/types         |       0 |        0 |       0 |       0 |                   
Test Frontend	Run frontend tests with coverage	2026-01-14T21:59:43.7591383Z   global.d.ts      |       0 |        0 |       0 |       0 |                   
Test Frontend	Run frontend tests with coverage	2026-01-14T21:59:43.7592236Z   index.ts         |       0 |        0 |       0 |       0 |                   
Test Frontend	Run frontend tests with coverage	2026-01-14T21:59:43.7592978Z  src/utils         |   88.26 |    81.69 |   79.03 |   90.15 |                   
Test Frontend	Run frontend tests with coverage	2026-01-14T21:59:43.7593735Z   audit.ts         |     100 |    97.14 |     100 |     100 | 95,107            
Test Frontend	Run frontend tests with coverage	2026-01-14T21:59:43.7594494Z   colors.ts        |   91.66 |       75 |     100 |    90.9 | 120               
Test Frontend	Run frontend tests with coverage	2026-01-14T21:59:43.7595251Z   csvExport.ts     |     100 |       75 |     100 |     100 | 19-30,42          
Test Frontend	Run frontend tests with coverage	2026-01-14T21:59:43.7596033Z   csvImport.ts     |     100 |    96.15 |     100 |     100 | 26                
Test Frontend	Run frontend tests with coverage	2026-01-14T21:59:43.7596829Z   ...tmentUtils.ts |       0 |        0 |       0 |       0 | 12-51             
Test Frontend	Run frontend tests with coverage	2026-01-14T21:59:43.7597671Z   exportUtils.ts   |   82.69 |    71.42 |   44.44 |    87.5 | ...,59-64,111-112 
Test Frontend	Run frontend tests with coverage	2026-01-14T21:59:43.7598480Z   helpers.ts       |     100 |       75 |     100 |     100 | 19-21             
Test Frontend	Run frontend tests with coverage	2026-01-14T21:59:43.7599312Z   layoutEngine.ts  |     100 |    81.81 |     100 |     100 | 59,65             
Test Frontend	Run frontend tests with coverage	2026-01-14T21:59:43.7600383Z   xmlImport.ts     |   89.83 |    74.19 |      90 |   93.51 | ...26,181,235-236 
Test Frontend	Run frontend tests with coverage	2026-01-14T21:59:43.7601260Z -------------------|---------|----------|---------|---------|-------------------
Test Frontend	Upload coverage to Codecov	﻿2026-01-14T21:59:43.8738695Z ##[group]Run codecov/codecov-action@v4
Test Frontend	Upload coverage to Codecov	2026-01-14T21:59:43.8739240Z with:
Test Frontend	Upload coverage to Codecov	2026-01-14T21:59:43.8739606Z   files: ./coverage/coverage-final.json
Test Frontend	Upload coverage to Codecov	2026-01-14T21:59:43.8740332Z   flags: frontend
Test Frontend	Upload coverage to Codecov	2026-01-14T21:59:43.8740699Z   name: frontend-coverage
Test Frontend	Upload coverage to Codecov	2026-01-14T21:59:43.8741099Z ##[endgroup]
Test Frontend	Upload coverage to Codecov	2026-01-14T21:59:43.9619049Z eventName: push
Test Frontend	Upload coverage to Codecov	2026-01-14T21:59:43.9637429Z ==> linux OS detected
Test Frontend	Upload coverage to Codecov	2026-01-14T21:59:44.2732200Z https://cli.codecov.io/latest/linux/codecov.SHA256SUM
Test Frontend	Upload coverage to Codecov	2026-01-14T21:59:44.4351631Z gpg: directory '/home/runner/.gnupg' created
Test Frontend	Upload coverage to Codecov	2026-01-14T21:59:44.4394833Z gpg: keybox '/home/runner/.gnupg/pubring.kbx' created
Test Frontend	Upload coverage to Codecov	2026-01-14T21:59:44.4531545Z gpg: /home/runner/.gnupg/trustdb.gpg: trustdb created
Test Frontend	Upload coverage to Codecov	2026-01-14T21:59:44.4532886Z gpg: key 806BB28AED779869: public key "Codecov Uploader (Codecov Uploader Verification Key) <security@codecov.io>" imported
Test Frontend	Upload coverage to Codecov	2026-01-14T21:59:44.5007384Z gpg: Total number processed: 1
Test Frontend	Upload coverage to Codecov	2026-01-14T21:59:44.5007879Z gpg:               imported: 1
Test Frontend	Upload coverage to Codecov	2026-01-14T21:59:44.5064527Z gpg: Signature made Fri Dec  5 15:31:48 2025 UTC
Test Frontend	Upload coverage to Codecov	2026-01-14T21:59:44.5065152Z gpg:                using RSA key 27034E7FDB850E0BBC2C62FF806BB28AED779869
Test Frontend	Upload coverage to Codecov	2026-01-14T21:59:44.5067532Z gpg: Good signature from "Codecov Uploader (Codecov Uploader Verification Key) <security@codecov.io>" [unknown]
Test Frontend	Upload coverage to Codecov	2026-01-14T21:59:44.5068270Z gpg: WARNING: This key is not certified with a trusted signature!
Test Frontend	Upload coverage to Codecov	2026-01-14T21:59:44.5068828Z gpg:          There is no indication that the signature belongs to the owner.
Test Frontend	Upload coverage to Codecov	2026-01-14T21:59:44.5069431Z Primary key fingerprint: 2703 4E7F DB85 0E0B BC2C  62FF 806B B28A ED77 9869
Test Frontend	Upload coverage to Codecov	2026-01-14T21:59:44.5293349Z ==> Uploader SHASUM verified (fd34214e2b2c738e48e3ac90b2c23ec4e975d0e9aee51f2cebe81b5704af3f6c  codecov)
Test Frontend	Upload coverage to Codecov	2026-01-14T21:59:44.5294377Z ==> Running version latest
Test Frontend	Upload coverage to Codecov	2026-01-14T21:59:44.6070942Z Could not pull latest version information: SyntaxError: Unexpected token '<', "<!DOCTYPE "... is not valid JSON
Test Frontend	Upload coverage to Codecov	2026-01-14T21:59:44.6072556Z ==> Running git config --global --add safe.directory /home/runner/work/OrgTree/OrgTree
Test Frontend	Upload coverage to Codecov	2026-01-14T21:59:44.6166876Z [command]/usr/bin/git config --global --add safe.directory /home/runner/work/OrgTree/OrgTree
Test Frontend	Upload coverage to Codecov	2026-01-14T21:59:44.6218584Z ==> Running command '/home/runner/work/_actions/codecov/codecov-action/v4/dist/codecov create-commit'
Test Frontend	Upload coverage to Codecov	2026-01-14T21:59:44.6221152Z [command]/home/runner/work/_actions/codecov/codecov-action/v4/dist/codecov create-commit --git-service github
Test Frontend	Upload coverage to Codecov	2026-01-14T21:59:44.9771776Z info - 2026-01-14 21:59:44,976 -- ci service found: github-actions
Test Frontend	Upload coverage to Codecov	2026-01-14T21:59:44.9863826Z warning - 2026-01-14 21:59:44,985 -- No config file could be found. Ignoring config.
Test Frontend	Upload coverage to Codecov	2026-01-14T21:59:45.0162939Z warning - 2026-01-14 21:59:45,015 -- Branch `main` is protected but no token was provided
Test Frontend	Upload coverage to Codecov	2026-01-14T21:59:45.0164376Z warning - 2026-01-14 21:59:45,015 -- For information on Codecov upload tokens, see https://docs.codecov.com/docs/codecov-tokens
Test Frontend	Upload coverage to Codecov	2026-01-14T21:59:45.5555715Z info - 2026-01-14 21:59:45,554 -- Process Commit creating complete
Test Frontend	Upload coverage to Codecov	2026-01-14T21:59:45.5557400Z error - 2026-01-14 21:59:45,555 -- Commit creating failed: {"message":"Token required - not valid tokenless upload"}
Test Frontend	Upload coverage to Codecov	2026-01-14T21:59:45.6608993Z Sentry is attempting to send 3 pending events
Test Frontend	Upload coverage to Codecov	2026-01-14T21:59:45.6609548Z Waiting up to 2 seconds
Test Frontend	Upload coverage to Codecov	2026-01-14T21:59:45.6609912Z Press Ctrl-C to quit
Test Frontend	Upload coverage to Codecov	2026-01-14T21:59:45.7848671Z ==> Running command '/home/runner/work/_actions/codecov/codecov-action/v4/dist/codecov create-report'
Test Frontend	Upload coverage to Codecov	2026-01-14T21:59:45.7850603Z [command]/home/runner/work/_actions/codecov/codecov-action/v4/dist/codecov create-report --git-service github
Test Frontend	Upload coverage to Codecov	2026-01-14T21:59:46.1416023Z info - 2026-01-14 21:59:46,141 -- ci service found: github-actions
Test Frontend	Upload coverage to Codecov	2026-01-14T21:59:46.1513920Z warning - 2026-01-14 21:59:46,150 -- No config file could be found. Ignoring config.
Test Frontend	Upload coverage to Codecov	2026-01-14T21:59:46.4179182Z info - 2026-01-14 21:59:46,417 -- Process Report creating complete
Test Frontend	Upload coverage to Codecov	2026-01-14T21:59:46.4185259Z error - 2026-01-14 21:59:46,418 -- Report creating failed: {"message":"Token required - not valid tokenless upload"}
Test Frontend	Upload coverage to Codecov	2026-01-14T21:59:46.5237497Z Sentry is attempting to send 2 pending events
Test Frontend	Upload coverage to Codecov	2026-01-14T21:59:46.5238072Z Waiting up to 2 seconds
Test Frontend	Upload coverage to Codecov	2026-01-14T21:59:46.5238459Z Press Ctrl-C to quit
Test Frontend	Upload coverage to Codecov	2026-01-14T21:59:46.5731348Z ==> Running command '/home/runner/work/_actions/codecov/codecov-action/v4/dist/codecov do-upload'
Test Frontend	Upload coverage to Codecov	2026-01-14T21:59:46.5733970Z [command]/home/runner/work/_actions/codecov/codecov-action/v4/dist/codecov do-upload -f ./coverage/coverage-final.json -F frontend --git-service github -n frontend-coverage
Test Frontend	Upload coverage to Codecov	2026-01-14T21:59:46.9281542Z info - 2026-01-14 21:59:46,927 -- ci service found: github-actions
Test Frontend	Upload coverage to Codecov	2026-01-14T21:59:46.9375518Z warning - 2026-01-14 21:59:46,937 -- No config file could be found. Ignoring config.
Test Frontend	Upload coverage to Codecov	2026-01-14T21:59:46.9699342Z warning - 2026-01-14 21:59:46,969 -- xcrun is not installed or can't be found.
Test Frontend	Upload coverage to Codecov	2026-01-14T21:59:47.3923541Z warning - 2026-01-14 21:59:47,391 -- No gcov data found.
Test Frontend	Upload coverage to Codecov	2026-01-14T21:59:47.3926832Z warning - 2026-01-14 21:59:47,392 -- coverage.py is not installed or can't be found.
Test Frontend	Upload coverage to Codecov	2026-01-14T21:59:47.8151497Z info - 2026-01-14 21:59:47,814 -- Found 1 coverage files to report
Test Frontend	Upload coverage to Codecov	2026-01-14T21:59:47.8152712Z info - 2026-01-14 21:59:47,814 -- > /home/runner/work/OrgTree/OrgTree/coverage/coverage-final.json
Test Frontend	Upload coverage to Codecov	2026-01-14T21:59:48.0890652Z info - 2026-01-14 21:59:48,088 -- Process Upload complete
Test Frontend	Upload coverage to Codecov	2026-01-14T21:59:48.0891774Z error - 2026-01-14 21:59:48,088 -- Upload failed: {"message":"Token required - not valid tokenless upload"}
Test Frontend	Post Setup Node.js	﻿2026-01-14T21:59:48.2539484Z Post job cleanup.
Test Frontend	Post Setup Node.js	2026-01-14T21:59:48.4092289Z Cache hit occurred on the primary key node-cache-Linux-x64-npm-59b451f7aac64434a1779276d59b95fa5b7b7facaf525e95326a9c788c06a189, not saving cache.
Test Frontend	Post Checkout code	﻿2026-01-14T21:59:48.4207168Z Post job cleanup.
Test Frontend	Post Checkout code	2026-01-14T21:59:48.5159770Z [command]/usr/bin/git version
Test Frontend	Post Checkout code	2026-01-14T21:59:48.5198036Z git version 2.52.0
Test Frontend	Post Checkout code	2026-01-14T21:59:48.5235731Z Copying '/home/runner/.gitconfig' to '/home/runner/work/_temp/1a678dd0-6259-489d-a721-2558aa123c75/.gitconfig'
Test Frontend	Post Checkout code	2026-01-14T21:59:48.5246423Z Temporarily overriding HOME='/home/runner/work/_temp/1a678dd0-6259-489d-a721-2558aa123c75' before making global git config changes
Test Frontend	Post Checkout code	2026-01-14T21:59:48.5248146Z Adding repository directory to the temporary git global config as a safe directory
Test Frontend	Post Checkout code	2026-01-14T21:59:48.5251923Z [command]/usr/bin/git config --global --add safe.directory /home/runner/work/OrgTree/OrgTree
Test Frontend	Post Checkout code	2026-01-14T21:59:48.5288113Z [command]/usr/bin/git config --local --name-only --get-regexp core\.sshCommand
Test Frontend	Post Checkout code	2026-01-14T21:59:48.5320511Z [command]/usr/bin/git submodule foreach --recursive sh -c "git config --local --name-only --get-regexp 'core\.sshCommand' && git config --local --unset-all 'core.sshCommand' || :"
Test Frontend	Post Checkout code	2026-01-14T21:59:48.5547700Z [command]/usr/bin/git config --local --name-only --get-regexp http\.https\:\/\/github\.com\/\.extraheader
Test Frontend	Post Checkout code	2026-01-14T21:59:48.5568883Z http.https://github.com/.extraheader
Test Frontend	Post Checkout code	2026-01-14T21:59:48.5583367Z [command]/usr/bin/git config --local --unset-all http.https://github.com/.extraheader
Test Frontend	Post Checkout code	2026-01-14T21:59:48.5614699Z [command]/usr/bin/git submodule foreach --recursive sh -c "git config --local --name-only --get-regexp 'http\.https\:\/\/github\.com\/\.extraheader' && git config --local --unset-all 'http.https://github.com/.extraheader' || :"
Test Frontend	Post Checkout code	2026-01-14T21:59:48.5839447Z [command]/usr/bin/git config --local --name-only --get-regexp ^includeIf\.gitdir:
Test Frontend	Post Checkout code	2026-01-14T21:59:48.5870868Z [command]/usr/bin/git submodule foreach --recursive git config --local --show-origin --name-only --get-regexp remote.origin.url
Test Frontend	Complete job	﻿2026-01-14T21:59:48.6205704Z Cleaning up orphan processes
